nohup: ignoring input
/home/sjm/LFMPC_hxj/split_matrix/frame_0/
/home/sjm/LFMPC_hxj/frame_0_out/
Epoch 0, loss 20272.645961
Epoch 1, loss 19355.025666
Epoch 2, loss 18578.925497
Epoch 3, loss 17835.842515
Epoch 4, loss 17096.046290
Epoch 5, loss 16331.255219
Epoch 6, loss 15533.736704
Epoch 7, loss 14710.535818
Epoch 8, loss 13866.849901
Epoch 9, loss 12979.274462
Epoch 10, loss 12053.273227
Epoch 11, loss 11115.242701
Epoch 12, loss 10185.036748
Epoch 13, loss 9279.098610
Epoch 14, loss 8405.432261
Epoch 15, loss 7578.628102
Epoch 16, loss 6811.323722
Epoch 17, loss 6108.284240
Epoch 18, loss 5479.774830
Epoch 19, loss 4924.659025
Epoch 20, loss 4433.584644
Epoch 21, loss 3992.573359
Epoch 22, loss 3586.842970
Epoch 23, loss 3204.554464
Epoch 24, loss 2839.066259
Epoch 25, loss 2489.194817
Epoch 26, loss 2158.036468
Epoch 27, loss 1851.096653
Epoch 28, loss 1574.338853
Epoch 29, loss 1332.394000
Epoch 30, loss 1127.648796
Epoch 31, loss 960.388260
Epoch 32, loss 826.976613
Epoch 33, loss 722.087664
Epoch 34, loss 642.656968
Epoch 35, loss 582.817139
Epoch 36, loss 536.855928
Epoch 37, loss 501.748363
Epoch 38, loss 474.894770
Epoch 39, loss 452.090229
Epoch 40, loss 433.755710
Epoch 41, loss 417.902416
Epoch 42, loss 403.738364
Epoch 43, loss 390.699629
Epoch 44, loss 378.344838
Epoch 45, loss 366.314443
Epoch 46, loss 354.313057
Epoch 47, loss 341.538757
Epoch 48, loss 327.511978
Epoch 49, loss 313.637932
Epoch 50, loss 301.249667
Epoch 51, loss 290.457458
Epoch 52, loss 280.491370
Epoch 53, loss 271.223973
Epoch 54, loss 263.253812
Epoch 55, loss 257.035003
Epoch 56, loss 252.497763
Epoch 57, loss 249.134232
Epoch 58, loss 246.319533
Epoch 59, loss 243.650414
Epoch 60, loss 241.045730
Epoch 61, loss 238.625200
Epoch 62, loss 236.498481
Epoch 63, loss 234.599511
Epoch 64, loss 232.757248
Epoch 65, loss 230.897134
Epoch 66, loss 229.083830
Epoch 67, loss 227.397349
Epoch 68, loss 226.478619
Epoch 69, loss 224.461413
Epoch 70, loss 223.110414
Epoch 71, loss 221.694461
Epoch 72, loss 220.250853
Epoch 73, loss 218.893754
Epoch 74, loss 217.725370
Epoch 75, loss 216.935715
Epoch 76, loss 216.168798
Epoch 77, loss 215.639015
Epoch 78, loss 215.152889
Epoch 79, loss 214.673516
Epoch 80, loss 214.202981
Epoch 81, loss 213.757175
Epoch 82, loss 213.324563
Epoch 83, loss 212.838977
Epoch 84, loss 212.143015
Epoch 85, loss 211.073498
Epoch 86, loss 211.437623
Epoch 87, loss 210.142910
Epoch 88, loss 209.767396
Epoch 89, loss 209.475946
Epoch 90, loss 208.312038
Epoch 91, loss 207.242081
Epoch 92, loss 207.161073
Epoch 93, loss 206.419589
Epoch 94, loss 205.740052
Epoch 95, loss 205.091759
Epoch 96, loss 204.439973
Epoch 97, loss 203.986031
Epoch 98, loss 203.246714
Epoch 99, loss 202.518234
Epoch 100, loss 202.109559
Epoch 101, loss 201.441338
Epoch 102, loss 200.634682
Epoch 103, loss 199.994818
Epoch 104, loss 199.314518
Epoch 105, loss 198.567383
Epoch 106, loss 197.807583
Epoch 107, loss 197.033266
Epoch 108, loss 196.320821
Epoch 109, loss 195.531168
Epoch 110, loss 194.644558
Epoch 111, loss 193.846146
Epoch 112, loss 193.008675
Epoch 113, loss 192.071447
Epoch 114, loss 191.180664
Epoch 115, loss 190.284523
Epoch 116, loss 189.337610
Epoch 117, loss 188.371132
Epoch 118, loss 187.389385
Epoch 119, loss 186.399680
Epoch 120, loss 185.352056
Epoch 121, loss 184.285622
Epoch 122, loss 183.216512
Epoch 123, loss 182.061985
Epoch 124, loss 180.871830
Epoch 125, loss 179.642316
Epoch 126, loss 178.308493
Epoch 127, loss 176.989135
Epoch 128, loss 175.500190
Epoch 129, loss 173.652624
Epoch 130, loss 172.597180
Epoch 131, loss 170.754966
Epoch 132, loss 169.274725
Epoch 133, loss 167.697908
Epoch 134, loss 166.164046
Epoch 135, loss 164.603844
Epoch 136, loss 162.964207
Epoch 137, loss 160.822546
Epoch 138, loss 158.569699
Epoch 139, loss 156.996301
Epoch 140, loss 155.170666
Epoch 141, loss 152.980107
Epoch 142, loss 150.704112
Epoch 143, loss 149.138197
Epoch 144, loss 146.815775
Epoch 145, loss 144.501245
Epoch 146, loss 142.169178
Epoch 147, loss 139.754565
Epoch 148, loss 136.679200
Epoch 149, loss 135.219081
Epoch 150, loss 132.061149
Epoch 151, loss 130.235833
Epoch 152, loss 127.544910
Epoch 153, loss 125.349700
Epoch 154, loss 122.588270
Epoch 155, loss 120.125018
Epoch 156, loss 118.135861
Epoch 157, loss 115.392560
Epoch 158, loss 113.069770
Epoch 159, loss 110.758139
Epoch 160, loss 108.443399
Epoch 161, loss 106.207170
Epoch 162, loss 103.772240
Epoch 163, loss 101.436861
Epoch 164, loss 99.249391
Epoch 165, loss 96.952838
Epoch 166, loss 95.129540
Epoch 167, loss 93.023373
Epoch 168, loss 91.033710
Epoch 169, loss 89.245290
Epoch 170, loss 87.232483
Epoch 171, loss 85.630592
Epoch 172, loss 83.647659
Epoch 173, loss 82.288964
Epoch 174, loss 80.665864
Epoch 175, loss 79.229196
Epoch 176, loss 77.623535
Epoch 177, loss 76.303325
Epoch 178, loss 75.709800
Epoch 179, loss 74.617621
Epoch 180, loss 74.250911
Epoch 181, loss 72.584671
Epoch 182, loss 71.016579
Epoch 183, loss 70.634068
Epoch 184, loss 69.816077
Epoch 185, loss 68.409833
Epoch 186, loss 67.916096
Epoch 187, loss 67.434127
Epoch 188, loss 66.216702
Epoch 189, loss 65.583875
Epoch 190, loss 65.192512
Epoch 191, loss 64.193364
Epoch 192, loss 63.605001
Epoch 193, loss 63.235330
Epoch 194, loss 62.394525
Epoch 195, loss 61.800548
Epoch 196, loss 61.438056
Epoch 197, loss 60.705843
Epoch 198, loss 60.161839
Epoch 199, loss 59.789345
Epoch 200, loss 59.146793
Epoch 201, loss 58.616849
Epoch 202, loss 58.240822
Epoch 203, loss 57.676068
Epoch 204, loss 57.155487
Epoch 205, loss 56.773089
Epoch 206, loss 56.272494
Epoch 207, loss 55.771319
Epoch 208, loss 55.371318
Epoch 209, loss 54.924845
Epoch 210, loss 54.433484
Epoch 211, loss 54.025810
Epoch 212, loss 53.621199
Epoch 213, loss 53.148220
Epoch 214, loss 52.732020
Epoch 215, loss 52.342809
Epoch 216, loss 51.903306
Epoch 217, loss 51.485039
Epoch 218, loss 51.097666
Epoch 219, loss 50.691741
Epoch 220, loss 50.277140
Epoch 221, loss 49.887603
Epoch 222, loss 49.504098
Epoch 223, loss 49.106811
Epoch 224, loss 48.718912
Epoch 225, loss 48.339772
Epoch 226, loss 47.962551
Epoch 227, loss 47.587247
Epoch 228, loss 47.213279
Epoch 229, loss 46.842852
Epoch 230, loss 46.477941
Epoch 231, loss 46.121572
Epoch 232, loss 45.762841
Epoch 233, loss 45.401669
Epoch 234, loss 45.046742
Epoch 235, loss 44.700449
Epoch 236, loss 44.357874
Epoch 237, loss 44.016794
Epoch 238, loss 43.680082
Epoch 239, loss 43.345256
Epoch 240, loss 43.012563
Epoch 241, loss 42.683525
Epoch 242, loss 42.360783
Epoch 243, loss 42.044661
Epoch 244, loss 41.738787
Epoch 245, loss 41.448673
Epoch 246, loss 41.178668
Epoch 247, loss 40.912769
Epoch 248, loss 40.602884
Epoch 249, loss 40.504316
Epoch 250, loss 40.617141
Epoch 251, loss 40.338060
Epoch 252, loss 39.438919
Epoch 253, loss 39.449789
Epoch 254, loss 39.434058
Epoch 255, loss 38.744064
Epoch 256, loss 38.638705
Epoch 257, loss 38.563430
Epoch 258, loss 37.986289
Epoch 259, loss 37.878657
Epoch 260, loss 37.746399
Epoch 261, loss 37.267817
Epoch 262, loss 37.160046
Epoch 263, loss 36.965906
Epoch 264, loss 36.553856
Epoch 265, loss 36.436965
Epoch 266, loss 36.208218
Epoch 267, loss 35.821448
Epoch 268, loss 35.647368
Epoch 269, loss 35.386769
Epoch 270, loss 35.144521
Epoch 271, loss 35.613082
Epoch 272, loss 36.266251
Epoch 273, loss 35.552337
Epoch 274, loss 34.223038
Epoch 275, loss 34.809709
Epoch 276, loss 34.747182
Epoch 277, loss 33.611591
Epoch 278, loss 34.033372
Epoch 279, loss 33.816527
Epoch 280, loss 33.041438
Epoch 281, loss 33.423260
Epoch 282, loss 32.968405
Epoch 283, loss 32.550889
Epoch 284, loss 32.804423
Epoch 285, loss 32.248050
Epoch 286, loss 32.113499
Epoch 287, loss 32.157652
Epoch 288, loss 31.662871
Epoch 289, loss 31.669608
Epoch 290, loss 31.531502
Epoch 291, loss 31.175309
Epoch 292, loss 31.201764
Epoch 293, loss 30.963307
Epoch 294, loss 30.734673
Epoch 295, loss 30.722415
Epoch 296, loss 30.459255
Epoch 297, loss 30.308997
Epoch 298, loss 30.251397
Epoch 299, loss 30.005920
Epoch 300, loss 29.888830
Epoch 301, loss 29.801541
Epoch 302, loss 29.585686
Epoch 303, loss 29.477158
Epoch 304, loss 29.375942
Epoch 305, loss 29.187315
Epoch 306, loss 29.077371
Epoch 307, loss 28.974011
Epoch 308, loss 28.805598
Epoch 309, loss 28.691662
Epoch 310, loss 28.592271
Epoch 311, loss 28.440200
Epoch 312, loss 28.320530
Epoch 313, loss 28.226447
Epoch 314, loss 28.090994
Epoch 315, loss 27.966378
Epoch 316, loss 27.873122
Epoch 317, loss 27.755955
Epoch 318, loss 27.631135
Epoch 319, loss 27.532242
Epoch 320, loss 27.431148
Epoch 321, loss 27.314303
Epoch 322, loss 27.207733
Epoch 323, loss 27.114101
Epoch 324, loss 27.011092
Epoch 325, loss 26.903095
Epoch 326, loss 26.807444
Epoch 327, loss 26.715354
Epoch 328, loss 26.616223
Epoch 329, loss 26.517606
Epoch 330, loss 26.426827
Epoch 331, loss 26.338568
Epoch 332, loss 26.245866
Epoch 333, loss 26.153696
Epoch 334, loss 26.067184
Epoch 335, loss 25.983137
Epoch 336, loss 25.897547
Epoch 337, loss 25.811165
Epoch 338, loss 25.728102
Epoch 339, loss 25.648268
Epoch 340, loss 25.568969
Epoch 341, loss 25.489126
Epoch 342, loss 25.409933
Epoch 343, loss 25.333273
Epoch 344, loss 25.258675
Epoch 345, loss 25.185001
Epoch 346, loss 25.111527
Epoch 347, loss 25.038753
Epoch 348, loss 24.967443
Epoch 349, loss 24.897704
Epoch 350, loss 24.829318
Epoch 351, loss 24.761784
Epoch 352, loss 24.695119
Epoch 353, loss 24.629318
Epoch 354, loss 24.564541
Epoch 355, loss 24.500762
Epoch 356, loss 24.437966
Epoch 357, loss 24.376162
Epoch 358, loss 24.315374
Epoch 359, loss 24.255653
Epoch 360, loss 24.196933
Epoch 361, loss 24.139176
Epoch 362, loss 24.082283
Epoch 363, loss 24.026250
Epoch 364, loss 23.971086
Epoch 365, loss 23.916912
Epoch 366, loss 23.863860
Epoch 367, loss 23.812194
Epoch 368, loss 23.762365
Epoch 369, loss 23.715366
Epoch 370, loss 23.673225
Epoch 371, loss 23.640425
Epoch 372, loss 23.626087
Epoch 373, loss 23.649547
Epoch 374, loss 23.742298
Epoch 375, loss 23.945687
Epoch 376, loss 24.226943
Epoch 377, loss 24.387595
Epoch 378, loss 24.106593
Epoch 379, loss 23.525496
Epoch 380, loss 23.229224
Epoch 381, loss 23.429621
Epoch 382, loss 23.671486
Epoch 383, loss 23.503107
Epoch 384, loss 23.139661
Epoch 385, loss 23.071386
Epoch 386, loss 23.261826
Epoch 387, loss 23.281832
Epoch 388, loss 23.036961
Epoch 389, loss 22.883283
Epoch 390, loss 22.973584
Epoch 391, loss 23.040927
Epoch 392, loss 22.909198
Epoch 393, loss 22.760819
Epoch 394, loss 22.773646
Epoch 395, loss 22.829313
Epoch 396, loss 22.762108
Epoch 397, loss 22.641956
Epoch 398, loss 22.615385
Epoch 399, loss 22.650813
Epoch 400, loss 22.624486
Epoch 401, loss 22.535261
Epoch 402, loss 22.482757
Epoch 403, loss 22.490580
Epoch 404, loss 22.484424
Epoch 405, loss 22.427385
Epoch 406, loss 22.369657
Epoch 407, loss 22.353664
Epoch 408, loss 22.351365
Epoch 409, loss 22.320369
Epoch 410, loss 22.269142
Epoch 411, loss 22.234321
Epoch 412, loss 22.222410
Epoch 413, loss 22.206560
Epoch 414, loss 22.171475
Epoch 415, loss 22.132103
Epoch 416, loss 22.106636
Epoch 417, loss 22.091648
Epoch 418, loss 22.071084
Epoch 419, loss 22.039584
Epoch 420, loss 22.007280
Epoch 421, loss 21.983523
Epoch 422, loss 21.965465
Epoch 423, loss 21.944296
Epoch 424, loss 21.916939
Epoch 425, loss 21.888396
Epoch 426, loss 21.864323
Epoch 427, loss 21.844468
Epoch 428, loss 21.824254
Epoch 429, loss 21.800799
Epoch 430, loss 21.775546
Epoch 431, loss 21.751862
Epoch 432, loss 21.731359
Epoch 433, loss 21.712853
Epoch 434, loss 21.694426
Epoch 435, loss 21.675990
Epoch 436, loss 21.659778
Epoch 437, loss 21.649312
Epoch 438, loss 21.648428
Epoch 439, loss 21.661633
Epoch 440, loss 21.695192
Epoch 441, loss 21.756135
Epoch 442, loss 21.845626
Epoch 443, loss 21.941736
Epoch 444, loss 21.977972
Epoch 445, loss 24.278061
Epoch 446, loss 25.172694
Epoch 447, loss 24.359453
Epoch 448, loss 22.789884
Epoch 449, loss 23.639777
Epoch 450, loss 22.343459
Epoch 451, loss 23.644455
Epoch 452, loss 22.331582
Epoch 453, loss 22.412347
Epoch 454, loss 22.284637
Epoch 455, loss 22.298156
Epoch 456, loss 22.366818
Epoch 457, loss 21.629774
Epoch 458, loss 22.156878
Epoch 459, loss 21.681593
Epoch 460, loss 22.000002
Epoch 461, loss 21.455009
Epoch 462, loss 21.822337
Epoch 463, loss 21.439399
Epoch 464, loss 21.676929
Epoch 465, loss 21.380583
Epoch 466, loss 21.488687
Epoch 467, loss 21.343985
Epoch 468, loss 21.419952
Epoch 469, loss 21.320461
Epoch 470, loss 21.251832
Epoch 471, loss 21.280176
Epoch 472, loss 21.206183
Epoch 473, loss 21.265192
Epoch 474, loss 21.111116
Epoch 475, loss 21.196131
Epoch 476, loss 21.075498
Epoch 477, loss 21.168401
Epoch 478, loss 21.039265
Epoch 479, loss 21.098047
Epoch 480, loss 21.010702
Epoch 481, loss 21.047702
Epoch 482, loss 20.997954
Epoch 483, loss 20.999860
Epoch 484, loss 20.967078
Epoch 485, loss 20.949891
Epoch 486, loss 20.950434
Epoch 487, loss 20.915424
Epoch 488, loss 20.919897
Epoch 489, loss 20.882309
Epoch 490, loss 20.890220
Epoch 491, loss 20.852941
Epoch 492, loss 20.861176
Epoch 493, loss 20.830157
Epoch 494, loss 20.828557
Epoch 495, loss 20.804573
Epoch 496, loss 20.797609
Epoch 497, loss 20.782787
Epoch 498, loss 20.770010
Epoch 499, loss 20.758621
Epoch 500, loss 20.740598
Epoch 501, loss 20.734222
Epoch 502, loss 20.715655
Epoch 503, loss 20.709836
Epoch 504, loss 20.691271
Epoch 505, loss 20.683365
Epoch 506, loss 20.667240
Epoch 507, loss 20.658479
Epoch 508, loss 20.644554
Epoch 509, loss 20.632613
Epoch 510, loss 20.621529
Epoch 511, loss 20.608084
Epoch 512, loss 20.598037
Epoch 513, loss 20.583937
Epoch 514, loss 20.574406
Epoch 515, loss 20.560560
Epoch 516, loss 20.550705
Epoch 517, loss 20.537642
Epoch 518, loss 20.526703
Epoch 519, loss 20.514756
Epoch 520, loss 20.502995
Epoch 521, loss 20.491914
Epoch 522, loss 20.479840
Epoch 523, loss 20.469030
Epoch 524, loss 20.456756
Epoch 525, loss 20.445879
Epoch 526, loss 20.434006
Epoch 527, loss 20.422866
Epoch 528, loss 20.411421
Epoch 529, loss 20.399910
Epoch 530, loss 20.388792
Epoch 531, loss 20.377234
Epoch 532, loss 20.366162
Epoch 533, loss 20.354613
Epoch 534, loss 20.343460
Epoch 535, loss 20.332151
Epoch 536, loss 20.320889
Epoch 537, loss 20.309772
Epoch 538, loss 20.298388
Epoch 539, loss 20.287375
Epoch 540, loss 20.276050
Epoch 541, loss 20.265005
Epoch 542, loss 20.253766
Epoch 543, loss 20.242652
Epoch 544, loss 20.231539
Epoch 545, loss 20.220395
Epoch 546, loss 20.209347
Epoch 547, loss 20.198207
Epoch 548, loss 20.187178
Epoch 549, loss 20.176111
Epoch 550, loss 20.165056
Epoch 551, loss 20.154053
Epoch 552, loss 20.142994
Epoch 553, loss 20.132029
Epoch 554, loss 20.121000
Epoch 555, loss 20.110039
Epoch 556, loss 20.099056
Epoch 557, loss 20.088092
Epoch 558, loss 20.077154
Epoch 559, loss 20.066203
Epoch 560, loss 20.055288
Epoch 561, loss 20.044365
Epoch 562, loss 20.033464
Epoch 563, loss 20.022579
Epoch 564, loss 20.011691
Epoch 565, loss 20.000839
Epoch 566, loss 19.989979
Epoch 567, loss 19.979151
Epoch 568, loss 19.968341
Epoch 569, loss 19.957561
Epoch 570, loss 19.946832
Epoch 571, loss 19.936163
Epoch 572, loss 19.925614
Epoch 573, loss 19.915253
Epoch 574, loss 19.905222
Epoch 575, loss 19.895779
Epoch 576, loss 19.887386
Epoch 577, loss 19.880941
Epoch 578, loss 19.878099
Epoch 579, loss 19.882008
Epoch 580, loss 19.898560
Epoch 581, loss 19.938548
Epoch 582, loss 20.020333
Epoch 583, loss 20.170974
Epoch 584, loss 20.414068
Epoch 585, loss 20.726144
Epoch 586, loss 20.954365
Epoch 587, loss 20.844366
Epoch 588, loss 20.343585
Epoch 589, loss 19.852156
Epoch 590, loss 19.791181
Epoch 591, loss 20.076954
Epoch 592, loss 20.275484
Epoch 593, loss 20.123763
Epoch 594, loss 19.821882
Epoch 595, loss 19.728323
Epoch 596, loss 19.868497
Epoch 597, loss 19.971205
Epoch 598, loss 19.877823
Epoch 599, loss 19.721993
Epoch 600, loss 19.689055
Epoch 601, loss 19.758369
Epoch 602, loss 19.784900
Epoch 603, loss 19.720621
Epoch 604, loss 19.648782
Epoch 605, loss 19.638605
Epoch 606, loss 19.661504
Epoch 607, loss 19.659063
Epoch 608, loss 19.624064
Epoch 609, loss 19.590090
Epoch 610, loss 19.577728
Epoch 611, loss 19.577379
Epoch 612, loss 19.571951
Epoch 613, loss 19.555532
Epoch 614, loss 19.533539
Epoch 615, loss 19.515831
Epoch 616, loss 19.507990
Epoch 617, loss 19.505324
Epoch 618, loss 19.496756
Epoch 619, loss 19.478173
Epoch 620, loss 19.458700
Epoch 621, loss 19.449095
Epoch 622, loss 19.447380
Epoch 623, loss 19.441470
Epoch 624, loss 19.425366
Epoch 625, loss 19.406746
Epoch 626, loss 19.396074
Epoch 627, loss 19.393050
Epoch 628, loss 19.388023
Epoch 629, loss 19.374950
Epoch 630, loss 19.358366
Epoch 631, loss 19.346463
Epoch 632, loss 19.340863
Epoch 633, loss 19.335722
Epoch 634, loss 19.325661
Epoch 635, loss 19.311796
Epoch 636, loss 19.299278
Epoch 637, loss 19.290891
Epoch 638, loss 19.284502
Epoch 639, loss 19.276349
Epoch 640, loss 19.265337
Epoch 641, loss 19.253537
Epoch 642, loss 19.243342
Epoch 643, loss 19.235009
Epoch 644, loss 19.226968
Epoch 645, loss 19.217833
Epoch 646, loss 19.207638
Epoch 647, loss 19.197375
Epoch 648, loss 19.187779
Epoch 649, loss 19.178769
Epoch 650, loss 19.169820
Epoch 651, loss 19.160592
Epoch 652, loss 19.151134
Epoch 653, loss 19.141654
Epoch 654, loss 19.132246
Epoch 655, loss 19.122872
Epoch 656, loss 19.113501
Epoch 657, loss 19.104183
Epoch 658, loss 19.094979
Epoch 659, loss 19.085857
Epoch 660, loss 19.076697
Epoch 661, loss 19.067395
Epoch 662, loss 19.057965
Epoch 663, loss 19.048528
Epoch 664, loss 19.039213
Epoch 665, loss 19.030056
Epoch 666, loss 19.020987
Epoch 667, loss 19.011890
Epoch 668, loss 19.002690
Epoch 669, loss 18.993395
Epoch 670, loss 18.984071
Epoch 671, loss 18.974785
Epoch 672, loss 18.965569
Epoch 673, loss 18.956407
Epoch 674, loss 18.947265
Epoch 675, loss 18.938113
Epoch 676, loss 18.928944
Epoch 677, loss 18.919768
Epoch 678, loss 18.910598
Epoch 679, loss 18.901437
Epoch 680, loss 18.892279
Epoch 681, loss 18.883119
Epoch 682, loss 18.873952
Epoch 683, loss 18.864783
Epoch 684, loss 18.855619
Epoch 685, loss 18.846469
Epoch 686, loss 18.837337
Epoch 687, loss 18.828219
Epoch 688, loss 18.819110
Epoch 689, loss 18.810007
Epoch 690, loss 18.800906
Epoch 691, loss 18.791806
Epoch 692, loss 18.782710
Epoch 693, loss 18.773619
Epoch 694, loss 18.764538
Epoch 695, loss 18.755468
Epoch 696, loss 18.746409
Epoch 697, loss 18.737362
Epoch 698, loss 18.728331
Epoch 699, loss 18.719320
Epoch 700, loss 18.710338
Epoch 701, loss 18.701399
Epoch 702, loss 18.692530
Epoch 703, loss 18.683771
Epoch 704, loss 18.675191
Epoch 705, loss 18.666908
Epoch 706, loss 18.659130
Epoch 707, loss 18.652223
Epoch 708, loss 18.646847
Epoch 709, loss 18.644189
Epoch 710, loss 18.646436
Epoch 711, loss 18.657489
Epoch 712, loss 18.684420
Epoch 713, loss 18.739175
Epoch 714, loss 18.840961
Epoch 715, loss 19.013250
Epoch 716, loss 19.270119
Epoch 717, loss 19.566406
Epoch 718, loss 19.752199
Epoch 719, loss 19.611427
Epoch 720, loss 19.134538
Epoch 721, loss 18.659649
Epoch 722, loss 18.557654
Epoch 723, loss 18.804898
Epoch 724, loss 19.044791
Epoch 725, loss 18.981120
Epoch 726, loss 18.680871
Epoch 727, loss 18.485050
Epoch 728, loss 18.566604
Epoch 729, loss 18.746058
Epoch 730, loss 18.761008
Epoch 731, loss 18.589564
Epoch 732, loss 18.445640
Epoch 733, loss 18.473997
Epoch 734, loss 18.580537
Epoch 735, loss 18.593214
Epoch 736, loss 18.490894
Epoch 737, loss 18.403484
Epoch 738, loss 18.419290
Epoch 739, loss 18.480552
Epoch 740, loss 18.483345
Epoch 741, loss 18.417118
Epoch 742, loss 18.360755
Epoch 743, loss 18.366440
Epoch 744, loss 18.399846
Epoch 745, loss 18.399673
Epoch 746, loss 18.358486
Epoch 747, loss 18.321450
Epoch 748, loss 18.320290
Epoch 749, loss 18.337173
Epoch 750, loss 18.336272
Epoch 751, loss 18.309996
Epoch 752, loss 18.282577
Epoch 753, loss 18.275097
Epoch 754, loss 18.281304
Epoch 755, loss 18.280625
Epoch 756, loss 18.264637
Epoch 757, loss 18.244170
Epoch 758, loss 18.233211
Epoch 759, loss 18.232472
Epoch 760, loss 18.231380
Epoch 761, loss 18.221967
Epoch 762, loss 18.206904
Epoch 763, loss 18.194452
Epoch 764, loss 18.188521
Epoch 765, loss 18.185451
Epoch 766, loss 18.179402
Epoch 767, loss 18.168797
Epoch 768, loss 18.157001
Epoch 769, loss 18.147942
Epoch 770, loss 18.142111
Epoch 771, loss 18.136801
Epoch 772, loss 18.129412
Epoch 773, loss 18.119888
Epoch 774, loss 18.110224
Epoch 775, loss 18.102226
Epoch 776, loss 18.095902
Epoch 777, loss 18.089877
Epoch 778, loss 18.082968
Epoch 779, loss 18.075226
Epoch 780, loss 18.067740
Epoch 781, loss 18.061680
Epoch 782, loss 18.057563
Epoch 783, loss 18.055416
Epoch 784, loss 18.055512
Epoch 785, loss 18.059165
Epoch 786, loss 18.069029
Epoch 787, loss 18.089226
Epoch 788, loss 18.125012
Epoch 789, loss 18.182785
Epoch 790, loss 18.267459
Epoch 791, loss 18.378548
Epoch 792, loss 18.497041
Epoch 793, loss 18.579167
Epoch 794, loss 18.559083
Epoch 795, loss 18.405701
Epoch 796, loss 18.171564
Epoch 797, loss 17.982723
Epoch 798, loss 17.932442
Epoch 799, loss 18.009304
Epoch 800, loss 18.120319
Epoch 801, loss 18.165077
Epoch 802, loss 18.105043
Epoch 803, loss 17.986339
Epoch 804, loss 17.897647
Epoch 805, loss 17.889570
Epoch 806, loss 17.939309
Epoch 807, loss 17.983465
Epoch 808, loss 17.975570
Epoch 809, loss 17.920556
Epoch 810, loss 17.861728
Epoch 811, loss 17.837978
Epoch 812, loss 17.851605
Epoch 813, loss 17.874152
Epoch 814, loss 17.876258
Epoch 815, loss 17.851428
Epoch 816, loss 17.816971
Epoch 817, loss 17.794792
Epoch 818, loss 17.792449
Epoch 819, loss 17.800029
Epoch 820, loss 17.801878
Epoch 821, loss 17.790319
Epoch 822, loss 17.769971
Epoch 823, loss 17.751700
Epoch 824, loss 17.742732
Epoch 825, loss 17.741795
Epoch 826, loss 17.741825
Epoch 827, loss 17.736422
Epoch 828, loss 17.724480
Epoch 829, loss 17.709902
Epoch 830, loss 17.697858
Epoch 831, loss 17.690850
Epoch 832, loss 17.687521
Epoch 833, loss 17.684351
Epoch 834, loss 17.678412
Epoch 835, loss 17.669139
Epoch 836, loss 17.658181
Epoch 837, loss 17.647921
Epoch 838, loss 17.639854
Epoch 839, loss 17.633902
Epoch 840, loss 17.628815
Epoch 841, loss 17.623153
Epoch 842, loss 17.616140
Epoch 843, loss 17.607917
Epoch 844, loss 17.599259
Epoch 845, loss 17.590992
Epoch 846, loss 17.583563
Epoch 847, loss 17.576891
Epoch 848, loss 17.570542
Epoch 849, loss 17.564026
Epoch 850, loss 17.557043
Epoch 851, loss 17.549583
Epoch 852, loss 17.541857
Epoch 853, loss 17.534154
Epoch 854, loss 17.526698
Epoch 855, loss 17.519570
Epoch 856, loss 17.512714
Epoch 857, loss 17.505986
Epoch 858, loss 17.499235
Epoch 859, loss 17.492357
Epoch 860, loss 17.485319
Epoch 861, loss 17.478153
Epoch 862, loss 17.470932
Epoch 863, loss 17.463730
Epoch 864, loss 17.456612
Epoch 865, loss 17.449612
Epoch 866, loss 17.442743
Epoch 867, loss 17.436009
Epoch 868, loss 17.429415
Epoch 869, loss 17.422991
Epoch 870, loss 17.416813
Epoch 871, loss 17.411030
Epoch 872, loss 17.405897
Epoch 873, loss 17.401850
Epoch 874, loss 17.399614
Epoch 875, loss 17.400413
Epoch 876, loss 17.406272
Epoch 877, loss 17.420602
Epoch 878, loss 17.448865
Epoch 879, loss 17.499700
Epoch 880, loss 17.584773
Epoch 881, loss 17.717353
Epoch 882, loss 17.900811
Epoch 883, loss 18.110231
Epoch 884, loss 18.262504
Epoch 885, loss 18.240779
Epoch 886, loss 17.984586
Epoch 887, loss 17.611245
Epoch 888, loss 17.353177
Epoch 889, loss 17.349268
Epoch 890, loss 17.524164
Epoch 891, loss 17.676924
Epoch 892, loss 17.655056
Epoch 893, loss 17.472219
Epoch 894, loss 17.291684
Epoch 895, loss 17.255408
Epoch 896, loss 17.350343
Epoch 897, loss 17.447277
Epoch 898, loss 17.438329
Epoch 899, loss 17.334216
Epoch 900, loss 17.235256
Epoch 901, loss 17.220034
Epoch 902, loss 17.272161
Epoch 903, loss 17.314069
Epoch 904, loss 17.293222
Epoch 905, loss 17.228173
Epoch 906, loss 17.177788
Epoch 907, loss 17.176523
Epoch 908, loss 17.206282
Epoch 909, loss 17.223501
Epoch 910, loss 17.205129
Epoch 911, loss 17.166499
Epoch 912, loss 17.138982
Epoch 913, loss 17.137615
Epoch 914, loss 17.150610
Epoch 915, loss 17.155398
Epoch 916, loss 17.141356
Epoch 917, loss 17.116966
Epoch 918, loss 17.098405
Epoch 919, loss 17.093625
Epoch 920, loss 17.097173
Epoch 921, loss 17.097699
Epoch 922, loss 17.088808
Epoch 923, loss 17.073396
Epoch 924, loss 17.059330
Epoch 925, loss 17.051885
Epoch 926, loss 17.049955
Epoch 927, loss 17.048349
Epoch 928, loss 17.042749
Epoch 929, loss 17.032828
Epoch 930, loss 17.021703
Epoch 931, loss 17.012814
Epoch 932, loss 17.007238
Epoch 933, loss 17.003448
Epoch 934, loss 16.998989
Epoch 935, loss 16.992391
Epoch 936, loss 16.983998
Epoch 937, loss 16.975356
Epoch 938, loss 16.967872
Epoch 939, loss 16.961921
Epoch 940, loss 16.956842
Epoch 941, loss 16.951605
Epoch 942, loss 16.945558
Epoch 943, loss 16.938786
Epoch 944, loss 16.931949
Epoch 945, loss 16.925859
Epoch 946, loss 16.921129
Epoch 947, loss 16.918159
Epoch 948, loss 16.917424
Epoch 949, loss 16.920012
Epoch 950, loss 16.928239
Epoch 951, loss 16.946490
Epoch 952, loss 16.982075
Epoch 953, loss 17.046644
Epoch 954, loss 17.155884
Epoch 955, loss 17.327074
Epoch 956, loss 17.560787
Epoch 957, loss 17.811694
Epoch 958, loss 17.945619
Epoch 959, loss 17.805995
Epoch 960, loss 17.385065
Epoch 961, loss 16.955229
Epoch 962, loss 16.820226
Epoch 963, loss 17.001766
Epoch 964, loss 17.244952
Epoch 965, loss 17.276929
Epoch 966, loss 17.063801
Epoch 967, loss 16.830929
Epoch 968, loss 16.798755
Epoch 969, loss 16.936569
Epoch 970, loss 17.037807
Epoch 971, loss 16.973113
Epoch 972, loss 16.821049
Epoch 973, loss 16.749926
Epoch 974, loss 16.806511
Epoch 975, loss 16.883711
Epoch 976, loss 16.871552
Epoch 977, loss 16.783492
Epoch 978, loss 16.720447
Epoch 979, loss 16.736367
Epoch 980, loss 16.784078
Epoch 981, loss 16.789377
Epoch 982, loss 16.741474
Epoch 983, loss 16.693969
Epoch 984, loss 16.690217
Epoch 985, loss 16.715223
Epoch 986, loss 16.724377
Epoch 987, loss 16.700008
Epoch 988, loss 16.666364
Epoch 989, loss 16.653855
Epoch 990, loss 16.663484
Epoch 991, loss 16.671547
Epoch 992, loss 16.660844
Epoch 993, loss 16.638400
Epoch 994, loss 16.622886
Epoch 995, loss 16.621918
Epoch 996, loss 16.626021
Epoch 997, loss 16.622272
Epoch 998, loss 16.608771
Epoch 999, loss 16.594385
Epoch 1000, loss 16.587266
Epoch 1001, loss 16.586481
Epoch 1002, loss 16.584818
Epoch 1003, loss 16.577444
Epoch 1004, loss 16.566290
Epoch 1005, loss 16.556742
Epoch 1006, loss 16.551559
Epoch 1007, loss 16.548700
Epoch 1008, loss 16.544305
Epoch 1009, loss 16.536793
Epoch 1010, loss 16.527901
Epoch 1011, loss 16.520349
Epoch 1012, loss 16.515084
Epoch 1013, loss 16.510772
Epoch 1014, loss 16.505493
Epoch 1015, loss 16.498599
Epoch 1016, loss 16.491028
Epoch 1017, loss 16.484139
Epoch 1018, loss 16.478431
Epoch 1019, loss 16.473291
Epoch 1020, loss 16.467756
Epoch 1021, loss 16.461392
Epoch 1022, loss 16.454553
Epoch 1023, loss 16.447913
Epoch 1024, loss 16.441857
Epoch 1025, loss 16.436228
Epoch 1026, loss 16.430570
Epoch 1027, loss 16.424549
Epoch 1028, loss 16.418183
Epoch 1029, loss 16.411757
Epoch 1030, loss 16.405553
Epoch 1031, loss 16.399645
Epoch 1032, loss 16.393900
Epoch 1033, loss 16.388122
Epoch 1034, loss 16.382225
Epoch 1035, loss 16.376292
Epoch 1036, loss 16.370516
Epoch 1037, loss 16.365112
Epoch 1038, loss 16.360267
Epoch 1039, loss 16.356186
Epoch 1040, loss 16.353233
Epoch 1041, loss 16.352103
Epoch 1042, loss 16.354078
Epoch 1043, loss 16.361323
Epoch 1044, loss 16.377445
Epoch 1045, loss 16.408134
Epoch 1046, loss 16.462303
Epoch 1047, loss 16.551876
Epoch 1048, loss 16.690328
Epoch 1049, loss 16.880811
Epoch 1050, loss 17.098451
Epoch 1051, loss 17.259443
Epoch 1052, loss 17.246746
Epoch 1053, loss 16.992775
Epoch 1054, loss 16.603701
Epoch 1055, loss 16.308687
Epoch 1056, loss 16.268965
Epoch 1057, loss 16.438565
Epoch 1058, loss 16.624945
Epoch 1059, loss 16.654936
Epoch 1060, loss 16.502838
Epoch 1061, loss 16.303047
Epoch 1062, loss 16.215774
Epoch 1063, loss 16.277126
Epoch 1064, loss 16.386295
Epoch 1065, loss 16.419599
Epoch 1066, loss 16.343940
Epoch 1067, loss 16.232524
Epoch 1068, loss 16.180925
Epoch 1069, loss 16.212061
Epoch 1070, loss 16.268723
Epoch 1071, loss 16.282222
Epoch 1072, loss 16.236505
Epoch 1073, loss 16.173871
Epoch 1074, loss 16.145514
Epoch 1075, loss 16.161637
Epoch 1076, loss 16.189664
Epoch 1077, loss 16.193116
Epoch 1078, loss 16.165273
Epoch 1079, loss 16.128868
Epoch 1080, loss 16.110423
Epoch 1081, loss 16.115715
Epoch 1082, loss 16.128403
Epoch 1083, loss 16.129018
Epoch 1084, loss 16.112716
Epoch 1085, loss 16.090335
Epoch 1086, loss 16.075827
Epoch 1087, loss 16.073884
Epoch 1088, loss 16.077822
Epoch 1089, loss 16.077464
Epoch 1090, loss 16.068304
Epoch 1091, loss 16.053971
Epoch 1092, loss 16.041617
Epoch 1093, loss 16.035421
Epoch 1094, loss 16.033836
Epoch 1095, loss 16.031928
Epoch 1096, loss 16.025624
Epoch 1097, loss 16.013414
Epoch 1098, loss 15.991933
Epoch 1099, loss 15.972292
Epoch 1100, loss 15.955854
Epoch 1101, loss 15.944403
Epoch 1102, loss 15.924953
Epoch 1103, loss 15.916039
Epoch 1104, loss 15.903714
Epoch 1105, loss 15.888405
Epoch 1106, loss 15.858507
Epoch 1107, loss 15.880457
Epoch 1108, loss 16.017952
Epoch 1109, loss 16.063934
Epoch 1110, loss 16.147316
Epoch 1111, loss 16.121456
Epoch 1112, loss 16.100899
Epoch 1113, loss 16.016721
Epoch 1114, loss 15.993134
Epoch 1115, loss 15.972769
Epoch 1116, loss 15.970415
Epoch 1117, loss 15.970196
Epoch 1118, loss 15.947243
Epoch 1119, loss 15.933820
Epoch 1120, loss 15.899877
Epoch 1121, loss 15.909109
Epoch 1122, loss 15.900637
Epoch 1123, loss 15.921997
Epoch 1124, loss 15.912697
Epoch 1125, loss 15.910848
Epoch 1126, loss 15.878630
Epoch 1127, loss 15.861821
Epoch 1128, loss 15.834017
Epoch 1129, loss 15.829737
Epoch 1130, loss 15.822429
Epoch 1131, loss 15.826108
Epoch 1132, loss 15.823808
Epoch 1133, loss 15.819124
Epoch 1134, loss 15.810970
Epoch 1135, loss 15.800917
Epoch 1136, loss 15.792849
Epoch 1137, loss 15.785571
Epoch 1138, loss 15.781670
Epoch 1139, loss 15.774997
Epoch 1140, loss 15.770332
Epoch 1141, loss 15.760273
Epoch 1142, loss 15.752283
Epoch 1143, loss 15.740647
Epoch 1144, loss 15.732948
Epoch 1145, loss 15.723506
Epoch 1146, loss 15.718152
Epoch 1147, loss 15.711312
Epoch 1148, loss 15.706565
Epoch 1149, loss 15.699813
Epoch 1150, loss 15.694019
Epoch 1151, loss 15.686257
Epoch 1152, loss 15.679460
Epoch 1153, loss 15.671719
Epoch 1154, loss 15.664991
Epoch 1155, loss 15.658053
Epoch 1156, loss 15.651835
Epoch 1157, loss 15.645513
Epoch 1158, loss 15.639453
Epoch 1159, loss 15.633273
Epoch 1160, loss 15.627188
Epoch 1161, loss 15.621126
Epoch 1162, loss 15.615399
Epoch 1163, loss 15.610276
Epoch 1164, loss 15.606075
Epoch 1165, loss 15.603497
Epoch 1166, loss 15.602960
Epoch 1167, loss 15.605895
Epoch 1168, loss 15.613678
Epoch 1169, loss 15.628415
Epoch 1170, loss 15.652547
Epoch 1171, loss 15.689049
Epoch 1172, loss 15.740371
Epoch 1173, loss 15.805803
Epoch 1174, loss 15.878931
Epoch 1175, loss 15.942770
Epoch 1176, loss 15.971632
Epoch 1177, loss 15.934807
Epoch 1178, loss 15.820251
Epoch 1179, loss 15.649276
Epoch 1180, loss 15.476304
Epoch 1181, loss 15.354775
Epoch 1182, loss 15.306435
Epoch 1183, loss 15.315959
Epoch 1184, loss 15.349985
Epoch 1185, loss 15.385382
Epoch 1186, loss 15.437214
Epoch 1187, loss 15.328663
Epoch 1188, loss 15.227345
Epoch 1189, loss 15.174055
Epoch 1190, loss 15.163617
Epoch 1191, loss 15.185953
Epoch 1192, loss 15.213127
Epoch 1193, loss 15.223886
Epoch 1194, loss 15.203919
Epoch 1195, loss 15.157391
Epoch 1196, loss 15.100966
Epoch 1197, loss 15.056034
Epoch 1198, loss 15.039686
Epoch 1199, loss 15.048877
Epoch 1200, loss 15.030581
Epoch 1201, loss 15.019844
Epoch 1202, loss 15.011780
Epoch 1203, loss 14.994586
Epoch 1204, loss 14.969153
Epoch 1205, loss 14.937997
Epoch 1206, loss 14.909763
Epoch 1207, loss 14.892816
Epoch 1208, loss 14.894076
Epoch 1209, loss 14.877332
Epoch 1210, loss 14.858836
Epoch 1211, loss 14.847988
Epoch 1212, loss 14.827936
Epoch 1213, loss 14.798721
Epoch 1214, loss 14.776830
Epoch 1215, loss 14.760410
Epoch 1216, loss 14.735795
Epoch 1217, loss 14.721220
Epoch 1218, loss 14.703963
Epoch 1219, loss 14.681117
Epoch 1220, loss 14.664843
Epoch 1221, loss 14.641000
Epoch 1222, loss 14.621199
Epoch 1223, loss 14.603355
Epoch 1224, loss 14.587775
Epoch 1225, loss 14.582717
Epoch 1226, loss 14.584474
Epoch 1227, loss 14.685368
Epoch 1228, loss 15.529965
Epoch 1229, loss 15.556004
Epoch 1230, loss 16.171708
Epoch 1231, loss 16.156687
Epoch 1232, loss 16.355888
Epoch 1233, loss 15.799008
Epoch 1234, loss 15.612998
Epoch 1235, loss 15.166494
Epoch 1236, loss 15.325679
Epoch 1237, loss 15.365950
Epoch 1238, loss 15.667840
Epoch 1239, loss 15.528154
Epoch 1240, loss 15.441711
Epoch 1241, loss 15.179438
Epoch 1242, loss 15.176478
Epoch 1243, loss 15.196131
Epoch 1244, loss 15.341447
Epoch 1245, loss 15.305243
Epoch 1246, loss 15.236171
Epoch 1247, loss 15.100469
Epoch 1248, loss 15.071897
Epoch 1249, loss 15.096972
Epoch 1250, loss 15.154199
Epoch 1251, loss 15.145247
Epoch 1252, loss 15.083300
Epoch 1253, loss 15.018405
Epoch 1254, loss 14.982155
Epoch 1255, loss 14.997516
Epoch 1256, loss 15.012632
Epoch 1257, loss 15.010077
Epoch 1258, loss 14.963169
Epoch 1259, loss 14.924388
Epoch 1260, loss 14.889204
Epoch 1261, loss 14.890687
Epoch 1262, loss 14.883300
Epoch 1263, loss 14.877572
Epoch 1264, loss 14.840165
Epoch 1265, loss 14.809384
Epoch 1266, loss 14.775619
Epoch 1267, loss 14.762803
Epoch 1268, loss 14.742406
Epoch 1269, loss 14.725100
Epoch 1270, loss 14.686779
Epoch 1271, loss 14.646628
Epoch 1272, loss 14.596691
Epoch 1273, loss 14.553396
Epoch 1274, loss 14.497974
Epoch 1275, loss 14.436247
Epoch 1276, loss 14.356886
Epoch 1277, loss 14.269188
Epoch 1278, loss 14.169672
Epoch 1279, loss 14.169010
Epoch 1280, loss 14.803128
Epoch 1281, loss 16.771417
Epoch 1282, loss 15.144463
Epoch 1283, loss 16.692727
Epoch 1284, loss 15.375858
Epoch 1285, loss 16.410513
Epoch 1286, loss 14.877328
Epoch 1287, loss 15.915157
Epoch 1288, loss 15.155111
Epoch 1289, loss 15.888939
Epoch 1290, loss 15.102339
Epoch 1291, loss 15.536901
Epoch 1292, loss 15.045944
Epoch 1293, loss 15.291125
Epoch 1294, loss 15.183645
Epoch 1295, loss 15.226450
Epoch 1296, loss 15.065590
Epoch 1297, loss 15.011576
Epoch 1298, loss 15.086811
Epoch 1299, loss 14.974602
Epoch 1300, loss 15.079441
Epoch 1301, loss 14.887864
Epoch 1302, loss 14.994638
Epoch 1303, loss 14.814207
Epoch 1304, loss 14.997800
Epoch 1305, loss 14.828339
Epoch 1306, loss 14.930785
Epoch 1307, loss 14.770343
Epoch 1308, loss 14.873834
Epoch 1309, loss 14.769614
Epoch 1310, loss 14.860668
Epoch 1311, loss 14.760777
Epoch 1312, loss 14.800428
Epoch 1313, loss 14.734422
Epoch 1314, loss 14.767240
Epoch 1315, loss 14.738296
Epoch 1316, loss 14.748511
Epoch 1317, loss 14.716640
Epoch 1318, loss 14.710953
Epoch 1319, loss 14.700737
Epoch 1320, loss 14.692333
Epoch 1321, loss 14.693883
Epoch 1322, loss 14.673191
Epoch 1323, loss 14.671924
Epoch 1324, loss 14.650756
Epoch 1325, loss 14.656825
Epoch 1326, loss 14.638814
Epoch 1327, loss 14.642502
Epoch 1328, loss 14.620455
Epoch 1329, loss 14.623911
Epoch 1330, loss 14.603982
Epoch 1331, loss 14.608426
Epoch 1332, loss 14.592410
Epoch 1333, loss 14.592289
Epoch 1334, loss 14.575517
Epoch 1335, loss 14.574529
Epoch 1336, loss 14.560755
Epoch 1337, loss 14.559542
Epoch 1338, loss 14.547342
Epoch 1339, loss 14.543810
Epoch 1340, loss 14.531483
Epoch 1341, loss 14.526566
Epoch 1342, loss 14.516334
Epoch 1343, loss 14.511290
Epoch 1344, loss 14.501657
Epoch 1345, loss 14.495428
Epoch 1346, loss 14.485777
Epoch 1347, loss 14.478736
Epoch 1348, loss 14.469785
Epoch 1349, loss 14.462781
Epoch 1350, loss 14.454204
Epoch 1351, loss 14.446645
Epoch 1352, loss 14.437987
Epoch 1353, loss 14.429939
Epoch 1354, loss 14.421503
Epoch 1355, loss 14.413603
Epoch 1356, loss 14.405304
Epoch 1357, loss 14.397228
Epoch 1358, loss 14.388890
Epoch 1359, loss 14.380568
Epoch 1360, loss 14.372224
Epoch 1361, loss 14.363968
Epoch 1362, loss 14.355717
Epoch 1363, loss 14.347438
Epoch 1364, loss 14.339074
Epoch 1365, loss 14.330615
Epoch 1366, loss 14.322114
Epoch 1367, loss 14.313582
Epoch 1368, loss 14.305095
Epoch 1369, loss 14.296550
Epoch 1370, loss 14.288070
Epoch 1371, loss 14.279473
Epoch 1372, loss 14.270746
Epoch 1373, loss 14.261978
Epoch 1374, loss 14.253220
Epoch 1375, loss 14.244441
Epoch 1376, loss 14.235653
Epoch 1377, loss 14.226849
Epoch 1378, loss 14.218011
Epoch 1379, loss 14.209100
Epoch 1380, loss 14.200161
Epoch 1381, loss 14.191130
Epoch 1382, loss 14.181985
Epoch 1383, loss 14.172789
Epoch 1384, loss 14.163588
Epoch 1385, loss 14.154379
Epoch 1386, loss 14.145192
Epoch 1387, loss 14.136030
Epoch 1388, loss 14.126788
Epoch 1389, loss 14.117574
Epoch 1390, loss 14.108352
Epoch 1391, loss 14.099186
Epoch 1392, loss 14.089986
Epoch 1393, loss 14.080823
Epoch 1394, loss 14.071611
Epoch 1395, loss 14.062438
Epoch 1396, loss 14.053275
Epoch 1397, loss 14.044138
Epoch 1398, loss 14.034963
Epoch 1399, loss 14.025805
Epoch 1400, loss 14.016687
Epoch 1401, loss 14.007700
Epoch 1402, loss 13.998806
Epoch 1403, loss 13.989918
Epoch 1404, loss 13.981074
Epoch 1405, loss 13.972304
Epoch 1406, loss 13.963553
Epoch 1407, loss 13.954754
Epoch 1408, loss 13.945848
Epoch 1409, loss 13.936836
Epoch 1410, loss 13.927819
Epoch 1411, loss 13.918867
Epoch 1412, loss 13.909848
Epoch 1413, loss 13.900832
Epoch 1414, loss 13.891808
Epoch 1415, loss 13.882717
Epoch 1416, loss 13.873585
Epoch 1417, loss 13.864353
Epoch 1418, loss 13.854956
Epoch 1419, loss 13.845346
Epoch 1420, loss 13.835553
Epoch 1421, loss 13.825777
Epoch 1422, loss 13.815971
Epoch 1423, loss 13.805964
Epoch 1424, loss 13.795932
Epoch 1425, loss 13.785768
Epoch 1426, loss 13.775397
Epoch 1427, loss 13.764640
Epoch 1428, loss 13.753867
Epoch 1429, loss 13.743186
Epoch 1430, loss 13.732442
Epoch 1431, loss 13.722048
Epoch 1432, loss 13.712620
Epoch 1433, loss 13.704678
Epoch 1434, loss 13.699424
Epoch 1435, loss 13.699004
Epoch 1436, loss 13.707824
Epoch 1437, loss 13.732730
Epoch 1438, loss 13.785936
Epoch 1439, loss 13.886692
Epoch 1440, loss 14.064519
Epoch 1441, loss 14.352564
Epoch 1442, loss 14.768636
Epoch 1443, loss 15.241706
Epoch 1444, loss 15.561079
Epoch 1445, loss 15.400597
Epoch 1446, loss 14.699176
Epoch 1447, loss 13.877970
Epoch 1448, loss 13.535115
Epoch 1449, loss 13.804566
Epoch 1450, loss 14.265325
Epoch 1451, loss 14.383591
Epoch 1452, loss 14.018251
Epoch 1453, loss 13.570848
Epoch 1454, loss 13.491389
Epoch 1455, loss 13.749771
Epoch 1456, loss 13.942108
Epoch 1457, loss 13.811198
Epoch 1458, loss 13.527767
Epoch 1459, loss 13.416137
Epoch 1460, loss 13.536255
Epoch 1461, loss 13.663296
Epoch 1462, loss 13.610139
Epoch 1463, loss 13.442986
Epoch 1464, loss 13.354232
Epoch 1465, loss 13.407633
Epoch 1466, loss 13.483999
Epoch 1467, loss 13.457885
Epoch 1468, loss 13.352804
Epoch 1469, loss 13.287467
Epoch 1470, loss 13.311885
Epoch 1471, loss 13.355552
Epoch 1472, loss 13.337261
Epoch 1473, loss 13.269250
Epoch 1474, loss 13.223924
Epoch 1475, loss 13.232252
Epoch 1476, loss 13.253842
Epoch 1477, loss 13.241446
Epoch 1478, loss 13.199412
Epoch 1479, loss 13.167043
Epoch 1480, loss 13.164453
Epoch 1481, loss 13.173079
Epoch 1482, loss 13.165413
Epoch 1483, loss 13.138749
Epoch 1484, loss 13.113580
Epoch 1485, loss 13.105579
Epoch 1486, loss 13.108025
Epoch 1487, loss 13.103482
Epoch 1488, loss 13.086110
Epoch 1489, loss 13.066432
Epoch 1490, loss 13.056019
Epoch 1491, loss 13.053805
Epoch 1492, loss 13.049739
Epoch 1493, loss 13.038208
Epoch 1494, loss 13.023463
Epoch 1495, loss 13.012588
Epoch 1496, loss 13.007034
Epoch 1497, loss 13.002318
Epoch 1498, loss 12.994142
Epoch 1499, loss 12.982914
Epoch 1500, loss 12.972287
Epoch 1501, loss 12.964697
Epoch 1502, loss 12.959054
Epoch 1503, loss 12.952522
Epoch 1504, loss 12.943782
Epoch 1505, loss 12.934184
Epoch 1506, loss 12.925874
Epoch 1507, loss 12.919328
Epoch 1508, loss 12.913194
Epoch 1509, loss 12.906057
Epoch 1510, loss 12.897917
Epoch 1511, loss 12.889866
Epoch 1512, loss 12.882747
Epoch 1513, loss 12.876381
Epoch 1514, loss 12.869972
Epoch 1515, loss 12.862978
Epoch 1516, loss 12.855621
Epoch 1517, loss 12.848464
Epoch 1518, loss 12.841828
Epoch 1519, loss 12.835552
Epoch 1520, loss 12.829231
Epoch 1521, loss 12.822622
Epoch 1522, loss 12.815848
Epoch 1523, loss 12.809214
Epoch 1524, loss 12.802883
Epoch 1525, loss 12.796763
Epoch 1526, loss 12.790647
Epoch 1527, loss 12.784414
Epoch 1528, loss 12.778113
Epoch 1529, loss 12.771890
Epoch 1530, loss 12.765828
Epoch 1531, loss 12.759907
Epoch 1532, loss 12.754034
Epoch 1533, loss 12.748133
Epoch 1534, loss 12.742202
Epoch 1535, loss 12.736289
Epoch 1536, loss 12.730459
Epoch 1537, loss 12.724733
Epoch 1538, loss 12.719076
Epoch 1539, loss 12.713441
Epoch 1540, loss 12.707800
Epoch 1541, loss 12.702165
Epoch 1542, loss 12.696576
Epoch 1543, loss 12.691057
Epoch 1544, loss 12.685596
Epoch 1545, loss 12.680169
Epoch 1546, loss 12.674754
Epoch 1547, loss 12.669352
Epoch 1548, loss 12.663968
Epoch 1549, loss 12.658623
Epoch 1550, loss 12.653323
Epoch 1551, loss 12.648062
Epoch 1552, loss 12.642829
Epoch 1553, loss 12.637614
Epoch 1554, loss 12.632416
Epoch 1555, loss 12.627230
Epoch 1556, loss 12.622065
Epoch 1557, loss 12.616930
Epoch 1558, loss 12.611825
Epoch 1559, loss 12.606743
Epoch 1560, loss 12.601677
Epoch 1561, loss 12.596624
Epoch 1562, loss 12.591589
Epoch 1563, loss 12.586564
Epoch 1564, loss 12.581552
Epoch 1565, loss 12.576558
Epoch 1566, loss 12.571582
Epoch 1567, loss 12.566610
Epoch 1568, loss 12.561640
Epoch 1569, loss 12.556678
Epoch 1570, loss 12.551730
Epoch 1571, loss 12.546790
Epoch 1572, loss 12.541854
Epoch 1573, loss 12.536913
Epoch 1574, loss 12.532000
Epoch 1575, loss 12.527136
Epoch 1576, loss 12.522372
Epoch 1577, loss 12.517820
Epoch 1578, loss 12.513768
Epoch 1579, loss 12.510590
Epoch 1580, loss 12.509223
Epoch 1581, loss 12.511422
Epoch 1582, loss 12.520495
Epoch 1583, loss 12.542611
Epoch 1584, loss 12.589516
Epoch 1585, loss 12.682719
Epoch 1586, loss 12.860745
Epoch 1587, loss 13.184563
Epoch 1588, loss 13.727957
Epoch 1589, loss 14.504589
Epoch 1590, loss 15.294167
Epoch 1591, loss 15.497166
Epoch 1592, loss 14.606663
Epoch 1593, loss 13.151239
Epoch 1594, loss 12.452951
Epoch 1595, loss 12.964053
Epoch 1596, loss 13.754447
Epoch 1597, loss 13.720653
Epoch 1598, loss 12.924833
Epoch 1599, loss 12.445231
Epoch 1600, loss 12.767779
Epoch 1601, loss 13.193411
Epoch 1602, loss 13.015974
Epoch 1603, loss 12.535148
Epoch 1604, loss 12.455477
Epoch 1605, loss 12.752012
Epoch 1606, loss 12.839077
Epoch 1607, loss 12.566185
Epoch 1608, loss 12.376627
Epoch 1609, loss 12.508099
Epoch 1610, loss 12.651274
Epoch 1611, loss 12.534626
Epoch 1612, loss 12.352275
Epoch 1613, loss 12.373319
Epoch 1614, loss 12.497407
Epoch 1615, loss 12.479519
Epoch 1616, loss 12.345158
Epoch 1617, loss 12.301931
Epoch 1618, loss 12.376956
Epoch 1619, loss 12.408233
Epoch 1620, loss 12.334565
Epoch 1621, loss 12.270626
Epoch 1622, loss 12.294175
Epoch 1623, loss 12.332915
Epoch 1624, loss 12.306543
Epoch 1625, loss 12.247029
Epoch 1626, loss 12.254862
Epoch 1627, loss 12.644507
Epoch 1628, loss 12.794677
Epoch 1629, loss 12.512549
Epoch 1630, loss 12.469116
Epoch 1631, loss 12.591403
Epoch 1632, loss 12.488178
Epoch 1633, loss 12.370927
Epoch 1634, loss 12.476973
Epoch 1635, loss 12.348281
Epoch 1636, loss 12.343276
Epoch 1637, loss 12.681007
Epoch 1638, loss 12.655257
Epoch 1639, loss 12.479182
Epoch 1640, loss 12.464571
Epoch 1641, loss 12.558400
Epoch 1642, loss 12.577872
Epoch 1643, loss 12.411224
Epoch 1644, loss 12.457065
Epoch 1645, loss 12.471383
Epoch 1646, loss 12.446311
Epoch 1647, loss 12.412705
Epoch 1648, loss 12.352003
Epoch 1649, loss 12.406790
Epoch 1650, loss 12.373162
Epoch 1651, loss 12.324591
Epoch 1652, loss 12.310427
Epoch 1653, loss 12.312166
Epoch 1654, loss 12.299731
Epoch 1655, loss 12.223896
Epoch 1656, loss 12.233354
Epoch 1657, loss 12.216365
Epoch 1658, loss 12.141138
Epoch 1659, loss 12.121418
Epoch 1660, loss 12.187208
Epoch 1661, loss 12.992202
Epoch 1662, loss 13.142102
Epoch 1663, loss 12.448644
Epoch 1664, loss 12.653763
Epoch 1665, loss 12.860478
Epoch 1666, loss 12.540359
Epoch 1667, loss 12.456610
Epoch 1668, loss 12.717667
Epoch 1669, loss 12.408758
Epoch 1670, loss 12.422412
Epoch 1671, loss 12.562691
Epoch 1672, loss 12.280580
Epoch 1673, loss 12.406309
Epoch 1674, loss 13.180919
Epoch 1675, loss 16.683891
Epoch 1676, loss 14.175389
Epoch 1677, loss 15.498003
Epoch 1678, loss 14.061125
Epoch 1679, loss 14.875965
Epoch 1680, loss 14.257305
Epoch 1681, loss 14.498580
Epoch 1682, loss 13.830622
Epoch 1683, loss 14.309744
Epoch 1684, loss 13.953529
Epoch 1685, loss 14.031040
Epoch 1686, loss 13.833479
Epoch 1687, loss 13.784464
Epoch 1688, loss 13.965925
Epoch 1689, loss 13.581251
Epoch 1690, loss 13.786271
Epoch 1691, loss 13.525040
Epoch 1692, loss 13.741224
Epoch 1693, loss 13.444878
Epoch 1694, loss 13.542009
Epoch 1695, loss 13.466401
Epoch 1696, loss 13.516209
Epoch 1697, loss 13.302330
Epoch 1698, loss 13.493430
Epoch 1699, loss 13.277372
Epoch 1700, loss 13.422618
Epoch 1701, loss 13.234536
Epoch 1702, loss 13.351244
Epoch 1703, loss 13.241261
Epoch 1704, loss 13.294249
Epoch 1705, loss 13.188868
Epoch 1706, loss 13.275399
Epoch 1707, loss 13.164765
Epoch 1708, loss 13.236960
Epoch 1709, loss 13.134196
Epoch 1710, loss 13.208910
Epoch 1711, loss 13.124230
Epoch 1712, loss 13.169154
Epoch 1713, loss 13.105484
Epoch 1714, loss 13.144573
Epoch 1715, loss 13.092928
Epoch 1716, loss 13.116691
Epoch 1717, loss 13.069485
Epoch 1718, loss 13.103535
Epoch 1719, loss 13.052793
Epoch 1720, loss 13.076279
Epoch 1721, loss 13.040888
Epoch 1722, loss 13.055569
Epoch 1723, loss 13.028182
Epoch 1724, loss 13.032893
Epoch 1725, loss 13.012581
Epoch 1726, loss 13.018280
Epoch 1727, loss 12.995629
Epoch 1728, loss 12.999264
Epoch 1729, loss 12.981372
Epoch 1730, loss 12.982156
Epoch 1731, loss 12.967066
Epoch 1732, loss 12.962856
Epoch 1733, loss 12.952867
Epoch 1734, loss 12.946578
Epoch 1735, loss 12.937097
Epoch 1736, loss 12.929619
Epoch 1737, loss 12.921181
Epoch 1738, loss 12.914215
Epoch 1739, loss 12.905090
Epoch 1740, loss 12.896836
Epoch 1741, loss 12.889948
Epoch 1742, loss 12.880262
Epoch 1743, loss 12.873635
Epoch 1744, loss 12.863382
Epoch 1745, loss 12.856813
Epoch 1746, loss 12.846945
Epoch 1747, loss 12.839566
Epoch 1748, loss 12.829497
Epoch 1749, loss 12.821927
Epoch 1750, loss 12.811863
Epoch 1751, loss 12.803615
Epoch 1752, loss 12.793208
Epoch 1753, loss 12.784887
Epoch 1754, loss 12.774534
Epoch 1755, loss 12.765746
Epoch 1756, loss 12.755257
Epoch 1757, loss 12.745814
Epoch 1758, loss 12.735585
Epoch 1759, loss 12.725708
Epoch 1760, loss 12.715574
Epoch 1761, loss 12.705491
Epoch 1762, loss 12.695330
Epoch 1763, loss 12.684964
Epoch 1764, loss 12.674504
Epoch 1765, loss 12.663869
Epoch 1766, loss 12.653246
Epoch 1767, loss 12.642524
Epoch 1768, loss 12.632045
Epoch 1769, loss 12.620975
Epoch 1770, loss 12.609133
Epoch 1771, loss 12.595516
Epoch 1772, loss 12.581906
Epoch 1773, loss 12.568949
Epoch 1774, loss 12.557129
Epoch 1775, loss 12.548612
Epoch 1776, loss 12.543977
Epoch 1777, loss 12.536169
Epoch 1778, loss 12.517377
Epoch 1779, loss 12.521005
Epoch 1780, loss 13.149469
Epoch 1781, loss 15.781104
Epoch 1782, loss 14.940207
Epoch 1783, loss 13.182704
Epoch 1784, loss 14.746585
Epoch 1785, loss 13.892587
Epoch 1786, loss 13.492648
Epoch 1787, loss 14.103452
Epoch 1788, loss 13.242527
Epoch 1789, loss 13.609208
Epoch 1790, loss 13.471721
Epoch 1791, loss 13.016079
Epoch 1792, loss 13.551936
Epoch 1793, loss 12.946413
Epoch 1794, loss 13.068116
Epoch 1795, loss 13.199579
Epoch 1796, loss 12.797972
Epoch 1797, loss 13.037234
Epoch 1798, loss 12.850692
Epoch 1799, loss 12.820254
Epoch 1800, loss 12.887345
Epoch 1801, loss 12.673398
Epoch 1802, loss 12.833024
Epoch 1803, loss 12.665762
Epoch 1804, loss 12.693306
Epoch 1805, loss 12.707795
Epoch 1806, loss 12.568549
Epoch 1807, loss 12.684144
Epoch 1808, loss 12.571365
Epoch 1809, loss 12.576216
Epoch 1810, loss 12.583551
Epoch 1811, loss 12.517588
Epoch 1812, loss 12.558129
Epoch 1813, loss 12.493396
Epoch 1814, loss 12.502126
Epoch 1815, loss 12.497214
Epoch 1816, loss 12.450693
Epoch 1817, loss 12.478825
Epoch 1818, loss 12.429267
Epoch 1819, loss 12.437755
Epoch 1820, loss 12.426575
Epoch 1821, loss 12.395863
Epoch 1822, loss 12.409272
Epoch 1823, loss 12.376961
Epoch 1824, loss 12.376280
Epoch 1825, loss 12.364092
Epoch 1826, loss 12.345002
Epoch 1827, loss 12.345152
Epoch 1828, loss 12.322182
Epoch 1829, loss 12.316787
Epoch 1830, loss 12.304208
Epoch 1831, loss 12.285671
Epoch 1832, loss 12.282756
Epoch 1833, loss 12.261518
Epoch 1834, loss 12.252266
Epoch 1835, loss 12.240903
Epoch 1836, loss 12.223666
Epoch 1837, loss 12.215488
Epoch 1838, loss 12.197501
Epoch 1839, loss 12.186162
Epoch 1840, loss 12.172294
Epoch 1841, loss 12.155465
Epoch 1842, loss 12.143651
Epoch 1843, loss 12.125761
Epoch 1844, loss 12.111541
Epoch 1845, loss 12.096109
Epoch 1846, loss 12.077707
Epoch 1847, loss 12.063449
Epoch 1848, loss 12.045039
Epoch 1849, loss 12.028596
Epoch 1850, loss 12.011604
Epoch 1851, loss 11.992093
Epoch 1852, loss 11.975093
Epoch 1853, loss 11.955466
Epoch 1854, loss 11.937427
Epoch 1855, loss 11.919333
Epoch 1856, loss 11.900975
Epoch 1857, loss 11.885520
Epoch 1858, loss 11.869132
Epoch 1859, loss 11.854168
Epoch 1860, loss 11.840037
Epoch 1861, loss 11.826075
Epoch 1862, loss 11.814478
Epoch 1863, loss 11.802952
Epoch 1864, loss 11.792665
Epoch 1865, loss 11.783797
Epoch 1866, loss 11.774406
Epoch 1867, loss 11.766059
Epoch 1868, loss 11.757733
Epoch 1869, loss 11.749518
Epoch 1870, loss 11.742009
Epoch 1871, loss 11.735332
Epoch 1872, loss 11.729466
Epoch 1873, loss 11.723492
Epoch 1874, loss 11.716939
Epoch 1875, loss 11.709413
Epoch 1876, loss 11.700012
Epoch 1877, loss 11.689413
Epoch 1878, loss 11.678574
Epoch 1879, loss 11.668136
Epoch 1880, loss 11.658599
Epoch 1881, loss 11.649784
Epoch 1882, loss 11.641584
Epoch 1883, loss 11.633841
Epoch 1884, loss 11.626145
Epoch 1885, loss 11.618472
Epoch 1886, loss 11.610566
Epoch 1887, loss 11.602343
Epoch 1888, loss 11.593882
Epoch 1889, loss 11.585083
Epoch 1890, loss 11.576188
Epoch 1891, loss 11.567374
Epoch 1892, loss 11.558608
Epoch 1893, loss 11.550179
Epoch 1894, loss 11.542154
Epoch 1895, loss 11.533905
Epoch 1896, loss 11.524775
Epoch 1897, loss 11.514453
Epoch 1898, loss 11.502619
Epoch 1899, loss 11.488829
Epoch 1900, loss 11.471258
Epoch 1901, loss 11.454582
Epoch 1902, loss 11.465032
Epoch 1903, loss 11.432818
Epoch 1904, loss 12.230825
Epoch 1905, loss 13.701579
Epoch 1906, loss 15.325854
Epoch 1907, loss 14.723520
Epoch 1908, loss 12.820764
Epoch 1909, loss 12.140653
Epoch 1910, loss 13.775227
Epoch 1911, loss 13.488185
Epoch 1912, loss 12.261900
Epoch 1913, loss 12.189526
Epoch 1914, loss 12.956928
Epoch 1915, loss 12.740804
Epoch 1916, loss 11.798258
Epoch 1917, loss 12.126465
Epoch 1918, loss 12.645063
Epoch 1919, loss 11.984816
Epoch 1920, loss 11.715823
Epoch 1921, loss 12.181662
Epoch 1922, loss 12.101191
Epoch 1923, loss 11.670951
Epoch 1924, loss 11.793843
Epoch 1925, loss 12.018981
Epoch 1926, loss 11.718337
Epoch 1927, loss 11.615262
Epoch 1928, loss 11.820180
Epoch 1929, loss 11.766401
Epoch 1930, loss 11.553601
Epoch 1931, loss 11.650411
Epoch 1932, loss 11.720797
Epoch 1933, loss 11.577267
Epoch 1934, loss 11.550414
Epoch 1935, loss 11.619617
Epoch 1936, loss 11.602601
Epoch 1937, loss 11.503660
Epoch 1938, loss 11.543261
Epoch 1939, loss 11.577523
Epoch 1940, loss 11.500330
Epoch 1941, loss 11.490425
Epoch 1942, loss 11.528717
Epoch 1943, loss 11.506952
Epoch 1944, loss 11.463504
Epoch 1945, loss 11.477907
Epoch 1946, loss 11.497609
Epoch 1947, loss 11.455907
Epoch 1948, loss 11.444947
Epoch 1949, loss 11.471039
Epoch 1950, loss 11.449865
Epoch 1951, loss 11.430927
Epoch 1952, loss 11.438136
Epoch 1953, loss 11.442021
Epoch 1954, loss 11.422578
Epoch 1955, loss 11.413811
Epoch 1956, loss 11.425851
Epoch 1957, loss 11.414506
Epoch 1958, loss 11.401914
Epoch 1959, loss 11.404689
Epoch 1960, loss 11.403955
Epoch 1961, loss 11.393940
Epoch 1962, loss 11.388184
Epoch 1963, loss 11.389910
Epoch 1964, loss 11.385266
Epoch 1965, loss 11.376823
Epoch 1966, loss 11.375013
Epoch 1967, loss 11.374438
Epoch 1968, loss 11.367768
Epoch 1969, loss 11.362602
Epoch 1970, loss 11.361308
Epoch 1971, loss 11.358215
Epoch 1972, loss 11.352529
Epoch 1973, loss 11.348725
Epoch 1974, loss 11.347142
Epoch 1975, loss 11.342822
Epoch 1976, loss 11.337762
Epoch 1977, loss 11.335315
Epoch 1978, loss 11.332475
Epoch 1979, loss 11.327904
Epoch 1980, loss 11.323954
Epoch 1981, loss 11.321278
Epoch 1982, loss 11.317919
Epoch 1983, loss 11.313476
Epoch 1984, loss 11.310155
Epoch 1985, loss 11.307191
Epoch 1986, loss 11.303288
Epoch 1987, loss 11.299431
Epoch 1988, loss 11.296090
Epoch 1989, loss 11.292844
Epoch 1990, loss 11.288937
Epoch 1991, loss 11.285211
Epoch 1992, loss 11.281936
Epoch 1993, loss 11.278355
Epoch 1994, loss 11.274602
Epoch 1995, loss 11.270948
Epoch 1996, loss 11.267543
Epoch 1997, loss 11.263934
Epoch 1998, loss 11.260155
Epoch 1999, loss 11.256600
Epoch 2000, loss 11.253071
Epoch 2001, loss 11.249401
Epoch 2002, loss 11.245667
Epoch 2003, loss 11.242088
Epoch 2004, loss 11.238527
Epoch 2005, loss 11.234830
Epoch 2006, loss 11.231147
Epoch 2007, loss 11.227551
Epoch 2008, loss 11.223934
Epoch 2009, loss 11.220241
Epoch 2010, loss 11.216583
Epoch 2011, loss 11.212981
Epoch 2012, loss 11.209362
Epoch 2013, loss 11.205691
Epoch 2014, loss 11.202048
Epoch 2015, loss 11.198441
Epoch 2016, loss 11.194791
Epoch 2017, loss 11.191130
Epoch 2018, loss 11.187485
Epoch 2019, loss 11.183859
Epoch 2020, loss 11.180190
Epoch 2021, loss 11.176504
Epoch 2022, loss 11.172827
Epoch 2023, loss 11.169160
Epoch 2024, loss 11.165490
Epoch 2025, loss 11.161785
Epoch 2026, loss 11.158073
Epoch 2027, loss 11.154346
Epoch 2028, loss 11.150590
Epoch 2029, loss 11.146827
Epoch 2030, loss 11.143072
Epoch 2031, loss 11.139309
Epoch 2032, loss 11.135519
Epoch 2033, loss 11.131710
Epoch 2034, loss 11.127860
Epoch 2035, loss 11.123846
Epoch 2036, loss 11.119032
Epoch 2037, loss 11.108388
Epoch 2038, loss 11.091651
Epoch 2039, loss 11.433725
Epoch 2040, loss 12.027698
Epoch 2041, loss 13.483276
Epoch 2042, loss 12.438122
Epoch 2043, loss 12.771426
Epoch 2044, loss 12.254179
Epoch 2045, loss 12.392835
Epoch 2046, loss 12.612474
Epoch 2047, loss 11.892923
Epoch 2048, loss 12.552743
Epoch 2049, loss 12.128099
Epoch 2050, loss 12.436282
Epoch 2051, loss 11.867088
Epoch 2052, loss 12.055715
Epoch 2053, loss 12.225755
Epoch 2054, loss 11.979715
Epoch 2055, loss 12.045482
Epoch 2056, loss 11.822748
Epoch 2057, loss 12.095116
Epoch 2058, loss 11.807854
Epoch 2059, loss 11.913985
Epoch 2060, loss 11.896723
Epoch 2061, loss 11.852353
Epoch 2062, loss 11.817204
Epoch 2063, loss 11.743976
Epoch 2064, loss 11.887081
Epoch 2065, loss 11.750052
Epoch 2066, loss 11.769633
Epoch 2067, loss 11.720006
Epoch 2068, loss 11.761714
Epoch 2069, loss 11.729992
Epoch 2070, loss 11.692375
Epoch 2071, loss 11.725123
Epoch 2072, loss 11.678154
Epoch 2073, loss 11.688361
Epoch 2074, loss 11.649418
Epoch 2075, loss 11.681478
Epoch 2076, loss 11.655242
Epoch 2077, loss 11.632096
Epoch 2078, loss 11.632077
Epoch 2079, loss 11.623681
Epoch 2080, loss 11.628106
Epoch 2081, loss 11.597123
Epoch 2082, loss 11.604513
Epoch 2083, loss 11.590933
Epoch 2084, loss 11.583641
Epoch 2085, loss 11.574226
Epoch 2086, loss 11.567870
Epoch 2087, loss 11.566684
Epoch 2088, loss 11.548070
Epoch 2089, loss 11.545028
Epoch 2090, loss 11.536047
Epoch 2091, loss 11.533533
Epoch 2092, loss 11.522139
Epoch 2093, loss 11.512588
Epoch 2094, loss 11.508915
Epoch 2095, loss 11.498512
Epoch 2096, loss 11.492522
Epoch 2097, loss 11.482689
Epoch 2098, loss 11.477932
Epoch 2099, loss 11.468788
Epoch 2100, loss 11.459276
Epoch 2101, loss 11.452614
Epoch 2102, loss 11.444191
Epoch 2103, loss 11.437548
Epoch 2104, loss 11.427087
Epoch 2105, loss 11.419394
Epoch 2106, loss 11.411046
Epoch 2107, loss 11.401862
Epoch 2108, loss 11.393075
Epoch 2109, loss 11.383315
Epoch 2110, loss 11.375193
Epoch 2111, loss 11.364947
Epoch 2112, loss 11.355484
Epoch 2113, loss 11.346027
Epoch 2114, loss 11.336344
Epoch 2115, loss 11.326817
Epoch 2116, loss 11.316047
Epoch 2117, loss 11.306193
Epoch 2118, loss 11.295662
Epoch 2119, loss 11.285224
Epoch 2120, loss 11.274477
Epoch 2121, loss 11.263342
Epoch 2122, loss 11.252533
Epoch 2123, loss 11.240909
Epoch 2124, loss 11.229406
Epoch 2125, loss 11.217576
Epoch 2126, loss 11.205482
Epoch 2127, loss 11.193040
Epoch 2128, loss 11.180233
Epoch 2129, loss 11.167596
Epoch 2130, loss 11.154679
Epoch 2131, loss 11.141518
Epoch 2132, loss 11.128142
Epoch 2133, loss 11.114584
Epoch 2134, loss 11.100882
Epoch 2135, loss 11.086954
Epoch 2136, loss 11.072577
Epoch 2137, loss 11.057304
Epoch 2138, loss 11.041843
Epoch 2139, loss 11.026258
Epoch 2140, loss 11.010406
Epoch 2141, loss 10.994362
Epoch 2142, loss 10.978403
Epoch 2143, loss 10.962624
Epoch 2144, loss 10.947038
Epoch 2145, loss 10.932035
Epoch 2146, loss 10.917739
Epoch 2147, loss 10.904246
Epoch 2148, loss 10.891531
Epoch 2149, loss 10.879545
Epoch 2150, loss 10.868331
Epoch 2151, loss 10.857799
Epoch 2152, loss 10.847203
Epoch 2153, loss 10.836211
Epoch 2154, loss 10.825430
Epoch 2155, loss 10.815268
Epoch 2156, loss 10.806149
Epoch 2157, loss 10.798987
Epoch 2158, loss 10.794360
Epoch 2159, loss 10.793441
Epoch 2160, loss 10.794645
Epoch 2161, loss 10.793636
Epoch 2162, loss 10.786595
Epoch 2163, loss 10.775561
Epoch 2164, loss 10.764916
Epoch 2165, loss 10.756870
Epoch 2166, loss 10.751068
Epoch 2167, loss 10.746704
Epoch 2168, loss 10.742776
Epoch 2169, loss 10.738766
Epoch 2170, loss 10.734344
Epoch 2171, loss 10.729504
Epoch 2172, loss 10.724183
Epoch 2173, loss 10.718466
Epoch 2174, loss 10.712446
Epoch 2175, loss 10.706325
Epoch 2176, loss 10.700075
Epoch 2177, loss 10.694035
Epoch 2178, loss 10.688507
Epoch 2179, loss 10.683499
Epoch 2180, loss 10.678877
Epoch 2181, loss 10.674402
Epoch 2182, loss 10.669916
Epoch 2183, loss 10.665096
Epoch 2184, loss 10.659954
Epoch 2185, loss 10.654698
Epoch 2186, loss 10.649665
Epoch 2187, loss 10.644950
Epoch 2188, loss 10.640426
Epoch 2189, loss 10.636014
Epoch 2190, loss 10.631601
Epoch 2191, loss 10.627149
Epoch 2192, loss 10.622667
Epoch 2193, loss 10.618161
Epoch 2194, loss 10.613690
Epoch 2195, loss 10.609300
Epoch 2196, loss 10.604966
Epoch 2197, loss 10.600657
Epoch 2198, loss 10.596451
Epoch 2199, loss 10.592310
Epoch 2200, loss 10.588157
Epoch 2201, loss 10.583988
Epoch 2202, loss 10.579816
Epoch 2203, loss 10.575664
Epoch 2204, loss 10.571562
Epoch 2205, loss 10.567514
Epoch 2206, loss 10.563498
Epoch 2207, loss 10.559492
Epoch 2208, loss 10.555505
Epoch 2209, loss 10.551537
Epoch 2210, loss 10.547558
Epoch 2211, loss 10.543557
Epoch 2212, loss 10.539522
Epoch 2213, loss 10.535426
Epoch 2214, loss 10.531167
Epoch 2215, loss 10.525653
Epoch 2216, loss 10.514246
Epoch 2217, loss 10.500290
Epoch 2218, loss 10.586321
Epoch 2219, loss 11.616822
Epoch 2220, loss 11.302842
Epoch 2221, loss 11.117940
Epoch 2222, loss 11.035146
Epoch 2223, loss 11.310566
Epoch 2224, loss 10.957310
Epoch 2225, loss 11.094754
Epoch 2226, loss 11.014226
Epoch 2227, loss 10.839191
Epoch 2228, loss 10.857278
Epoch 2229, loss 10.849309
Epoch 2230, loss 10.740668
Epoch 2231, loss 10.572008
Epoch 2232, loss 10.807775
Epoch 2233, loss 10.573848
Epoch 2234, loss 10.757233
Epoch 2235, loss 11.216727
Epoch 2236, loss 11.111447
Epoch 2237, loss 10.969338
Epoch 2238, loss 10.949834
Epoch 2239, loss 10.880609
Epoch 2240, loss 11.072042
Epoch 2241, loss 10.811110
Epoch 2242, loss 10.860203
Epoch 2243, loss 10.836162
Epoch 2244, loss 10.850880
Epoch 2245, loss 10.742018
Epoch 2246, loss 10.774469
Epoch 2247, loss 10.672374
Epoch 2248, loss 10.803659
Epoch 2249, loss 10.644350
Epoch 2250, loss 10.646001
Epoch 2251, loss 10.722419
Epoch 2252, loss 10.609859
Epoch 2253, loss 10.632996
Epoch 2254, loss 10.591762
Epoch 2255, loss 10.610962
Epoch 2256, loss 10.563846
Epoch 2257, loss 10.551286
Epoch 2258, loss 10.533945
Epoch 2259, loss 10.538853
Epoch 2260, loss 10.486829
Epoch 2261, loss 10.483612
Epoch 2262, loss 10.453926
Epoch 2263, loss 10.442894
Epoch 2264, loss 10.424518
Epoch 2265, loss 10.385483
Epoch 2266, loss 10.461194
Epoch 2267, loss 11.352415
Epoch 2268, loss 10.889377
Epoch 2269, loss 10.828248
Epoch 2270, loss 10.831030
Epoch 2271, loss 10.959910
Epoch 2272, loss 10.636523
Epoch 2273, loss 10.803397
Epoch 2274, loss 10.643643
Epoch 2275, loss 10.616858
Epoch 2276, loss 10.629074
Epoch 2277, loss 10.537328
Epoch 2278, loss 10.559311
Epoch 2279, loss 10.510704
Epoch 2280, loss 10.560895
Epoch 2281, loss 10.895285
Epoch 2282, loss 12.356107
Epoch 2283, loss 11.586102
Epoch 2284, loss 11.095070
Epoch 2285, loss 11.786446
Epoch 2286, loss 11.292698
Epoch 2287, loss 10.965607
Epoch 2288, loss 11.363204
Epoch 2289, loss 10.950164
Epoch 2290, loss 10.956359
Epoch 2291, loss 11.218327
Epoch 2292, loss 10.722931
Epoch 2293, loss 11.026159
Epoch 2294, loss 10.836363
Epoch 2295, loss 10.723550
Epoch 2296, loss 10.808138
Epoch 2297, loss 10.766139
Epoch 2298, loss 10.667169
Epoch 2299, loss 10.769983
Epoch 2300, loss 10.652227
Epoch 2301, loss 10.622905
Epoch 2302, loss 10.678073
Epoch 2303, loss 10.543676
Epoch 2304, loss 10.638622
Epoch 2305, loss 10.581280
Epoch 2306, loss 10.554717
Epoch 2307, loss 10.573838
Epoch 2308, loss 10.542423
Epoch 2309, loss 10.498247
Epoch 2310, loss 10.545516
Epoch 2311, loss 10.466988
Epoch 2312, loss 10.584696
Epoch 2313, loss 11.667955
Epoch 2314, loss 16.433954
Epoch 2315, loss 14.390940
Epoch 2316, loss 14.247495
Epoch 2317, loss 14.003230
Epoch 2318, loss 11.847977
Epoch 2319, loss 14.405078
Epoch 2320, loss 12.525307
Epoch 2321, loss 12.709695
Epoch 2322, loss 12.338326
Epoch 2323, loss 12.380938
Epoch 2324, loss 12.732208
Epoch 2325, loss 11.379216
Epoch 2326, loss 12.358425
Epoch 2327, loss 11.851667
Epoch 2328, loss 11.850316
Epoch 2329, loss 11.536956
Epoch 2330, loss 11.623193
Epoch 2331, loss 11.834583
Epoch 2332, loss 11.182513
Epoch 2333, loss 11.574715
Epoch 2334, loss 11.334892
Epoch 2335, loss 11.432386
Epoch 2336, loss 11.162672
Epoch 2337, loss 11.245344
Epoch 2338, loss 11.302129
Epoch 2339, loss 11.026321
Epoch 2340, loss 11.195764
Epoch 2341, loss 11.076635
Epoch 2342, loss 11.245035
Epoch 2343, loss 11.049829
Epoch 2344, loss 11.095204
Epoch 2345, loss 11.091088
Epoch 2346, loss 11.043688
Epoch 2347, loss 11.027616
Epoch 2348, loss 11.003799
Epoch 2349, loss 11.037986
Epoch 2350, loss 10.922042
Epoch 2351, loss 10.963589
Epoch 2352, loss 10.951977
Epoch 2353, loss 10.916478
Epoch 2354, loss 10.861346
Epoch 2355, loss 10.838185
Epoch 2356, loss 11.203098
Epoch 2357, loss 12.108014
Epoch 2358, loss 12.227180
Epoch 2359, loss 11.630616
Epoch 2360, loss 11.142899
Epoch 2361, loss 11.665992
Epoch 2362, loss 11.718569
Epoch 2363, loss 11.194299
Epoch 2364, loss 11.258576
Epoch 2365, loss 11.271591
Epoch 2366, loss 11.363188
Epoch 2367, loss 11.069142
Epoch 2368, loss 11.102472
Epoch 2369, loss 11.134660
Epoch 2370, loss 11.059741
Epoch 2371, loss 11.104324
Epoch 2372, loss 11.066760
Epoch 2373, loss 10.954636
Epoch 2374, loss 10.942895
Epoch 2375, loss 11.070629
Epoch 2376, loss 10.881727
Epoch 2377, loss 10.842509
Epoch 2378, loss 10.957054
Epoch 2379, loss 10.870731
Epoch 2380, loss 10.819547
Epoch 2381, loss 10.821153
Epoch 2382, loss 10.832762
Epoch 2383, loss 10.796437
Epoch 2384, loss 10.779247
Epoch 2385, loss 10.745061
Epoch 2386, loss 10.758490
Epoch 2387, loss 10.757943
Epoch 2388, loss 10.692985
Epoch 2389, loss 10.704738
Epoch 2390, loss 10.707229
Epoch 2391, loss 10.676483
Epoch 2392, loss 10.652331
Epoch 2393, loss 10.654313
Epoch 2394, loss 10.634129
Epoch 2395, loss 10.610525
Epoch 2396, loss 10.604005
Epoch 2397, loss 10.574265
Epoch 2398, loss 10.566146
Epoch 2399, loss 10.557117
Epoch 2400, loss 10.541231
Epoch 2401, loss 10.537388
Epoch 2402, loss 10.525685
Epoch 2403, loss 10.583476
Epoch 2404, loss 11.091842
Epoch 2405, loss 12.554870
Epoch 2406, loss 11.198774
Epoch 2407, loss 11.360981
Epoch 2408, loss 11.596432
Epoch 2409, loss 11.193914
Epoch 2410, loss 11.359210
Epoch 2411, loss 10.995817
Epoch 2412, loss 11.345521
Epoch 2413, loss 10.891749
Epoch 2414, loss 11.107483
Epoch 2415, loss 10.938456
Epoch 2416, loss 10.921853
Epoch 2417, loss 10.898283
Epoch 2418, loss 10.827061
Epoch 2419, loss 10.850404
Epoch 2420, loss 10.701579
Epoch 2421, loss 10.867573
Epoch 2422, loss 10.604819
Epoch 2423, loss 10.764666
Epoch 2424, loss 10.671227
Epoch 2425, loss 10.597872
Epoch 2426, loss 10.698408
Epoch 2427, loss 10.540619
Epoch 2428, loss 10.635102
Epoch 2429, loss 10.546019
Epoch 2430, loss 10.556829
Epoch 2431, loss 10.540620
Epoch 2432, loss 10.509856
Epoch 2433, loss 10.519052
Epoch 2434, loss 10.470849
Epoch 2435, loss 10.490759
Epoch 2436, loss 10.453847
Epoch 2437, loss 10.445504
Epoch 2438, loss 10.435705
Epoch 2439, loss 10.423537
Epoch 2440, loss 10.401463
Epoch 2441, loss 10.400339
Epoch 2442, loss 10.384184
Epoch 2443, loss 10.365314
Epoch 2444, loss 10.368576
Epoch 2445, loss 10.341711
Epoch 2446, loss 10.341989
Epoch 2447, loss 10.327265
Epoch 2448, loss 10.316827
Epoch 2449, loss 10.310218
Epoch 2450, loss 10.298588
Epoch 2451, loss 10.293207
Epoch 2452, loss 10.281581
Epoch 2453, loss 10.276783
Epoch 2454, loss 10.268178
Epoch 2455, loss 10.259859
Epoch 2456, loss 10.253432
Epoch 2457, loss 10.246189
Epoch 2458, loss 10.235965
Epoch 2459, loss 10.231341
Epoch 2460, loss 10.221790
Epoch 2461, loss 10.214490
Epoch 2462, loss 10.209405
Epoch 2463, loss 10.200663
Epoch 2464, loss 10.197919
Epoch 2465, loss 10.192492
Epoch 2466, loss 10.191175
Epoch 2467, loss 10.189555
Epoch 2468, loss 10.187883
Epoch 2469, loss 10.185177
Epoch 2470, loss 10.178622
Epoch 2471, loss 10.172658
Epoch 2472, loss 10.165239
Epoch 2473, loss 10.159811
Epoch 2474, loss 10.154660
Epoch 2475, loss 10.150960
Epoch 2476, loss 10.146787
Epoch 2477, loss 10.143329
Epoch 2478, loss 10.139916
Epoch 2479, loss 10.135628
Epoch 2480, loss 10.132135
Epoch 2481, loss 10.127448
Epoch 2482, loss 10.123187
Epoch 2483, loss 10.118439
Epoch 2484, loss 10.113677
Epoch 2485, loss 10.108967
Epoch 2486, loss 10.104091
Epoch 2487, loss 10.099588
Epoch 2488, loss 10.095150
Epoch 2489, loss 10.090923
Epoch 2490, loss 10.087007
Epoch 2491, loss 10.082987
Epoch 2492, loss 10.078786
Epoch 2493, loss 10.074533
Epoch 2494, loss 10.069906
Epoch 2495, loss 10.065297
Epoch 2496, loss 10.060687
Epoch 2497, loss 10.056276
Epoch 2498, loss 10.052114
Epoch 2499, loss 10.048047
Epoch 2500, loss 10.044023
Epoch 2501, loss 10.039835
Epoch 2502, loss 10.035470
Epoch 2503, loss 10.030667
Epoch 2504, loss 10.025684
Epoch 2505, loss 10.020525
Epoch 2506, loss 10.015402
Epoch 2507, loss 10.010324
Epoch 2508, loss 10.005378
Epoch 2509, loss 10.000926
Epoch 2510, loss 9.996865
Epoch 2511, loss 9.993309
Epoch 2512, loss 9.990309
Epoch 2513, loss 9.987784
Epoch 2514, loss 9.985618
Epoch 2515, loss 9.983672
Epoch 2516, loss 9.981687
Epoch 2517, loss 9.979450
Epoch 2518, loss 9.976802
Epoch 2519, loss 9.973722
Epoch 2520, loss 9.970320
Epoch 2521, loss 9.966768
Epoch 2522, loss 9.963252
Epoch 2523, loss 9.959869
Epoch 2524, loss 9.956688
Epoch 2525, loss 9.953704
Epoch 2526, loss 9.950929
Epoch 2527, loss 9.948297
Epoch 2528, loss 9.945779
Epoch 2529, loss 9.943293
Epoch 2530, loss 9.940802
Epoch 2531, loss 9.938264
Epoch 2532, loss 9.935650
Epoch 2533, loss 9.932966
Epoch 2534, loss 9.930227
Epoch 2535, loss 9.927466
Epoch 2536, loss 9.924710
Epoch 2537, loss 9.921998
Epoch 2538, loss 9.919352
Epoch 2539, loss 9.916745
Epoch 2540, loss 9.914168
Epoch 2541, loss 9.911655
Epoch 2542, loss 9.909197
Epoch 2543, loss 9.906791
Epoch 2544, loss 9.904394
Epoch 2545, loss 9.901982
Epoch 2546, loss 9.899552
Epoch 2547, loss 9.897106
Epoch 2548, loss 9.894646
Epoch 2549, loss 9.892185
Epoch 2550, loss 9.889737
Epoch 2551, loss 9.887314
Epoch 2552, loss 9.884920
Epoch 2553, loss 9.882555
Epoch 2554, loss 9.880218
Epoch 2555, loss 9.877901
Epoch 2556, loss 9.875600
Epoch 2557, loss 9.873307
Epoch 2558, loss 9.871017
Epoch 2559, loss 9.868730
Epoch 2560, loss 9.866445
Epoch 2561, loss 9.864163
Epoch 2562, loss 9.861880
Epoch 2563, loss 9.859606
Epoch 2564, loss 9.857346
Epoch 2565, loss 9.855090
Epoch 2566, loss 9.852849
Epoch 2567, loss 9.850622
Epoch 2568, loss 9.848407
Epoch 2569, loss 9.846198
Epoch 2570, loss 9.843997
Epoch 2571, loss 9.841802
Epoch 2572, loss 9.839610
Epoch 2573, loss 9.837424
Epoch 2574, loss 9.835242
Epoch 2575, loss 9.833066
Epoch 2576, loss 9.830896
Epoch 2577, loss 9.828735
Epoch 2578, loss 9.826586
Epoch 2579, loss 9.824447
Epoch 2580, loss 9.822318
Epoch 2581, loss 9.820200
Epoch 2582, loss 9.818091
Epoch 2583, loss 9.815988
Epoch 2584, loss 9.813893
Epoch 2585, loss 9.811803
Epoch 2586, loss 9.809722
Epoch 2587, loss 9.807650
Epoch 2588, loss 9.805586
Epoch 2589, loss 9.803529
Epoch 2590, loss 9.801480
Epoch 2591, loss 9.799438
Epoch 2592, loss 9.797401
Epoch 2593, loss 9.795371
Epoch 2594, loss 9.793345
Epoch 2595, loss 9.791326
Epoch 2596, loss 9.789311
Epoch 2597, loss 9.787301
Epoch 2598, loss 9.785298
Epoch 2599, loss 9.783300
Epoch 2600, loss 9.781306
Epoch 2601, loss 9.779316
Epoch 2602, loss 9.777329
Epoch 2603, loss 9.775347
Epoch 2604, loss 9.773368
Epoch 2605, loss 9.771391
Epoch 2606, loss 9.769411
Epoch 2607, loss 9.767427
Epoch 2608, loss 9.765431
Epoch 2609, loss 9.763407
Epoch 2610, loss 9.761278
Epoch 2611, loss 9.758677
Epoch 2612, loss 9.752807
Epoch 2613, loss 9.741484
Epoch 2614, loss 9.731188
Epoch 2615, loss 9.760095
Epoch 2616, loss 10.040997
Epoch 2617, loss 11.467500
Epoch 2618, loss 15.215393
Epoch 2619, loss 11.594177
Epoch 2620, loss 12.143978
Epoch 2621, loss 12.233808
Epoch 2622, loss 11.942487
Epoch 2623, loss 11.206235
Epoch 2624, loss 11.916058
Epoch 2625, loss 10.884371
Epoch 2626, loss 11.494576
Epoch 2627, loss 10.866241
Epoch 2628, loss 10.738843
Epoch 2629, loss 11.242365
Epoch 2630, loss 10.243830
Epoch 2631, loss 10.974765
Epoch 2632, loss 10.316358
Epoch 2633, loss 10.677978
Epoch 2634, loss 10.251752
Epoch 2635, loss 10.488555
Epoch 2636, loss 10.247478
Epoch 2637, loss 10.297433
Epoch 2638, loss 10.200076
Epoch 2639, loss 10.244752
Epoch 2640, loss 10.119614
Epoch 2641, loss 10.140896
Epoch 2642, loss 10.123900
Epoch 2643, loss 10.028153
Epoch 2644, loss 10.126200
Epoch 2645, loss 9.937338
Epoch 2646, loss 10.110026
Epoch 2647, loss 9.919849
Epoch 2648, loss 10.027951
Epoch 2649, loss 9.952701
Epoch 2650, loss 9.956540
Epoch 2651, loss 9.922056
Epoch 2652, loss 9.937411
Epoch 2653, loss 9.890140
Epoch 2654, loss 9.922040
Epoch 2655, loss 9.895214
Epoch 2656, loss 9.884545
Epoch 2657, loss 9.898174
Epoch 2658, loss 9.858236
Epoch 2659, loss 9.888247
Epoch 2660, loss 9.843610
Epoch 2661, loss 9.869891
Epoch 2662, loss 9.843899
Epoch 2663, loss 9.853145
Epoch 2664, loss 9.834828
Epoch 2665, loss 9.848928
Epoch 2666, loss 9.816202
Epoch 2667, loss 9.844097
Epoch 2668, loss 10.040178
Epoch 2669, loss 9.956595
Epoch 2670, loss 9.926683
Epoch 2671, loss 9.961815
Epoch 2672, loss 9.863435
Epoch 2673, loss 9.866574
Epoch 2674, loss 9.940957
Epoch 2675, loss 9.855960
Epoch 2676, loss 9.883858
Epoch 2677, loss 9.837798
Epoch 2678, loss 9.824995
Epoch 2679, loss 9.876649
Epoch 2680, loss 9.815414
Epoch 2681, loss 9.827447
Epoch 2682, loss 9.811996
Epoch 2683, loss 9.794800
Epoch 2684, loss 9.817076
Epoch 2685, loss 9.812834
Epoch 2686, loss 10.023051
Epoch 2687, loss 10.625161
Epoch 2688, loss 12.473290
Epoch 2689, loss 11.712458
Epoch 2690, loss 11.437013
Epoch 2691, loss 10.882756
Epoch 2692, loss 10.563061
Epoch 2693, loss 11.465556
Epoch 2694, loss 11.144422
Epoch 2695, loss 10.515880
Epoch 2696, loss 10.635489
Epoch 2697, loss 10.695607
Epoch 2698, loss 10.896922
Epoch 2699, loss 10.518122
Epoch 2700, loss 10.215708
Epoch 2701, loss 10.715187
Epoch 2702, loss 10.408300
Epoch 2703, loss 10.481235
Epoch 2704, loss 10.193843
Epoch 2705, loss 10.349472
Epoch 2706, loss 10.443178
Epoch 2707, loss 10.188307
Epoch 2708, loss 10.233129
Epoch 2709, loss 10.201663
Epoch 2710, loss 10.265088
Epoch 2711, loss 10.186578
Epoch 2712, loss 10.089760
Epoch 2713, loss 10.158608
Epoch 2714, loss 10.167736
Epoch 2715, loss 10.077521
Epoch 2716, loss 10.088106
Epoch 2717, loss 10.044097
Epoch 2718, loss 10.104834
Epoch 2719, loss 10.032280
Epoch 2720, loss 9.998488
Epoch 2721, loss 10.028388
Epoch 2722, loss 9.996688
Epoch 2723, loss 9.999202
Epoch 2724, loss 9.945995
Epoch 2725, loss 9.953192
Epoch 2726, loss 9.953553
Epoch 2727, loss 9.921238
Epoch 2728, loss 9.898521
Epoch 2729, loss 9.888398
Epoch 2730, loss 9.876587
Epoch 2731, loss 9.866967
Epoch 2732, loss 9.829661
Epoch 2733, loss 9.826146
Epoch 2734, loss 9.819170
Epoch 2735, loss 9.804549
Epoch 2736, loss 9.788152
Epoch 2737, loss 9.786147
Epoch 2738, loss 9.793973
Epoch 2739, loss 9.798330
Epoch 2740, loss 9.808169
Epoch 2741, loss 9.824872
Epoch 2742, loss 9.870395
Epoch 2743, loss 9.907687
Epoch 2744, loss 9.949549
Epoch 2745, loss 9.943927
Epoch 2746, loss 9.890971
Epoch 2747, loss 9.776007
Epoch 2748, loss 9.657504
Epoch 2749, loss 9.599302
Epoch 2750, loss 9.614780
Epoch 2751, loss 9.665461
Epoch 2752, loss 9.686882
Epoch 2753, loss 9.656684
Epoch 2754, loss 9.590473
Epoch 2755, loss 9.540123
Epoch 2756, loss 9.533626
Epoch 2757, loss 9.553628
Epoch 2758, loss 9.564692
Epoch 2759, loss 9.542401
Epoch 2760, loss 9.503180
Epoch 2761, loss 9.475331
Epoch 2762, loss 9.471710
Epoch 2763, loss 9.478832
Epoch 2764, loss 9.473259
Epoch 2765, loss 9.452528
Epoch 2766, loss 9.431165
Epoch 2767, loss 9.423780
Epoch 2768, loss 9.429786
Epoch 2769, loss 9.436712
Epoch 2770, loss 9.436002
Epoch 2771, loss 9.428462
Epoch 2772, loss 9.420437
Epoch 2773, loss 9.414262
Epoch 2774, loss 9.408542
Epoch 2775, loss 9.402103
Epoch 2776, loss 9.396366
Epoch 2777, loss 9.393052
Epoch 2778, loss 9.391466
Epoch 2779, loss 9.389463
Epoch 2780, loss 9.386834
Epoch 2781, loss 9.384370
Epoch 2782, loss 9.382365
Epoch 2783, loss 9.379705
Epoch 2784, loss 9.375539
Epoch 2785, loss 9.370800
Epoch 2786, loss 9.366930
Epoch 2787, loss 9.364282
Epoch 2788, loss 9.361654
Epoch 2789, loss 9.358116
Epoch 2790, loss 9.354389
Epoch 2791, loss 9.351691
Epoch 2792, loss 9.350258
Epoch 2793, loss 9.349021
Epoch 2794, loss 9.346907
Epoch 2795, loss 9.343909
Epoch 2796, loss 9.340701
Epoch 2797, loss 9.337877
Epoch 2798, loss 9.335436
Epoch 2799, loss 9.333149
Epoch 2800, loss 9.330938
Epoch 2801, loss 9.328843
Epoch 2802, loss 9.326827
Epoch 2803, loss 9.324753
Epoch 2804, loss 9.322550
Epoch 2805, loss 9.320329
Epoch 2806, loss 9.318182
Epoch 2807, loss 9.316090
Epoch 2808, loss 9.313929
Epoch 2809, loss 9.311696
Epoch 2810, loss 9.309506
Epoch 2811, loss 9.307474
Epoch 2812, loss 9.305602
Epoch 2813, loss 9.303776
Epoch 2814, loss 9.301870
Epoch 2815, loss 9.299877
Epoch 2816, loss 9.297855
Epoch 2817, loss 9.295852
Epoch 2818, loss 9.293885
Epoch 2819, loss 9.291946
Epoch 2820, loss 9.290046
Epoch 2821, loss 9.288197
Epoch 2822, loss 9.286376
Epoch 2823, loss 9.284555
Epoch 2824, loss 9.282709
Epoch 2825, loss 9.280844
Epoch 2826, loss 9.278982
Epoch 2827, loss 9.277141
Epoch 2828, loss 9.275325
Epoch 2829, loss 9.273529
Epoch 2830, loss 9.271745
Epoch 2831, loss 9.269964
Epoch 2832, loss 9.268190
Epoch 2833, loss 9.266424
Epoch 2834, loss 9.264665
Epoch 2835, loss 9.262908
Epoch 2836, loss 9.261155
Epoch 2837, loss 9.259411
Epoch 2838, loss 9.257678
Epoch 2839, loss 9.255954
Epoch 2840, loss 9.254235
Epoch 2841, loss 9.252519
Epoch 2842, loss 9.250808
Epoch 2843, loss 9.249103
Epoch 2844, loss 9.247405
Epoch 2845, loss 9.245714
Epoch 2846, loss 9.244028
Epoch 2847, loss 9.242346
Epoch 2848, loss 9.240667
Epoch 2849, loss 9.238993
Epoch 2850, loss 9.237324
Epoch 2851, loss 9.235662
Epoch 2852, loss 9.234005
Epoch 2853, loss 9.232350
Epoch 2854, loss 9.230700
Epoch 2855, loss 9.229053
Epoch 2856, loss 9.227410
Epoch 2857, loss 9.225771
Epoch 2858, loss 9.224136
Epoch 2859, loss 9.222505
Epoch 2860, loss 9.220877
Epoch 2861, loss 9.219254
Epoch 2862, loss 9.217634
Epoch 2863, loss 9.216018
Epoch 2864, loss 9.214405
Epoch 2865, loss 9.212796
Epoch 2866, loss 9.211189
Epoch 2867, loss 9.209585
Epoch 2868, loss 9.207986
Epoch 2869, loss 9.206390
Epoch 2870, loss 9.204799
Epoch 2871, loss 9.203212
Epoch 2872, loss 9.201631
Epoch 2873, loss 9.200057
Epoch 2874, loss 9.198494
Epoch 2875, loss 9.196946
Epoch 2876, loss 9.195424
Epoch 2877, loss 9.193943
Epoch 2878, loss 9.192534
Epoch 2879, loss 9.191248
Epoch 2880, loss 9.190180
Epoch 2881, loss 9.189510
Epoch 2882, loss 9.189547
Epoch 2883, loss 9.190897
Epoch 2884, loss 9.194517
Epoch 2885, loss 9.202280
Epoch 2886, loss 9.216626
Epoch 2887, loss 9.242117
Epoch 2888, loss 9.282412
Epoch 2889, loss 9.343882
Epoch 2890, loss 9.422947
Epoch 2891, loss 9.514849
Epoch 2892, loss 9.585416
Epoch 2893, loss 9.606605
Epoch 2894, loss 9.543453
Epoch 2895, loss 9.421452
Epoch 2896, loss 9.293655
Epoch 2897, loss 9.218522
Epoch 2898, loss 9.210887
Epoch 2899, loss 9.245502
Epoch 2900, loss 9.285117
Epoch 2901, loss 9.302503
Epoch 2902, loss 9.292696
Epoch 2903, loss 9.261604
Epoch 2904, loss 9.221263
Epoch 2905, loss 9.184730
Epoch 2906, loss 9.164777
Epoch 2907, loss 9.168052
Epoch 2908, loss 9.188869
Epoch 2909, loss 9.210946
Epoch 2910, loss 9.217089
Epoch 2911, loss 9.201565
Epoch 2912, loss 9.173827
Epoch 2913, loss 9.150698
Epoch 2914, loss 9.143523
Epoch 2915, loss 9.151032
Epoch 2916, loss 9.162769
Epoch 2917, loss 9.168274
Epoch 2918, loss 9.163864
Epoch 2919, loss 9.153001
Epoch 2920, loss 9.141914
Epoch 2921, loss 9.134837
Epoch 2922, loss 9.132453
Epoch 2923, loss 9.133052
Epoch 2924, loss 9.134554
Epoch 2925, loss 9.135548
Epoch 2926, loss 9.135288
Epoch 2927, loss 9.133423
Epoch 2928, loss 9.129948
Epoch 2929, loss 9.125496
Epoch 2930, loss 9.121197
Epoch 2931, loss 9.118266
Epoch 2932, loss 9.117251
Epoch 2933, loss 9.117705
Epoch 2934, loss 9.118458
Epoch 2935, loss 9.118313
Epoch 2936, loss 9.116734
Epoch 2937, loss 9.113994
Epoch 2938, loss 9.110920
Epoch 2939, loss 9.108317
Epoch 2940, loss 9.106603
Epoch 2941, loss 9.105722
Epoch 2942, loss 9.105348
Epoch 2943, loss 9.105144
Epoch 2944, loss 9.104913
Epoch 2945, loss 9.104652
Epoch 2946, loss 9.104466
Epoch 2947, loss 9.104536
Epoch 2948, loss 9.105066
Epoch 2949, loss 9.106332
Epoch 2950, loss 9.108686
Epoch 2951, loss 9.112602
Epoch 2952, loss 9.118673
Epoch 2953, loss 9.127619
Epoch 2954, loss 9.140291
Epoch 2955, loss 9.157682
Epoch 2956, loss 9.180872
Epoch 2957, loss 9.210926
Epoch 2958, loss 9.248459
Epoch 2959, loss 9.293174
Epoch 2960, loss 9.342802
Epoch 2961, loss 9.392498
Epoch 2962, loss 9.434080
Epoch 2963, loss 9.457282
Epoch 2964, loss 9.451967
Epoch 2965, loss 9.412986
Epoch 2966, loss 9.343555
Epoch 2967, loss 9.256942
Epoch 2968, loss 9.172004
Epoch 2969, loss 9.106909
Epoch 2970, loss 9.072185
Epoch 2971, loss 9.068422
Epoch 2972, loss 9.087757
Epoch 2973, loss 9.117965
Epoch 2974, loss 9.146592
Epoch 2975, loss 9.164198
Epoch 2976, loss 9.165956
Epoch 2977, loss 9.152207
Epoch 2978, loss 9.127592
Epoch 2979, loss 9.099147
Epoch 2980, loss 9.073960
Epoch 2981, loss 9.056969
Epoch 2982, loss 9.049979
Epoch 2983, loss 9.051784
Epoch 2984, loss 9.059212
Epoch 2985, loss 9.068407
Epoch 2986, loss 9.075962
Epoch 2987, loss 9.079598
Epoch 2988, loss 9.078494
Epoch 2989, loss 9.073113
Epoch 2990, loss 9.064877
Epoch 2991, loss 9.055570
Epoch 2992, loss 9.046887
Epoch 2993, loss 9.040030
Epoch 2994, loss 9.035582
Epoch 2995, loss 9.033520
Epoch 2996, loss 9.033375
Epoch 2997, loss 9.034441
Epoch 2998, loss 9.035979
Epoch 2999, loss 9.037362
Epoch 3000, loss 9.038180
Epoch 3001, loss 9.038232
Epoch 3002, loss 9.037548
Epoch 3003, loss 9.036289
Epoch 3004, loss 9.034761
Epoch 3005, loss 9.033307
Epoch 3006, loss 9.032358
Epoch 3007, loss 9.032341
Epoch 3008, loss 9.033817
Epoch 3009, loss 9.037412
Epoch 3010, loss 9.044099
Epoch 3011, loss 9.055068
Epoch 3012, loss 9.072322
Epoch 3013, loss 9.098162
Epoch 3014, loss 9.136433
Epoch 3015, loss 9.190310
Epoch 3016, loss 9.264646
Epoch 3017, loss 9.358232
Epoch 3018, loss 9.468690
Epoch 3019, loss 9.575542
Epoch 3020, loss 9.658284
Epoch 3021, loss 9.681453
Epoch 3022, loss 9.634657
Epoch 3023, loss 9.518682
Epoch 3024, loss 9.364985
Epoch 3025, loss 9.210809
Epoch 3026, loss 9.093189
Epoch 3027, loss 9.034823
Epoch 3028, loss 9.037744
Epoch 3029, loss 9.085140
Epoch 3030, loss 9.147663
Epoch 3031, loss 9.194011
Epoch 3032, loss 9.200436
Epoch 3033, loss 9.161949
Epoch 3034, loss 9.094733
Epoch 3035, loss 9.028340
Epoch 3036, loss 8.989550
Epoch 3037, loss 8.988409
Epoch 3038, loss 9.015463
Epoch 3039, loss 9.049610
Epoch 3040, loss 9.070340
Epoch 3041, loss 9.067392
Epoch 3042, loss 9.043860
Epoch 3043, loss 9.012257
Epoch 3044, loss 8.986592
Epoch 3045, loss 8.975179
Epoch 3046, loss 8.977989
Epoch 3047, loss 8.988733
Epoch 3048, loss 8.999385
Epoch 3049, loss 9.004140
Epoch 3050, loss 9.001310
Epoch 3051, loss 8.992827
Epoch 3052, loss 8.982373
Epoch 3053, loss 8.973394
Epoch 3054, loss 8.967780
Epoch 3055, loss 8.965696
Epoch 3056, loss 8.966089
Epoch 3057, loss 8.967504
Epoch 3058, loss 8.968677
Epoch 3059, loss 8.968837
Epoch 3060, loss 8.967726
Epoch 3061, loss 8.965454
Epoch 3062, loss 8.962382
Epoch 3063, loss 8.958951
Epoch 3064, loss 8.955631
Epoch 3065, loss 8.952802
Epoch 3066, loss 8.950719
Epoch 3067, loss 8.949447
Epoch 3068, loss 8.948858
Epoch 3069, loss 8.948675
Epoch 3070, loss 8.948557
Epoch 3071, loss 8.948192
Epoch 3072, loss 8.947379
Epoch 3073, loss 8.946067
Epoch 3074, loss 8.944342
Epoch 3075, loss 8.942399
Epoch 3076, loss 8.940468
Epoch 3077, loss 8.938770
Epoch 3078, loss 8.937482
Epoch 3079, loss 8.936734
Epoch 3080, loss 8.936639
Epoch 3081, loss 8.937347
Epoch 3082, loss 8.939128
Epoch 3083, loss 8.942483
Epoch 3084, loss 8.948317
Epoch 3085, loss 8.958166
Epoch 3086, loss 8.974636
Epoch 3087, loss 9.001940
Epoch 3088, loss 9.046946
Epoch 3089, loss 9.120168
Epoch 3090, loss 9.237299
Epoch 3091, loss 9.418316
Epoch 3092, loss 9.683400
Epoch 3093, loss 10.034655
Epoch 3094, loss 10.426191
Epoch 3095, loss 10.724450
Epoch 3096, loss 10.736141
Epoch 3097, loss 10.340070
Epoch 3098, loss 9.676261
Epoch 3099, loss 9.110305
Epoch 3100, loss 8.944457
Epoch 3101, loss 9.171517
Epoch 3102, loss 9.518030
Epoch 3103, loss 9.673583
Epoch 3104, loss 9.509553
Epoch 3105, loss 9.172369
Epoch 3106, loss 8.938350
Epoch 3107, loss 8.958174
Epoch 3108, loss 9.143723
Epoch 3109, loss 9.283273
Epoch 3110, loss 9.242623
Epoch 3111, loss 9.069490
Epoch 3112, loss 8.926289
Epoch 3113, loss 8.921064
Epoch 3114, loss 9.018352
Epoch 3115, loss 9.098034
Epoch 3116, loss 9.078696
Epoch 3117, loss 8.985164
Epoch 3118, loss 8.906357
Epoch 3119, loss 8.902171
Epoch 3120, loss 8.954276
Epoch 3121, loss 8.998169
Epoch 3122, loss 8.989968
Epoch 3123, loss 8.941122
Epoch 3124, loss 8.897524
Epoch 3125, loss 8.891621
Epoch 3126, loss 8.916547
Epoch 3127, loss 8.940094
Epoch 3128, loss 8.937924
Epoch 3129, loss 8.913275
Epoch 3130, loss 8.888526
Epoch 3131, loss 8.882127
Epoch 3132, loss 8.893373
Epoch 3133, loss 8.906677
Epoch 3134, loss 8.907796
Epoch 3135, loss 8.895707
Epoch 3136, loss 8.880946
Epoch 3137, loss 8.874465
Epoch 3138, loss 8.878353
Epoch 3139, loss 8.885761
Epoch 3140, loss 8.888313
Epoch 3141, loss 8.883308
Epoch 3142, loss 8.874771
Epoch 3143, loss 8.868842
Epoch 3144, loss 8.868396
Epoch 3145, loss 8.871410
Epoch 3146, loss 8.873596
Epoch 3147, loss 8.872234
Epoch 3148, loss 8.867949
Epoch 3149, loss 8.863511
Epoch 3150, loss 8.861279
Epoch 3151, loss 8.861494
Epoch 3152, loss 8.862561
Epoch 3153, loss 8.862613
Epoch 3154, loss 8.860916
Epoch 3155, loss 8.858159
Epoch 3156, loss 8.855666
Epoch 3157, loss 8.854327
Epoch 3158, loss 8.854075
Epoch 3159, loss 8.854133
Epoch 3160, loss 8.853697
Epoch 3161, loss 8.852495
Epoch 3162, loss 8.850880
Epoch 3163, loss 8.849479
Epoch 3164, loss 8.848753
Epoch 3165, loss 8.848758
Epoch 3166, loss 8.849251
Epoch 3167, loss 8.849991
Epoch 3168, loss 8.851042
Epoch 3169, loss 8.852859
Epoch 3170, loss 8.856261
Epoch 3171, loss 8.862299
Epoch 3172, loss 8.872359
Epoch 3173, loss 8.888265
Epoch 3174, loss 8.912977
Epoch 3175, loss 8.950633
Epoch 3176, loss 9.007853
Epoch 3177, loss 9.092099
Epoch 3178, loss 9.213263
Epoch 3179, loss 9.374793
Epoch 3180, loss 9.574550
Epoch 3181, loss 9.781549
Epoch 3182, loss 9.950956
Epoch 3183, loss 10.010122
Epoch 3184, loss 9.920688
Epoch 3185, loss 9.683646
Epoch 3186, loss 9.375093
Epoch 3187, loss 9.102219
Epoch 3188, loss 8.952099
Epoch 3189, loss 8.943162
Epoch 3190, loss 9.026337
Epoch 3191, loss 9.128087
Epoch 3192, loss 9.185650
Epoch 3193, loss 9.168476
Epoch 3194, loss 9.083512
Epoch 3195, loss 8.971801
Epoch 3196, loss 8.885913
Epoch 3197, loss 8.859390
Epoch 3198, loss 8.891027
Epoch 3199, loss 8.947674
Epoch 3200, loss 8.985257
Epoch 3201, loss 8.975378
Epoch 3202, loss 8.922236
Epoch 3203, loss 8.858186
Epoch 3204, loss 8.819670
Epoch 3205, loss 8.822903
Epoch 3206, loss 8.855243
Epoch 3207, loss 8.887363
Epoch 3208, loss 8.894753
Epoch 3209, loss 8.872829
Epoch 3210, loss 8.837090
Epoch 3211, loss 8.809546
Epoch 3212, loss 8.803315
Epoch 3213, loss 8.815701
Epoch 3214, loss 8.833070
Epoch 3215, loss 8.841703
Epoch 3216, loss 8.836253
Epoch 3217, loss 8.821244
Epoch 3218, loss 8.805993
Epoch 3219, loss 8.797888
Epoch 3220, loss 8.798434
Epoch 3221, loss 8.803879
Epoch 3222, loss 8.808784
Epoch 3223, loss 8.809543
Epoch 3224, loss 8.805871
Epoch 3225, loss 8.799954
Epoch 3226, loss 8.794533
Epoch 3227, loss 8.791294
Epoch 3228, loss 8.790343
Epoch 3229, loss 8.790697
Epoch 3230, loss 8.791142
Epoch 3231, loss 8.790884
Epoch 3232, loss 8.789727
Epoch 3233, loss 8.787906
Epoch 3234, loss 8.785814
Epoch 3235, loss 8.783797
Epoch 3236, loss 8.782071
Epoch 3237, loss 8.780726
Epoch 3238, loss 8.779754
Epoch 3239, loss 8.779055
Epoch 3240, loss 8.778466
Epoch 3241, loss 8.777802
Epoch 3242, loss 8.776918
Epoch 3243, loss 8.775765
Epoch 3244, loss 8.774403
Epoch 3245, loss 8.772975
Epoch 3246, loss 8.771639
Epoch 3247, loss 8.770501
Epoch 3248, loss 8.769583
Epoch 3249, loss 8.768822
Epoch 3250, loss 8.768111
Epoch 3251, loss 8.767346
Epoch 3252, loss 8.766465
Epoch 3253, loss 8.765463
Epoch 3254, loss 8.764382
Epoch 3255, loss 8.763281
Epoch 3256, loss 8.762216
Epoch 3257, loss 8.761216
Epoch 3258, loss 8.760284
Epoch 3259, loss 8.759399
Epoch 3260, loss 8.758534
Epoch 3261, loss 8.757664
Epoch 3262, loss 8.756775
Epoch 3263, loss 8.755862
Epoch 3264, loss 8.754934
Epoch 3265, loss 8.753999
Epoch 3266, loss 8.753067
Epoch 3267, loss 8.752145
Epoch 3268, loss 8.751233
Epoch 3269, loss 8.750328
Epoch 3270, loss 8.749427
Epoch 3271, loss 8.748525
Epoch 3272, loss 8.747619
Epoch 3273, loss 8.746709
Epoch 3274, loss 8.745795
Epoch 3275, loss 8.744880
Epoch 3276, loss 8.743968
Epoch 3277, loss 8.743059
Epoch 3278, loss 8.742156
Epoch 3279, loss 8.741259
Epoch 3280, loss 8.740368
Epoch 3281, loss 8.739480
Epoch 3282, loss 8.738596
Epoch 3283, loss 8.737713
Epoch 3284, loss 8.736831
Epoch 3285, loss 8.735949
Epoch 3286, loss 8.735066
Epoch 3287, loss 8.734182
Epoch 3288, loss 8.733297
Epoch 3289, loss 8.732412
Epoch 3290, loss 8.731527
Epoch 3291, loss 8.730641
Epoch 3292, loss 8.729757
Epoch 3293, loss 8.728874
Epoch 3294, loss 8.727994
Epoch 3295, loss 8.727116
Epoch 3296, loss 8.726242
Epoch 3297, loss 8.725373
Epoch 3298, loss 8.724510
Epoch 3299, loss 8.723655
Epoch 3300, loss 8.722811
Epoch 3301, loss 8.721982
Epoch 3302, loss 8.721173
Epoch 3303, loss 8.720391
Epoch 3304, loss 8.719648
Epoch 3305, loss 8.718958
Epoch 3306, loss 8.718345
Epoch 3307, loss 8.717843
Epoch 3308, loss 8.717500
Epoch 3309, loss 8.717391
Epoch 3310, loss 8.717627
Epoch 3311, loss 8.718375
Epoch 3312, loss 8.719893
Epoch 3313, loss 8.722572
Epoch 3314, loss 8.727015
Epoch 3315, loss 8.734156
Epoch 3316, loss 8.745446
Epoch 3317, loss 8.763120
Epoch 3318, loss 8.790670
Epoch 3319, loss 8.833354
Epoch 3320, loss 8.899195
Epoch 3321, loss 8.999379
Epoch 3322, loss 9.149411
Epoch 3323, loss 9.365705
Epoch 3324, loss 9.661857
Epoch 3325, loss 10.026685
Epoch 3326, loss 10.407378
Epoch 3327, loss 10.673309
Epoch 3328, loss 10.667219
Epoch 3329, loss 10.293264
Epoch 3330, loss 9.674557
Epoch 3331, loss 9.106907
Epoch 3332, loss 8.859137
Epoch 3333, loss 8.968390
Epoch 3334, loss 9.235115
Epoch 3335, loss 9.389736
Epoch 3336, loss 9.293604
Epoch 3337, loss 9.044619
Epoch 3338, loss 8.858141
Epoch 3339, loss 8.856938
Epoch 3340, loss 8.971826
Epoch 3341, loss 9.032602
Epoch 3342, loss 8.950964
Epoch 3343, loss 8.805416
Epoch 3344, loss 8.741954
Epoch 3345, loss 8.803285
Epoch 3346, loss 8.893988
Epoch 3347, loss 8.896200
Epoch 3348, loss 8.797676
Epoch 3349, loss 8.700018
Epoch 3350, loss 8.693091
Epoch 3351, loss 8.758355
Epoch 3352, loss 8.806328
Epoch 3353, loss 8.782669
Epoch 3354, loss 8.720370
Epoch 3355, loss 8.687752
Epoch 3356, loss 8.706419
Epoch 3357, loss 8.736881
Epoch 3358, loss 8.735485
Epoch 3359, loss 8.704330
Epoch 3360, loss 8.679992
Epoch 3361, loss 8.685524
Epoch 3362, loss 8.706317
Epoch 3363, loss 8.713021
Epoch 3364, loss 8.696836
Epoch 3365, loss 8.675540
Epoch 3366, loss 8.669432
Epoch 3367, loss 8.679035
Epoch 3368, loss 8.688554
Epoch 3369, loss 8.685975
Epoch 3370, loss 8.674888
Epoch 3371, loss 8.667279
Epoch 3372, loss 8.668848
Epoch 3373, loss 8.674200
Epoch 3374, loss 8.674882
Epoch 3375, loss 8.669011
Epoch 3376, loss 8.662102
Epoch 3377, loss 8.659957
Epoch 3378, loss 8.662613
Epoch 3379, loss 8.665368
Epoch 3380, loss 8.664401
Epoch 3381, loss 8.660361
Epoch 3382, loss 8.656761
Epoch 3383, loss 8.655896
Epoch 3384, loss 8.656857
Epoch 3385, loss 8.657127
Epoch 3386, loss 8.655428
Epoch 3387, loss 8.652742
Epoch 3388, loss 8.650914
Epoch 3389, loss 8.650692
Epoch 3390, loss 8.651209
Epoch 3391, loss 8.651097
Epoch 3392, loss 8.649844
Epoch 3393, loss 8.648089
Epoch 3394, loss 8.646811
Epoch 3395, loss 8.646389
Epoch 3396, loss 8.646412
Epoch 3397, loss 8.646249
Epoch 3398, loss 8.645699
Epoch 3399, loss 8.645134
Epoch 3400, loss 8.645128
Epoch 3401, loss 8.646019
Epoch 3402, loss 8.647811
Epoch 3403, loss 8.650465
Epoch 3404, loss 8.654260
Epoch 3405, loss 8.659996
Epoch 3406, loss 8.668938
Epoch 3407, loss 8.682801
Epoch 3408, loss 8.703803
Epoch 3409, loss 8.735182
Epoch 3410, loss 8.781489
Epoch 3411, loss 8.849337
Epoch 3412, loss 8.946693
Epoch 3413, loss 9.082552
Epoch 3414, loss 9.261721
Epoch 3415, loss 9.480204
Epoch 3416, loss 9.709568
Epoch 3417, loss 9.895240
Epoch 3418, loss 9.953158
Epoch 3419, loss 9.821677
Epoch 3420, loss 9.503533
Epoch 3421, loss 9.107894
Epoch 3422, loss 8.789600
Epoch 3423, loss 8.660187
Epoch 3424, loss 8.722507
Epoch 3425, loss 8.886571
Epoch 3426, loss 9.031676
Epoch 3427, loss 9.068994
Epoch 3428, loss 8.983322
Epoch 3429, loss 8.831120
Epoch 3430, loss 8.701144
Epoch 3431, loss 8.653818
Epoch 3432, loss 8.689683
Epoch 3433, loss 8.760294
Epoch 3434, loss 8.806591
Epoch 3435, loss 8.796088
Epoch 3436, loss 8.737650
Epoch 3437, loss 8.669909
Epoch 3438, loss 8.631409
Epoch 3439, loss 8.636039
Epoch 3440, loss 8.668535
Epoch 3441, loss 8.699408
Epoch 3442, loss 8.705480
Epoch 3443, loss 8.682772
Epoch 3444, loss 8.645996
Epoch 3445, loss 8.616388
Epoch 3446, loss 8.607604
Epoch 3447, loss 8.618741
Epoch 3448, loss 8.637640
Epoch 3449, loss 8.650095
Epoch 3450, loss 8.648341
Epoch 3451, loss 8.634245
Epoch 3452, loss 8.616378
Epoch 3453, loss 8.603847
Epoch 3454, loss 8.601015
Epoch 3455, loss 8.606058
Epoch 3456, loss 8.613317
Epoch 3457, loss 8.617222
Epoch 3458, loss 8.615283
Epoch 3459, loss 8.608755
Epoch 3460, loss 8.601182
Epoch 3461, loss 8.596007
Epoch 3462, loss 8.594731
Epoch 3463, loss 8.596550
Epoch 3464, loss 8.599244
Epoch 3465, loss 8.600604
Epoch 3466, loss 8.599525
Epoch 3467, loss 8.596316
Epoch 3468, loss 8.592272
Epoch 3469, loss 8.588850
Epoch 3470, loss 8.586944
Epoch 3471, loss 8.586600
Epoch 3472, loss 8.587177
Epoch 3473, loss 8.587788
Epoch 3474, loss 8.587734
Epoch 3475, loss 8.586769
Epoch 3476, loss 8.585098
Epoch 3477, loss 8.583183
Epoch 3478, loss 8.581491
Epoch 3479, loss 8.580303
Epoch 3480, loss 8.579639
Epoch 3481, loss 8.579314
Epoch 3482, loss 8.579055
Epoch 3483, loss 8.578626
Epoch 3484, loss 8.577904
Epoch 3485, loss 8.576902
Epoch 3486, loss 8.575729
Epoch 3487, loss 8.574531
Epoch 3488, loss 8.573430
Epoch 3489, loss 8.572495
Epoch 3490, loss 8.571725
Epoch 3491, loss 8.571073
Epoch 3492, loss 8.570470
Epoch 3493, loss 8.569855
Epoch 3494, loss 8.569191
Epoch 3495, loss 8.568470
Epoch 3496, loss 8.567717
Epoch 3497, loss 8.566969
Epoch 3498, loss 8.566275
Epoch 3499, loss 8.565685
Epoch 3500, loss 8.565248
Epoch 3501, loss 8.565015
Epoch 3502, loss 8.565044
Epoch 3503, loss 8.565417
Epoch 3504, loss 8.566269
Epoch 3505, loss 8.567795
Epoch 3506, loss 8.570297
Epoch 3507, loss 8.574218
Epoch 3508, loss 8.580225
Epoch 3509, loss 8.589306
Epoch 3510, loss 8.602926
Epoch 3511, loss 8.623185
Epoch 3512, loss 8.653183
Epoch 3513, loss 8.697115
Epoch 3514, loss 8.760763
Epoch 3515, loss 8.850715
Epoch 3516, loss 8.974102
Epoch 3517, loss 9.133562
Epoch 3518, loss 9.323457
Epoch 3519, loss 9.516360
Epoch 3520, loss 9.663526
Epoch 3521, loss 9.695627
Epoch 3522, loss 9.567957
Epoch 3523, loss 9.295578
Epoch 3524, loss 8.974244
Epoch 3525, loss 8.725428
Epoch 3526, loss 8.624710
Epoch 3527, loss 8.664278
Epoch 3528, loss 8.772647
Epoch 3529, loss 8.863762
Epoch 3530, loss 8.880348
Epoch 3531, loss 8.817957
Epoch 3532, loss 8.716218
Epoch 3533, loss 8.629862
Epoch 3534, loss 8.594381
Epoch 3535, loss 8.609976
Epoch 3536, loss 8.649582
Epoch 3537, loss 8.679617
Epoch 3538, loss 8.679063
Epoch 3539, loss 8.646824
Epoch 3540, loss 8.598882
Epoch 3541, loss 8.557112
Epoch 3542, loss 8.537114
Epoch 3543, loss 8.541195
Epoch 3544, loss 8.559534
Epoch 3545, loss 8.577277
Epoch 3546, loss 8.582275
Epoch 3547, loss 8.571342
Epoch 3548, loss 8.549634
Epoch 3549, loss 8.525929
Epoch 3550, loss 8.517489
Epoch 3551, loss 8.521167
Epoch 3552, loss 8.533079
Epoch 3553, loss 8.542819
Epoch 3554, loss 8.547161
Epoch 3555, loss 8.543925
Epoch 3556, loss 8.534854
Epoch 3557, loss 8.524555
Epoch 3558, loss 8.518253
Epoch 3559, loss 8.517141
Epoch 3560, loss 8.519162
Epoch 3561, loss 8.521670
Epoch 3562, loss 8.521993
Epoch 3563, loss 8.517694
Epoch 3564, loss 8.509816
Epoch 3565, loss 8.498085
Epoch 3566, loss 8.475651
Epoch 3567, loss 10.232472
Epoch 3568, loss 13.819659
Epoch 3569, loss 14.242086
Epoch 3570, loss 12.483995
Epoch 3571, loss 12.942310
Epoch 3572, loss 12.397939
Epoch 3573, loss 10.161467
Epoch 3574, loss 10.119581
Epoch 3575, loss 11.870437
Epoch 3576, loss 10.686578
Epoch 3577, loss 9.826595
Epoch 3578, loss 10.135954
Epoch 3579, loss 9.787423
Epoch 3580, loss 9.789888
Epoch 3581, loss 10.083838
Epoch 3582, loss 9.260094
Epoch 3583, loss 9.080708
Epoch 3584, loss 9.733171
Epoch 3585, loss 9.229811
Epoch 3586, loss 9.033716
Epoch 3587, loss 9.172285
Epoch 3588, loss 8.926635
Epoch 3589, loss 9.082889
Epoch 3590, loss 9.047355
Epoch 3591, loss 8.683282
Epoch 3592, loss 8.884110
Epoch 3593, loss 8.951622
Epoch 3594, loss 8.684416
Epoch 3595, loss 8.766241
Epoch 3596, loss 8.745163
Epoch 3597, loss 8.653246
Epoch 3598, loss 8.773336
Epoch 3599, loss 8.634919
Epoch 3600, loss 8.572936
Epoch 3601, loss 8.713010
Epoch 3602, loss 8.615658
Epoch 3603, loss 8.564951
Epoch 3604, loss 8.615215
Epoch 3605, loss 8.578441
Epoch 3606, loss 8.564826
Epoch 3607, loss 8.595019
Epoch 3608, loss 8.526891
Epoch 3609, loss 8.538321
Epoch 3610, loss 8.580890
Epoch 3611, loss 8.519235
Epoch 3612, loss 8.518693
Epoch 3613, loss 8.543129
Epoch 3614, loss 8.513533
Epoch 3615, loss 8.520956
Epoch 3616, loss 8.520384
Epoch 3617, loss 8.495774
Epoch 3618, loss 8.513662
Epoch 3619, loss 8.513589
Epoch 3620, loss 8.491513
Epoch 3621, loss 8.499231
Epoch 3622, loss 8.500971
Epoch 3623, loss 8.491870
Epoch 3624, loss 8.495322
Epoch 3625, loss 8.489812
Epoch 3626, loss 8.484872
Epoch 3627, loss 8.491708
Epoch 3628, loss 8.486748
Epoch 3629, loss 8.480555
Epoch 3630, loss 8.484046
Epoch 3631, loss 8.482334
Epoch 3632, loss 8.479484
Epoch 3633, loss 8.480278
Epoch 3634, loss 8.477002
Epoch 3635, loss 8.475567
Epoch 3636, loss 8.477835
Epoch 3637, loss 8.474708
Epoch 3638, loss 8.472223
Epoch 3639, loss 8.473617
Epoch 3640, loss 8.472057
Epoch 3641, loss 8.470470
Epoch 3642, loss 8.470866
Epoch 3643, loss 8.468672
Epoch 3644, loss 8.467861
Epoch 3645, loss 8.468558
Epoch 3646, loss 8.466588
Epoch 3647, loss 8.465375
Epoch 3648, loss 8.465603
Epoch 3649, loss 8.464326
Epoch 3650, loss 8.463508
Epoch 3651, loss 8.463217
Epoch 3652, loss 8.461872
Epoch 3653, loss 8.461226
Epoch 3654, loss 8.460996
Epoch 3655, loss 8.459905
Epoch 3656, loss 8.459026
Epoch 3657, loss 8.458615
Epoch 3658, loss 8.457767
Epoch 3659, loss 8.457023
Epoch 3660, loss 8.456512
Epoch 3661, loss 8.455577
Epoch 3662, loss 8.454901
Epoch 3663, loss 8.454377
Epoch 3664, loss 8.453579
Epoch 3665, loss 8.452836
Epoch 3666, loss 8.452229
Epoch 3667, loss 8.451491
Epoch 3668, loss 8.450805
Epoch 3669, loss 8.450187
Epoch 3670, loss 8.449427
Epoch 3671, loss 8.448731
Epoch 3672, loss 8.448111
Epoch 3673, loss 8.447406
Epoch 3674, loss 8.446699
Epoch 3675, loss 8.446050
Epoch 3676, loss 8.445352
Epoch 3677, loss 8.444658
Epoch 3678, loss 8.444019
Epoch 3679, loss 8.443319
Epoch 3680, loss 8.442619
Epoch 3681, loss 8.441969
Epoch 3682, loss 8.441289
Epoch 3683, loss 8.440596
Epoch 3684, loss 8.439934
Epoch 3685, loss 8.439253
Epoch 3686, loss 8.438563
Epoch 3687, loss 8.437903
Epoch 3688, loss 8.437225
Epoch 3689, loss 8.436538
Epoch 3690, loss 8.435866
Epoch 3691, loss 8.435194
Epoch 3692, loss 8.434513
Epoch 3693, loss 8.433838
Epoch 3694, loss 8.433165
Epoch 3695, loss 8.432483
Epoch 3696, loss 8.431808
Epoch 3697, loss 8.431137
Epoch 3698, loss 8.430458
Epoch 3699, loss 8.429780
Epoch 3700, loss 8.429107
Epoch 3701, loss 8.428429
Epoch 3702, loss 8.427753
Epoch 3703, loss 8.427080
Epoch 3704, loss 8.426402
Epoch 3705, loss 8.425725
Epoch 3706, loss 8.425051
Epoch 3707, loss 8.424375
Epoch 3708, loss 8.423698
Epoch 3709, loss 8.423023
Epoch 3710, loss 8.422347
Epoch 3711, loss 8.421670
Epoch 3712, loss 8.420995
Epoch 3713, loss 8.420319
Epoch 3714, loss 8.419642
Epoch 3715, loss 8.418966
Epoch 3716, loss 8.418290
Epoch 3717, loss 8.417613
Epoch 3718, loss 8.416937
Epoch 3719, loss 8.416261
Epoch 3720, loss 8.415584
Epoch 3721, loss 8.414906
Epoch 3722, loss 8.414229
Epoch 3723, loss 8.413551
Epoch 3724, loss 8.412873
Epoch 3725, loss 8.412195
Epoch 3726, loss 8.411517
Epoch 3727, loss 8.410838
Epoch 3728, loss 8.410160
Epoch 3729, loss 8.409481
Epoch 3730, loss 8.408802
Epoch 3731, loss 8.408123
Epoch 3732, loss 8.407444
Epoch 3733, loss 8.406767
Epoch 3734, loss 8.406089
Epoch 3735, loss 8.405411
Epoch 3736, loss 8.404734
Epoch 3737, loss 8.404057
Epoch 3738, loss 8.403382
Epoch 3739, loss 8.402710
Epoch 3740, loss 8.402041
Epoch 3741, loss 8.401380
Epoch 3742, loss 8.400729
Epoch 3743, loss 8.400094
Epoch 3744, loss 8.399487
Epoch 3745, loss 8.398925
Epoch 3746, loss 8.398437
Epoch 3747, loss 8.398074
Epoch 3748, loss 8.397919
Epoch 3749, loss 8.398115
Epoch 3750, loss 8.398911
Epoch 3751, loss 8.400733
Epoch 3752, loss 8.404326
Epoch 3753, loss 8.410986
Epoch 3754, loss 8.422977
Epoch 3755, loss 8.444287
Epoch 3756, loss 8.481848
Epoch 3757, loss 8.547715
Epoch 3758, loss 8.662037
Epoch 3759, loss 8.857514
Epoch 3760, loss 9.180567
Epoch 3761, loss 9.684560
Epoch 3762, loss 10.383384
Epoch 3763, loss 11.162099
Epoch 3764, loss 11.650899
Epoch 3765, loss 11.365867
Epoch 3766, loss 10.209266
Epoch 3767, loss 8.908276
Epoch 3768, loss 8.402411
Epoch 3769, loss 8.869339
Epoch 3770, loss 9.613724
Epoch 3771, loss 9.795722
Epoch 3772, loss 9.238329
Epoch 3773, loss 8.565304
Epoch 3774, loss 8.447430
Epoch 3775, loss 8.837714
Epoch 3776, loss 9.145434
Epoch 3777, loss 8.984451
Epoch 3778, loss 8.578305
Epoch 3779, loss 8.407143
Epoch 3780, loss 8.586418
Epoch 3781, loss 8.795895
Epoch 3782, loss 8.745475
Epoch 3783, loss 8.517320
Epoch 3784, loss 8.398544
Epoch 3785, loss 8.487726
Epoch 3786, loss 8.610465
Epoch 3787, loss 8.588286
Epoch 3788, loss 8.459500
Epoch 3789, loss 8.390374
Epoch 3790, loss 8.440907
Epoch 3791, loss 8.510108
Epoch 3792, loss 8.494345
Epoch 3793, loss 8.417821
Epoch 3794, loss 8.378334
Epoch 3795, loss 8.410200
Epoch 3796, loss 8.452621
Epoch 3797, loss 8.442787
Epoch 3798, loss 8.394549
Epoch 3799, loss 8.367889
Epoch 3800, loss 8.386357
Epoch 3801, loss 8.414493
Epoch 3802, loss 8.411724
Epoch 3803, loss 8.382415
Epoch 3804, loss 8.362429
Epoch 3805, loss 8.370327
Epoch 3806, loss 8.388455
Epoch 3807, loss 8.390554
Epoch 3808, loss 8.374237
Epoch 3809, loss 8.359275
Epoch 3810, loss 8.360304
Epoch 3811, loss 8.370887
Epoch 3812, loss 8.375092
Epoch 3813, loss 8.367524
Epoch 3814, loss 8.357271
Epoch 3815, loss 8.354645
Epoch 3816, loss 8.359381
Epoch 3817, loss 8.363159
Epoch 3818, loss 8.360581
Epoch 3819, loss 8.354543
Epoch 3820, loss 8.351206
Epoch 3821, loss 8.352458
Epoch 3822, loss 8.354759
Epoch 3823, loss 8.354204
Epoch 3824, loss 8.350891
Epoch 3825, loss 8.347966
Epoch 3826, loss 8.347554
Epoch 3827, loss 8.348638
Epoch 3828, loss 8.348791
Epoch 3829, loss 8.347088
Epoch 3830, loss 8.344807
Epoch 3831, loss 8.343632
Epoch 3832, loss 8.343775
Epoch 3833, loss 8.344029
Epoch 3834, loss 8.343292
Epoch 3835, loss 8.341695
Epoch 3836, loss 8.340245
Epoch 3837, loss 8.339637
Epoch 3838, loss 8.339604
Epoch 3839, loss 8.339361
Epoch 3840, loss 8.338484
Epoch 3841, loss 8.337248
Epoch 3842, loss 8.336230
Epoch 3843, loss 8.335690
Epoch 3844, loss 8.335388
Epoch 3845, loss 8.334910
Epoch 3846, loss 8.334095
Epoch 3847, loss 8.333131
Epoch 3848, loss 8.332309
Epoch 3849, loss 8.331729
Epoch 3850, loss 8.331251
Epoch 3851, loss 8.330676
Epoch 3852, loss 8.329936
Epoch 3853, loss 8.329131
Epoch 3854, loss 8.328398
Epoch 3855, loss 8.327783
Epoch 3856, loss 8.327215
Epoch 3857, loss 8.326597
Epoch 3858, loss 8.325897
Epoch 3859, loss 8.325163
Epoch 3860, loss 8.324464
Epoch 3861, loss 8.323828
Epoch 3862, loss 8.323221
Epoch 3863, loss 8.322593
Epoch 3864, loss 8.321920
Epoch 3865, loss 8.321220
Epoch 3866, loss 8.320532
Epoch 3867, loss 8.319878
Epoch 3868, loss 8.319248
Epoch 3869, loss 8.318616
Epoch 3870, loss 8.317963
Epoch 3871, loss 8.317288
Epoch 3872, loss 8.316610
Epoch 3873, loss 8.315944
Epoch 3874, loss 8.315295
Epoch 3875, loss 8.314652
Epoch 3876, loss 8.314004
Epoch 3877, loss 8.313344
Epoch 3878, loss 8.312678
Epoch 3879, loss 8.312011
Epoch 3880, loss 8.311352
Epoch 3881, loss 8.310699
Epoch 3882, loss 8.310047
Epoch 3883, loss 8.309392
Epoch 3884, loss 8.308732
Epoch 3885, loss 8.308069
Epoch 3886, loss 8.307408
Epoch 3887, loss 8.306750
Epoch 3888, loss 8.306095
Epoch 3889, loss 8.305441
Epoch 3890, loss 8.304786
Epoch 3891, loss 8.304130
Epoch 3892, loss 8.303474
Epoch 3893, loss 8.302820
Epoch 3894, loss 8.302172
Epoch 3895, loss 8.301530
Epoch 3896, loss 8.300896
Epoch 3897, loss 8.300272
Epoch 3898, loss 8.299664
Epoch 3899, loss 8.299080
Epoch 3900, loss 8.298534
Epoch 3901, loss 8.298046
Epoch 3902, loss 8.297649
Epoch 3903, loss 8.297393
Epoch 3904, loss 8.297357
Epoch 3905, loss 8.297668
Epoch 3906, loss 8.298529
Epoch 3907, loss 8.300274
Epoch 3908, loss 8.303437
Epoch 3909, loss 8.308898
Epoch 3910, loss 8.318082
Epoch 3911, loss 8.333325
Epoch 3912, loss 8.358380
Epoch 3913, loss 8.399260
Epoch 3914, loss 8.465124
Epoch 3915, loss 8.569344
Epoch 3916, loss 8.728525
Epoch 3917, loss 8.958262
Epoch 3918, loss 9.256017
Epoch 3919, loss 9.575791
Epoch 3920, loss 9.794678
Epoch 3921, loss 9.751942
Epoch 3922, loss 9.368154
Epoch 3923, loss 8.804211
Epoch 3924, loss 8.381222
Epoch 3925, loss 8.317480
Epoch 3926, loss 8.551916
Epoch 3927, loss 8.827024
Epoch 3928, loss 8.898608
Epoch 3929, loss 8.711129
Epoch 3930, loss 8.433601
Epoch 3931, loss 8.291156
Epoch 3932, loss 8.358298
Epoch 3933, loss 8.517383
Epoch 3934, loss 8.594636
Epoch 3935, loss 8.520147
Epoch 3936, loss 8.372795
Epoch 3937, loss 8.286441
Epoch 3938, loss 8.315677
Epoch 3939, loss 8.399922
Epoch 3940, loss 8.440632
Epoch 3941, loss 8.398013
Epoch 3942, loss 8.317744
Epoch 3943, loss 8.273329
Epoch 3944, loss 8.292589
Epoch 3945, loss 8.340164
Epoch 3946, loss 8.361831
Epoch 3947, loss 8.337507
Epoch 3948, loss 8.293103
Epoch 3949, loss 8.268372
Epoch 3950, loss 8.277858
Epoch 3951, loss 8.302702
Epoch 3952, loss 8.314284
Epoch 3953, loss 8.301687
Epoch 3954, loss 8.277963
Epoch 3955, loss 8.263699
Epoch 3956, loss 8.267200
Epoch 3957, loss 8.279613
Epoch 3958, loss 8.286169
Epoch 3959, loss 8.280307
Epoch 3960, loss 8.267715
Epoch 3961, loss 8.258962
Epoch 3962, loss 8.259362
Epoch 3963, loss 8.265457
Epoch 3964, loss 8.269671
Epoch 3965, loss 8.267487
Epoch 3966, loss 8.260633
Epoch 3967, loss 8.254409
Epoch 3968, loss 8.252631
Epoch 3969, loss 8.254792
Epoch 3970, loss 8.257348
Epoch 3971, loss 8.257183
Epoch 3972, loss 8.253940
Epoch 3973, loss 8.249773
Epoch 3974, loss 8.247132
Epoch 3975, loss 8.246750
Epoch 3976, loss 8.247510
Epoch 3977, loss 8.247670
Epoch 3978, loss 8.246346
Epoch 3979, loss 8.244025
Epoch 3980, loss 8.241950
Epoch 3981, loss 8.240979
Epoch 3982, loss 8.241080
Epoch 3983, loss 8.241540
Epoch 3984, loss 8.241577
Epoch 3985, loss 8.240972
Epoch 3986, loss 8.240124
Epoch 3987, loss 8.239778
Epoch 3988, loss 8.240489
Epoch 3989, loss 8.242414
Epoch 3990, loss 8.245545
Epoch 3991, loss 8.249981
Epoch 3992, loss 8.256298
Epoch 3993, loss 8.265646
Epoch 3994, loss 8.279760
Epoch 3995, loss 8.300944
Epoch 3996, loss 8.332228
Epoch 3997, loss 8.377676
Epoch 3998, loss 8.442567
Epoch 3999, loss 8.533416
Epoch 4000, loss 8.656495
Epoch 4001, loss 8.815055
Epoch 4002, loss 9.002371
Epoch 4003, loss 9.193948
Epoch 4004, loss 9.339597
Epoch 4005, loss 9.372301
Epoch 4006, loss 9.238787
Epoch 4007, loss 8.949185
Epoch 4008, loss 8.597316
Epoch 4009, loss 8.318883
Epoch 4010, loss 8.209153
Epoch 4011, loss 8.270910
Epoch 4012, loss 8.426613
Epoch 4013, loss 8.569511
Epoch 4014, loss 8.617201
Epoch 4015, loss 8.546808
Epoch 4016, loss 8.402596
Epoch 4017, loss 8.265045
Epoch 4018, loss 8.199538
Epoch 4019, loss 8.219945
Epoch 4020, loss 8.290349
Epoch 4021, loss 8.354960
Epoch 4022, loss 8.372335
Epoch 4023, loss 8.335507
Epoch 4024, loss 8.269114
Epoch 4025, loss 8.210908
Epoch 4026, loss 8.187144
Epoch 4027, loss 8.200084
Epoch 4028, loss 8.231518
Epoch 4029, loss 8.257057
Epoch 4030, loss 8.260846
Epoch 4031, loss 8.241969
Epoch 4032, loss 8.212402
Epoch 4033, loss 8.187240
Epoch 4034, loss 8.176583
Epoch 4035, loss 8.180910
Epoch 4036, loss 8.193026
Epoch 4037, loss 8.203857
Epoch 4038, loss 8.206331
Epoch 4039, loss 8.199489
Epoch 4040, loss 8.186328
Epoch 4041, loss 8.172189
Epoch 4042, loss 8.156822
Epoch 4043, loss 8.450038
Epoch 4044, loss 10.720558
Epoch 4045, loss 13.660367
Epoch 4046, loss 16.162077
Epoch 4047, loss 14.926573
Epoch 4048, loss 11.629774
Epoch 4049, loss 10.474079
Epoch 4050, loss 12.331865
Epoch 4051, loss 12.449127
Epoch 4052, loss 9.567888
Epoch 4053, loss 9.570765
Epoch 4054, loss 11.429611
Epoch 4055, loss 10.261244
Epoch 4056, loss 9.046349
Epoch 4057, loss 9.821376
Epoch 4058, loss 9.822760
Epoch 4059, loss 9.214812
Epoch 4060, loss 9.097139
Epoch 4061, loss 9.183409
Epoch 4062, loss 9.274483
Epoch 4063, loss 8.860002
Epoch 4064, loss 8.686332
Epoch 4065, loss 9.057158
Epoch 4066, loss 8.767700
Epoch 4067, loss 8.463992
Epoch 4068, loss 8.827105
Epoch 4069, loss 8.680522
Epoch 4070, loss 8.419398
Epoch 4071, loss 8.538111
Epoch 4072, loss 8.565852
Epoch 4073, loss 8.449421
Epoch 4074, loss 8.396538
Epoch 4075, loss 8.454368
Epoch 4076, loss 8.438514
Epoch 4077, loss 8.284755
Epoch 4078, loss 8.360096
Epoch 4079, loss 8.432018
Epoch 4080, loss 8.274832
Epoch 4081, loss 8.274969
Epoch 4082, loss 8.370332
Epoch 4083, loss 8.260545
Epoch 4084, loss 8.251234
Epoch 4085, loss 8.321660
Epoch 4086, loss 8.261086
Epoch 4087, loss 8.225175
Epoch 4088, loss 8.266139
Epoch 4089, loss 8.257124
Epoch 4090, loss 8.228387
Epoch 4091, loss 8.227488
Epoch 4092, loss 8.245375
Epoch 4093, loss 8.225801
Epoch 4094, loss 8.205150
Epoch 4095, loss 8.229719
Epoch 4096, loss 8.222815
Epoch 4097, loss 8.198166
Epoch 4098, loss 8.214719
Epoch 4099, loss 8.215362
Epoch 4100, loss 8.196035
Epoch 4101, loss 8.202283
Epoch 4102, loss 8.206373
Epoch 4103, loss 8.196467
Epoch 4104, loss 8.195694
Epoch 4105, loss 8.197820
Epoch 4106, loss 8.194482
Epoch 4107, loss 8.191292
Epoch 4108, loss 8.190004
Epoch 4109, loss 8.191851
Epoch 4110, loss 8.189460
Epoch 4111, loss 8.185905
Epoch 4112, loss 8.187552
Epoch 4113, loss 8.185735
Epoch 4114, loss 8.183015
Epoch 4115, loss 8.184207
Epoch 4116, loss 8.182999
Epoch 4117, loss 8.181407
Epoch 4118, loss 8.180730
Epoch 4119, loss 8.179626
Epoch 4120, loss 8.179142
Epoch 4121, loss 8.178541
Epoch 4122, loss 8.176985
Epoch 4123, loss 8.176854
Epoch 4124, loss 8.176356
Epoch 4125, loss 8.174715
Epoch 4126, loss 8.174340
Epoch 4127, loss 8.174076
Epoch 4128, loss 8.172821
Epoch 4129, loss 8.172170
Epoch 4130, loss 8.171705
Epoch 4131, loss 8.171015
Epoch 4132, loss 8.170175
Epoch 4133, loss 8.169415
Epoch 4134, loss 8.169004
Epoch 4135, loss 8.168299
Epoch 4136, loss 8.167323
Epoch 4137, loss 8.166938
Epoch 4138, loss 8.166457
Epoch 4139, loss 8.165486
Epoch 4140, loss 8.164869
Epoch 4141, loss 8.164440
Epoch 4142, loss 8.163646
Epoch 4143, loss 8.162938
Epoch 4144, loss 8.162453
Epoch 4145, loss 8.161825
Epoch 4146, loss 8.161107
Epoch 4147, loss 8.160473
Epoch 4148, loss 8.159902
Epoch 4149, loss 8.159282
Epoch 4150, loss 8.158584
Epoch 4151, loss 8.157987
Epoch 4152, loss 8.157431
Epoch 4153, loss 8.156748
Epoch 4154, loss 8.156106
Epoch 4155, loss 8.155543
Epoch 4156, loss 8.154909
Epoch 4157, loss 8.154256
Epoch 4158, loss 8.153657
Epoch 4159, loss 8.153046
Epoch 4160, loss 8.152408
Epoch 4161, loss 8.151786
Epoch 4162, loss 8.151169
Epoch 4163, loss 8.150554
Epoch 4164, loss 8.149928
Epoch 4165, loss 8.149296
Epoch 4166, loss 8.148682
Epoch 4167, loss 8.148063
Epoch 4168, loss 8.147432
Epoch 4169, loss 8.146814
Epoch 4170, loss 8.146196
Epoch 4171, loss 8.145570
Epoch 4172, loss 8.144946
Epoch 4173, loss 8.144323
Epoch 4174, loss 8.143699
Epoch 4175, loss 8.143078
Epoch 4176, loss 8.142455
Epoch 4177, loss 8.141831
Epoch 4178, loss 8.141212
Epoch 4179, loss 8.140591
Epoch 4180, loss 8.139967
Epoch 4181, loss 8.139348
Epoch 4182, loss 8.138728
Epoch 4183, loss 8.138107
Epoch 4184, loss 8.137486
Epoch 4185, loss 8.136866
Epoch 4186, loss 8.136245
Epoch 4187, loss 8.135623
Epoch 4188, loss 8.135000
Epoch 4189, loss 8.134382
Epoch 4190, loss 8.133765
Epoch 4191, loss 8.133147
Epoch 4192, loss 8.132529
Epoch 4193, loss 8.131913
Epoch 4194, loss 8.131294
Epoch 4195, loss 8.130674
Epoch 4196, loss 8.130057
Epoch 4197, loss 8.129440
Epoch 4198, loss 8.128824
Epoch 4199, loss 8.128207
Epoch 4200, loss 8.127590
Epoch 4201, loss 8.126975
Epoch 4202, loss 8.126360
Epoch 4203, loss 8.125745
Epoch 4204, loss 8.125130
Epoch 4205, loss 8.124518
Epoch 4206, loss 8.123905
Epoch 4207, loss 8.123291
Epoch 4208, loss 8.122678
Epoch 4209, loss 8.122065
Epoch 4210, loss 8.121451
Epoch 4211, loss 8.120838
Epoch 4212, loss 8.120225
Epoch 4213, loss 8.119613
Epoch 4214, loss 8.119000
Epoch 4215, loss 8.118388
Epoch 4216, loss 8.117776
Epoch 4217, loss 8.117164
Epoch 4218, loss 8.116552
Epoch 4219, loss 8.115941
Epoch 4220, loss 8.115329
Epoch 4221, loss 8.114718
Epoch 4222, loss 8.114106
Epoch 4223, loss 8.113494
Epoch 4224, loss 8.112882
Epoch 4225, loss 8.112271
Epoch 4226, loss 8.111659
Epoch 4227, loss 8.111047
Epoch 4228, loss 8.110436
Epoch 4229, loss 8.109824
Epoch 4230, loss 8.109213
Epoch 4231, loss 8.108602
Epoch 4232, loss 8.107991
Epoch 4233, loss 8.107380
Epoch 4234, loss 8.106769
Epoch 4235, loss 8.106157
Epoch 4236, loss 8.105546
Epoch 4237, loss 8.104935
Epoch 4238, loss 8.104324
Epoch 4239, loss 8.103714
Epoch 4240, loss 8.103103
Epoch 4241, loss 8.102493
Epoch 4242, loss 8.101883
Epoch 4243, loss 8.101274
Epoch 4244, loss 8.100665
Epoch 4245, loss 8.100058
Epoch 4246, loss 8.099453
Epoch 4247, loss 8.098851
Epoch 4248, loss 8.098254
Epoch 4249, loss 8.097665
Epoch 4250, loss 8.097087
Epoch 4251, loss 8.096528
Epoch 4252, loss 8.096000
Epoch 4253, loss 8.095520
Epoch 4254, loss 8.095121
Epoch 4255, loss 8.094851
Epoch 4256, loss 8.094794
Epoch 4257, loss 8.095090
Epoch 4258, loss 8.095976
Epoch 4259, loss 8.097850
Epoch 4260, loss 8.101394
Epoch 4261, loss 8.107773
Epoch 4262, loss 8.118990
Epoch 4263, loss 8.138480
Epoch 4264, loss 8.172147
Epoch 4265, loss 8.229976
Epoch 4266, loss 8.328644
Epoch 4267, loss 8.494544
Epoch 4268, loss 8.766525
Epoch 4269, loss 9.190333
Epoch 4270, loss 9.794941
Epoch 4271, loss 10.520523
Epoch 4272, loss 11.133387
Epoch 4273, loss 11.213325
Epoch 4274, loss 10.494571
Epoch 4275, loss 9.264493
Epoch 4276, loss 8.315037
Epoch 4277, loss 8.193968
Epoch 4278, loss 8.739390
Epoch 4279, loss 9.308279
Epoch 4280, loss 9.344227
Epoch 4281, loss 8.834553
Epoch 4282, loss 8.271855
Epoch 4283, loss 8.141225
Epoch 4284, loss 8.435653
Epoch 4285, loss 8.740697
Epoch 4286, loss 8.706024
Epoch 4287, loss 8.382033
Epoch 4288, loss 8.118832
Epoch 4289, loss 8.148647
Epoch 4290, loss 8.358111
Epoch 4291, loss 8.467009
Epoch 4292, loss 8.351576
Epoch 4293, loss 8.152875
Epoch 4294, loss 8.079155
Epoch 4295, loss 8.169059
Epoch 4296, loss 8.279805
Epoch 4297, loss 8.273146
Epoch 4298, loss 8.164066
Epoch 4299, loss 8.077314
Epoch 4300, loss 8.092309
Epoch 4301, loss 8.164202
Epoch 4302, loss 8.195337
Epoch 4303, loss 8.150978
Epoch 4304, loss 8.085410
Epoch 4305, loss 8.066822
Epoch 4306, loss 8.100357
Epoch 4307, loss 8.134698
Epoch 4308, loss 8.128095
Epoch 4309, loss 8.090838
Epoch 4310, loss 8.064107
Epoch 4311, loss 8.070021
Epoch 4312, loss 8.092301
Epoch 4313, loss 8.101312
Epoch 4314, loss 8.087550
Epoch 4315, loss 8.067140
Epoch 4316, loss 8.059782
Epoch 4317, loss 8.068009
Epoch 4318, loss 8.078313
Epoch 4319, loss 8.078086
Epoch 4320, loss 8.067937
Epoch 4321, loss 8.058206
Epoch 4322, loss 8.056745
Epoch 4323, loss 8.061807
Epoch 4324, loss 8.065810
Epoch 4325, loss 8.063901
Epoch 4326, loss 8.057973
Epoch 4327, loss 8.053363
Epoch 4328, loss 8.053048
Epoch 4329, loss 8.055416
Epoch 4330, loss 8.056791
Epoch 4331, loss 8.055249
Epoch 4332, loss 8.051946
Epoch 4333, loss 8.049374
Epoch 4334, loss 8.048854
Epoch 4335, loss 8.049658
Epoch 4336, loss 8.050106
Epoch 4337, loss 8.049203
Epoch 4338, loss 8.047322
Epoch 4339, loss 8.045598
Epoch 4340, loss 8.044822
Epoch 4341, loss 8.044857
Epoch 4342, loss 8.044929
Epoch 4343, loss 8.044384
Epoch 4344, loss 8.043203
Epoch 4345, loss 8.041904
Epoch 4346, loss 8.041014
Epoch 4347, loss 8.040639
Epoch 4348, loss 8.040454
Epoch 4349, loss 8.040047
Epoch 4350, loss 8.039257
Epoch 4351, loss 8.038266
Epoch 4352, loss 8.037383
Epoch 4353, loss 8.036785
Epoch 4354, loss 8.036399
Epoch 4355, loss 8.036000
Epoch 4356, loss 8.035417
Epoch 4357, loss 8.034649
Epoch 4358, loss 8.033841
Epoch 4359, loss 8.033146
Epoch 4360, loss 8.032605
Epoch 4361, loss 8.032139
Epoch 4362, loss 8.031625
Epoch 4363, loss 8.031000
Epoch 4364, loss 8.030296
Epoch 4365, loss 8.029598
Epoch 4366, loss 8.028970
Epoch 4367, loss 8.028416
Epoch 4368, loss 8.027886
Epoch 4369, loss 8.027324
Epoch 4370, loss 8.026708
Epoch 4371, loss 8.026058
Epoch 4372, loss 8.025414
Epoch 4373, loss 8.024804
Epoch 4374, loss 8.024228
Epoch 4375, loss 8.023666
Epoch 4376, loss 8.023092
Epoch 4377, loss 8.022496
Epoch 4378, loss 8.021886
Epoch 4379, loss 8.021277
Epoch 4380, loss 8.020685
Epoch 4381, loss 8.020116
Epoch 4382, loss 8.019566
Epoch 4383, loss 8.019028
Epoch 4384, loss 8.018502
Epoch 4385, loss 8.017997
Epoch 4386, loss 8.017530
Epoch 4387, loss 8.017129
Epoch 4388, loss 8.016828
Epoch 4389, loss 8.016674
Epoch 4390, loss 8.016736
Epoch 4391, loss 8.017122
Epoch 4392, loss 8.017998
Epoch 4393, loss 8.019633
Epoch 4394, loss 8.022444
Epoch 4395, loss 8.027086
Epoch 4396, loss 8.034591
Epoch 4397, loss 8.046579
Epoch 4398, loss 8.065591
Epoch 4399, loss 8.095561
Epoch 4400, loss 8.142493
Epoch 4401, loss 8.215137
Epoch 4402, loss 8.325508
Epoch 4403, loss 8.487622
Epoch 4404, loss 8.713027
Epoch 4405, loss 8.997560
Epoch 4406, loss 9.301407
Epoch 4407, loss 9.528330
Epoch 4408, loss 9.546316
Epoch 4409, loss 9.270831
Epoch 4410, loss 8.774490
Epoch 4411, loss 8.284432
Epoch 4412, loss 8.029040
Epoch 4413, loss 8.077701
Epoch 4414, loss 8.315743
Epoch 4415, loss 8.540918
Epoch 4416, loss 8.592852
Epoch 4417, loss 8.444664
Epoch 4418, loss 8.207860
Epoch 4419, loss 8.039095
Epoch 4420, loss 8.022716
Epoch 4421, loss 8.124749
Epoch 4422, loss 8.239007
Epoch 4423, loss 8.271978
Epoch 4424, loss 8.204194
Epoch 4425, loss 8.091743
Epoch 4426, loss 8.013552
Epoch 4427, loss 8.009764
Epoch 4428, loss 8.060762
Epoch 4429, loss 8.113417
Epoch 4430, loss 8.124406
Epoch 4431, loss 8.088077
Epoch 4432, loss 8.033458
Epoch 4433, loss 7.997624
Epoch 4434, loss 7.997997
Epoch 4435, loss 8.023735
Epoch 4436, loss 8.048822
Epoch 4437, loss 8.052965
Epoch 4438, loss 8.034272
Epoch 4439, loss 8.006956
Epoch 4440, loss 7.988665
Epoch 4441, loss 7.987959
Epoch 4442, loss 8.000198
Epoch 4443, loss 8.013038
Epoch 4444, loss 8.016107
Epoch 4445, loss 8.007569
Epoch 4446, loss 7.993702
Epoch 4447, loss 7.983164
Epoch 4448, loss 7.980892
Epoch 4449, loss 7.985675
Epoch 4450, loss 7.992132
Epoch 4451, loss 7.994904
Epoch 4452, loss 7.992024
Epoch 4453, loss 7.985484
Epoch 4454, loss 7.979198
Epoch 4455, loss 7.976173
Epoch 4456, loss 7.976866
Epoch 4457, loss 7.979463
Epoch 4458, loss 7.981448
Epoch 4459, loss 7.981200
Epoch 4460, loss 7.978729
Epoch 4461, loss 7.975328
Epoch 4462, loss 7.972572
Epoch 4463, loss 7.971366
Epoch 4464, loss 7.971583
Epoch 4465, loss 7.972369
Epoch 4466, loss 7.972766
Epoch 4467, loss 7.972231
Epoch 4468, loss 7.970825
Epoch 4469, loss 7.969045
Epoch 4470, loss 7.967482
Epoch 4471, loss 7.966503
Epoch 4472, loss 7.966113
Epoch 4473, loss 7.966038
Epoch 4474, loss 7.965920
Epoch 4475, loss 7.965506
Epoch 4476, loss 7.964736
Epoch 4477, loss 7.963723
Epoch 4478, loss 7.962666
Epoch 4479, loss 7.961743
Epoch 4480, loss 7.961039
Epoch 4481, loss 7.960529
Epoch 4482, loss 7.960116
Epoch 4483, loss 7.959688
Epoch 4484, loss 7.959164
Epoch 4485, loss 7.958517
Epoch 4486, loss 7.957775
Epoch 4487, loss 7.956995
Epoch 4488, loss 7.956239
Epoch 4489, loss 7.955550
Epoch 4490, loss 7.954936
Epoch 4491, loss 7.954380
Epoch 4492, loss 7.953848
Epoch 4493, loss 7.953305
Epoch 4494, loss 7.952726
Epoch 4495, loss 7.952104
Epoch 4496, loss 7.951448
Epoch 4497, loss 7.950776
Epoch 4498, loss 7.950107
Epoch 4499, loss 7.949457
Epoch 4500, loss 7.948832
Epoch 4501, loss 7.948228
Epoch 4502, loss 7.947640
Epoch 4503, loss 7.947055
Epoch 4504, loss 7.946466
Epoch 4505, loss 7.945865
Epoch 4506, loss 7.945252
Epoch 4507, loss 7.944629
Epoch 4508, loss 7.943999
Epoch 4509, loss 7.943369
Epoch 4510, loss 7.942741
Epoch 4511, loss 7.942118
Epoch 4512, loss 7.941502
Epoch 4513, loss 7.940892
Epoch 4514, loss 7.940287
Epoch 4515, loss 7.939683
Epoch 4516, loss 7.939082
Epoch 4517, loss 7.938481
Epoch 4518, loss 7.937881
Epoch 4519, loss 7.937283
Epoch 4520, loss 7.936689
Epoch 4521, loss 7.936103
Epoch 4522, loss 7.935529
Epoch 4523, loss 7.934974
Epoch 4524, loss 7.934449
Epoch 4525, loss 7.933967
Epoch 4526, loss 7.933551
Epoch 4527, loss 7.933237
Epoch 4528, loss 7.933076
Epoch 4529, loss 7.933152
Epoch 4530, loss 7.933593
Epoch 4531, loss 7.934607
Epoch 4532, loss 7.936520
Epoch 4533, loss 7.939858
Epoch 4534, loss 7.945463
Epoch 4535, loss 7.954701
Epoch 4536, loss 7.969768
Epoch 4537, loss 7.994242
Epoch 4538, loss 8.033837
Epoch 4539, loss 8.097775
Epoch 4540, loss 8.200141
Epoch 4541, loss 8.362430
Epoch 4542, loss 8.612828
Epoch 4543, loss 8.985112
Epoch 4544, loss 9.495897
Epoch 4545, loss 10.116118
Epoch 4546, loss 10.690923
Epoch 4547, loss 10.953990
Epoch 4548, loss 10.611172
Epoch 4549, loss 9.703458
Epoch 4550, loss 8.682491
Epoch 4551, loss 8.135167
Epoch 4552, loss 8.255687
Epoch 4553, loss 8.739152
Epoch 4554, loss 9.076686
Epoch 4555, loss 8.955298
Epoch 4556, loss 8.490311
Epoch 4557, loss 8.084586
Epoch 4558, loss 8.034502
Epoch 4559, loss 8.272132
Epoch 4560, loss 8.491194
Epoch 4561, loss 8.462068
Epoch 4562, loss 8.229407
Epoch 4563, loss 8.024924
Epoch 4564, loss 8.011809
Epoch 4565, loss 8.138754
Epoch 4566, loss 8.228334
Epoch 4567, loss 8.171629
Epoch 4568, loss 8.024841
Epoch 4569, loss 7.929046
Epoch 4570, loss 7.956796
Epoch 4571, loss 8.051202
Epoch 4572, loss 8.101720
Epoch 4573, loss 8.058021
Epoch 4574, loss 7.967952
Epoch 4575, loss 7.915280
Epoch 4576, loss 7.933727
Epoch 4577, loss 7.984649
Epoch 4578, loss 8.007147
Epoch 4579, loss 7.979097
Epoch 4580, loss 7.929957
Epoch 4581, loss 7.903460
Epoch 4582, loss 7.914234
Epoch 4583, loss 7.940529
Epoch 4584, loss 7.951812
Epoch 4585, loss 7.938337
Epoch 4586, loss 7.915426
Epoch 4587, loss 7.903894
Epoch 4588, loss 7.909758
Epoch 4589, loss 7.921732
Epoch 4590, loss 7.925132
Epoch 4591, loss 7.915960
Epoch 4592, loss 7.902523
Epoch 4593, loss 7.895630
Epoch 4594, loss 7.898447
Epoch 4595, loss 7.905111
Epoch 4596, loss 7.907533
Epoch 4597, loss 7.902811
Epoch 4598, loss 7.894741
Epoch 4599, loss 7.889349
Epoch 4600, loss 7.911575
Epoch 4601, loss 7.894273
Epoch 4602, loss 7.897420
Epoch 4603, loss 7.896972
Epoch 4604, loss 7.892510
Epoch 4605, loss 7.888002
Epoch 4606, loss 7.886187
Epoch 4607, loss 7.887160
Epoch 4608, loss 7.889016
Epoch 4609, loss 7.889360
Epoch 4610, loss 7.887757
Epoch 4611, loss 7.885157
Epoch 4612, loss 7.883390
Epoch 4613, loss 7.883049
Epoch 4614, loss 7.883837
Epoch 4615, loss 7.884593
Epoch 4616, loss 7.884566
Epoch 4617, loss 7.883754
Epoch 4618, loss 7.883073
Epoch 4619, loss 7.883168
Epoch 4620, loss 7.884397
Epoch 4621, loss 7.886465
Epoch 4622, loss 7.889143
Epoch 4623, loss 7.892411
Epoch 4624, loss 7.896799
Epoch 4625, loss 7.903239
Epoch 4626, loss 7.912816
Epoch 4627, loss 7.926807
Epoch 4628, loss 7.946620
Epoch 4629, loss 7.974399
Epoch 4630, loss 8.012933
Epoch 4631, loss 8.066434
Epoch 4632, loss 8.139586
Epoch 4633, loss 8.238146
Epoch 4634, loss 8.365281
Epoch 4635, loss 8.521727
Epoch 4636, loss 8.695727
Epoch 4637, loss 8.865086
Epoch 4638, loss 8.983133
Epoch 4639, loss 9.002695
Epoch 4640, loss 8.880569
Epoch 4641, loss 8.631559
Epoch 4642, loss 8.319716
Epoch 4643, loss 8.049511
Epoch 4644, loss 7.900320
Epoch 4645, loss 7.893395
Epoch 4646, loss 7.988826
Epoch 4647, loss 8.114685
Epoch 4648, loss 8.202181
Epoch 4649, loss 8.210846
Epoch 4650, loss 8.143371
Epoch 4651, loss 8.035770
Epoch 4652, loss 7.938820
Epoch 4653, loss 7.888261
Epoch 4654, loss 7.891562
Epoch 4655, loss 7.929670
Epoch 4656, loss 7.971951
Epoch 4657, loss 7.992660
Epoch 4658, loss 7.981610
Epoch 4659, loss 7.946191
Epoch 4660, loss 7.903951
Epoch 4661, loss 7.872918
Epoch 4662, loss 7.862471
Epoch 4663, loss 7.871027
Epoch 4664, loss 7.888949
Epoch 4665, loss 7.904593
Epoch 4666, loss 7.909693
Epoch 4667, loss 7.902147
Epoch 4668, loss 7.885747
Epoch 4669, loss 7.867272
Epoch 4670, loss 7.853181
Epoch 4671, loss 7.846938
Epoch 4672, loss 7.848339
Epoch 4673, loss 7.854378
Epoch 4674, loss 7.861030
Epoch 4675, loss 7.864990
Epoch 4676, loss 7.864706
Epoch 4677, loss 7.860546
Epoch 4678, loss 7.854183
Epoch 4679, loss 7.847743
Epoch 4680, loss 7.842909
Epoch 4681, loss 7.840458
Epoch 4682, loss 7.840205
Epoch 4683, loss 7.841295
Epoch 4684, loss 7.842641
Epoch 4685, loss 7.843327
Epoch 4686, loss 7.842873
Epoch 4687, loss 7.841265
Epoch 4688, loss 7.838866
Epoch 4689, loss 7.836210
Epoch 4690, loss 7.833813
Epoch 4691, loss 7.832010
Epoch 4692, loss 7.830916
Epoch 4693, loss 7.830436
Epoch 4694, loss 7.830349
Epoch 4695, loss 7.830392
Epoch 4696, loss 7.830343
Epoch 4697, loss 7.830059
Epoch 4698, loss 7.829486
Epoch 4699, loss 7.828657
Epoch 4700, loss 7.827655
Epoch 4701, loss 7.826585
Epoch 4702, loss 7.825542
Epoch 4703, loss 7.824601
Epoch 4704, loss 7.823803
Epoch 4705, loss 7.823161
Epoch 4706, loss 7.822670
Epoch 4707, loss 7.822320
Epoch 4708, loss 7.822103
Epoch 4709, loss 7.822021
Epoch 4710, loss 7.822093
Epoch 4711, loss 7.822363
Epoch 4712, loss 7.822907
Epoch 4713, loss 7.823840
Epoch 4714, loss 7.825325
Epoch 4715, loss 7.827610
Epoch 4716, loss 7.831040
Epoch 4717, loss 7.836132
Epoch 4718, loss 7.843600
Epoch 4719, loss 7.854535
Epoch 4720, loss 7.870424
Epoch 4721, loss 7.893559
Epoch 4722, loss 7.926931
Epoch 4723, loss 7.975128
Epoch 4724, loss 8.043529
Epoch 4725, loss 8.140011
Epoch 4726, loss 8.271151
Epoch 4727, loss 8.444945
Epoch 4728, loss 8.657148
Epoch 4729, loss 8.897287
Epoch 4730, loss 9.118120
Epoch 4731, loss 9.268071
Epoch 4732, loss 9.266016
Epoch 4733, loss 9.098550
Epoch 4734, loss 8.795319
Epoch 4735, loss 8.478277
Epoch 4736, loss 8.253165
Epoch 4737, loss 8.174414
Epoch 4738, loss 8.206835
Epoch 4739, loss 8.266260
Epoch 4740, loss 8.270622
Epoch 4741, loss 8.185363
Epoch 4742, loss 8.043205
Epoch 4743, loss 7.914244
Epoch 4744, loss 7.861256
Epoch 4745, loss 7.896955
Epoch 4746, loss 7.983793
Epoch 4747, loss 8.060811
Epoch 4748, loss 8.080989
Epoch 4749, loss 8.034823
Epoch 4750, loss 7.950470
Epoch 4751, loss 7.872672
Epoch 4752, loss 7.833638
Epoch 4753, loss 7.837146
Epoch 4754, loss 7.862467
Epoch 4755, loss 7.882078
Epoch 4756, loss 7.879172
Epoch 4757, loss 7.855397
Epoch 4758, loss 7.826300
Epoch 4759, loss 7.808827
Epoch 4760, loss 7.810561
Epoch 4761, loss 7.826664
Epoch 4762, loss 7.844597
Epoch 4763, loss 7.852533
Epoch 4764, loss 7.845569
Epoch 4765, loss 7.827435
Epoch 4766, loss 7.806850
Epoch 4767, loss 7.792149
Epoch 4768, loss 7.786948
Epoch 4769, loss 7.789381
Epoch 4770, loss 7.794363
Epoch 4771, loss 7.796967
Epoch 4772, loss 7.794954
Epoch 4773, loss 7.789294
Epoch 4774, loss 7.782915
Epoch 4775, loss 7.778706
Epoch 4776, loss 7.778033
Epoch 4777, loss 7.780306
Epoch 4778, loss 7.783619
Epoch 4779, loss 7.785953
Epoch 4780, loss 7.786123
Epoch 4781, loss 7.784180
Epoch 4782, loss 7.781099
Epoch 4783, loss 7.778164
Epoch 4784, loss 7.776330
Epoch 4785, loss 7.775890
Epoch 4786, loss 7.776501
Epoch 4787, loss 7.777482
Epoch 4788, loss 7.778212
Epoch 4789, loss 7.778343
Epoch 4790, loss 7.777951
Epoch 4791, loss 7.777412
Epoch 4792, loss 7.777242
Epoch 4793, loss 7.777867
Epoch 4794, loss 7.779581
Epoch 4795, loss 7.782494
Epoch 4796, loss 7.786672
Epoch 4797, loss 7.792194
Epoch 4798, loss 7.799364
Epoch 4799, loss 7.808695
Epoch 4800, loss 7.821110
Epoch 4801, loss 7.837779
Epoch 4802, loss 7.860454
Epoch 4803, loss 7.891101
Epoch 4804, loss 7.932646
Epoch 4805, loss 7.988062
Epoch 4806, loss 8.061862
Epoch 4807, loss 8.157549
Epoch 4808, loss 8.280348
Epoch 4809, loss 8.430395
Epoch 4810, loss 8.607764
Epoch 4811, loss 8.797060
Epoch 4812, loss 8.979818
Epoch 4813, loss 9.110625
Epoch 4814, loss 9.152970
Epoch 4815, loss 9.059738
Epoch 4816, loss 8.837298
Epoch 4817, loss 8.519257
Epoch 4818, loss 8.194579
Epoch 4819, loss 7.944590
Epoch 4820, loss 7.826409
Epoch 4821, loss 7.838936
Epoch 4822, loss 7.943862
Epoch 4823, loss 8.073375
Epoch 4824, loss 8.170835
Epoch 4825, loss 8.192446
Epoch 4826, loss 8.136530
Epoch 4827, loss 8.023937
Epoch 4828, loss 7.902701
Epoch 4829, loss 7.811448
Epoch 4830, loss 7.773331
Epoch 4831, loss 7.783682
Epoch 4832, loss 7.821098
Epoch 4833, loss 7.859196
Epoch 4834, loss 7.878440
Epoch 4835, loss 7.871760
Epoch 4836, loss 7.843434
Epoch 4837, loss 7.805856
Epoch 4838, loss 7.772586
Epoch 4839, loss 7.754114
Epoch 4840, loss 7.753075
Epoch 4841, loss 7.766250
Epoch 4842, loss 7.786054
Epoch 4843, loss 7.808363
Epoch 4844, loss 7.829147
Epoch 4845, loss 7.852819
Epoch 4846, loss 7.878019
Epoch 4847, loss 7.913959
Epoch 4848, loss 7.951296
Epoch 4849, loss 7.998286
Epoch 4850, loss 8.031768
Epoch 4851, loss 8.056175
Epoch 4852, loss 8.049280
Epoch 4853, loss 8.025245
Epoch 4854, loss 7.974011
Epoch 4855, loss 7.921026
Epoch 4856, loss 7.861225
Epoch 4857, loss 7.813345
Epoch 4858, loss 7.776503
Epoch 4859, loss 7.757379
Epoch 4860, loss 7.745470
Epoch 4861, loss 7.740626
Epoch 4862, loss 7.737940
Epoch 4863, loss 7.739121
Epoch 4864, loss 7.741776
Epoch 4865, loss 7.749983
Epoch 4866, loss 7.760404
Epoch 4867, loss 7.780517
Epoch 4868, loss 7.799911
Epoch 4869, loss 7.823931
Epoch 4870, loss 7.841821
Epoch 4871, loss 7.867889
Epoch 4872, loss 7.882394
Epoch 4873, loss 7.894335
Epoch 4874, loss 7.896946
Epoch 4875, loss 7.911810
Epoch 4876, loss 7.914952
Epoch 4877, loss 7.914021
Epoch 4878, loss 7.908928
Epoch 4879, loss 7.925987
Epoch 4880, loss 7.930049
Epoch 4881, loss 7.917003
Epoch 4882, loss 7.894778
Epoch 4883, loss 7.882263
Epoch 4884, loss 7.870161
Epoch 4885, loss 7.880705
Epoch 4886, loss 7.882800
Epoch 4887, loss 7.875578
Epoch 4888, loss 7.856495
Epoch 4889, loss 7.846620
Epoch 4890, loss 7.836644
Epoch 4891, loss 7.858699
Epoch 4892, loss 7.871143
Epoch 4893, loss 7.862042
Epoch 4894, loss 7.837184
Epoch 4895, loss 7.812030
Epoch 4896, loss 7.841137
Epoch 4897, loss 8.171260
Epoch 4898, loss 8.607758
Epoch 4899, loss 8.982420
Epoch 4900, loss 9.033629
Epoch 4901, loss 8.796400
Epoch 4902, loss 8.436281
Epoch 4903, loss 8.164804
Epoch 4904, loss 8.114484
Epoch 4905, loss 8.175837
Epoch 4906, loss 8.242326
Epoch 4907, loss 8.208449
Epoch 4908, loss 8.065305
Epoch 4909, loss 7.941469
Epoch 4910, loss 7.937763
Epoch 4911, loss 8.009437
Epoch 4912, loss 8.088437
Epoch 4913, loss 8.072736
Epoch 4914, loss 7.961881
Epoch 4915, loss 7.857637
Epoch 4916, loss 7.827664
Epoch 4917, loss 7.866298
Epoch 4918, loss 7.898260
Epoch 4919, loss 7.872625
Epoch 4920, loss 7.798887
Epoch 4921, loss 7.726952
Epoch 4922, loss 7.712921
Epoch 4923, loss 7.739255
Epoch 4924, loss 8.113002
Epoch 4925, loss 9.623202
Epoch 4926, loss 14.031647
Epoch 4927, loss 17.141117
Epoch 4928, loss 14.485067
Epoch 4929, loss 10.604128
Epoch 4930, loss 11.547099
Epoch 4931, loss 12.529082
Epoch 4932, loss 9.957237
Epoch 4933, loss 9.586075
Epoch 4934, loss 11.564333
Epoch 4935, loss 10.243050
Epoch 4936, loss 8.528339
Epoch 4937, loss 10.109276
Epoch 4938, loss 10.051556
Epoch 4939, loss 8.374181
Epoch 4940, loss 9.158999
Epoch 4941, loss 9.568069
Epoch 4942, loss 8.456249
Epoch 4943, loss 8.732800
Epoch 4944, loss 8.995087
Epoch 4945, loss 8.265532
Epoch 4946, loss 8.619655
Epoch 4947, loss 8.850563
Epoch 4948, loss 8.088551
Epoch 4949, loss 8.260110
Epoch 4950, loss 8.625913
Epoch 4951, loss 8.213529
Epoch 4952, loss 8.192410
Epoch 4953, loss 8.322574
Epoch 4954, loss 8.075535
Epoch 4955, loss 8.188320
Epoch 4956, loss 8.285876
Epoch 4957, loss 8.010100
Epoch 4958, loss 8.064206
Epoch 4959, loss 8.176550
Epoch 4960, loss 8.028092
Epoch 4961, loss 8.053028
Epoch 4962, loss 8.084423
Epoch 4963, loss 7.973941
Epoch 4964, loss 8.026846
Epoch 4965, loss 8.058390
Epoch 4966, loss 7.960859
Epoch 4967, loss 7.987481
Epoch 4968, loss 8.015662
Epoch 4969, loss 7.957162
Epoch 4970, loss 7.971710
Epoch 4971, loss 7.980565
Epoch 4972, loss 7.945311
Epoch 4973, loss 7.963943
Epoch 4974, loss 7.963161
Epoch 4975, loss 7.928884
Epoch 4976, loss 7.947005
Epoch 4977, loss 7.954629
Epoch 4978, loss 7.928611
Epoch 4979, loss 7.932819
Epoch 4980, loss 7.935737
Epoch 4981, loss 7.923194
Epoch 4982, loss 7.930634
Epoch 4983, loss 7.929558
Epoch 4984, loss 7.914378
Epoch 4985, loss 7.919382
Epoch 4986, loss 7.922775
Epoch 4987, loss 7.913815
Epoch 4988, loss 7.914891
Epoch 4989, loss 7.914523
Epoch 4990, loss 7.907354
Epoch 4991, loss 7.910217
Epoch 4992, loss 7.911398
Epoch 4993, loss 7.904248
Epoch 4994, loss 7.904346
Epoch 4995, loss 7.905700
Epoch 4996, loss 7.901417
Epoch 4997, loss 7.901064
Epoch 4998, loss 7.901290
Epoch 4999, loss 7.897656
Epoch 5000, loss 7.897389
Epoch 5001, loss 7.897773
Epoch 5002, loss 7.894435
Epoch 5003, loss 7.893508
Epoch 5004, loss 7.894033
Epoch 5005, loss 7.891782
Epoch 5006, loss 7.890482
Epoch 5007, loss 7.890299
Epoch 5008, loss 7.888463
Epoch 5009, loss 7.887324
Epoch 5010, loss 7.887280
Epoch 5011, loss 7.885735
Epoch 5012, loss 7.884213
Epoch 5013, loss 7.883805
Epoch 5014, loss 7.882693
Epoch 5015, loss 7.881466
Epoch 5016, loss 7.880915
Epoch 5017, loss 7.879791
Epoch 5018, loss 7.878429
Epoch 5019, loss 7.877799
Epoch 5020, loss 7.876967
Epoch 5021, loss 7.875717
Epoch 5022, loss 7.874870
Epoch 5023, loss 7.874015
Epoch 5024, loss 7.872878
Epoch 5025, loss 7.872012
Epoch 5026, loss 7.871181
Epoch 5027, loss 7.870085
Epoch 5028, loss 7.869152
Epoch 5029, loss 7.868346
Epoch 5030, loss 7.867331
Epoch 5031, loss 7.866355
Epoch 5032, loss 7.865508
Epoch 5033, loss 7.864542
Epoch 5034, loss 7.863581
Epoch 5035, loss 7.862729
Epoch 5036, loss 7.861798
Epoch 5037, loss 7.860820
Epoch 5038, loss 7.859930
Epoch 5039, loss 7.859029
Epoch 5040, loss 7.858087
Epoch 5041, loss 7.857192
Epoch 5042, loss 7.856291
Epoch 5043, loss 7.855347
Epoch 5044, loss 7.854438
Epoch 5045, loss 7.853553
Epoch 5046, loss 7.852635
Epoch 5047, loss 7.851720
Epoch 5048, loss 7.850827
Epoch 5049, loss 7.849917
Epoch 5050, loss 7.849004
Epoch 5051, loss 7.848109
Epoch 5052, loss 7.847206
Epoch 5053, loss 7.846293
Epoch 5054, loss 7.845394
Epoch 5055, loss 7.844497
Epoch 5056, loss 7.843592
Epoch 5057, loss 7.842693
Epoch 5058, loss 7.841798
Epoch 5059, loss 7.840895
Epoch 5060, loss 7.839996
Epoch 5061, loss 7.839102
Epoch 5062, loss 7.838204
Epoch 5063, loss 7.837304
Epoch 5064, loss 7.836407
Epoch 5065, loss 7.835508
Epoch 5066, loss 7.834606
Epoch 5067, loss 7.833707
Epoch 5068, loss 7.832809
Epoch 5069, loss 7.831908
Epoch 5070, loss 7.831010
Epoch 5071, loss 7.830111
Epoch 5072, loss 7.829210
Epoch 5073, loss 7.828308
Epoch 5074, loss 7.827406
Epoch 5075, loss 7.826503
Epoch 5076, loss 7.825599
Epoch 5077, loss 7.824696
Epoch 5078, loss 7.823792
Epoch 5079, loss 7.822884
Epoch 5080, loss 7.821976
Epoch 5081, loss 7.821065
Epoch 5082, loss 7.820151
Epoch 5083, loss 7.819235
Epoch 5084, loss 7.818317
Epoch 5085, loss 7.817397
Epoch 5086, loss 7.816474
Epoch 5087, loss 7.815548
Epoch 5088, loss 7.814619
Epoch 5089, loss 7.813688
Epoch 5090, loss 7.812755
Epoch 5091, loss 7.811818
Epoch 5092, loss 7.810878
Epoch 5093, loss 7.809938
Epoch 5094, loss 7.809005
Epoch 5095, loss 7.808085
Epoch 5096, loss 7.807189
Epoch 5097, loss 7.806325
Epoch 5098, loss 7.805518
Epoch 5099, loss 7.804812
Epoch 5100, loss 7.804290
Epoch 5101, loss 7.804075
Epoch 5102, loss 7.804401
Epoch 5103, loss 7.805663
Epoch 5104, loss 7.808528
Epoch 5105, loss 7.814177
Epoch 5106, loss 7.824637
Epoch 5107, loss 7.843541
Epoch 5108, loss 7.877063
Epoch 5109, loss 7.936312
Epoch 5110, loss 8.039799
Epoch 5111, loss 8.219665
Epoch 5112, loss 8.523128
Epoch 5113, loss 9.023683
Epoch 5114, loss 9.778153
Epoch 5115, loss 10.807689
Epoch 5116, loss 11.855091
Epoch 5117, loss 12.460636
Epoch 5118, loss 11.917070
Epoch 5119, loss 10.377064
Epoch 5120, loss 8.754718
Epoch 5121, loss 8.145055
Epoch 5122, loss 8.608528
Epoch 5123, loss 9.315791
Epoch 5124, loss 9.457226
Epoch 5125, loss 8.918082
Epoch 5126, loss 8.335007
Epoch 5127, loss 8.239491
Epoch 5128, loss 8.539392
Epoch 5129, loss 8.712609
Epoch 5130, loss 8.474955
Epoch 5131, loss 8.083961
Epoch 5132, loss 7.954375
Epoch 5133, loss 8.150072
Epoch 5134, loss 8.354646
Epoch 5135, loss 8.293059
Epoch 5136, loss 8.036647
Epoch 5137, loss 7.861282
Epoch 5138, loss 7.902343
Epoch 5139, loss 8.037634
Epoch 5140, loss 8.081001
Epoch 5141, loss 7.993113
Epoch 5142, loss 7.881914
Epoch 5143, loss 7.849656
Epoch 5144, loss 7.886947
Epoch 5145, loss 7.916459
Epoch 5146, loss 7.894974
Epoch 5147, loss 7.849544
Epoch 5148, loss 7.829068
Epoch 5149, loss 7.841363
Epoch 5150, loss 7.853288
Epoch 5151, loss 7.839046
Epoch 5152, loss 7.809092
Epoch 5153, loss 7.792207
Epoch 5154, loss 7.798693
Epoch 5155, loss 7.812237
Epoch 5156, loss 7.812870
Epoch 5157, loss 7.797831
Epoch 5158, loss 7.780125
Epoch 5159, loss 7.772003
Epoch 5160, loss 7.774405
Epoch 5161, loss 7.779270
Epoch 5162, loss 7.778650
Epoch 5163, loss 7.771466
Epoch 5164, loss 7.762436
Epoch 5165, loss 7.756814
Epoch 5166, loss 7.755397
Epoch 5167, loss 7.754486
Epoch 5168, loss 7.750777
Epoch 5169, loss 7.749339
Epoch 5170, loss 7.744787
Epoch 5171, loss 7.740063
Epoch 5172, loss 7.741304
Epoch 5173, loss 7.740098
Epoch 5174, loss 7.734372
Epoch 5175, loss 7.725169
Epoch 5176, loss 7.773758
Epoch 5177, loss 8.052594
Epoch 5178, loss 8.117320
Epoch 5179, loss 8.181180
Epoch 5180, loss 8.169180
Epoch 5181, loss 7.952797
Epoch 5182, loss 7.938528
Epoch 5183, loss 7.911706
Epoch 5184, loss 7.934783
Epoch 5185, loss 7.914954
Epoch 5186, loss 7.833962
Epoch 5187, loss 7.838162
Epoch 5188, loss 7.850235
Epoch 5189, loss 7.890831
Epoch 5190, loss 7.906550
Epoch 5191, loss 7.835129
Epoch 5192, loss 7.797066
Epoch 5193, loss 7.755758
Epoch 5194, loss 7.767043
Epoch 5195, loss 7.802944
Epoch 5196, loss 7.797407
Epoch 5197, loss 7.796133
Epoch 5198, loss 7.772109
Epoch 5199, loss 7.766407
Epoch 5200, loss 7.768878
Epoch 5201, loss 7.764352
Epoch 5202, loss 7.761812
Epoch 5203, loss 7.740689
Epoch 5204, loss 7.734999
Epoch 5205, loss 7.739557
Epoch 5206, loss 7.742132
Epoch 5207, loss 7.752045
Epoch 5208, loss 7.747385
Epoch 5209, loss 7.737748
Epoch 5210, loss 7.733034
Epoch 5211, loss 7.726698
Epoch 5212, loss 7.728333
Epoch 5213, loss 7.727403
Epoch 5214, loss 7.725085
Epoch 5215, loss 7.723136
Epoch 5216, loss 7.719757
Epoch 5217, loss 7.721515
Epoch 5218, loss 7.721574
Epoch 5219, loss 7.721808
Epoch 5220, loss 7.720954
Epoch 5221, loss 7.716806
Epoch 5222, loss 7.714743
Epoch 5223, loss 7.712805
Epoch 5224, loss 7.711542
Epoch 5225, loss 7.711574
Epoch 5226, loss 7.710287
Epoch 5227, loss 7.709285
Epoch 5228, loss 7.708167
Epoch 5229, loss 7.707225
Epoch 5230, loss 7.707021
Epoch 5231, loss 7.706339
Epoch 5232, loss 7.705850
Epoch 5233, loss 7.704736
Epoch 5234, loss 7.703334
Epoch 5235, loss 7.702344
Epoch 5236, loss 7.701072
Epoch 5237, loss 7.700157
Epoch 5238, loss 7.699341
Epoch 5239, loss 7.698229
Epoch 5240, loss 7.697253
Epoch 5241, loss 7.696216
Epoch 5242, loss 7.695230
Epoch 5243, loss 7.694397
Epoch 5244, loss 7.693542
Epoch 5245, loss 7.692798
Epoch 5246, loss 7.691938
Epoch 5247, loss 7.691043
Epoch 5248, loss 7.690201
Epoch 5249, loss 7.689256
Epoch 5250, loss 7.688399
Epoch 5251, loss 7.687526
Epoch 5252, loss 7.686597
Epoch 5253, loss 7.685729
Epoch 5254, loss 7.684801
Epoch 5255, loss 7.683875
Epoch 5256, loss 7.682973
Epoch 5257, loss 7.682042
Epoch 5258, loss 7.681142
Epoch 5259, loss 7.680246
Epoch 5260, loss 7.679362
Epoch 5261, loss 7.678505
Epoch 5262, loss 7.677644
Epoch 5263, loss 7.676825
Epoch 5264, loss 7.676038
Epoch 5265, loss 7.675263
Epoch 5266, loss 7.674560
Epoch 5267, loss 7.673912
Epoch 5268, loss 7.673366
Epoch 5269, loss 7.672990
Epoch 5270, loss 7.672833
Epoch 5271, loss 7.672977
Epoch 5272, loss 7.673508
Epoch 5273, loss 7.674570
Epoch 5274, loss 7.676445
Epoch 5275, loss 7.679491
Epoch 5276, loss 7.684248
Epoch 5277, loss 7.691448
Epoch 5278, loss 7.702252
Epoch 5279, loss 7.718273
Epoch 5280, loss 7.742096
Epoch 5281, loss 7.777210
Epoch 5282, loss 7.829239
Epoch 5283, loss 7.905169
Epoch 5284, loss 8.016202
Epoch 5285, loss 8.173733
Epoch 5286, loss 8.395014
Epoch 5287, loss 8.686113
Epoch 5288, loss 9.052440
Epoch 5289, loss 9.446711
Epoch 5290, loss 9.806563
Epoch 5291, loss 9.973768
Epoch 5292, loss 9.856488
Epoch 5293, loss 9.387665
Epoch 5294, loss 8.734500
Epoch 5295, loss 8.124223
Epoch 5296, loss 7.779937
Epoch 5297, loss 7.755495
Epoch 5298, loss 7.952818
Epoch 5299, loss 8.201806
Epoch 5300, loss 8.349919
Epoch 5301, loss 8.336494
Epoch 5302, loss 8.182449
Epoch 5303, loss 7.981073
Epoch 5304, loss 7.816286
Epoch 5305, loss 7.738516
Epoch 5306, loss 7.746339
Epoch 5307, loss 7.805201
Epoch 5308, loss 7.870301
Epoch 5309, loss 7.903634
Epoch 5310, loss 7.889294
Epoch 5311, loss 7.830785
Epoch 5312, loss 7.753700
Epoch 5313, loss 7.688643
Epoch 5314, loss 7.659806
Epoch 5315, loss 7.671717
Epoch 5316, loss 7.708555
Epoch 5317, loss 7.743979
Epoch 5318, loss 7.754908
Epoch 5319, loss 7.734742
Epoch 5320, loss 7.693489
Epoch 5321, loss 7.652177
Epoch 5322, loss 7.628750
Epoch 5323, loss 7.629374
Epoch 5324, loss 7.646877
Epoch 5325, loss 7.666921
Epoch 5326, loss 7.676923
Epoch 5327, loss 7.671733
Epoch 5328, loss 7.655202
Epoch 5329, loss 7.635583
Epoch 5330, loss 7.620957
Epoch 5331, loss 7.612099
Epoch 5332, loss 7.638467
Epoch 5333, loss 7.728902
Epoch 5334, loss 8.051884
Epoch 5335, loss 8.299852
Epoch 5336, loss 8.443807
Epoch 5337, loss 8.439260
Epoch 5338, loss 8.244376
Epoch 5339, loss 7.965737
Epoch 5340, loss 7.726970
Epoch 5341, loss 7.706671
Epoch 5342, loss 7.825140
Epoch 5343, loss 7.909316
Epoch 5344, loss 7.957691
Epoch 5345, loss 7.936549
Epoch 5346, loss 7.844752
Epoch 5347, loss 7.759507
Epoch 5348, loss 7.700631
Epoch 5349, loss 7.724344
Epoch 5350, loss 7.760999
Epoch 5351, loss 7.758803
Epoch 5352, loss 7.745927
Epoch 5353, loss 7.717184
Epoch 5354, loss 7.687972
Epoch 5355, loss 7.675138
Epoch 5356, loss 7.682575
Epoch 5357, loss 7.703546
Epoch 5358, loss 7.707909
Epoch 5359, loss 7.689589
Epoch 5360, loss 7.667202
Epoch 5361, loss 7.645074
Epoch 5362, loss 7.635480
Epoch 5363, loss 7.638779
Epoch 5364, loss 7.648951
Epoch 5365, loss 7.663698
Epoch 5366, loss 7.665882
Epoch 5367, loss 7.654972
Epoch 5368, loss 7.642276
Epoch 5369, loss 7.631391
Epoch 5370, loss 7.624351
Epoch 5371, loss 7.622914
Epoch 5372, loss 7.626842
Epoch 5373, loss 7.632628
Epoch 5374, loss 7.633174
Epoch 5375, loss 7.629926
Epoch 5376, loss 7.626708
Epoch 5377, loss 7.622844
Epoch 5378, loss 7.619962
Epoch 5379, loss 7.618745
Epoch 5380, loss 7.619078
Epoch 5381, loss 7.619942
Epoch 5382, loss 7.618875
Epoch 5383, loss 7.616530
Epoch 5384, loss 7.614422
Epoch 5385, loss 7.612260
Epoch 5386, loss 7.610617
Epoch 5387, loss 7.609890
Epoch 5388, loss 7.610146
Epoch 5389, loss 7.610852
Epoch 5390, loss 7.610792
Epoch 5391, loss 7.610161
Epoch 5392, loss 7.609260
Epoch 5393, loss 7.607808
Epoch 5394, loss 7.606306
Epoch 5395, loss 7.604978
Epoch 5396, loss 7.603989
Epoch 5397, loss 7.603431
Epoch 5398, loss 7.602956
Epoch 5399, loss 7.602421
Epoch 5400, loss 7.601863
Epoch 5401, loss 7.601156
Epoch 5402, loss 7.600348
Epoch 5403, loss 7.599428
Epoch 5404, loss 7.598521
Epoch 5405, loss 7.597818
Epoch 5406, loss 7.597189
Epoch 5407, loss 7.596602
Epoch 5408, loss 7.596106
Epoch 5409, loss 7.595636
Epoch 5410, loss 7.595138
Epoch 5411, loss 7.594574
Epoch 5412, loss 7.593934
Epoch 5413, loss 7.593300
Epoch 5414, loss 7.592662
Epoch 5415, loss 7.592009
Epoch 5416, loss 7.591393
Epoch 5417, loss 7.590826
Epoch 5418, loss 7.590322
Epoch 5419, loss 7.589861
Epoch 5420, loss 7.589430
Epoch 5421, loss 7.589068
Epoch 5422, loss 7.588781
Epoch 5423, loss 7.588567
Epoch 5424, loss 7.588473
Epoch 5425, loss 7.588556
Epoch 5426, loss 7.588892
Epoch 5427, loss 7.589590
Epoch 5428, loss 7.590793
Epoch 5429, loss 7.592737
Epoch 5430, loss 7.595737
Epoch 5431, loss 7.600278
Epoch 5432, loss 7.607033
Epoch 5433, loss 7.617078
Epoch 5434, loss 7.631893
Epoch 5435, loss 7.653896
Epoch 5436, loss 7.686326
Epoch 5437, loss 7.734579
Epoch 5438, loss 7.805522
Epoch 5439, loss 7.910742
Epoch 5440, loss 8.063035
Epoch 5441, loss 8.284062
Epoch 5442, loss 8.588877
Epoch 5443, loss 9.002320
Epoch 5444, loss 9.503193
Epoch 5445, loss 10.065601
Epoch 5446, loss 10.526504
Epoch 5447, loss 10.749191
Epoch 5448, loss 10.491884
Epoch 5449, loss 9.803633
Epoch 5450, loss 8.861654
Epoch 5451, loss 8.081623
Epoch 5452, loss 7.736319
Epoch 5453, loss 7.853299
Epoch 5454, loss 8.214994
Epoch 5455, loss 8.520595
Epoch 5456, loss 8.571847
Epoch 5457, loss 8.349258
Epoch 5458, loss 8.025800
Epoch 5459, loss 7.794444
Epoch 5460, loss 7.755050
Epoch 5461, loss 7.854895
Epoch 5462, loss 7.962651
Epoch 5463, loss 7.973988
Epoch 5464, loss 7.878260
Epoch 5465, loss 7.751850
Epoch 5466, loss 7.679223
Epoch 5467, loss 7.691136
Epoch 5468, loss 7.748142
Epoch 5469, loss 7.784408
Epoch 5470, loss 7.759936
Epoch 5471, loss 7.687805
Epoch 5472, loss 7.617357
Epoch 5473, loss 7.591661
Epoch 5474, loss 7.616893
Epoch 5475, loss 7.662418
Epoch 5476, loss 7.687973
Epoch 5477, loss 7.672347
Epoch 5478, loss 7.625710
Epoch 5479, loss 7.578034
Epoch 5480, loss 7.556142
Epoch 5481, loss 7.566396
Epoch 5482, loss 7.594032
Epoch 5483, loss 7.616330
Epoch 5484, loss 7.618136
Epoch 5485, loss 7.599844
Epoch 5486, loss 7.573978
Epoch 5487, loss 7.555220
Epoch 5488, loss 7.550991
Epoch 5489, loss 7.558681
Epoch 5490, loss 7.569501
Epoch 5491, loss 7.575119
Epoch 5492, loss 7.572388
Epoch 5493, loss 7.563896
Epoch 5494, loss 7.555028
Epoch 5495, loss 7.550066
Epoch 5496, loss 7.549947
Epoch 5497, loss 7.552514
Epoch 5498, loss 7.554558
Epoch 5499, loss 7.553959
Epoch 5500, loss 7.550718
Epoch 5501, loss 7.546488
Epoch 5502, loss 7.543274
Epoch 5503, loss 7.542201
Epoch 5504, loss 7.543014
Epoch 5505, loss 7.544475
Epoch 5506, loss 7.545186
Epoch 5507, loss 7.544376
Epoch 5508, loss 7.542170
Epoch 5509, loss 7.539380
Epoch 5510, loss 7.536970
Epoch 5511, loss 7.535575
Epoch 5512, loss 7.535263
Epoch 5513, loss 7.535626
Epoch 5514, loss 7.536058
Epoch 5515, loss 7.536067
Epoch 5516, loss 7.535460
Epoch 5517, loss 7.534352
Epoch 5518, loss 7.533043
Epoch 5519, loss 7.531842
Epoch 5520, loss 7.530938
Epoch 5521, loss 7.530347
Epoch 5522, loss 7.529954
Epoch 5523, loss 7.529589
Epoch 5524, loss 7.529112
Epoch 5525, loss 7.528467
Epoch 5526, loss 7.527682
Epoch 5527, loss 7.526844
Epoch 5528, loss 7.526051
Epoch 5529, loss 7.525372
Epoch 5530, loss 7.524830
Epoch 5531, loss 7.524405
Epoch 5532, loss 7.524049
Epoch 5533, loss 7.523711
Epoch 5534, loss 7.523361
Epoch 5535, loss 7.522995
Epoch 5536, loss 7.522639
Epoch 5537, loss 7.522347
Epoch 5538, loss 7.522188
Epoch 5539, loss 7.522247
Epoch 5540, loss 7.522628
Epoch 5541, loss 7.523461
Epoch 5542, loss 7.524935
Epoch 5543, loss 7.527321
Epoch 5544, loss 7.531040
Epoch 5545, loss 7.536719
Epoch 5546, loss 7.545332
Epoch 5547, loss 7.558313
Epoch 5548, loss 7.577886
Epoch 5549, loss 7.607228
Epoch 5550, loss 7.651210
Epoch 5551, loss 7.716325
Epoch 5552, loss 7.812049
Epoch 5553, loss 7.948642
Epoch 5554, loss 8.138470
Epoch 5555, loss 8.384149
Epoch 5556, loss 8.678629
Epoch 5557, loss 8.972081
Epoch 5558, loss 9.195248
Epoch 5559, loss 9.233617
Epoch 5560, loss 9.048346
Epoch 5561, loss 8.660063
Epoch 5562, loss 8.230723
Epoch 5563, loss 7.911669
Epoch 5564, loss 7.804620
Epoch 5565, loss 7.889610
Epoch 5566, loss 8.066907
Epoch 5567, loss 8.199387
Epoch 5568, loss 8.186406
Epoch 5569, loss 8.015201
Epoch 5570, loss 7.769136
Epoch 5571, loss 7.575595
Epoch 5572, loss 7.519020
Epoch 5573, loss 7.593826
Epoch 5574, loss 7.719989
Epoch 5575, loss 7.801783
Epoch 5576, loss 7.788710
Epoch 5577, loss 7.697428
Epoch 5578, loss 7.592543
Epoch 5579, loss 7.535638
Epoch 5580, loss 7.546144
Epoch 5581, loss 7.597571
Epoch 5582, loss 7.643135
Epoch 5583, loss 7.650311
Epoch 5584, loss 7.615228
Epoch 5585, loss 7.561100
Epoch 5586, loss 7.516840
Epoch 5587, loss 7.500458
Epoch 5588, loss 7.510842
Epoch 5589, loss 7.532822
Epoch 5590, loss 7.548626
Epoch 5591, loss 7.547985
Epoch 5592, loss 7.532365
Epoch 5593, loss 7.511544
Epoch 5594, loss 7.496829
Epoch 5595, loss 7.494316
Epoch 5596, loss 7.502467
Epoch 5597, loss 7.514190
Epoch 5598, loss 7.521676
Epoch 5599, loss 7.520755
Epoch 5600, loss 7.512646
Epoch 5601, loss 7.502249
Epoch 5602, loss 7.494870
Epoch 5603, loss 7.493181
Epoch 5604, loss 7.496402
Epoch 5605, loss 7.501427
Epoch 5606, loss 7.505062
Epoch 5607, loss 7.505598
Epoch 5608, loss 7.503460
Epoch 5609, loss 7.500336
Epoch 5610, loss 7.498271
Epoch 5611, loss 7.498530
Epoch 5612, loss 7.501438
Epoch 5613, loss 7.506397
Epoch 5614, loss 7.512650
Epoch 5615, loss 7.519567
Epoch 5616, loss 7.527334
Epoch 5617, loss 7.536600
Epoch 5618, loss 7.548937
Epoch 5619, loss 7.565843
Epoch 5620, loss 7.589636
Epoch 5621, loss 7.621814
Epoch 5622, loss 7.665401
Epoch 5623, loss 7.721695
Epoch 5624, loss 7.795431
Epoch 5625, loss 7.886992
Epoch 5626, loss 8.002898
Epoch 5627, loss 8.137855
Epoch 5628, loss 8.296010
Epoch 5629, loss 8.454730
Epoch 5630, loss 8.607786
Epoch 5631, loss 8.706081
Epoch 5632, loss 8.738634
Epoch 5633, loss 8.658169
Epoch 5634, loss 8.490001
Epoch 5635, loss 8.248580
Epoch 5636, loss 8.007595
Epoch 5637, loss 7.817719
Epoch 5638, loss 7.720777
Epoch 5639, loss 7.716349
Epoch 5640, loss 7.775813
Epoch 5641, loss 7.853452
Epoch 5642, loss 7.902041
Epoch 5643, loss 7.894290
Epoch 5644, loss 7.821788
Epoch 5645, loss 7.708702
Epoch 5646, loss 7.589066
Epoch 5647, loss 7.500130
Epoch 5648, loss 7.461961
Epoch 5649, loss 7.474233
Epoch 5650, loss 7.519545
Epoch 5651, loss 7.572961
Epoch 5652, loss 7.612557
Epoch 5653, loss 7.624779
Epoch 5654, loss 7.609299
Epoch 5655, loss 7.574156
Epoch 5656, loss 7.533620
Epoch 5657, loss 7.500314
Epoch 5658, loss 7.482050
Epoch 5659, loss 7.479809
Epoch 5660, loss 7.488966
Epoch 5661, loss 7.502304
Epoch 5662, loss 7.512604
Epoch 5663, loss 7.515536
Epoch 5664, loss 7.509650
Epoch 5665, loss 7.497094
Epoch 5666, loss 7.481368
Epoch 5667, loss 7.466625
Epoch 5668, loss 7.455809
Epoch 5669, loss 7.450281
Epoch 5670, loss 7.449670
Epoch 5671, loss 7.452427
Epoch 5672, loss 7.456529
Epoch 5673, loss 7.460123
Epoch 5674, loss 7.461991
Epoch 5675, loss 7.461621
Epoch 5676, loss 7.459237
Epoch 5677, loss 7.455448
Epoch 5678, loss 7.451100
Epoch 5679, loss 7.446948
Epoch 5680, loss 7.443569
Epoch 5681, loss 7.441251
Epoch 5682, loss 7.440026
Epoch 5683, loss 7.439714
Epoch 5684, loss 7.440018
Epoch 5685, loss 7.440605
Epoch 5686, loss 7.441174
Epoch 5687, loss 7.441508
Epoch 5688, loss 7.441481
Epoch 5689, loss 7.441063
Epoch 5690, loss 7.440284
Epoch 5691, loss 7.439230
Epoch 5692, loss 7.437993
Epoch 5693, loss 7.436676
Epoch 5694, loss 7.435358
Epoch 5695, loss 7.434107
Epoch 5696, loss 7.432964
Epoch 5697, loss 7.431956
Epoch 5698, loss 7.431089
Epoch 5699, loss 7.430364
Epoch 5700, loss 7.429772
Epoch 5701, loss 7.429306
Epoch 5702, loss 7.428967
Epoch 5703, loss 7.428770
Epoch 5704, loss 7.428755
Epoch 5705, loss 7.429001
Epoch 5706, loss 7.429650
Epoch 5707, loss 7.430942
Epoch 5708, loss 7.433285
Epoch 5709, loss 7.437350
Epoch 5710, loss 7.444280
Epoch 5711, loss 7.455949
Epoch 5712, loss 7.475603
Epoch 5713, loss 7.508527
Epoch 5714, loss 7.563977
Epoch 5715, loss 7.656650
Epoch 5716, loss 7.812162
Epoch 5717, loss 8.067837
Epoch 5718, loss 8.484840
Epoch 5719, loss 9.127083
Epoch 5720, loss 10.067404
Epoch 5721, loss 11.232778
Epoch 5722, loss 12.399031
Epoch 5723, loss 12.897048
Epoch 5724, loss 12.283422
Epoch 5725, loss 10.570279
Epoch 5726, loss 8.866886
Epoch 5727, loss 8.151374
Epoch 5728, loss 8.531560
Epoch 5729, loss 9.202698
Epoch 5730, loss 9.304405
Epoch 5731, loss 8.714750
Epoch 5732, loss 8.055528
Epoch 5733, loss 7.929254
Epoch 5734, loss 8.259285
Epoch 5735, loss 8.507040
Epoch 5736, loss 8.320069
Epoch 5737, loss 7.898140
Epoch 5738, loss 7.663497
Epoch 5739, loss 7.754783
Epoch 5740, loss 7.932250
Epoch 5741, loss 7.938512
Epoch 5742, loss 7.784194
Epoch 5743, loss 7.650919
Epoch 5744, loss 7.637885
Epoch 5745, loss 7.668982
Epoch 5746, loss 7.651356
Epoch 5747, loss 7.596641
Epoch 5748, loss 7.570616
Epoch 5749, loss 7.582326
Epoch 5750, loss 7.578358
Epoch 5751, loss 7.536698
Epoch 5752, loss 7.496369
Epoch 5753, loss 7.497167
Epoch 5754, loss 7.519368
Epoch 5755, loss 7.514438
Epoch 5756, loss 7.476011
Epoch 5757, loss 7.445073
Epoch 5758, loss 7.452153
Epoch 5759, loss 7.476203
Epoch 5760, loss 7.475962
Epoch 5761, loss 7.445310
Epoch 5762, loss 7.417810
Epoch 5763, loss 7.421055
Epoch 5764, loss 7.442596
Epoch 5765, loss 7.449315
Epoch 5766, loss 7.429893
Epoch 5767, loss 7.405550
Epoch 5768, loss 7.401145
Epoch 5769, loss 7.415732
Epoch 5770, loss 7.427271
Epoch 5771, loss 7.420792
Epoch 5772, loss 7.403842
Epoch 5773, loss 7.394398
Epoch 5774, loss 7.399043
Epoch 5775, loss 7.407840
Epoch 5776, loss 7.408354
Epoch 5777, loss 7.399657
Epoch 5778, loss 7.391269
Epoch 5779, loss 7.390815
Epoch 5780, loss 7.396156
Epoch 5781, loss 7.399439
Epoch 5782, loss 7.396422
Epoch 5783, loss 7.390200
Epoch 5784, loss 7.386482
Epoch 5785, loss 7.387255
Epoch 5786, loss 7.389641
Epoch 5787, loss 7.389947
Epoch 5788, loss 7.387570
Epoch 5789, loss 7.384803
Epoch 5790, loss 7.383794
Epoch 5791, loss 7.384387
Epoch 5792, loss 7.384852
Epoch 5793, loss 7.384010
Epoch 5794, loss 7.382261
Epoch 5795, loss 7.380783
Epoch 5796, loss 7.380176
Epoch 5797, loss 7.380062
Epoch 5798, loss 7.379745
Epoch 5799, loss 7.378991
Epoch 5800, loss 7.378106
Epoch 5801, loss 7.377444
Epoch 5802, loss 7.377012
Epoch 5803, loss 7.376556
Epoch 5804, loss 7.375907
Epoch 5805, loss 7.375152
Epoch 5806, loss 7.374486
Epoch 5807, loss 7.373977
Epoch 5808, loss 7.373509
Epoch 5809, loss 7.372935
Epoch 5810, loss 7.372245
Epoch 5811, loss 7.371562
Epoch 5812, loss 7.371001
Epoch 5813, loss 7.370554
Epoch 5814, loss 7.370101
Epoch 5815, loss 7.369542
Epoch 5816, loss 7.368880
Epoch 5817, loss 7.368213
Epoch 5818, loss 7.367633
Epoch 5819, loss 7.367145
Epoch 5820, loss 7.366675
Epoch 5821, loss 7.366147
Epoch 5822, loss 7.365545
Epoch 5823, loss 7.364919
Epoch 5824, loss 7.364331
Epoch 5825, loss 7.363804
Epoch 5826, loss 7.363310
Epoch 5827, loss 7.362801
Epoch 5828, loss 7.362252
Epoch 5829, loss 7.361672
Epoch 5830, loss 7.361094
Epoch 5831, loss 7.360542
Epoch 5832, loss 7.360015
Epoch 5833, loss 7.359496
Epoch 5834, loss 7.358967
Epoch 5835, loss 7.358422
Epoch 5836, loss 7.357872
Epoch 5837, loss 7.357331
Epoch 5838, loss 7.356805
Epoch 5839, loss 7.356295
Epoch 5840, loss 7.355797
Epoch 5841, loss 7.355313
Epoch 5842, loss 7.354850
Epoch 5843, loss 7.354422
Epoch 5844, loss 7.354050
Epoch 5845, loss 7.353757
Epoch 5846, loss 7.353580
Epoch 5847, loss 7.353573
Epoch 5848, loss 7.353821
Epoch 5849, loss 7.354458
Epoch 5850, loss 7.355686
Epoch 5851, loss 7.357824
Epoch 5852, loss 7.361356
Epoch 5853, loss 7.367069
Epoch 5854, loss 7.376151
Epoch 5855, loss 7.390583
Epoch 5856, loss 7.413321
Epoch 5857, loss 7.449364
Epoch 5858, loss 7.505908
Epoch 5859, loss 7.595244
Epoch 5860, loss 7.733390
Epoch 5861, loss 7.947259
Epoch 5862, loss 8.262376
Epoch 5863, loss 8.717144
Epoch 5864, loss 9.299910
Epoch 5865, loss 9.983666
Epoch 5866, loss 10.551699
Epoch 5867, loss 10.817870
Epoch 5868, loss 10.472283
Epoch 5869, loss 9.662090
Epoch 5870, loss 8.684591
Epoch 5871, loss 8.064140
Epoch 5872, loss 7.994728
Epoch 5873, loss 8.300447
Epoch 5874, loss 8.553955
Epoch 5875, loss 8.438690
Epoch 5876, loss 8.021727
Epoch 5877, loss 7.643806
Epoch 5878, loss 7.598281
Epoch 5879, loss 7.843422
Epoch 5880, loss 8.084657
Epoch 5881, loss 8.051164
Epoch 5882, loss 7.750942
Epoch 5883, loss 7.440337
Epoch 5884, loss 7.360066
Epoch 5885, loss 7.513344
Epoch 5886, loss 7.702120
Epoch 5887, loss 7.737317
Epoch 5888, loss 7.600339
Epoch 5889, loss 7.431106
Epoch 5890, loss 7.368462
Epoch 5891, loss 7.424765
Epoch 5892, loss 7.502383
Epoch 5893, loss 7.509430
Epoch 5894, loss 7.443676
Epoch 5895, loss 7.375883
Epoch 5896, loss 7.365770
Epoch 5897, loss 7.405258
Epoch 5898, loss 7.439157
Epoch 5899, loss 7.426340
Epoch 5900, loss 7.377860
Epoch 5901, loss 7.336800
Epoch 5902, loss 7.333261
Epoch 5903, loss 7.359035
Epoch 5904, loss 7.382463
Epoch 5905, loss 7.381191
Epoch 5906, loss 7.358927
Epoch 5907, loss 7.336536
Epoch 5908, loss 7.329797
Epoch 5909, loss 7.337354
Epoch 5910, loss 7.346063
Epoch 5911, loss 7.345225
Epoch 5912, loss 7.335282
Epoch 5913, loss 7.324958
Epoch 5914, loss 7.321910
Epoch 5915, loss 7.326241
Epoch 5916, loss 7.331831
Epoch 5917, loss 7.332578
Epoch 5918, loss 7.327450
Epoch 5919, loss 7.320239
Epoch 5920, loss 7.315570
Epoch 5921, loss 7.315109
Epoch 5922, loss 7.317065
Epoch 5923, loss 7.318453
Epoch 5924, loss 7.317670
Epoch 5925, loss 7.315275
Epoch 5926, loss 7.312912
Epoch 5927, loss 7.311746
Epoch 5928, loss 7.311701
Epoch 5929, loss 7.311859
Epoch 5930, loss 7.311350
Epoch 5931, loss 7.309986
Epoch 5932, loss 7.308235
Epoch 5933, loss 7.306750
Epoch 5934, loss 7.305884
Epoch 5935, loss 7.305525
Epoch 5936, loss 7.305288
Epoch 5937, loss 7.304841
Epoch 5938, loss 7.304102
Epoch 5939, loss 7.303219
Epoch 5940, loss 7.302398
Epoch 5941, loss 7.301745
Epoch 5942, loss 7.301226
Epoch 5943, loss 7.300723
Epoch 5944, loss 7.300130
Epoch 5945, loss 7.299412
Epoch 5946, loss 7.298603
Epoch 5947, loss 7.297777
Epoch 5948, loss 7.297007
Epoch 5949, loss 7.296322
Epoch 5950, loss 7.295709
Epoch 5951, loss 7.295120
Epoch 5952, loss 7.294504
Epoch 5953, loss 7.293839
Epoch 5954, loss 7.293134
Epoch 5955, loss 7.292421
Epoch 5956, loss 7.291734
Epoch 5957, loss 7.291090
Epoch 5958, loss 7.290484
Epoch 5959, loss 7.289894
Epoch 5960, loss 7.289293
Epoch 5961, loss 7.288667
Epoch 5962, loss 7.288016
Epoch 5963, loss 7.287354
Epoch 5964, loss 7.286701
Epoch 5965, loss 7.286067
Epoch 5966, loss 7.285458
Epoch 5967, loss 7.284864
Epoch 5968, loss 7.284273
Epoch 5969, loss 7.283679
Epoch 5970, loss 7.283077
Epoch 5971, loss 7.282477
Epoch 5972, loss 7.281893
Epoch 5973, loss 7.281339
Epoch 5974, loss 7.280822
Epoch 5975, loss 7.280350
Epoch 5976, loss 7.279935
Epoch 5977, loss 7.279593
Epoch 5978, loss 7.279357
Epoch 5979, loss 7.279274
Epoch 5980, loss 7.279417
Epoch 5981, loss 7.279895
Epoch 5982, loss 7.280858
Epoch 5983, loss 7.282542
Epoch 5984, loss 7.285273
Epoch 5985, loss 7.289586
Epoch 5986, loss 7.296228
Epoch 5987, loss 7.306452
Epoch 5988, loss 7.321995
Epoch 5989, loss 7.345849
Epoch 5990, loss 7.382002
Epoch 5991, loss 7.437593
Epoch 5992, loss 7.521418
Epoch 5993, loss 7.649869
Epoch 5994, loss 7.839594
Epoch 5995, loss 8.123373
Epoch 5996, loss 8.517328
Epoch 5997, loss 9.061199
Epoch 5998, loss 9.697122
Epoch 5999, loss 10.385092
Epoch 6000, loss 10.818798
Epoch 6001, loss 10.838649
Epoch 6002, loss 10.149421
Epoch 6003, loss 9.045338
Epoch 6004, loss 7.954443
Epoch 6005, loss 7.404613
Epoch 6006, loss 7.519229
Epoch 6007, loss 8.022482
Epoch 6008, loss 8.475765
Epoch 6009, loss 8.525747
Epoch 6010, loss 8.180961
Epoch 6011, loss 7.687719
Epoch 6012, loss 7.391884
Epoch 6013, loss 7.423193
Epoch 6014, loss 7.654145
Epoch 6015, loss 7.843818
Epoch 6016, loss 7.822839
Epoch 6017, loss 7.626288
Epoch 6018, loss 7.407184
Epoch 6019, loss 7.316131
Epoch 6020, loss 7.373856
Epoch 6021, loss 7.486304
Epoch 6022, loss 7.541919
Epoch 6023, loss 7.495291
Epoch 6024, loss 7.394233
Epoch 6025, loss 7.315244
Epoch 6026, loss 7.302932
Epoch 6027, loss 7.339987
Epoch 6028, loss 7.375818
Epoch 6029, loss 7.374339
Epoch 6030, loss 7.337114
Epoch 6031, loss 7.295576
Epoch 6032, loss 7.277517
Epoch 6033, loss 7.287076
Epoch 6034, loss 7.305975
Epoch 6035, loss 7.312617
Epoch 6036, loss 7.299850
Epoch 6037, loss 7.276912
Epoch 6038, loss 7.259621
Epoch 6039, loss 7.256405
Epoch 6040, loss 7.263798
Epoch 6041, loss 7.271418
Epoch 6042, loss 7.271093
Epoch 6043, loss 7.262522
Epoch 6044, loss 7.251621
Epoch 6045, loss 7.245026
Epoch 6046, loss 7.244923
Epoch 6047, loss 7.248469
Epoch 6048, loss 7.250809
Epoch 6049, loss 7.248939
Epoch 6050, loss 7.243487
Epoch 6051, loss 7.237501
Epoch 6052, loss 7.233906
Epoch 6053, loss 7.233449
Epoch 6054, loss 7.234680
Epoch 6055, loss 7.235259
Epoch 6056, loss 7.234145
Epoch 6057, loss 7.231289
Epoch 6058, loss 7.229046
Epoch 6059, loss 7.229412
Epoch 6060, loss 7.236029
Epoch 6061, loss 7.263833
Epoch 6062, loss 7.357235
Epoch 6063, loss 7.675599
Epoch 6064, loss 8.423360
Epoch 6065, loss 9.879633
Epoch 6066, loss 10.892289
Epoch 6067, loss 10.810700
Epoch 6068, loss 9.466659
Epoch 6069, loss 8.049673
Epoch 6070, loss 7.852584
Epoch 6071, loss 8.654117
Epoch 6072, loss 9.144759
Epoch 6073, loss 8.659220
Epoch 6074, loss 7.788705
Epoch 6075, loss 7.456259
Epoch 6076, loss 7.866106
Epoch 6077, loss 8.293149
Epoch 6078, loss 8.104249
Epoch 6079, loss 7.634560
Epoch 6080, loss 7.473185
Epoch 6081, loss 7.601681
Epoch 6082, loss 7.751871
Epoch 6083, loss 7.669161
Epoch 6084, loss 7.449464
Epoch 6085, loss 7.388387
Epoch 6086, loss 7.475487
Epoch 6087, loss 7.525260
Epoch 6088, loss 7.464990
Epoch 6089, loss 7.351573
Epoch 6090, loss 7.329930
Epoch 6091, loss 7.384904
Epoch 6092, loss 7.375012
Epoch 6093, loss 7.315684
Epoch 6094, loss 7.287930
Epoch 6095, loss 7.303481
Epoch 6096, loss 7.316836
Epoch 6097, loss 7.303159
Epoch 6098, loss 7.263644
Epoch 6099, loss 7.250302
Epoch 6100, loss 7.265887
Epoch 6101, loss 7.266890
Epoch 6102, loss 7.247841
Epoch 6103, loss 7.229210
Epoch 6104, loss 7.226480
Epoch 6105, loss 7.243268
Epoch 6106, loss 7.248063
Epoch 6107, loss 7.225682
Epoch 6108, loss 7.206645
Epoch 6109, loss 7.210146
Epoch 6110, loss 7.220423
Epoch 6111, loss 7.222126
Epoch 6112, loss 7.210488
Epoch 6113, loss 7.198730
Epoch 6114, loss 7.199993
Epoch 6115, loss 7.208329
Epoch 6116, loss 7.209359
Epoch 6117, loss 7.201391
Epoch 6118, loss 7.192154
Epoch 6119, loss 7.190382
Epoch 6120, loss 7.195976
Epoch 6121, loss 7.198863
Epoch 6122, loss 7.194241
Epoch 6123, loss 7.187734
Epoch 6124, loss 7.185983
Epoch 6125, loss 7.188400
Epoch 6126, loss 7.190550
Epoch 6127, loss 7.188790
Epoch 6128, loss 7.184621
Epoch 6129, loss 7.182214
Epoch 6130, loss 7.182560
Epoch 6131, loss 7.183699
Epoch 6132, loss 7.183449
Epoch 6133, loss 7.180982
Epoch 6134, loss 7.178655
Epoch 6135, loss 7.178177
Epoch 6136, loss 7.178706
Epoch 6137, loss 7.178710
Epoch 6138, loss 7.177595
Epoch 6139, loss 7.176050
Epoch 6140, loss 7.174991
Epoch 6141, loss 7.174745
Epoch 6142, loss 7.174530
Epoch 6143, loss 7.173857
Epoch 6144, loss 7.172845
Epoch 6145, loss 7.171841
Epoch 6146, loss 7.171150
Epoch 6147, loss 7.170810
Epoch 6148, loss 7.170325
Epoch 6149, loss 7.169568
Epoch 6150, loss 7.168771
Epoch 6151, loss 7.168097
Epoch 6152, loss 7.167533
Epoch 6153, loss 7.167002
Epoch 6154, loss 7.166389
Epoch 6155, loss 7.165700
Epoch 6156, loss 7.165050
Epoch 6157, loss 7.164469
Epoch 6158, loss 7.163903
Epoch 6159, loss 7.163326
Epoch 6160, loss 7.162701
Epoch 6161, loss 7.162053
Epoch 6162, loss 7.161452
Epoch 6163, loss 7.160897
Epoch 6164, loss 7.160330
Epoch 6165, loss 7.159727
Epoch 6166, loss 7.159107
Epoch 6167, loss 7.158496
Epoch 6168, loss 7.157922
Epoch 6169, loss 7.157375
Epoch 6170, loss 7.156820
Epoch 6171, loss 7.156249
Epoch 6172, loss 7.155670
Epoch 6173, loss 7.155104
Epoch 6174, loss 7.154573
Epoch 6175, loss 7.154079
Epoch 6176, loss 7.153605
Epoch 6177, loss 7.153149
Epoch 6178, loss 7.152731
Epoch 6179, loss 7.152382
Epoch 6180, loss 7.152143
Epoch 6181, loss 7.152056
Epoch 6182, loss 7.152176
Epoch 6183, loss 7.152587
Epoch 6184, loss 7.153431
Epoch 6185, loss 7.154923
Epoch 6186, loss 7.157394
Epoch 6187, loss 7.161335
Epoch 6188, loss 7.167505
Epoch 6189, loss 7.177042
Epoch 6190, loss 7.191765
Epoch 6191, loss 7.214402
Epoch 6192, loss 7.249331
Epoch 6193, loss 7.302970
Epoch 6194, loss 7.385602
Epoch 6195, loss 7.511357
Epoch 6196, loss 7.702067
Epoch 6197, loss 7.982382
Epoch 6198, loss 8.384665
Epoch 6199, loss 8.918296
Epoch 6200, loss 9.570414
Epoch 6201, loss 10.209354
Epoch 6202, loss 10.648354
Epoch 6203, loss 10.581928
Epoch 6204, loss 9.953684
Epoch 6205, loss 8.932426
Epoch 6206, loss 8.020515
Epoch 6207, loss 7.572115
Epoch 6208, loss 7.630830
Epoch 6209, loss 7.925479
Epoch 6210, loss 8.126068
Epoch 6211, loss 8.071562
Epoch 6212, loss 7.839793
Epoch 6213, loss 7.643225
Epoch 6214, loss 7.592022
Epoch 6215, loss 7.638615
Epoch 6216, loss 7.641311
Epoch 6217, loss 7.534683
Epoch 6218, loss 7.377766
Epoch 6219, loss 7.292259
Epoch 6220, loss 7.334833
Epoch 6221, loss 7.440653
Epoch 6222, loss 7.494017
Epoch 6223, loss 7.427338
Epoch 6224, loss 7.287261
Epoch 6225, loss 7.176987
Epoch 6226, loss 7.167089
Epoch 6227, loss 7.238860
Epoch 6228, loss 7.312034
Epoch 6229, loss 7.320367
Epoch 6230, loss 7.258845
Epoch 6231, loss 7.180730
Epoch 6232, loss 7.141087
Epoch 6233, loss 7.154868
Epoch 6234, loss 7.193155
Epoch 6235, loss 7.215426
Epoch 6236, loss 7.204119
Epoch 6237, loss 7.171727
Epoch 6238, loss 7.144738
Epoch 6239, loss 7.138405
Epoch 6240, loss 7.148141
Epoch 6241, loss 7.158108
Epoch 6242, loss 7.156938
Epoch 6243, loss 7.145865
Epoch 6244, loss 7.134361
Epoch 6245, loss 7.130416
Epoch 6246, loss 7.133805
Epoch 6247, loss 7.137981
Epoch 6248, loss 7.136665
Epoch 6249, loss 7.129228
Epoch 6250, loss 7.120417
Epoch 6251, loss 7.115852
Epoch 6252, loss 7.117471
Epoch 6253, loss 7.122475
Epoch 6254, loss 7.126021
Epoch 6255, loss 7.124934
Epoch 6256, loss 7.119677
Epoch 6257, loss 7.113381
Epoch 6258, loss 7.109306
Epoch 6259, loss 7.108677
Epoch 6260, loss 7.110362
Epoch 6261, loss 7.112149
Epoch 6262, loss 7.112407
Epoch 6263, loss 7.110958
Epoch 6264, loss 7.108773
Epoch 6265, loss 7.107007
Epoch 6266, loss 7.106160
Epoch 6267, loss 7.105918
Epoch 6268, loss 7.105582
Epoch 6269, loss 7.104675
Epoch 6270, loss 7.103249
Epoch 6271, loss 7.101773
Epoch 6272, loss 7.100749
Epoch 6273, loss 7.100368
Epoch 6274, loss 7.100425
Epoch 6275, loss 7.100493
Epoch 6276, loss 7.100204
Epoch 6277, loss 7.099443
Epoch 6278, loss 7.098366
Epoch 6279, loss 7.097254
Epoch 6280, loss 7.096341
Epoch 6281, loss 7.095701
Epoch 6282, loss 7.095249
Epoch 6283, loss 7.094830
Epoch 6284, loss 7.094319
Epoch 6285, loss 7.093685
Epoch 6286, loss 7.092975
Epoch 6287, loss 7.092278
Epoch 6288, loss 7.091657
Epoch 6289, loss 7.091124
Epoch 6290, loss 7.090640
Epoch 6291, loss 7.090142
Epoch 6292, loss 7.089588
Epoch 6293, loss 7.088964
Epoch 6294, loss 7.088294
Epoch 6295, loss 7.087618
Epoch 6296, loss 7.086969
Epoch 6297, loss 7.086365
Epoch 6298, loss 7.085801
Epoch 6299, loss 7.085257
Epoch 6300, loss 7.084711
Epoch 6301, loss 7.084148
Epoch 6302, loss 7.083565
Epoch 6303, loss 7.082969
Epoch 6304, loss 7.082373
Epoch 6305, loss 7.081788
Epoch 6306, loss 7.081218
Epoch 6307, loss 7.080663
Epoch 6308, loss 7.080116
Epoch 6309, loss 7.079573
Epoch 6310, loss 7.079028
Epoch 6311, loss 7.078479
Epoch 6312, loss 7.077931
Epoch 6313, loss 7.077389
Epoch 6314, loss 7.076862
Epoch 6315, loss 7.076357
Epoch 6316, loss 7.075886
Epoch 6317, loss 7.075462
Epoch 6318, loss 7.075102
Epoch 6319, loss 7.074834
Epoch 6320, loss 7.074702
Epoch 6321, loss 7.074778
Epoch 6322, loss 7.075174
Epoch 6323, loss 7.076052
Epoch 6324, loss 7.077683
Epoch 6325, loss 7.080479
Epoch 6326, loss 7.085098
Epoch 6327, loss 7.092580
Epoch 6328, loss 7.104599
Epoch 6329, loss 7.123760
Epoch 6330, loss 7.154276
Epoch 6331, loss 7.202578
Epoch 6332, loss 7.278823
Epoch 6333, loss 7.397445
Epoch 6334, loss 7.579028
Epoch 6335, loss 7.845745
Epoch 6336, loss 8.216518
Epoch 6337, loss 8.676635
Epoch 6338, loss 9.158831
Epoch 6339, loss 9.499693
Epoch 6340, loss 9.538556
Epoch 6341, loss 9.202702
Epoch 6342, loss 8.699019
Epoch 6343, loss 8.312228
Epoch 6344, loss 8.258326
Epoch 6345, loss 8.452822
Epoch 6346, loss 8.674003
Epoch 6347, loss 8.651548
Epoch 6348, loss 8.377994
Epoch 6349, loss 7.994989
Epoch 6350, loss 7.708629
Epoch 6351, loss 7.539679
Epoch 6352, loss 7.426764
Epoch 6353, loss 7.331755
Epoch 6354, loss 7.297570
Epoch 6355, loss 7.363923
Epoch 6356, loss 7.482070
Epoch 6357, loss 7.545629
Epoch 6358, loss 7.485611
Epoch 6359, loss 7.352817
Epoch 6360, loss 7.247379
Epoch 6361, loss 7.228442
Epoch 6362, loss 7.256300
Epoch 6363, loss 7.255010
Epoch 6364, loss 7.194281
Epoch 6365, loss 7.118586
Epoch 6366, loss 7.091838
Epoch 6367, loss 7.129444
Epoch 6368, loss 7.188520
Epoch 6369, loss 7.212060
Epoch 6370, loss 7.182636
Epoch 6371, loss 7.127912
Epoch 6372, loss 7.089961
Epoch 6373, loss 7.084878
Epoch 6374, loss 7.096916
Epoch 6375, loss 7.101223
Epoch 6376, loss 7.088625
Epoch 6377, loss 7.069308
Epoch 6378, loss 7.058214
Epoch 6379, loss 7.060316
Epoch 6380, loss 7.068853
Epoch 6381, loss 7.074590
Epoch 6382, loss 7.074004
Epoch 6383, loss 7.069883
Epoch 6384, loss 7.065663
Epoch 6385, loss 7.061697
Epoch 6386, loss 7.056074
Epoch 6387, loss 7.048474
Epoch 6388, loss 7.041418
Epoch 6389, loss 7.038094
Epoch 6390, loss 7.039032
Epoch 6391, loss 7.041462
Epoch 6392, loss 7.041804
Epoch 6393, loss 7.038828
Epoch 6394, loss 7.034444
Epoch 6395, loss 7.031720
Epoch 6396, loss 7.032151
Epoch 6397, loss 7.034593
Epoch 6398, loss 7.036535
Epoch 6399, loss 7.036257
Epoch 6400, loss 7.034019
Epoch 6401, loss 7.031389
Epoch 6402, loss 7.029793
Epoch 6403, loss 7.029443
Epoch 6404, loss 7.029542
Epoch 6405, loss 7.029157
Epoch 6406, loss 7.028013
Epoch 6407, loss 7.026505
Epoch 6408, loss 7.025215
Epoch 6409, loss 7.024375
Epoch 6410, loss 7.023814
Epoch 6411, loss 7.023228
Epoch 6412, loss 7.022507
Epoch 6413, loss 7.021795
Epoch 6414, loss 7.021311
Epoch 6415, loss 7.021120
Epoch 6416, loss 7.021102
Epoch 6417, loss 7.021072
Epoch 6418, loss 7.020985
Epoch 6419, loss 7.020981
Epoch 6420, loss 7.021341
Epoch 6421, loss 7.022302
Epoch 6422, loss 7.024021
Epoch 6423, loss 7.026555
Epoch 6424, loss 7.030064
Epoch 6425, loss 7.034828
Epoch 6426, loss 7.041490
Epoch 6427, loss 7.050840
Epoch 6428, loss 7.064218
Epoch 6429, loss 7.083068
Epoch 6430, loss 7.109990
Epoch 6431, loss 7.147743
Epoch 6432, loss 7.201745
Epoch 6433, loss 7.277159
Epoch 6434, loss 7.384796
Epoch 6435, loss 7.532322
Epoch 6436, loss 7.738471
Epoch 6437, loss 8.006476
Epoch 6438, loss 8.357916
Epoch 6439, loss 8.758704
Epoch 6440, loss 9.201756
Epoch 6441, loss 9.546509
Epoch 6442, loss 9.729067
Epoch 6443, loss 9.545594
Epoch 6444, loss 9.040962
Epoch 6445, loss 8.276177
Epoch 6446, loss 7.550326
Epoch 6447, loss 7.094918
Epoch 6448, loss 7.022404
Epoch 6449, loss 7.257115
Epoch 6450, loss 7.604929
Epoch 6451, loss 7.865663
Epoch 6452, loss 7.895547
Epoch 6453, loss 7.704709
Epoch 6454, loss 7.390259
Epoch 6455, loss 7.119257
Epoch 6456, loss 7.001692
Epoch 6457, loss 7.052612
Epoch 6458, loss 7.198523
Epoch 6459, loss 7.331784
Epoch 6460, loss 7.376419
Epoch 6461, loss 7.311278
Epoch 6462, loss 7.183521
Epoch 6463, loss 7.060102
Epoch 6464, loss 6.996870
Epoch 6465, loss 7.007151
Epoch 6466, loss 7.064645
Epoch 6467, loss 7.125258
Epoch 6468, loss 7.151818
Epoch 6469, loss 7.133491
Epoch 6470, loss 7.082588
Epoch 6471, loss 7.027224
Epoch 6472, loss 6.991550
Epoch 6473, loss 6.985965
Epoch 6474, loss 7.004240
Epoch 6475, loss 7.030168
Epoch 6476, loss 7.047635
Epoch 6477, loss 7.047673
Epoch 6478, loss 7.031908
Epoch 6479, loss 7.008570
Epoch 6480, loss 6.988095
Epoch 6481, loss 6.977427
Epoch 6482, loss 6.977889
Epoch 6483, loss 6.985787
Epoch 6484, loss 6.995102
Epoch 6485, loss 7.000596
Epoch 6486, loss 6.999672
Epoch 6487, loss 6.993088
Epoch 6488, loss 6.983692
Epoch 6489, loss 6.974987
Epoch 6490, loss 6.969423
Epoch 6491, loss 6.967830
Epoch 6492, loss 6.969411
Epoch 6493, loss 6.972265
Epoch 6494, loss 6.974521
Epoch 6495, loss 6.974962
Epoch 6496, loss 6.973312
Epoch 6497, loss 6.970024
Epoch 6498, loss 6.966085
Epoch 6499, loss 6.962483
Epoch 6500, loss 6.959898
Epoch 6501, loss 6.958554
Epoch 6502, loss 6.958249
Epoch 6503, loss 6.958511
Epoch 6504, loss 6.958831
Epoch 6505, loss 6.958798
Epoch 6506, loss 6.958191
Epoch 6507, loss 6.957009
Epoch 6508, loss 6.955412
Epoch 6509, loss 6.953631
Epoch 6510, loss 6.951920
Epoch 6511, loss 6.950439
Epoch 6512, loss 6.949258
Epoch 6513, loss 6.948370
Epoch 6514, loss 6.947749
Epoch 6515, loss 6.947221
Epoch 6516, loss 6.946721
Epoch 6517, loss 6.946153
Epoch 6518, loss 6.945448
Epoch 6519, loss 6.944632
Epoch 6520, loss 6.943705
Epoch 6521, loss 6.942709
Epoch 6522, loss 6.941688
Epoch 6523, loss 6.940746
Epoch 6524, loss 6.939895
Epoch 6525, loss 6.939193
Epoch 6526, loss 6.938753
Epoch 6527, loss 6.938619
Epoch 6528, loss 6.938933
Epoch 6529, loss 6.939968
Epoch 6530, loss 6.942075
Epoch 6531, loss 6.945883
Epoch 6532, loss 6.952428
Epoch 6533, loss 6.963391
Epoch 6534, loss 6.981554
Epoch 6535, loss 7.011364
Epoch 6536, loss 7.060312
Epoch 6537, loss 7.139623
Epoch 6538, loss 7.268007
Epoch 6539, loss 7.469373
Epoch 6540, loss 7.779372
Epoch 6541, loss 8.218830
Epoch 6542, loss 8.793839
Epoch 6543, loss 9.382644
Epoch 6544, loss 9.785154
Epoch 6545, loss 9.645385
Epoch 6546, loss 8.901470
Epoch 6547, loss 7.851900
Epoch 6548, loss 7.128651
Epoch 6549, loss 7.090618
Epoch 6550, loss 7.560280
Epoch 6551, loss 8.031016
Epoch 6552, loss 8.052923
Epoch 6553, loss 7.623728
Epoch 6554, loss 7.113044
Epoch 6555, loss 6.937152
Epoch 6556, loss 7.143930
Epoch 6557, loss 7.435923
Epoch 6558, loss 7.501266
Epoch 6559, loss 7.285568
Epoch 6560, loss 7.019855
Epoch 6561, loss 6.940366
Epoch 6562, loss 7.065059
Epoch 6563, loss 7.213466
Epoch 6564, loss 7.216168
Epoch 6565, loss 7.079499
Epoch 6566, loss 6.945374
Epoch 6567, loss 6.930063
Epoch 6568, loss 7.012358
Epoch 6569, loss 7.080034
Epoch 6570, loss 7.057975
Epoch 6571, loss 6.972309
Epoch 6572, loss 6.909037
Epoch 6573, loss 6.916760
Epoch 6574, loss 6.967054
Epoch 6575, loss 6.996721
Epoch 6576, loss 6.974487
Epoch 6577, loss 6.926169
Epoch 6578, loss 6.898078
Epoch 6579, loss 6.908920
Epoch 6580, loss 6.937519
Epoch 6581, loss 6.950204
Epoch 6582, loss 6.935195
Epoch 6583, loss 6.908804
Epoch 6584, loss 6.895047
Epoch 6585, loss 6.901551
Epoch 6586, loss 6.915893
Epoch 6587, loss 6.921190
Epoch 6588, loss 6.912128
Epoch 6589, loss 6.897822
Epoch 6590, loss 6.890307
Epoch 6591, loss 6.893436
Epoch 6592, loss 6.900987
Epoch 6593, loss 6.904251
Epoch 6594, loss 6.900215
Epoch 6595, loss 6.893061
Epoch 6596, loss 6.889154
Epoch 6597, loss 6.891228
Epoch 6598, loss 6.896826
Epoch 6599, loss 6.901659
Epoch 6600, loss 6.903465
Epoch 6601, loss 6.904211
Epoch 6602, loss 6.907439
Epoch 6603, loss 6.915976
Epoch 6604, loss 6.930094
Epoch 6605, loss 6.949238
Epoch 6606, loss 6.973369
Epoch 6607, loss 7.005676
Epoch 6608, loss 7.050662
Epoch 6609, loss 7.116337
Epoch 6610, loss 7.207482
Epoch 6611, loss 7.336472
Epoch 6612, loss 7.504950
Epoch 6613, loss 7.734041
Epoch 6614, loss 8.009965
Epoch 6615, loss 8.349810
Epoch 6616, loss 8.704848
Epoch 6617, loss 9.072856
Epoch 6618, loss 9.275804
Epoch 6619, loss 9.252144
Epoch 6620, loss 8.893459
Epoch 6621, loss 8.318744
Epoch 6622, loss 7.659360
Epoch 6623, loss 7.249628
Epoch 6624, loss 7.080389
Epoch 6625, loss 7.294975
Epoch 6626, loss 7.636023
Epoch 6627, loss 7.891376
Epoch 6628, loss 7.952879
Epoch 6629, loss 7.789656
Epoch 6630, loss 7.513716
Epoch 6631, loss 7.245038
Epoch 6632, loss 7.083749
Epoch 6633, loss 7.076185
Epoch 6634, loss 7.190988
Epoch 6635, loss 7.333115
Epoch 6636, loss 7.406719
Epoch 6637, loss 7.368588
Epoch 6638, loss 7.227238
Epoch 6639, loss 7.070744
Epoch 6640, loss 6.984101
Epoch 6641, loss 6.990343
Epoch 6642, loss 7.058689
Epoch 6643, loss 7.134915
Epoch 6644, loss 7.162466
Epoch 6645, loss 7.130487
Epoch 6646, loss 7.065859
Epoch 6647, loss 7.006031
Epoch 6648, loss 6.973641
Epoch 6649, loss 6.975035
Epoch 6650, loss 6.996945
Epoch 6651, loss 7.020237
Epoch 6652, loss 7.030462
Epoch 6653, loss 7.023844
Epoch 6654, loss 7.002162
Epoch 6655, loss 6.975986
Epoch 6656, loss 6.956536
Epoch 6657, loss 6.949226
Epoch 6658, loss 6.954186
Epoch 6659, loss 6.966553
Epoch 6660, loss 6.976418
Epoch 6661, loss 6.977509
Epoch 6662, loss 6.969619
Epoch 6663, loss 6.956486
Epoch 6664, loss 6.943929
Epoch 6665, loss 6.936409
Epoch 6666, loss 6.935567
Epoch 6667, loss 6.938680
Epoch 6668, loss 6.942541
Epoch 6669, loss 6.944460
Epoch 6670, loss 6.943147
Epoch 6671, loss 6.939067
Epoch 6672, loss 6.933795
Epoch 6673, loss 6.928728
Epoch 6674, loss 6.924911
Epoch 6675, loss 6.922996
Epoch 6676, loss 6.922729
Epoch 6677, loss 6.923267
Epoch 6678, loss 6.923901
Epoch 6679, loss 6.923859
Epoch 6680, loss 6.922685
Epoch 6681, loss 6.920494
Epoch 6682, loss 6.917831
Epoch 6683, loss 6.915280
Epoch 6684, loss 6.913197
Epoch 6685, loss 6.911836
Epoch 6686, loss 6.911079
Epoch 6687, loss 6.910621
Epoch 6688, loss 6.910213
Epoch 6689, loss 6.909697
Epoch 6690, loss 6.908966
Epoch 6691, loss 6.908069
Epoch 6692, loss 6.907084
Epoch 6693, loss 6.906077
Epoch 6694, loss 6.905147
Epoch 6695, loss 6.904443
Epoch 6696, loss 6.904082
Epoch 6697, loss 6.904195
Epoch 6698, loss 6.904927
Epoch 6699, loss 6.906482
Epoch 6700, loss 6.909076
Epoch 6701, loss 6.913101
Epoch 6702, loss 6.919154
Epoch 6703, loss 6.928200
Epoch 6704, loss 6.941643
Epoch 6705, loss 6.961697
Epoch 6706, loss 6.991392
Epoch 6707, loss 7.035448
Epoch 6708, loss 7.099872
Epoch 6709, loss 7.193821
Epoch 6710, loss 7.326741
Epoch 6711, loss 7.511664
Epoch 6712, loss 7.752270
Epoch 6713, loss 8.048686
Epoch 6714, loss 8.359481
Epoch 6715, loss 8.630026
Epoch 6716, loss 8.742062
Epoch 6717, loss 8.635472
Epoch 6718, loss 8.278221
Epoch 6719, loss 7.799169
Epoch 6720, loss 7.353231
Epoch 6721, loss 7.090108
Epoch 6722, loss 7.045603
Epoch 6723, loss 7.159674
Epoch 6724, loss 7.317064
Epoch 6725, loss 7.411903
Epoch 6726, loss 7.393124
Epoch 6727, loss 7.277291
Epoch 6728, loss 7.133580
Epoch 6729, loss 7.029319
Epoch 6730, loss 6.998463
Epoch 6731, loss 7.024864
Epoch 6732, loss 7.067342
Epoch 6733, loss 7.086690
Epoch 6734, loss 7.070947
Epoch 6735, loss 7.032493
Epoch 6736, loss 6.993544
Epoch 6737, loss 6.968447
Epoch 6738, loss 6.956368
Epoch 6739, loss 6.948938
Epoch 6740, loss 6.938841
Epoch 6741, loss 6.926942
Epoch 6742, loss 6.918784
Epoch 6743, loss 6.918828
Epoch 6744, loss 6.925641
Epoch 6745, loss 6.932662
Epoch 6746, loss 6.933081
Epoch 6747, loss 6.923715
Epoch 6748, loss 6.907178
Epoch 6749, loss 6.889536
Epoch 6750, loss 6.877071
Epoch 6751, loss 6.873038
Epoch 6752, loss 6.876553
Epoch 6753, loss 6.883645
Epoch 6754, loss 6.889322
Epoch 6755, loss 6.890050
Epoch 6756, loss 6.884860
Epoch 6757, loss 6.875748
Epoch 6758, loss 6.866227
Epoch 6759, loss 6.859679
Epoch 6760, loss 6.857761
Epoch 6761, loss 6.859895
Epoch 6762, loss 6.863902
Epoch 6763, loss 6.867255
Epoch 6764, loss 6.868270
Epoch 6765, loss 6.866609
Epoch 6766, loss 6.863193
Epoch 6767, loss 6.859392
Epoch 6768, loss 6.856381
Epoch 6769, loss 6.854681
Epoch 6770, loss 6.854171
Epoch 6771, loss 6.854341
Epoch 6772, loss 6.854656
Epoch 6773, loss 6.854755
Epoch 6774, loss 6.854542
Epoch 6775, loss 6.854125
Epoch 6776, loss 6.853730
Epoch 6777, loss 6.853575
Epoch 6778, loss 6.853835
Epoch 6779, loss 6.854612
Epoch 6780, loss 6.855973
Epoch 6781, loss 6.857971
Epoch 6782, loss 6.860772
Epoch 6783, loss 6.864604
Epoch 6784, loss 6.869986
Epoch 6785, loss 6.877547
Epoch 6786, loss 6.888387
Epoch 6787, loss 6.903683
Epoch 6788, loss 6.925502
Epoch 6789, loss 6.955967
Epoch 6790, loss 6.999110
Epoch 6791, loss 7.058687
Epoch 6792, loss 7.142539
Epoch 6793, loss 7.256351
Epoch 6794, loss 7.413587
Epoch 6795, loss 7.617588
Epoch 6796, loss 7.884383
Epoch 6797, loss 8.194398
Epoch 6798, loss 8.546509
Epoch 6799, loss 8.852650
Epoch 6800, loss 9.071179
Epoch 6801, loss 9.052893
Epoch 6802, loss 8.800350
Epoch 6803, loss 8.297300
Epoch 6804, loss 7.722297
Epoch 6805, loss 7.230700
Epoch 6806, loss 6.963175
Epoch 6807, loss 6.940151
Epoch 6808, loss 7.087489
Epoch 6809, loss 7.285848
Epoch 6810, loss 7.422644
Epoch 6811, loss 7.447011
Epoch 6812, loss 7.355760
Epoch 6813, loss 7.207376
Epoch 6814, loss 7.059761
Epoch 6815, loss 6.961489
Epoch 6816, loss 6.924196
Epoch 6817, loss 6.933231
Epoch 6818, loss 6.962090
Epoch 6819, loss 6.986758
Epoch 6820, loss 6.995885
Epoch 6821, loss 6.986577
Epoch 6822, loss 6.964545
Epoch 6823, loss 6.934552
Epoch 6824, loss 6.901584
Epoch 6825, loss 6.869069
Epoch 6826, loss 6.843545
Epoch 6827, loss 6.831077
Epoch 6828, loss 6.832375
Epoch 6829, loss 6.842853
Epoch 6830, loss 6.854561
Epoch 6831, loss 6.860233
Epoch 6832, loss 6.855435
Epoch 6833, loss 6.840543
Epoch 6834, loss 6.818654
Epoch 6835, loss 6.796191
Epoch 6836, loss 6.780843
Epoch 6837, loss 6.776356
Epoch 6838, loss 6.780748
Epoch 6839, loss 6.789129
Epoch 6840, loss 6.796423
Epoch 6841, loss 6.799434
Epoch 6842, loss 6.796296
Epoch 6843, loss 6.787165
Epoch 6844, loss 6.776365
Epoch 6845, loss 6.766730
Epoch 6846, loss 6.759886
Epoch 6847, loss 6.757150
Epoch 6848, loss 6.758188
Epoch 6849, loss 6.760549
Epoch 6850, loss 6.762867
Epoch 6851, loss 6.763991
Epoch 6852, loss 6.763007
Epoch 6853, loss 6.760304
Epoch 6854, loss 6.757039
Epoch 6855, loss 6.753355
Epoch 6856, loss 6.750274
Epoch 6857, loss 6.747975
Epoch 6858, loss 6.746216
Epoch 6859, loss 6.745208
Epoch 6860, loss 6.744397
Epoch 6861, loss 6.743652
Epoch 6862, loss 6.742868
Epoch 6863, loss 6.741893
Epoch 6864, loss 6.740952
Epoch 6865, loss 6.739983
Epoch 6866, loss 6.739104
Epoch 6867, loss 6.738276
Epoch 6868, loss 6.737474
Epoch 6869, loss 6.736623
Epoch 6870, loss 6.735716
Epoch 6871, loss 6.734708
Epoch 6872, loss 6.733606
Epoch 6873, loss 6.732434
Epoch 6874, loss 6.731215
Epoch 6875, loss 6.730006
Epoch 6876, loss 6.728847
Epoch 6877, loss 6.727784
Epoch 6878, loss 6.726829
Epoch 6879, loss 6.725951
Epoch 6880, loss 6.725139
Epoch 6881, loss 6.724382
Epoch 6882, loss 6.723681
Epoch 6883, loss 6.723003
Epoch 6884, loss 6.722349
Epoch 6885, loss 6.721718
Epoch 6886, loss 6.721138
Epoch 6887, loss 6.720660
Epoch 6888, loss 6.720360
Epoch 6889, loss 6.720370
Epoch 6890, loss 6.720894
Epoch 6891, loss 6.722293
Epoch 6892, loss 6.725209
Epoch 6893, loss 6.730755
Epoch 6894, loss 6.740879
Epoch 6895, loss 6.758953
Epoch 6896, loss 6.791100
Epoch 6897, loss 6.847621
Epoch 6898, loss 6.947429
Epoch 6899, loss 7.118662
Epoch 6900, loss 7.411056
Epoch 6901, loss 7.880292
Epoch 6902, loss 8.601014
Epoch 6903, loss 9.507593
Epoch 6904, loss 10.412869
Epoch 6905, loss 10.900804
Epoch 6906, loss 10.719569
Epoch 6907, loss 9.743926
Epoch 6908, loss 8.738156
Epoch 6909, loss 8.362227
Epoch 6910, loss 8.579346
Epoch 6911, loss 8.682648
Epoch 6912, loss 8.321781
Epoch 6913, loss 7.904785
Epoch 6914, loss 7.882448
Epoch 6915, loss 8.048813
Epoch 6916, loss 7.866905
Epoch 6917, loss 7.316058
Epoch 6918, loss 7.024085
Epoch 6919, loss 7.300154
Epoch 6920, loss 7.664929
Epoch 6921, loss 7.554667
Epoch 6922, loss 7.131722
Epoch 6923, loss 6.971802
Epoch 6924, loss 7.181744
Epoch 6925, loss 7.341493
Epoch 6926, loss 7.182750
Epoch 6927, loss 6.944616
Epoch 6928, loss 6.923294
Epoch 6929, loss 7.037832
Epoch 6930, loss 7.038724
Epoch 6931, loss 6.925814
Epoch 6932, loss 6.893296
Epoch 6933, loss 6.970190
Epoch 6934, loss 6.996344
Epoch 6935, loss 6.912488
Epoch 6936, loss 6.844818
Epoch 6937, loss 6.875871
Epoch 6938, loss 6.925598
Epoch 6939, loss 6.897904
Epoch 6940, loss 6.827854
Epoch 6941, loss 6.808178
Epoch 6942, loss 6.843008
Epoch 6943, loss 6.861119
Epoch 6944, loss 6.834585
Epoch 6945, loss 6.808957
Epoch 6946, loss 6.816799
Epoch 6947, loss 6.831913
Epoch 6948, loss 6.823159
Epoch 6949, loss 6.803860
Epoch 6950, loss 6.801973
Epoch 6951, loss 6.813551
Epoch 6952, loss 6.813470
Epoch 6953, loss 6.796467
Epoch 6954, loss 6.783549
Epoch 6955, loss 6.787610
Epoch 6956, loss 6.796047
Epoch 6957, loss 6.792827
Epoch 6958, loss 6.782020
Epoch 6959, loss 6.777318
Epoch 6960, loss 6.780890
Epoch 6961, loss 6.783193
Epoch 6962, loss 6.779713
Epoch 6963, loss 6.775727
Epoch 6964, loss 6.775961
Epoch 6965, loss 6.777690
Epoch 6966, loss 6.776184
Epoch 6967, loss 6.772311
Epoch 6968, loss 6.770666
Epoch 6969, loss 6.772328
Epoch 6970, loss 6.773679
Epoch 6971, loss 6.771962
Epoch 6972, loss 6.768893
Epoch 6973, loss 6.767645
Epoch 6974, loss 6.768438
Epoch 6975, loss 6.769068
Epoch 6976, loss 6.768317
Epoch 6977, loss 6.767229
Epoch 6978, loss 6.767185
Epoch 6979, loss 6.767987
Epoch 6980, loss 6.768647
Epoch 6981, loss 6.769115
Epoch 6982, loss 6.770432
Epoch 6983, loss 6.773225
Epoch 6984, loss 6.777179
Epoch 6985, loss 6.781947
Epoch 6986, loss 6.788319
Epoch 6987, loss 6.797695
Epoch 6988, loss 6.811623
Epoch 6989, loss 6.831107
Epoch 6990, loss 6.858271
Epoch 6991, loss 6.895771
Epoch 6992, loss 6.949126
Epoch 6993, loss 7.023242
Epoch 6994, loss 7.127836
Epoch 6995, loss 7.269330
Epoch 6996, loss 7.463819
Epoch 6997, loss 7.712989
Epoch 6998, loss 8.032801
Epoch 6999, loss 8.390478
Epoch 7000, loss 8.773882
Epoch 7001, loss 9.063712
Epoch 7002, loss 9.204304
Epoch 7003, loss 9.036985
Epoch 7004, loss 8.600870
Epoch 7005, loss 7.947697
Epoch 7006, loss 7.314992
Epoch 7007, loss 6.887800
Epoch 7008, loss 6.769333
Epoch 7009, loss 6.917334
Epoch 7010, loss 7.193227
Epoch 7011, loss 7.439598
Epoch 7012, loss 7.530123
Epoch 7013, loss 7.442466
Epoch 7014, loss 7.216939
Epoch 7015, loss 6.970718
Epoch 7016, loss 6.805007
Epoch 7017, loss 6.769409
Epoch 7018, loss 6.840867
Epoch 7019, loss 6.951016
Epoch 7020, loss 7.029372
Epoch 7021, loss 7.034141
Epoch 7022, loss 6.971753
Epoch 7023, loss 6.877172
Epoch 7024, loss 6.796787
Epoch 7025, loss 6.758211
Epoch 7026, loss 6.764765
Epoch 7027, loss 6.798198
Epoch 7028, loss 6.832248
Epoch 7029, loss 6.846909
Epoch 7030, loss 6.835200
Epoch 7031, loss 6.805082
Epoch 7032, loss 6.770990
Epoch 7033, loss 6.746975
Epoch 7034, loss 6.739299
Epoch 7035, loss 6.745700
Epoch 7036, loss 6.758037
Epoch 7037, loss 6.767421
Epoch 7038, loss 6.768311
Epoch 7039, loss 6.760158
Epoch 7040, loss 6.746800
Epoch 7041, loss 6.733447
Epoch 7042, loss 6.724471
Epoch 7043, loss 6.721544
Epoch 7044, loss 6.723636
Epoch 7045, loss 6.727906
Epoch 7046, loss 6.731218
Epoch 7047, loss 6.731469
Epoch 7048, loss 6.728169
Epoch 7049, loss 6.722389
Epoch 7050, loss 6.715836
Epoch 7051, loss 6.710199
Epoch 7052, loss 6.706608
Epoch 7053, loss 6.705330
Epoch 7054, loss 6.705892
Epoch 7055, loss 6.707312
Epoch 7056, loss 6.708522
Epoch 7057, loss 6.708748
Epoch 7058, loss 6.707624
Epoch 7059, loss 6.705275
Epoch 7060, loss 6.702196
Epoch 7061, loss 6.698942
Epoch 7062, loss 6.696054
Epoch 7063, loss 6.693825
Epoch 7064, loss 6.692337
Epoch 7065, loss 6.691481
Epoch 7066, loss 6.691055
Epoch 7067, loss 6.690823
Epoch 7068, loss 6.690539
Epoch 7069, loss 6.690030
Epoch 7070, loss 6.689221
Epoch 7071, loss 6.688134
Epoch 7072, loss 6.686845
Epoch 7073, loss 6.685425
Epoch 7074, loss 6.683963
Epoch 7075, loss 6.682550
Epoch 7076, loss 6.681252
Epoch 7077, loss 6.680077
Epoch 7078, loss 6.679024
Epoch 7079, loss 6.678087
Epoch 7080, loss 6.677250
Epoch 7081, loss 6.676482
Epoch 7082, loss 6.675742
Epoch 7083, loss 6.674999
Epoch 7084, loss 6.674243
Epoch 7085, loss 6.673442
Epoch 7086, loss 6.672606
Epoch 7087, loss 6.671752
Epoch 7088, loss 6.670897
Epoch 7089, loss 6.670043
Epoch 7090, loss 6.669184
Epoch 7091, loss 6.668315
Epoch 7092, loss 6.667442
Epoch 7093, loss 6.666571
Epoch 7094, loss 6.665709
Epoch 7095, loss 6.664861
Epoch 7096, loss 6.664024
Epoch 7097, loss 6.663201
Epoch 7098, loss 6.662390
Epoch 7099, loss 6.661585
Epoch 7100, loss 6.660792
Epoch 7101, loss 6.660006
Epoch 7102, loss 6.659238
Epoch 7103, loss 6.658499
Epoch 7104, loss 6.657791
Epoch 7105, loss 6.657142
Epoch 7106, loss 6.656574
Epoch 7107, loss 6.656129
Epoch 7108, loss 6.655854
Epoch 7109, loss 6.655820
Epoch 7110, loss 6.656133
Epoch 7111, loss 6.657007
Epoch 7112, loss 6.658812
Epoch 7113, loss 6.661944
Epoch 7114, loss 6.667064
Epoch 7115, loss 6.675308
Epoch 7116, loss 6.688431
Epoch 7117, loss 6.708902
Epoch 7118, loss 6.741201
Epoch 7119, loss 6.791168
Epoch 7120, loss 6.869390
Epoch 7121, loss 6.988517
Epoch 7122, loss 7.171976
Epoch 7123, loss 7.439261
Epoch 7124, loss 7.827709
Epoch 7125, loss 8.328063
Epoch 7126, loss 8.940022
Epoch 7127, loss 9.483060
Epoch 7128, loss 9.814950
Epoch 7129, loss 9.598926
Epoch 7130, loss 8.903119
Epoch 7131, loss 7.935635
Epoch 7132, loss 7.224617
Epoch 7133, loss 7.056636
Epoch 7134, loss 7.371895
Epoch 7135, loss 7.822765
Epoch 7136, loss 8.017265
Epoch 7137, loss 7.805762
Epoch 7138, loss 7.324288
Epoch 7139, loss 6.909363
Epoch 7140, loss 6.783325
Epoch 7141, loss 6.917889
Epoch 7142, loss 7.108335
Epoch 7143, loss 7.156657
Epoch 7144, loss 7.031855
Epoch 7145, loss 6.846404
Epoch 7146, loss 6.745261
Epoch 7147, loss 6.774867
Epoch 7148, loss 6.865088
Epoch 7149, loss 6.912878
Epoch 7150, loss 6.868044
Epoch 7151, loss 6.772287
Epoch 7152, loss 6.698996
Epoch 7153, loss 6.688732
Epoch 7154, loss 6.720228
Epoch 7155, loss 6.742502
Epoch 7156, loss 6.726777
Epoch 7157, loss 6.685538
Epoch 7158, loss 6.653619
Epoch 7159, loss 6.650899
Epoch 7160, loss 6.667401
Epoch 7161, loss 6.678418
Epoch 7162, loss 6.669139
Epoch 7163, loss 6.647205
Epoch 7164, loss 6.630388
Epoch 7165, loss 6.629281
Epoch 7166, loss 6.638313
Epoch 7167, loss 6.643860
Epoch 7168, loss 6.637321
Epoch 7169, loss 6.621234
Epoch 7170, loss 6.607026
Epoch 7171, loss 6.602349
Epoch 7172, loss 6.606716
Epoch 7173, loss 6.612746
Epoch 7174, loss 6.612845
Epoch 7175, loss 6.610860
Epoch 7176, loss 6.595142
Epoch 7177, loss 6.589072
Epoch 7178, loss 6.600443
Epoch 7179, loss 6.602297
Epoch 7180, loss 6.607304
Epoch 7181, loss 6.625820
Epoch 7182, loss 6.642867
Epoch 7183, loss 6.640548
Epoch 7184, loss 6.625844
Epoch 7185, loss 6.611736
Epoch 7186, loss 7.493779
Epoch 7187, loss 10.667581
Epoch 7188, loss 14.704202
Epoch 7189, loss 17.232946
Epoch 7190, loss 14.016369
Epoch 7191, loss 9.023308
Epoch 7192, loss 8.782680
Epoch 7193, loss 11.144294
Epoch 7194, loss 11.571741
Epoch 7195, loss 9.113196
Epoch 7196, loss 7.826329
Epoch 7197, loss 9.436599
Epoch 7198, loss 9.706742
Epoch 7199, loss 8.317020
Epoch 7200, loss 8.078181
Epoch 7201, loss 8.772996
Epoch 7202, loss 8.434719
Epoch 7203, loss 7.502266
Epoch 7204, loss 7.787770
Epoch 7205, loss 8.087354
Epoch 7206, loss 7.524578
Epoch 7207, loss 7.421517
Epoch 7208, loss 7.688199
Epoch 7209, loss 7.428544
Epoch 7210, loss 7.069102
Epoch 7211, loss 7.338066
Epoch 7212, loss 7.449527
Epoch 7213, loss 7.004634
Epoch 7214, loss 6.992940
Epoch 7215, loss 7.289640
Epoch 7216, loss 7.106258
Epoch 7217, loss 6.804233
Epoch 7218, loss 6.992548
Epoch 7219, loss 7.136706
Epoch 7220, loss 6.886558
Epoch 7221, loss 6.808735
Epoch 7222, loss 6.963424
Epoch 7223, loss 6.926593
Epoch 7224, loss 6.785447
Epoch 7225, loss 6.837961
Epoch 7226, loss 6.891439
Epoch 7227, loss 6.803994
Epoch 7228, loss 6.773238
Epoch 7229, loss 6.814409
Epoch 7230, loss 6.801505
Epoch 7231, loss 6.762696
Epoch 7232, loss 6.770453
Epoch 7233, loss 6.783981
Epoch 7234, loss 6.753085
Epoch 7235, loss 6.745706
Epoch 7236, loss 6.752622
Epoch 7237, loss 6.740437
Epoch 7238, loss 6.731558
Epoch 7239, loss 6.738132
Epoch 7240, loss 6.737266
Epoch 7241, loss 6.720911
Epoch 7242, loss 6.716435
Epoch 7243, loss 6.724784
Epoch 7244, loss 6.720191
Epoch 7245, loss 6.707863
Epoch 7246, loss 6.707869
Epoch 7247, loss 6.714618
Epoch 7248, loss 6.708601
Epoch 7249, loss 6.699287
Epoch 7250, loss 6.701726
Epoch 7251, loss 6.703624
Epoch 7252, loss 6.698460
Epoch 7253, loss 6.694389
Epoch 7254, loss 6.696434
Epoch 7255, loss 6.696336
Epoch 7256, loss 6.691141
Epoch 7257, loss 6.689637
Epoch 7258, loss 6.690931
Epoch 7259, loss 6.689185
Epoch 7260, loss 6.686209
Epoch 7261, loss 6.685914
Epoch 7262, loss 6.686168
Epoch 7263, loss 6.683647
Epoch 7264, loss 6.682269
Epoch 7265, loss 6.682366
Epoch 7266, loss 6.680926
Epoch 7267, loss 6.679034
Epoch 7268, loss 6.679058
Epoch 7269, loss 6.678873
Epoch 7270, loss 6.676860
Epoch 7271, loss 6.675552
Epoch 7272, loss 6.675631
Epoch 7273, loss 6.674911
Epoch 7274, loss 6.673236
Epoch 7275, loss 6.672387
Epoch 7276, loss 6.672245
Epoch 7277, loss 6.671330
Epoch 7278, loss 6.670009
Epoch 7279, loss 6.669376
Epoch 7280, loss 6.668875
Epoch 7281, loss 6.667854
Epoch 7282, loss 6.666807
Epoch 7283, loss 6.666212
Epoch 7284, loss 6.665541
Epoch 7285, loss 6.664581
Epoch 7286, loss 6.663775
Epoch 7287, loss 6.663102
Epoch 7288, loss 6.662293
Epoch 7289, loss 6.661428
Epoch 7290, loss 6.660695
Epoch 7291, loss 6.659972
Epoch 7292, loss 6.659136
Epoch 7293, loss 6.658331
Epoch 7294, loss 6.657624
Epoch 7295, loss 6.656891
Epoch 7296, loss 6.656082
Epoch 7297, loss 6.655291
Epoch 7298, loss 6.654567
Epoch 7299, loss 6.653835
Epoch 7300, loss 6.653047
Epoch 7301, loss 6.652274
Epoch 7302, loss 6.651539
Epoch 7303, loss 6.650809
Epoch 7304, loss 6.650051
Epoch 7305, loss 6.649295
Epoch 7306, loss 6.648570
Epoch 7307, loss 6.647848
Epoch 7308, loss 6.647110
Epoch 7309, loss 6.646367
Epoch 7310, loss 6.645638
Epoch 7311, loss 6.644919
Epoch 7312, loss 6.644185
Epoch 7313, loss 6.643442
Epoch 7314, loss 6.642696
Epoch 7315, loss 6.641960
Epoch 7316, loss 6.641223
Epoch 7317, loss 6.640482
Epoch 7318, loss 6.639741
Epoch 7319, loss 6.639001
Epoch 7320, loss 6.638260
Epoch 7321, loss 6.637521
Epoch 7322, loss 6.636785
Epoch 7323, loss 6.636050
Epoch 7324, loss 6.635311
Epoch 7325, loss 6.634570
Epoch 7326, loss 6.633832
Epoch 7327, loss 6.633093
Epoch 7328, loss 6.632350
Epoch 7329, loss 6.631605
Epoch 7330, loss 6.630865
Epoch 7331, loss 6.630125
Epoch 7332, loss 6.629380
Epoch 7333, loss 6.628639
Epoch 7334, loss 6.627901
Epoch 7335, loss 6.627161
Epoch 7336, loss 6.626421
Epoch 7337, loss 6.625684
Epoch 7338, loss 6.624946
Epoch 7339, loss 6.624209
Epoch 7340, loss 6.623471
Epoch 7341, loss 6.622732
Epoch 7342, loss 6.621987
Epoch 7343, loss 6.621240
Epoch 7344, loss 6.620491
Epoch 7345, loss 6.619746
Epoch 7346, loss 6.619002
Epoch 7347, loss 6.618251
Epoch 7348, loss 6.617503
Epoch 7349, loss 6.616763
Epoch 7350, loss 6.616022
Epoch 7351, loss 6.615280
Epoch 7352, loss 6.614545
Epoch 7353, loss 6.613818
Epoch 7354, loss 6.613094
Epoch 7355, loss 6.612383
Epoch 7356, loss 6.611695
Epoch 7357, loss 6.611037
Epoch 7358, loss 6.610425
Epoch 7359, loss 6.609890
Epoch 7360, loss 6.609480
Epoch 7361, loss 6.609272
Epoch 7362, loss 6.609427
Epoch 7363, loss 6.610149
Epoch 7364, loss 6.611861
Epoch 7365, loss 6.615116
Epoch 7366, loss 6.621168
Epoch 7367, loss 6.631713
Epoch 7368, loss 6.650913
Epoch 7369, loss 6.682881
Epoch 7370, loss 6.739025
Epoch 7371, loss 6.828933
Epoch 7372, loss 6.980686
Epoch 7373, loss 7.216531
Epoch 7374, loss 7.599463
Epoch 7375, loss 8.153700
Epoch 7376, loss 8.954379
Epoch 7377, loss 9.911476
Epoch 7378, loss 10.942249
Epoch 7379, loss 11.489988
Epoch 7380, loss 11.226599
Epoch 7381, loss 9.848579
Epoch 7382, loss 8.085790
Epoch 7383, loss 6.826455
Epoch 7384, loss 6.694374
Epoch 7385, loss 7.464330
Epoch 7386, loss 8.474000
Epoch 7387, loss 9.330772
Epoch 7388, loss 9.089627
Epoch 7389, loss 7.926681
Epoch 7390, loss 6.974893
Epoch 7391, loss 7.044255
Epoch 7392, loss 7.677901
Epoch 7393, loss 8.017758
Epoch 7394, loss 7.846831
Epoch 7395, loss 7.374201
Epoch 7396, loss 6.984627
Epoch 7397, loss 6.945897
Epoch 7398, loss 7.219667
Epoch 7399, loss 7.476449
Epoch 7400, loss 7.357896
Epoch 7401, loss 6.994417
Epoch 7402, loss 6.817646
Epoch 7403, loss 6.935084
Epoch 7404, loss 7.104900
Epoch 7405, loss 7.120989
Epoch 7406, loss 7.004934
Epoch 7407, loss 6.874199
Epoch 7408, loss 6.818210
Epoch 7409, loss 6.867687
Epoch 7410, loss 6.950207
Epoch 7411, loss 6.965079
Epoch 7412, loss 6.880355
Epoch 7413, loss 6.788007
Epoch 7414, loss 6.788518
Epoch 7415, loss 6.848217
Epoch 7416, loss 6.876543
Epoch 7417, loss 6.846913
Epoch 7418, loss 6.802968
Epoch 7419, loss 6.781192
Epoch 7420, loss 6.783667
Epoch 7421, loss 6.801275
Epoch 7422, loss 6.814378
Epoch 7423, loss 6.805411
Epoch 7424, loss 6.779511
Epoch 7425, loss 6.761316
Epoch 7426, loss 6.766642
Epoch 7427, loss 6.782209
Epoch 7428, loss 6.785324
Epoch 7429, loss 6.773951
Epoch 7430, loss 6.761883
Epoch 7431, loss 6.757058
Epoch 7432, loss 6.758184
Epoch 7433, loss 6.761967
Epoch 7434, loss 6.764491
Epoch 7435, loss 6.761439
Epoch 7436, loss 6.753958
Epoch 7437, loss 6.748466
Epoch 7438, loss 6.748965
Epoch 7439, loss 6.752419
Epoch 7440, loss 6.753166
Epoch 7441, loss 6.750048
Epoch 7442, loss 6.746214
Epoch 7443, loss 6.744224
Epoch 7444, loss 6.743566
Epoch 7445, loss 6.743501
Epoch 7446, loss 6.743677
Epoch 7447, loss 6.743146
Epoch 7448, loss 6.741283
Epoch 7449, loss 6.738969
Epoch 7450, loss 6.737665
Epoch 7451, loss 6.737541
Epoch 7452, loss 6.737547
Epoch 7453, loss 6.736801
Epoch 7454, loss 6.735487
Epoch 7455, loss 6.734216
Epoch 7456, loss 6.733210
Epoch 7457, loss 6.732347
Epoch 7458, loss 6.731688
Epoch 7459, loss 6.731187
Epoch 7460, loss 6.730489
Epoch 7461, loss 6.729466
Epoch 7462, loss 6.728359
Epoch 7463, loss 6.727496
Epoch 7464, loss 6.726839
Epoch 7465, loss 6.726181
Epoch 7466, loss 6.725408
Epoch 7467, loss 6.724574
Epoch 7468, loss 6.723756
Epoch 7469, loss 6.722920
Epoch 7470, loss 6.722071
Epoch 7471, loss 6.721268
Epoch 7472, loss 6.720538
Epoch 7473, loss 6.719813
Epoch 7474, loss 6.719031
Epoch 7475, loss 6.718211
Epoch 7476, loss 6.717427
Epoch 7477, loss 6.716675
Epoch 7478, loss 6.715938
Epoch 7479, loss 6.715196
Epoch 7480, loss 6.714447
Epoch 7481, loss 6.713704
Epoch 7482, loss 6.712950
Epoch 7483, loss 6.712185
Epoch 7484, loss 6.711420
Epoch 7485, loss 6.710672
Epoch 7486, loss 6.709928
Epoch 7487, loss 6.709170
Epoch 7488, loss 6.708394
Epoch 7489, loss 6.707609
Epoch 7490, loss 6.706828
Epoch 7491, loss 6.706050
Epoch 7492, loss 6.705270
Epoch 7493, loss 6.704490
Epoch 7494, loss 6.703713
Epoch 7495, loss 6.702935
Epoch 7496, loss 6.702152
Epoch 7497, loss 6.701361
Epoch 7498, loss 6.700569
Epoch 7499, loss 6.699777
Epoch 7500, loss 6.698986
Epoch 7501, loss 6.698192
Epoch 7502, loss 6.697396
Epoch 7503, loss 6.696596
Epoch 7504, loss 6.695793
Epoch 7505, loss 6.694984
Epoch 7506, loss 6.694166
Epoch 7507, loss 6.693342
Epoch 7508, loss 6.692503
Epoch 7509, loss 6.691652
Epoch 7510, loss 6.690799
Epoch 7511, loss 6.689960
Epoch 7512, loss 6.689125
Epoch 7513, loss 6.688278
Epoch 7514, loss 6.687426
Epoch 7515, loss 6.686556
Epoch 7516, loss 6.685679
Epoch 7517, loss 6.684786
Epoch 7518, loss 6.683888
Epoch 7519, loss 6.682991
Epoch 7520, loss 6.682086
Epoch 7521, loss 6.681166
Epoch 7522, loss 6.680232
Epoch 7523, loss 6.679252
Epoch 7524, loss 6.678245
Epoch 7525, loss 6.677231
Epoch 7526, loss 6.676180
Epoch 7527, loss 6.675127
Epoch 7528, loss 6.674099
Epoch 7529, loss 6.673049
Epoch 7530, loss 6.671941
Epoch 7531, loss 6.670811
Epoch 7532, loss 6.669686
Epoch 7533, loss 6.668550
Epoch 7534, loss 6.667409
Epoch 7535, loss 6.666259
Epoch 7536, loss 6.665038
Epoch 7537, loss 6.663704
Epoch 7538, loss 6.662235
Epoch 7539, loss 6.660839
Epoch 7540, loss 6.659487
Epoch 7541, loss 6.657733
Epoch 7542, loss 6.656116
Epoch 7543, loss 6.654414
Epoch 7544, loss 6.652523
Epoch 7545, loss 6.650864
Epoch 7546, loss 6.649167
Epoch 7547, loss 6.647247
Epoch 7548, loss 6.645713
Epoch 7549, loss 6.644144
Epoch 7550, loss 6.643124
Epoch 7551, loss 6.652667
Epoch 7552, loss 6.691365
Epoch 7553, loss 6.737195
Epoch 7554, loss 6.783910
Epoch 7555, loss 6.822289
Epoch 7556, loss 6.876116
Epoch 7557, loss 6.945192
Epoch 7558, loss 7.037261
Epoch 7559, loss 7.151115
Epoch 7560, loss 7.280198
Epoch 7561, loss 7.411408
Epoch 7562, loss 7.539775
Epoch 7563, loss 7.634634
Epoch 7564, loss 7.663554
Epoch 7565, loss 7.586609
Epoch 7566, loss 7.414994
Epoch 7567, loss 7.179075
Epoch 7568, loss 6.945196
Epoch 7569, loss 6.771927
Epoch 7570, loss 6.694682
Epoch 7571, loss 6.711674
Epoch 7572, loss 6.790707
Epoch 7573, loss 6.884513
Epoch 7574, loss 6.946889
Epoch 7575, loss 6.953252
Epoch 7576, loss 6.906660
Epoch 7577, loss 6.831747
Epoch 7578, loss 6.758338
Epoch 7579, loss 6.708362
Epoch 7580, loss 6.690328
Epoch 7581, loss 6.699274
Epoch 7582, loss 6.723199
Epoch 7583, loss 6.746903
Epoch 7584, loss 6.758287
Epoch 7585, loss 6.750297
Epoch 7586, loss 6.726758
Epoch 7587, loss 6.696604
Epoch 7588, loss 6.671097
Epoch 7589, loss 6.656974
Epoch 7590, loss 6.655902
Epoch 7591, loss 6.664516
Epoch 7592, loss 6.677057
Epoch 7593, loss 6.687666
Epoch 7594, loss 6.692288
Epoch 7595, loss 6.689735
Epoch 7596, loss 6.682040
Epoch 7597, loss 6.673284
Epoch 7598, loss 6.667956
Epoch 7599, loss 6.668938
Epoch 7600, loss 6.677529
Epoch 7601, loss 6.693163
Epoch 7602, loss 6.715451
Epoch 7603, loss 6.743340
Epoch 7604, loss 6.778245
Epoch 7605, loss 6.820360
Epoch 7606, loss 6.874534
Epoch 7607, loss 6.942173
Epoch 7608, loss 7.032507
Epoch 7609, loss 7.145828
Epoch 7610, loss 7.294586
Epoch 7611, loss 7.470265
Epoch 7612, loss 7.683778
Epoch 7613, loss 7.901564
Epoch 7614, loss 8.122876
Epoch 7615, loss 8.271877
Epoch 7616, loss 8.337476
Epoch 7617, loss 8.232703
Epoch 7618, loss 7.988805
Epoch 7619, loss 7.608041
Epoch 7620, loss 7.201621
Epoch 7621, loss 6.855035
Epoch 7622, loss 6.649356
Epoch 7623, loss 6.604534
Epoch 7624, loss 6.689697
Epoch 7625, loss 6.841552
Epoch 7626, loss 6.987779
Epoch 7627, loss 7.076425
Epoch 7628, loss 7.074331
Epoch 7629, loss 6.993850
Epoch 7630, loss 6.861931
Epoch 7631, loss 6.727897
Epoch 7632, loss 6.629221
Epoch 7633, loss 6.587165
Epoch 7634, loss 6.599320
Epoch 7635, loss 6.646121
Epoch 7636, loss 6.701304
Epoch 7637, loss 6.740798
Epoch 7638, loss 6.752176
Epoch 7639, loss 6.732672
Epoch 7640, loss 6.692441
Epoch 7641, loss 6.644596
Epoch 7642, loss 6.603643
Epoch 7643, loss 6.578480
Epoch 7644, loss 6.571769
Epoch 7645, loss 6.580127
Epoch 7646, loss 6.596575
Epoch 7647, loss 6.613482
Epoch 7648, loss 6.624604
Epoch 7649, loss 6.627038
Epoch 7650, loss 6.620464
Epoch 7651, loss 6.607601
Epoch 7652, loss 6.591916
Epoch 7653, loss 6.577241
Epoch 7654, loss 6.566215
Epoch 7655, loss 6.560169
Epoch 7656, loss 6.558945
Epoch 7657, loss 6.561342
Epoch 7658, loss 6.565653
Epoch 7659, loss 6.570149
Epoch 7660, loss 6.573509
Epoch 7661, loss 6.574916
Epoch 7662, loss 6.574219
Epoch 7663, loss 6.571630
Epoch 7664, loss 6.567776
Epoch 7665, loss 6.563298
Epoch 7666, loss 6.558873
Epoch 7667, loss 6.554980
Epoch 7668, loss 6.551932
Epoch 7669, loss 6.549821
Epoch 7670, loss 6.548605
Epoch 7671, loss 6.548119
Epoch 7672, loss 6.548142
Epoch 7673, loss 6.548454
Epoch 7674, loss 6.548862
Epoch 7675, loss 6.549211
Epoch 7676, loss 6.549401
Epoch 7677, loss 6.549380
Epoch 7678, loss 6.549123
Epoch 7679, loss 6.548661
Epoch 7680, loss 6.548024
Epoch 7681, loss 6.547261
Epoch 7682, loss 6.546401
Epoch 7683, loss 6.545498
Epoch 7684, loss 6.544581
Epoch 7685, loss 6.543692
Epoch 7686, loss 6.542846
Epoch 7687, loss 6.542079
Epoch 7688, loss 6.541408
Epoch 7689, loss 6.540858
Epoch 7690, loss 6.540454
Epoch 7691, loss 6.540243
Epoch 7692, loss 6.540282
Epoch 7693, loss 6.540654
Epoch 7694, loss 6.541493
Epoch 7695, loss 6.543010
Epoch 7696, loss 6.545485
Epoch 7697, loss 6.549387
Epoch 7698, loss 6.555356
Epoch 7699, loss 6.564444
Epoch 7700, loss 6.578107
Epoch 7701, loss 6.598731
Epoch 7702, loss 6.629522
Epoch 7703, loss 6.675711
Epoch 7704, loss 6.743866
Epoch 7705, loss 6.844322
Epoch 7706, loss 6.987220
Epoch 7707, loss 7.186570
Epoch 7708, loss 7.443522
Epoch 7709, loss 7.753365
Epoch 7710, loss 8.061955
Epoch 7711, loss 8.305820
Epoch 7712, loss 8.369601
Epoch 7713, loss 8.225273
Epoch 7714, loss 7.883593
Epoch 7715, loss 7.480214
Epoch 7716, loss 7.127079
Epoch 7717, loss 6.915780
Epoch 7718, loss 6.863342
Epoch 7719, loss 6.946004
Epoch 7720, loss 7.101981
Epoch 7721, loss 7.260268
Epoch 7722, loss 7.342008
Epoch 7723, loss 7.305120
Epoch 7724, loss 7.143828
Epoch 7725, loss 6.927683
Epoch 7726, loss 6.745002
Epoch 7727, loss 6.667193
Epoch 7728, loss 6.696025
Epoch 7729, loss 6.775849
Epoch 7730, loss 6.831300
Epoch 7731, loss 6.814659
Epoch 7732, loss 6.729239
Epoch 7733, loss 6.621402
Epoch 7734, loss 6.549211
Epoch 7735, loss 6.543975
Epoch 7736, loss 6.594927
Epoch 7737, loss 6.660598
Epoch 7738, loss 6.699163
Epoch 7739, loss 6.690664
Epoch 7740, loss 6.647511
Epoch 7741, loss 6.597407
Epoch 7742, loss 6.566990
Epoch 7743, loss 6.564342
Epoch 7744, loss 6.580954
Epoch 7745, loss 6.599711
Epoch 7746, loss 6.608715
Epoch 7747, loss 6.605246
Epoch 7748, loss 6.596628
Epoch 7749, loss 6.591654
Epoch 7750, loss 6.597002
Epoch 7751, loss 6.613802
Epoch 7752, loss 6.641268
Epoch 7753, loss 6.677216
Epoch 7754, loss 6.721909
Epoch 7755, loss 6.774709
Epoch 7756, loss 6.838598
Epoch 7757, loss 6.913579
Epoch 7758, loss 7.005714
Epoch 7759, loss 7.113655
Epoch 7760, loss 7.244034
Epoch 7761, loss 7.385176
Epoch 7762, loss 7.536410
Epoch 7763, loss 7.664560
Epoch 7764, loss 7.759830
Epoch 7765, loss 7.774512
Epoch 7766, loss 7.709894
Epoch 7767, loss 7.541781
Epoch 7768, loss 7.310981
Epoch 7769, loss 7.044075
Epoch 7770, loss 6.802212
Epoch 7771, loss 6.621528
Epoch 7772, loss 6.526222
Epoch 7773, loss 6.512878
Epoch 7774, loss 6.560869
Epoch 7775, loss 6.639803
Epoch 7776, loss 6.718258
Epoch 7777, loss 6.772220
Epoch 7778, loss 6.785407
Epoch 7779, loss 6.757855
Epoch 7780, loss 6.696605
Epoch 7781, loss 6.620809
Epoch 7782, loss 6.548306
Epoch 7783, loss 6.495109
Epoch 7784, loss 6.468317
Epoch 7785, loss 6.467227
Epoch 7786, loss 6.484567
Epoch 7787, loss 6.510185
Epoch 7788, loss 6.534224
Epoch 7789, loss 6.549380
Epoch 7790, loss 6.552263
Epoch 7791, loss 6.542794
Epoch 7792, loss 6.524183
Epoch 7793, loss 6.500703
Epoch 7794, loss 6.477139
Epoch 7795, loss 6.457154
Epoch 7796, loss 6.443078
Epoch 7797, loss 6.435551
Epoch 7798, loss 6.433933
Epoch 7799, loss 6.436688
Epoch 7800, loss 6.441949
Epoch 7801, loss 6.447939
Epoch 7802, loss 6.453183
Epoch 7803, loss 6.456697
Epoch 7804, loss 6.457954
Epoch 7805, loss 6.456937
Epoch 7806, loss 6.453920
Epoch 7807, loss 6.449468
Epoch 7808, loss 6.444199
Epoch 7809, loss 6.438765
Epoch 7810, loss 6.433697
Epoch 7811, loss 6.429393
Epoch 7812, loss 6.426056
Epoch 7813, loss 6.423762
Epoch 7814, loss 6.422492
Epoch 7815, loss 6.422170
Epoch 7816, loss 6.422759
Epoch 7817, loss 6.424227
Epoch 7818, loss 6.426663
Epoch 7819, loss 6.430180
Epoch 7820, loss 6.435112
Epoch 7821, loss 6.441790
Epoch 7822, loss 6.450984
Epoch 7823, loss 6.463402
Epoch 7824, loss 6.480613
Epoch 7825, loss 6.504007
Epoch 7826, loss 6.536695
Epoch 7827, loss 6.581035
Epoch 7828, loss 6.642977
Epoch 7829, loss 6.725402
Epoch 7830, loss 6.838077
Epoch 7831, loss 6.980150
Epoch 7832, loss 7.162585
Epoch 7833, loss 7.364683
Epoch 7834, loss 7.585585
Epoch 7835, loss 7.756668
Epoch 7836, loss 7.858427
Epoch 7837, loss 7.797128
Epoch 7838, loss 7.600494
Epoch 7839, loss 7.275728
Epoch 7840, loss 6.948308
Epoch 7841, loss 6.705291
Epoch 7842, loss 6.612545
Epoch 7843, loss 6.657003
Epoch 7844, loss 6.775450
Epoch 7845, loss 6.885367
Epoch 7846, loss 6.917019
Epoch 7847, loss 6.850393
Epoch 7848, loss 6.705247
Epoch 7849, loss 6.546082
Epoch 7850, loss 6.433990
Epoch 7851, loss 6.401648
Epoch 7852, loss 6.438502
Epoch 7853, loss 6.504478
Epoch 7854, loss 6.555739
Epoch 7855, loss 6.564700
Epoch 7856, loss 6.532648
Epoch 7857, loss 6.476698
Epoch 7858, loss 6.425297
Epoch 7859, loss 6.398732
Epoch 7860, loss 6.402696
Epoch 7861, loss 6.427585
Epoch 7862, loss 6.455744
Epoch 7863, loss 6.472261
Epoch 7864, loss 6.469996
Epoch 7865, loss 6.453774
Epoch 7866, loss 6.429471
Epoch 7867, loss 6.407864
Epoch 7868, loss 6.396178
Epoch 7869, loss 6.397433
Epoch 7870, loss 6.408833
Epoch 7871, loss 6.424216
Epoch 7872, loss 6.437258
Epoch 7873, loss 6.444519
Epoch 7874, loss 6.445694
Epoch 7875, loss 6.443472
Epoch 7876, loss 6.441612
Epoch 7877, loss 6.444589
Epoch 7878, loss 6.455668
Epoch 7879, loss 6.478424
Epoch 7880, loss 6.513185
Epoch 7881, loss 6.565968
Epoch 7882, loss 6.627944
Epoch 7883, loss 6.697957
Epoch 7884, loss 6.771394
Epoch 7885, loss 6.863164
Epoch 7886, loss 6.967095
Epoch 7887, loss 7.106548
Epoch 7888, loss 7.249593
Epoch 7889, loss 7.397638
Epoch 7890, loss 7.520220
Epoch 7891, loss 7.626172
Epoch 7892, loss 7.655627
Epoch 7893, loss 7.620934
Epoch 7894, loss 7.469487
Epoch 7895, loss 7.232093
Epoch 7896, loss 6.940266
Epoch 7897, loss 6.672170
Epoch 7898, loss 6.469210
Epoch 7899, loss 6.370397
Epoch 7900, loss 6.360150
Epoch 7901, loss 6.409190
Epoch 7902, loss 6.482954
Epoch 7903, loss 6.558081
Epoch 7904, loss 6.624981
Epoch 7905, loss 6.729433
Epoch 7906, loss 6.822658
Epoch 7907, loss 6.892941
Epoch 7908, loss 6.843536
Epoch 7909, loss 6.738131
Epoch 7910, loss 6.625125
Epoch 7911, loss 6.533362
Epoch 7912, loss 6.559819
Epoch 7913, loss 6.725618
Epoch 7914, loss 6.927062
Epoch 7915, loss 7.103414
Epoch 7916, loss 7.138315
Epoch 7917, loss 7.027193
Epoch 7918, loss 6.825552
Epoch 7919, loss 6.625973
Epoch 7920, loss 6.541011
Epoch 7921, loss 6.549135
Epoch 7922, loss 6.580607
Epoch 7923, loss 6.608769
Epoch 7924, loss 6.620461
Epoch 7925, loss 6.610297
Epoch 7926, loss 6.601419
Epoch 7927, loss 6.594468
Epoch 7928, loss 6.583249
Epoch 7929, loss 6.540397
Epoch 7930, loss 6.492891
Epoch 7931, loss 6.458778
Epoch 7932, loss 6.452218
Epoch 7933, loss 6.462128
Epoch 7934, loss 6.479005
Epoch 7935, loss 6.492058
Epoch 7936, loss 6.482080
Epoch 7937, loss 6.462001
Epoch 7938, loss 6.439109
Epoch 7939, loss 6.428209
Epoch 7940, loss 6.420474
Epoch 7941, loss 6.414645
Epoch 7942, loss 6.406594
Epoch 7943, loss 6.397292
Epoch 7944, loss 6.386990
Epoch 7945, loss 6.380547
Epoch 7946, loss 6.377983
Epoch 7947, loss 6.375288
Epoch 7948, loss 6.367391
Epoch 7949, loss 6.352305
Epoch 7950, loss 6.331120
Epoch 7951, loss 6.309153
Epoch 7952, loss 6.372687
Epoch 7953, loss 7.039013
Epoch 7954, loss 8.200809
Epoch 7955, loss 9.418434
Epoch 7956, loss 9.482108
Epoch 7957, loss 8.592642
Epoch 7958, loss 7.621894
Epoch 7959, loss 7.336811
Epoch 7960, loss 7.684893
Epoch 7961, loss 7.892698
Epoch 7962, loss 7.451871
Epoch 7963, loss 6.851221
Epoch 7964, loss 6.793544
Epoch 7965, loss 7.207765
Epoch 7966, loss 7.401448
Epoch 7967, loss 7.064394
Epoch 7968, loss 6.639541
Epoch 7969, loss 6.625678
Epoch 7970, loss 6.902880
Epoch 7971, loss 7.015488
Epoch 7972, loss 6.795053
Epoch 7973, loss 6.517208
Epoch 7974, loss 6.536755
Epoch 7975, loss 6.722945
Epoch 7976, loss 6.766943
Epoch 7977, loss 6.607215
Epoch 7978, loss 6.472047
Epoch 7979, loss 6.520124
Epoch 7980, loss 6.603575
Epoch 7981, loss 6.581657
Epoch 7982, loss 6.489362
Epoch 7983, loss 6.456228
Epoch 7984, loss 6.508631
Epoch 7985, loss 6.551789
Epoch 7986, loss 6.510945
Epoch 7987, loss 6.441049
Epoch 7988, loss 6.422849
Epoch 7989, loss 6.464833
Epoch 7990, loss 6.489508
Epoch 7991, loss 6.460727
Epoch 7992, loss 6.424240
Epoch 7993, loss 6.423200
Epoch 7994, loss 6.443777
Epoch 7995, loss 6.446869
Epoch 7996, loss 6.425099
Epoch 7997, loss 6.407878
Epoch 7998, loss 6.412013
Epoch 7999, loss 6.425344
Epoch 8000, loss 6.425749
Epoch 8001, loss 6.410838
Epoch 8002, loss 6.399949
Epoch 8003, loss 6.403982
Epoch 8004, loss 6.411031
Epoch 8005, loss 6.408686
Epoch 8006, loss 6.397749
Epoch 8007, loss 6.391987
Epoch 8008, loss 6.394116
Epoch 8009, loss 6.397666
Epoch 8010, loss 6.395626
Epoch 8011, loss 6.389588
Epoch 8012, loss 6.385485
Epoch 8013, loss 6.385693
Epoch 8014, loss 6.386909
Epoch 8015, loss 6.384823
Epoch 8016, loss 6.380339
Epoch 8017, loss 6.376965
Epoch 8018, loss 6.376687
Epoch 8019, loss 6.376987
Epoch 8020, loss 6.375369
Epoch 8021, loss 6.372235
Epoch 8022, loss 6.369572
Epoch 8023, loss 6.368618
Epoch 8024, loss 6.368509
Epoch 8025, loss 6.367882
Epoch 8026, loss 6.366880
Epoch 8027, loss 6.366983
Epoch 8028, loss 6.369598
Epoch 8029, loss 6.374835
Epoch 8030, loss 6.383026
Epoch 8031, loss 6.395408
Epoch 8032, loss 6.414455
Epoch 8033, loss 6.443770
Epoch 8034, loss 6.488196
Epoch 8035, loss 6.554104
Epoch 8036, loss 6.655193
Epoch 8037, loss 6.811605
Epoch 8038, loss 7.027197
Epoch 8039, loss 7.300972
Epoch 8040, loss 7.661792
Epoch 8041, loss 8.096424
Epoch 8042, loss 8.551895
Epoch 8043, loss 8.869057
Epoch 8044, loss 8.982081
Epoch 8045, loss 8.708263
Epoch 8046, loss 8.127910
Epoch 8047, loss 7.370271
Epoch 8048, loss 6.732716
Epoch 8049, loss 6.414734
Epoch 8050, loss 6.449265
Epoch 8051, loss 6.712172
Epoch 8052, loss 6.976519
Epoch 8053, loss 7.090499
Epoch 8054, loss 7.003255
Epoch 8055, loss 6.785098
Epoch 8056, loss 6.552732
Epoch 8057, loss 6.415793
Epoch 8058, loss 6.406706
Epoch 8059, loss 6.478660
Epoch 8060, loss 6.557121
Epoch 8061, loss 6.572832
Epoch 8062, loss 6.519205
Epoch 8063, loss 6.426579
Epoch 8064, loss 6.347250
Epoch 8065, loss 6.318818
Epoch 8066, loss 6.340730
Epoch 8067, loss 6.383174
Epoch 8068, loss 6.409998
Epoch 8069, loss 6.402838
Epoch 8070, loss 6.364088
Epoch 8071, loss 6.314952
Epoch 8072, loss 6.280775
Epoch 8073, loss 6.271238
Epoch 8074, loss 6.288192
Epoch 8075, loss 6.311782
Epoch 8076, loss 6.329327
Epoch 8077, loss 6.322362
Epoch 8078, loss 6.295123
Epoch 8079, loss 6.270907
Epoch 8080, loss 6.276317
Epoch 8081, loss 6.286452
Epoch 8082, loss 6.301814
Epoch 8083, loss 6.304421
Epoch 8084, loss 6.301874
Epoch 8085, loss 6.303450
Epoch 8086, loss 6.346353
Epoch 8087, loss 6.376307
Epoch 8088, loss 6.405503
Epoch 8089, loss 6.372662
Epoch 8090, loss 6.322425
Epoch 8091, loss 6.348686
Epoch 8092, loss 6.810542
Epoch 8093, loss 7.329101
Epoch 8094, loss 7.767054
Epoch 8095, loss 7.496074
Epoch 8096, loss 6.928899
Epoch 8097, loss 6.646845
Epoch 8098, loss 6.742429
Epoch 8099, loss 6.928088
Epoch 8100, loss 6.917053
Epoch 8101, loss 6.741764
Epoch 8102, loss 6.649029
Epoch 8103, loss 6.732793
Epoch 8104, loss 6.773403
Epoch 8105, loss 6.687605
Epoch 8106, loss 6.546206
Epoch 8107, loss 6.524898
Epoch 8108, loss 6.624746
Epoch 8109, loss 6.672394
Epoch 8110, loss 6.610361
Epoch 8111, loss 6.487802
Epoch 8112, loss 6.434612
Epoch 8113, loss 6.494900
Epoch 8114, loss 6.559541
Epoch 8115, loss 6.549447
Epoch 8116, loss 6.483671
Epoch 8117, loss 6.437296
Epoch 8118, loss 6.457550
Epoch 8119, loss 6.486431
Epoch 8120, loss 6.482015
Epoch 8121, loss 6.455206
Epoch 8122, loss 6.433667
Epoch 8123, loss 6.442374
Epoch 8124, loss 6.450148
Epoch 8125, loss 6.440506
Epoch 8126, loss 6.422705
Epoch 8127, loss 6.413235
Epoch 8128, loss 6.424454
Epoch 8129, loss 6.436515
Epoch 8130, loss 6.432844
Epoch 8131, loss 6.417845
Epoch 8132, loss 6.405026
Epoch 8133, loss 6.406339
Epoch 8134, loss 6.414149
Epoch 8135, loss 6.416353
Epoch 8136, loss 6.411578
Epoch 8137, loss 6.403932
Epoch 8138, loss 6.400771
Epoch 8139, loss 6.402075
Epoch 8140, loss 6.402886
Epoch 8141, loss 6.400168
Epoch 8142, loss 6.396155
Epoch 8143, loss 6.394242
Epoch 8144, loss 6.395459
Epoch 8145, loss 6.396052
Epoch 8146, loss 6.393904
Epoch 8147, loss 6.390484
Epoch 8148, loss 6.387963
Epoch 8149, loss 6.387833
Epoch 8150, loss 6.388737
Epoch 8151, loss 6.388504
Epoch 8152, loss 6.386783
Epoch 8153, loss 6.384344
Epoch 8154, loss 6.382657
Epoch 8155, loss 6.382128
Epoch 8156, loss 6.381575
Epoch 8157, loss 6.380645
Epoch 8158, loss 6.379187
Epoch 8159, loss 6.377820
Epoch 8160, loss 6.376983
Epoch 8161, loss 6.376316
Epoch 8162, loss 6.375540
Epoch 8163, loss 6.374417
Epoch 8164, loss 6.373208
Epoch 8165, loss 6.372352
Epoch 8166, loss 6.371995
Epoch 8167, loss 6.371971
Epoch 8168, loss 6.372186
Epoch 8169, loss 6.372634
Epoch 8170, loss 6.373704
Epoch 8171, loss 6.375857
Epoch 8172, loss 6.379707
Epoch 8173, loss 6.386046
Epoch 8174, loss 6.395981
Epoch 8175, loss 6.411173
Epoch 8176, loss 6.434616
Epoch 8177, loss 6.469907
Epoch 8178, loss 6.523187
Epoch 8179, loss 6.601654
Epoch 8180, loss 6.717859
Epoch 8181, loss 6.884363
Epoch 8182, loss 7.122644
Epoch 8183, loss 7.441432
Epoch 8184, loss 7.856923
Epoch 8185, loss 8.324412
Epoch 8186, loss 8.798979
Epoch 8187, loss 9.106028
Epoch 8188, loss 9.134868
Epoch 8189, loss 9.344202
Epoch 8190, loss 11.159660
Epoch 8191, loss 12.433077
Epoch 8192, loss 11.961404
Epoch 8193, loss 9.178780
Epoch 8194, loss 7.646216
Epoch 8195, loss 8.564408
Epoch 8196, loss 9.299219
Epoch 8197, loss 8.629933
Epoch 8198, loss 7.765131
Epoch 8199, loss 7.950284
Epoch 8200, loss 8.266799
Epoch 8201, loss 7.568836
Epoch 8202, loss 6.932331
Epoch 8203, loss 7.418574
Epoch 8204, loss 7.814589
Epoch 8205, loss 7.238067
Epoch 8206, loss 6.675271
Epoch 8207, loss 7.040906
Epoch 8208, loss 7.326034
Epoch 8209, loss 6.884606
Epoch 8210, loss 6.607887
Epoch 8211, loss 6.850967
Epoch 8212, loss 6.975647
Epoch 8213, loss 6.679260
Epoch 8214, loss 6.560511
Epoch 8215, loss 6.742453
Epoch 8216, loss 6.741127
Epoch 8217, loss 6.559865
Epoch 8218, loss 6.520754
Epoch 8219, loss 6.631699
Epoch 8220, loss 6.598672
Epoch 8221, loss 6.480514
Epoch 8222, loss 6.513424
Epoch 8223, loss 6.578130
Epoch 8224, loss 6.504164
Epoch 8225, loss 6.423411
Epoch 8226, loss 6.466619
Epoch 8227, loss 6.521814
Epoch 8228, loss 6.469789
Epoch 8229, loss 6.424075
Epoch 8230, loss 6.440879
Epoch 8231, loss 6.454750
Epoch 8232, loss 6.429045
Epoch 8233, loss 6.420150
Epoch 8234, loss 6.434031
Epoch 8235, loss 6.427374
Epoch 8236, loss 6.402336
Epoch 8237, loss 6.402538
Epoch 8238, loss 6.419128
Epoch 8239, loss 6.416328
Epoch 8240, loss 6.394652
Epoch 8241, loss 6.389366
Epoch 8242, loss 6.400203
Epoch 8243, loss 6.398954
Epoch 8244, loss 6.390404
Epoch 8245, loss 6.388530
Epoch 8246, loss 6.390725
Epoch 8247, loss 6.384985
Epoch 8248, loss 6.393068
Epoch 8249, loss 6.387361
Epoch 8250, loss 6.390262
Epoch 8251, loss 6.384954
Epoch 8252, loss 6.380086
Epoch 8253, loss 6.380616
Epoch 8254, loss 6.381917
Epoch 8255, loss 6.380986
Epoch 8256, loss 6.378807
Epoch 8257, loss 6.377251
Epoch 8258, loss 6.376766
Epoch 8259, loss 6.375950
Epoch 8260, loss 6.374749
Epoch 8261, loss 6.374294
Epoch 8262, loss 6.373962
Epoch 8263, loss 6.372291
Epoch 8264, loss 6.371026
Epoch 8265, loss 6.370909
Epoch 8266, loss 6.371150
Epoch 8267, loss 6.369823
Epoch 8268, loss 6.368480
Epoch 8269, loss 6.367751
Epoch 8270, loss 6.367517
Epoch 8271, loss 6.367128
Epoch 8272, loss 6.366449
Epoch 8273, loss 6.365637
Epoch 8274, loss 6.364887
Epoch 8275, loss 6.364151
Epoch 8276, loss 6.363523
Epoch 8277, loss 6.363013
Epoch 8278, loss 6.362628
Epoch 8279, loss 6.362056
Epoch 8280, loss 6.361150
Epoch 8281, loss 6.360353
Epoch 8282, loss 6.359837
Epoch 8283, loss 6.359417
Epoch 8284, loss 6.358820
Epoch 8285, loss 6.358155
Epoch 8286, loss 6.357576
Epoch 8287, loss 6.356992
Epoch 8288, loss 6.356384
Epoch 8289, loss 6.355792
Epoch 8290, loss 6.355269
Epoch 8291, loss 6.354732
Epoch 8292, loss 6.354126
Epoch 8293, loss 6.353476
Epoch 8294, loss 6.352867
Epoch 8295, loss 6.352321
Epoch 8296, loss 6.351761
Epoch 8297, loss 6.351137
Epoch 8298, loss 6.350507
Epoch 8299, loss 6.349918
Epoch 8300, loss 6.349330
Epoch 8301, loss 6.348713
Epoch 8302, loss 6.348108
Epoch 8303, loss 6.347531
Epoch 8304, loss 6.346944
Epoch 8305, loss 6.346335
Epoch 8306, loss 6.345728
Epoch 8307, loss 6.345135
Epoch 8308, loss 6.344555
Epoch 8309, loss 6.343967
Epoch 8310, loss 6.343369
Epoch 8311, loss 6.342767
Epoch 8312, loss 6.342171
Epoch 8313, loss 6.341573
Epoch 8314, loss 6.340969
Epoch 8315, loss 6.340365
Epoch 8316, loss 6.339775
Epoch 8317, loss 6.339184
Epoch 8318, loss 6.338586
Epoch 8319, loss 6.337988
Epoch 8320, loss 6.337400
Epoch 8321, loss 6.336816
Epoch 8322, loss 6.336230
Epoch 8323, loss 6.335642
Epoch 8324, loss 6.335060
Epoch 8325, loss 6.334482
Epoch 8326, loss 6.333908
Epoch 8327, loss 6.333333
Epoch 8328, loss 6.332757
Epoch 8329, loss 6.332177
Epoch 8330, loss 6.331593
Epoch 8331, loss 6.331009
Epoch 8332, loss 6.330422
Epoch 8333, loss 6.329821
Epoch 8334, loss 6.329212
Epoch 8335, loss 6.328616
Epoch 8336, loss 6.328043
Epoch 8337, loss 6.327473
Epoch 8338, loss 6.326935
Epoch 8339, loss 6.326432
Epoch 8340, loss 6.325962
Epoch 8341, loss 6.325559
Epoch 8342, loss 6.325269
Epoch 8343, loss 6.325177
Epoch 8344, loss 6.325392
Epoch 8345, loss 6.326100
Epoch 8346, loss 6.327615
Epoch 8347, loss 6.330397
Epoch 8348, loss 6.335242
Epoch 8349, loss 6.343427
Epoch 8350, loss 6.357052
Epoch 8351, loss 6.379495
Epoch 8352, loss 6.416564
Epoch 8353, loss 6.477146
Epoch 8354, loss 6.576679
Epoch 8355, loss 6.736964
Epoch 8356, loss 6.994963
Epoch 8357, loss 7.390459
Epoch 8358, loss 7.981708
Epoch 8359, loss 8.760608
Epoch 8360, loss 9.677368
Epoch 8361, loss 10.384347
Epoch 8362, loss 10.544349
Epoch 8363, loss 9.748850
Epoch 8364, loss 8.371550
Epoch 8365, loss 7.108116
Epoch 8366, loss 6.621821
Epoch 8367, loss 6.903787
Epoch 8368, loss 7.443300
Epoch 8369, loss 7.713054
Epoch 8370, loss 7.512027
Epoch 8371, loss 7.087173
Epoch 8372, loss 6.772304
Epoch 8373, loss 6.718928
Epoch 8374, loss 6.814977
Epoch 8375, loss 6.872588
Epoch 8376, loss 6.814996
Epoch 8377, loss 6.690345
Epoch 8378, loss 6.594005
Epoch 8379, loss 6.564040
Epoch 8380, loss 6.574544
Epoch 8381, loss 6.581495
Epoch 8382, loss 6.559139
Epoch 8383, loss 6.510620
Epoch 8384, loss 6.454659
Epoch 8385, loss 6.415790
Epoch 8386, loss 6.409186
Epoch 8387, loss 6.427414
Epoch 8388, loss 6.443690
Epoch 8389, loss 6.430339
Epoch 8390, loss 6.385784
Epoch 8391, loss 6.338279
Epoch 8392, loss 6.320442
Epoch 8393, loss 6.338865
Epoch 8394, loss 6.367253
Epoch 8395, loss 6.372528
Epoch 8396, loss 6.344945
Epoch 8397, loss 6.305751
Epoch 8398, loss 6.285041
Epoch 8399, loss 6.293571
Epoch 8400, loss 6.315435
Epoch 8401, loss 6.325518
Epoch 8402, loss 6.313266
Epoch 8403, loss 6.289249
Epoch 8404, loss 6.272764
Epoch 8405, loss 6.273391
Epoch 8406, loss 6.284543
Epoch 8407, loss 6.292112
Epoch 8408, loss 6.287867
Epoch 8409, loss 6.275630
Epoch 8410, loss 6.265284
Epoch 8411, loss 6.263476
Epoch 8412, loss 6.268359
Epoch 8413, loss 6.272560
Epoch 8414, loss 6.271035
Epoch 8415, loss 6.264224
Epoch 8416, loss 6.257113
Epoch 8417, loss 6.254101
Epoch 8418, loss 6.255713
Epoch 8419, loss 6.258690
Epoch 8420, loss 6.259589
Epoch 8421, loss 6.257054
Epoch 8422, loss 6.252310
Epoch 8423, loss 6.247903
Epoch 8424, loss 6.245685
Epoch 8425, loss 6.245570
Epoch 8426, loss 6.246145
Epoch 8427, loss 6.246451
Epoch 8428, loss 6.245767
Epoch 8429, loss 6.244033
Epoch 8430, loss 6.241751
Epoch 8431, loss 6.239701
Epoch 8432, loss 6.238772
Epoch 8433, loss 6.242157
Epoch 8434, loss 6.242623
Epoch 8435, loss 6.247159
Epoch 8436, loss 6.264990
Epoch 8437, loss 6.338170
Epoch 8438, loss 6.394653
Epoch 8439, loss 6.421500
Epoch 8440, loss 6.427135
Epoch 8441, loss 6.428404
Epoch 8442, loss 6.431642
Epoch 8443, loss 6.427014
Epoch 8444, loss 6.416966
Epoch 8445, loss 6.402996
Epoch 8446, loss 6.387659
Epoch 8447, loss 6.373591
Epoch 8448, loss 6.358657
Epoch 8449, loss 6.344869
Epoch 8450, loss 6.336702
Epoch 8451, loss 6.333960
Epoch 8452, loss 6.332847
Epoch 8453, loss 6.328594
Epoch 8454, loss 6.319758
Epoch 8455, loss 6.307708
Epoch 8456, loss 6.293413
Epoch 8457, loss 6.276161
Epoch 8458, loss 6.250858
Epoch 8459, loss 8.321448
Epoch 8460, loss 18.713733
Epoch 8461, loss 29.023912
Epoch 8462, loss 25.158362
Epoch 8463, loss 13.806810
Epoch 8464, loss 15.199876
Epoch 8465, loss 19.536670
Epoch 8466, loss 11.807477
Epoch 8467, loss 12.724780
Epoch 8468, loss 14.361289
Epoch 8469, loss 10.481237
Epoch 8470, loss 11.428424
Epoch 8471, loss 11.960263
Epoch 8472, loss 8.897042
Epoch 8473, loss 10.215919
Epoch 8474, loss 10.233702
Epoch 8475, loss 8.179833
Epoch 8476, loss 9.619389
Epoch 8477, loss 8.272251
Epoch 8478, loss 8.440205
Epoch 8479, loss 8.360369
Epoch 8480, loss 7.724270
Epoch 8481, loss 8.181510
Epoch 8482, loss 7.378084
Epoch 8483, loss 7.680334
Epoch 8484, loss 7.563738
Epoch 8485, loss 7.116862
Epoch 8486, loss 7.421676
Epoch 8487, loss 7.033434
Epoch 8488, loss 7.138894
Epoch 8489, loss 7.031987
Epoch 8490, loss 6.865378
Epoch 8491, loss 6.984618
Epoch 8492, loss 6.735268
Epoch 8493, loss 6.907021
Epoch 8494, loss 6.691944
Epoch 8495, loss 6.686827
Epoch 8496, loss 6.771743
Epoch 8497, loss 6.569991
Epoch 8498, loss 6.677043
Epoch 8499, loss 6.593804
Epoch 8500, loss 6.555055
Epoch 8501, loss 6.593152
Epoch 8502, loss 6.536875
Epoch 8503, loss 6.503784
Epoch 8504, loss 6.549374
Epoch 8505, loss 6.468645
Epoch 8506, loss 6.494073
Epoch 8507, loss 6.505621
Epoch 8508, loss 6.420610
Epoch 8509, loss 6.489010
Epoch 8510, loss 6.454034
Epoch 8511, loss 6.414755
Epoch 8512, loss 6.471249
Epoch 8513, loss 6.405703
Epoch 8514, loss 6.431455
Epoch 8515, loss 6.432306
Epoch 8516, loss 6.395267
Epoch 8517, loss 6.430608
Epoch 8518, loss 6.396204
Epoch 8519, loss 6.406864
Epoch 8520, loss 6.406999
Epoch 8521, loss 6.389967
Epoch 8522, loss 6.402211
Epoch 8523, loss 6.391123
Epoch 8524, loss 6.389832
Epoch 8525, loss 6.392266
Epoch 8526, loss 6.384967
Epoch 8527, loss 6.385180
Epoch 8528, loss 6.385558
Epoch 8529, loss 6.380474
Epoch 8530, loss 6.381655
Epoch 8531, loss 6.379770
Epoch 8532, loss 6.376857
Epoch 8533, loss 6.378238
Epoch 8534, loss 6.375785
Epoch 8535, loss 6.373510
Epoch 8536, loss 6.375976
Epoch 8537, loss 6.371020
Epoch 8538, loss 6.372592
Epoch 8539, loss 6.371639
Epoch 8540, loss 6.369484
Epoch 8541, loss 6.370020
Epoch 8542, loss 6.368262
Epoch 8543, loss 6.368322
Epoch 8544, loss 6.367021
Epoch 8545, loss 6.366552
Epoch 8546, loss 6.366049
Epoch 8547, loss 6.364726
Epoch 8548, loss 6.364974
Epoch 8549, loss 6.363700
Epoch 8550, loss 6.363133
Epoch 8551, loss 6.362993
Epoch 8552, loss 6.361681
Epoch 8553, loss 6.361743
Epoch 8554, loss 6.361019
Epoch 8555, loss 6.360231
Epoch 8556, loss 6.360110
Epoch 8557, loss 6.359322
Epoch 8558, loss 6.358892
Epoch 8559, loss 6.358505
Epoch 8560, loss 6.357869
Epoch 8561, loss 6.357382
Epoch 8562, loss 6.356973
Epoch 8563, loss 6.356394
Epoch 8564, loss 6.355906
Epoch 8565, loss 6.355456
Epoch 8566, loss 6.354837
Epoch 8567, loss 6.354465
Epoch 8568, loss 6.353880
Epoch 8569, loss 6.353368
Epoch 8570, loss 6.352961
Epoch 8571, loss 6.352339
Epoch 8572, loss 6.351897
Epoch 8573, loss 6.351443
Epoch 8574, loss 6.350847
Epoch 8575, loss 6.350448
Epoch 8576, loss 6.349907
Epoch 8577, loss 6.349395
Epoch 8578, loss 6.348955
Epoch 8579, loss 6.348404
Epoch 8580, loss 6.347925
Epoch 8581, loss 6.347429
Epoch 8582, loss 6.346910
Epoch 8583, loss 6.346412
Epoch 8584, loss 6.345912
Epoch 8585, loss 6.345397
Epoch 8586, loss 6.344890
Epoch 8587, loss 6.344387
Epoch 8588, loss 6.343872
Epoch 8589, loss 6.343362
Epoch 8590, loss 6.342854
Epoch 8591, loss 6.342336
Epoch 8592, loss 6.341822
Epoch 8593, loss 6.341304
Epoch 8594, loss 6.340786
Epoch 8595, loss 6.340269
Epoch 8596, loss 6.339746
Epoch 8597, loss 6.339229
Epoch 8598, loss 6.338705
Epoch 8599, loss 6.338181
Epoch 8600, loss 6.337660
Epoch 8601, loss 6.337133
Epoch 8602, loss 6.336613
Epoch 8603, loss 6.336087
Epoch 8604, loss 6.335561
Epoch 8605, loss 6.335037
Epoch 8606, loss 6.334509
Epoch 8607, loss 6.333984
Epoch 8608, loss 6.333457
Epoch 8609, loss 6.332929
Epoch 8610, loss 6.332404
Epoch 8611, loss 6.331876
Epoch 8612, loss 6.331349
Epoch 8613, loss 6.330824
Epoch 8614, loss 6.330295
Epoch 8615, loss 6.329769
Epoch 8616, loss 6.329242
Epoch 8617, loss 6.328712
Epoch 8618, loss 6.328182
Epoch 8619, loss 6.327652
Epoch 8620, loss 6.327119
Epoch 8621, loss 6.326587
Epoch 8622, loss 6.326054
Epoch 8623, loss 6.325520
Epoch 8624, loss 6.324987
Epoch 8625, loss 6.324453
Epoch 8626, loss 6.323918
Epoch 8627, loss 6.323384
Epoch 8628, loss 6.322850
Epoch 8629, loss 6.322315
Epoch 8630, loss 6.321780
Epoch 8631, loss 6.321245
Epoch 8632, loss 6.320710
Epoch 8633, loss 6.320175
Epoch 8634, loss 6.319640
Epoch 8635, loss 6.319106
Epoch 8636, loss 6.318572
Epoch 8637, loss 6.318037
Epoch 8638, loss 6.317501
Epoch 8639, loss 6.316962
Epoch 8640, loss 6.316423
Epoch 8641, loss 6.315885
Epoch 8642, loss 6.315346
Epoch 8643, loss 6.314807
Epoch 8644, loss 6.314269
Epoch 8645, loss 6.313731
Epoch 8646, loss 6.313192
Epoch 8647, loss 6.312654
Epoch 8648, loss 6.312115
Epoch 8649, loss 6.311574
Epoch 8650, loss 6.311033
Epoch 8651, loss 6.310492
Epoch 8652, loss 6.309951
Epoch 8653, loss 6.309409
Epoch 8654, loss 6.308866
Epoch 8655, loss 6.308322
Epoch 8656, loss 6.307777
Epoch 8657, loss 6.307231
Epoch 8658, loss 6.306684
Epoch 8659, loss 6.306136
Epoch 8660, loss 6.305586
Epoch 8661, loss 6.305035
Epoch 8662, loss 6.304481
Epoch 8663, loss 6.303926
Epoch 8664, loss 6.303373
Epoch 8665, loss 6.302818
Epoch 8666, loss 6.302263
Epoch 8667, loss 6.301707
Epoch 8668, loss 6.301145
Epoch 8669, loss 6.300573
Epoch 8670, loss 6.299994
Epoch 8671, loss 6.299412
Epoch 8672, loss 6.298828
Epoch 8673, loss 6.298244
Epoch 8674, loss 6.297655
Epoch 8675, loss 6.297056
Epoch 8676, loss 6.296455
Epoch 8677, loss 6.295852
Epoch 8678, loss 6.295246
Epoch 8679, loss 6.294634
Epoch 8680, loss 6.294018
Epoch 8681, loss 6.293395
Epoch 8682, loss 6.292772
Epoch 8683, loss 6.292148
Epoch 8684, loss 6.291525
Epoch 8685, loss 6.290901
Epoch 8686, loss 6.290278
Epoch 8687, loss 6.289650
Epoch 8688, loss 6.289018
Epoch 8689, loss 6.288383
Epoch 8690, loss 6.287749
Epoch 8691, loss 6.287106
Epoch 8692, loss 6.286457
Epoch 8693, loss 6.285806
Epoch 8694, loss 6.285150
Epoch 8695, loss 6.284495
Epoch 8696, loss 6.283842
Epoch 8697, loss 6.283193
Epoch 8698, loss 6.282545
Epoch 8699, loss 6.281897
Epoch 8700, loss 6.281248
Epoch 8701, loss 6.280601
Epoch 8702, loss 6.279954
Epoch 8703, loss 6.279308
Epoch 8704, loss 6.278663
Epoch 8705, loss 6.278016
Epoch 8706, loss 6.277375
Epoch 8707, loss 6.276741
Epoch 8708, loss 6.276108
Epoch 8709, loss 6.275477
Epoch 8710, loss 6.274847
Epoch 8711, loss 6.274220
Epoch 8712, loss 6.273589
Epoch 8713, loss 6.272960
Epoch 8714, loss 6.272338
Epoch 8715, loss 6.271720
Epoch 8716, loss 6.271108
Epoch 8717, loss 6.270498
Epoch 8718, loss 6.269889
Epoch 8719, loss 6.269285
Epoch 8720, loss 6.268682
Epoch 8721, loss 6.268082
Epoch 8722, loss 6.267486
Epoch 8723, loss 6.266892
Epoch 8724, loss 6.266298
Epoch 8725, loss 6.265707
Epoch 8726, loss 6.265116
Epoch 8727, loss 6.264522
Epoch 8728, loss 6.263932
Epoch 8729, loss 6.263343
Epoch 8730, loss 6.262758
Epoch 8731, loss 6.262175
Epoch 8732, loss 6.261591
Epoch 8733, loss 6.261004
Epoch 8734, loss 6.260414
Epoch 8735, loss 6.259825
Epoch 8736, loss 6.259237
Epoch 8737, loss 6.258650
Epoch 8738, loss 6.258061
Epoch 8739, loss 6.257475
Epoch 8740, loss 6.256892
Epoch 8741, loss 6.256317
Epoch 8742, loss 6.255742
Epoch 8743, loss 6.255171
Epoch 8744, loss 6.254596
Epoch 8745, loss 6.254021
Epoch 8746, loss 6.253442
Epoch 8747, loss 6.252866
Epoch 8748, loss 6.252292
Epoch 8749, loss 6.251721
Epoch 8750, loss 6.251151
Epoch 8751, loss 6.250589
Epoch 8752, loss 6.250035
Epoch 8753, loss 6.249483
Epoch 8754, loss 6.248922
Epoch 8755, loss 6.248358
Epoch 8756, loss 6.247796
Epoch 8757, loss 6.247238
Epoch 8758, loss 6.246682
Epoch 8759, loss 6.246125
Epoch 8760, loss 6.245572
Epoch 8761, loss 6.245023
Epoch 8762, loss 6.244479
Epoch 8763, loss 6.243942
Epoch 8764, loss 6.243411
Epoch 8765, loss 6.242880
Epoch 8766, loss 6.242350
Epoch 8767, loss 6.241825
Epoch 8768, loss 6.241297
Epoch 8769, loss 6.240767
Epoch 8770, loss 6.240236
Epoch 8771, loss 6.239705
Epoch 8772, loss 6.239176
Epoch 8773, loss 6.238646
Epoch 8774, loss 6.238116
Epoch 8775, loss 6.237586
Epoch 8776, loss 6.237060
Epoch 8777, loss 6.236535
Epoch 8778, loss 6.236013
Epoch 8779, loss 6.235494
Epoch 8780, loss 6.234977
Epoch 8781, loss 6.234463
Epoch 8782, loss 6.233951
Epoch 8783, loss 6.233445
Epoch 8784, loss 6.232954
Epoch 8785, loss 6.232475
Epoch 8786, loss 6.232031
Epoch 8787, loss 6.231650
Epoch 8788, loss 6.231373
Epoch 8789, loss 6.231273
Epoch 8790, loss 6.231484
Epoch 8791, loss 6.232237
Epoch 8792, loss 6.233933
Epoch 8793, loss 6.237293
Epoch 8794, loss 6.243581
Epoch 8795, loss 6.255119
Epoch 8796, loss 6.275952
Epoch 8797, loss 6.313664
Epoch 8798, loss 6.381174
Epoch 8799, loss 6.503173
Epoch 8800, loss 6.718933
Epoch 8801, loss 7.103413
Epoch 8802, loss 7.751902
Epoch 8803, loss 8.828841
Epoch 8804, loss 10.362781
Epoch 8805, loss 12.311164
Epoch 8806, loss 13.714101
Epoch 8807, loss 13.750230
Epoch 8808, loss 11.498473
Epoch 8809, loss 8.585113
Epoch 8810, loss 6.955552
Epoch 8811, loss 7.389507
Epoch 8812, loss 8.648242
Epoch 8813, loss 9.125378
Epoch 8814, loss 8.761141
Epoch 8815, loss 7.915510
Epoch 8816, loss 7.312827
Epoch 8817, loss 7.337812
Epoch 8818, loss 7.489667
Epoch 8819, loss 7.451383
Epoch 8820, loss 7.345170
Epoch 8821, loss 7.201497
Epoch 8822, loss 6.933890
Epoch 8823, loss 6.773434
Epoch 8824, loss 6.837191
Epoch 8825, loss 6.934052
Epoch 8826, loss 6.899779
Epoch 8827, loss 6.708877
Epoch 8828, loss 6.505115
Epoch 8829, loss 6.513858
Epoch 8830, loss 6.676059
Epoch 8831, loss 6.694066
Epoch 8832, loss 6.510294
Epoch 8833, loss 6.363448
Epoch 8834, loss 6.413709
Epoch 8835, loss 6.522073
Epoch 8836, loss 6.500586
Epoch 8837, loss 6.382604
Epoch 8838, loss 6.327495
Epoch 8839, loss 6.371419
Epoch 8840, loss 6.402813
Epoch 8841, loss 6.364164
Epoch 8842, loss 6.323620
Epoch 8843, loss 6.328150
Epoch 8844, loss 6.332717
Epoch 8845, loss 6.309359
Epoch 8846, loss 6.295587
Epoch 8847, loss 6.307381
Epoch 8848, loss 6.313901
Epoch 8849, loss 6.292588
Epoch 8850, loss 6.265205
Epoch 8851, loss 6.266651
Epoch 8852, loss 6.290817
Epoch 8853, loss 6.294319
Epoch 8854, loss 6.266308
Epoch 8855, loss 6.246939
Epoch 8856, loss 6.256876
Epoch 8857, loss 6.272626
Epoch 8858, loss 6.271108
Epoch 8859, loss 6.255746
Epoch 8860, loss 6.243898
Epoch 8861, loss 6.246812
Epoch 8862, loss 6.256994
Epoch 8863, loss 6.257817
Epoch 8864, loss 6.248290
Epoch 8865, loss 6.241180
Epoch 8866, loss 6.242605
Epoch 8867, loss 6.246756
Epoch 8868, loss 6.246901
Epoch 8869, loss 6.242921
Epoch 8870, loss 6.239363
Epoch 8871, loss 6.239388
Epoch 8872, loss 6.240684
Epoch 8873, loss 6.239926
Epoch 8874, loss 6.237743
Epoch 8875, loss 6.236824
Epoch 8876, loss 6.237228
Epoch 8877, loss 6.236799
Epoch 8878, loss 6.235152
Epoch 8879, loss 6.233945
Epoch 8880, loss 6.234093
Epoch 8881, loss 6.234467
Epoch 8882, loss 6.233777
Epoch 8883, loss 6.232281
Epoch 8884, loss 6.231286
Epoch 8885, loss 6.231320
Epoch 8886, loss 6.231514
Epoch 8887, loss 6.230996
Epoch 8888, loss 6.230037
Epoch 8889, loss 6.229303
Epoch 8890, loss 6.228927
Epoch 8891, loss 6.228690
Epoch 8892, loss 6.228352
Epoch 8893, loss 6.227827
Epoch 8894, loss 6.227272
Epoch 8895, loss 6.226830
Epoch 8896, loss 6.226417
Epoch 8897, loss 6.225946
Epoch 8898, loss 6.225504
Epoch 8899, loss 6.225133
Epoch 8900, loss 6.224750
Epoch 8901, loss 6.224318
Epoch 8902, loss 6.223840
Epoch 8903, loss 6.223344
Epoch 8904, loss 6.222904
Epoch 8905, loss 6.222563
Epoch 8906, loss 6.222234
Epoch 8907, loss 6.221806
Epoch 8908, loss 6.221296
Epoch 8909, loss 6.220812
Epoch 8910, loss 6.220414
Epoch 8911, loss 6.220068
Epoch 8912, loss 6.219686
Epoch 8913, loss 6.219234
Epoch 8914, loss 6.218753
Epoch 8915, loss 6.218299
Epoch 8916, loss 6.217893
Epoch 8917, loss 6.217497
Epoch 8918, loss 6.217072
Epoch 8919, loss 6.216626
Epoch 8920, loss 6.216186
Epoch 8921, loss 6.215765
Epoch 8922, loss 6.215352
Epoch 8923, loss 6.214939
Epoch 8924, loss 6.214522
Epoch 8925, loss 6.214103
Epoch 8926, loss 6.213690
Epoch 8927, loss 6.213282
Epoch 8928, loss 6.212871
Epoch 8929, loss 6.212456
Epoch 8930, loss 6.212040
Epoch 8931, loss 6.211627
Epoch 8932, loss 6.211220
Epoch 8933, loss 6.210821
Epoch 8934, loss 6.210424
Epoch 8935, loss 6.210024
Epoch 8936, loss 6.209623
Epoch 8937, loss 6.209224
Epoch 8938, loss 6.208826
Epoch 8939, loss 6.208431
Epoch 8940, loss 6.208034
Epoch 8941, loss 6.207635
Epoch 8942, loss 6.207238
Epoch 8943, loss 6.206841
Epoch 8944, loss 6.206446
Epoch 8945, loss 6.206051
Epoch 8946, loss 6.205651
Epoch 8947, loss 6.205251
Epoch 8948, loss 6.204853
Epoch 8949, loss 6.204458
Epoch 8950, loss 6.204065
Epoch 8951, loss 6.203669
Epoch 8952, loss 6.203271
Epoch 8953, loss 6.202873
Epoch 8954, loss 6.202475
Epoch 8955, loss 6.202078
Epoch 8956, loss 6.201681
Epoch 8957, loss 6.201285
Epoch 8958, loss 6.200888
Epoch 8959, loss 6.200492
Epoch 8960, loss 6.200095
Epoch 8961, loss 6.199697
Epoch 8962, loss 6.199299
Epoch 8963, loss 6.198901
Epoch 8964, loss 6.198502
Epoch 8965, loss 6.198103
Epoch 8966, loss 6.197704
Epoch 8967, loss 6.197304
Epoch 8968, loss 6.196903
Epoch 8969, loss 6.196502
Epoch 8970, loss 6.196101
Epoch 8971, loss 6.195699
Epoch 8972, loss 6.195297
Epoch 8973, loss 6.194894
Epoch 8974, loss 6.194490
Epoch 8975, loss 6.194086
Epoch 8976, loss 6.193682
Epoch 8977, loss 6.193277
Epoch 8978, loss 6.192872
Epoch 8979, loss 6.192465
Epoch 8980, loss 6.192057
Epoch 8981, loss 6.191646
Epoch 8982, loss 6.191233
Epoch 8983, loss 6.190818
Epoch 8984, loss 6.190399
Epoch 8985, loss 6.189979
Epoch 8986, loss 6.189558
Epoch 8987, loss 6.189137
Epoch 8988, loss 6.188712
Epoch 8989, loss 6.188283
Epoch 8990, loss 6.187854
Epoch 8991, loss 6.187420
Epoch 8992, loss 6.186988
Epoch 8993, loss 6.186556
Epoch 8994, loss 6.186121
Epoch 8995, loss 6.185684
Epoch 8996, loss 6.185246
Epoch 8997, loss 6.184807
Epoch 8998, loss 6.184369
Epoch 8999, loss 6.183931
Epoch 9000, loss 6.183493
Epoch 9001, loss 6.183053
Epoch 9002, loss 6.182611
Epoch 9003, loss 6.182168
Epoch 9004, loss 6.181728
Epoch 9005, loss 6.181287
Epoch 9006, loss 6.180843
Epoch 9007, loss 6.180394
Epoch 9008, loss 6.179944
Epoch 9009, loss 6.179491
Epoch 9010, loss 6.179036
Epoch 9011, loss 6.178580
Epoch 9012, loss 6.178127
Epoch 9013, loss 6.177672
Epoch 9014, loss 6.177215
Epoch 9015, loss 6.176755
Epoch 9016, loss 6.176294
Epoch 9017, loss 6.175831
Epoch 9018, loss 6.175365
Epoch 9019, loss 6.174897
Epoch 9020, loss 6.174423
Epoch 9021, loss 6.173947
Epoch 9022, loss 6.173471
Epoch 9023, loss 6.172994
Epoch 9024, loss 6.172517
Epoch 9025, loss 6.172034
Epoch 9026, loss 6.171543
Epoch 9027, loss 6.171048
Epoch 9028, loss 6.170551
Epoch 9029, loss 6.170054
Epoch 9030, loss 6.169559
Epoch 9031, loss 6.169063
Epoch 9032, loss 6.168563
Epoch 9033, loss 6.168061
Epoch 9034, loss 6.167561
Epoch 9035, loss 6.167064
Epoch 9036, loss 6.166565
Epoch 9037, loss 6.166064
Epoch 9038, loss 6.165562
Epoch 9039, loss 6.165058
Epoch 9040, loss 6.164552
Epoch 9041, loss 6.164048
Epoch 9042, loss 6.163544
Epoch 9043, loss 6.163036
Epoch 9044, loss 6.162526
Epoch 9045, loss 6.162016
Epoch 9046, loss 6.161503
Epoch 9047, loss 6.160993
Epoch 9048, loss 6.160482
Epoch 9049, loss 6.159971
Epoch 9050, loss 6.159462
Epoch 9051, loss 6.158954
Epoch 9052, loss 6.158451
Epoch 9053, loss 6.157952
Epoch 9054, loss 6.157461
Epoch 9055, loss 6.156983
Epoch 9056, loss 6.156528
Epoch 9057, loss 6.156113
Epoch 9058, loss 6.155762
Epoch 9059, loss 6.155515
Epoch 9060, loss 6.155444
Epoch 9061, loss 6.155676
Epoch 9062, loss 6.156414
Epoch 9063, loss 6.158021
Epoch 9064, loss 6.161112
Epoch 9065, loss 6.166783
Epoch 9066, loss 6.176895
Epoch 9067, loss 6.194811
Epoch 9068, loss 6.226219
Epoch 9069, loss 6.281599
Epoch 9070, loss 6.378157
Epoch 9071, loss 6.548022
Epoch 9072, loss 6.839146
Epoch 9073, loss 7.339591
Epoch 9074, loss 8.142784
Epoch 9075, loss 9.393247
Epoch 9076, loss 10.993060
Epoch 9077, loss 12.707834
Epoch 9078, loss 13.388601
Epoch 9079, loss 12.454995
Epoch 9080, loss 9.873806
Epoch 9081, loss 7.625851
Epoch 9082, loss 7.144457
Epoch 9083, loss 8.153146
Epoch 9084, loss 9.029651
Epoch 9085, loss 8.504200
Epoch 9086, loss 7.234665
Epoch 9087, loss 6.663746
Epoch 9088, loss 7.240357
Epoch 9089, loss 7.905187
Epoch 9090, loss 7.588524
Epoch 9091, loss 6.660737
Epoch 9092, loss 6.269899
Epoch 9093, loss 6.755704
Epoch 9094, loss 7.248384
Epoch 9095, loss 7.003527
Epoch 9096, loss 6.384683
Epoch 9097, loss 6.210339
Epoch 9098, loss 6.581628
Epoch 9099, loss 6.846520
Epoch 9100, loss 6.614971
Epoch 9101, loss 6.253924
Epoch 9102, loss 6.241803
Epoch 9103, loss 6.474050
Epoch 9104, loss 6.535305
Epoch 9105, loss 6.340440
Epoch 9106, loss 6.194631
Epoch 9107, loss 6.274720
Epoch 9108, loss 6.395085
Epoch 9109, loss 6.346764
Epoch 9110, loss 6.201140
Epoch 9111, loss 6.165698
Epoch 9112, loss 6.257810
Epoch 9113, loss 6.313554
Epoch 9114, loss 6.249756
Epoch 9115, loss 6.163331
Epoch 9116, loss 6.164092
Epoch 9117, loss 6.220889
Epoch 9118, loss 6.234345
Epoch 9119, loss 6.188827
Epoch 9120, loss 6.154061
Epoch 9121, loss 6.170469
Epoch 9122, loss 6.197413
Epoch 9123, loss 6.187490
Epoch 9124, loss 6.154344
Epoch 9125, loss 6.143248
Epoch 9126, loss 6.161925
Epoch 9127, loss 6.176643
Epoch 9128, loss 6.164658
Epoch 9129, loss 6.143220
Epoch 9130, loss 6.138742
Epoch 9131, loss 6.150347
Epoch 9132, loss 6.156503
Epoch 9133, loss 6.147696
Epoch 9134, loss 6.136434
Epoch 9135, loss 6.135896
Epoch 9136, loss 6.142331
Epoch 9137, loss 6.143380
Epoch 9138, loss 6.136235
Epoch 9139, loss 6.129508
Epoch 9140, loss 6.129758
Epoch 9141, loss 6.133131
Epoch 9142, loss 6.132161
Epoch 9143, loss 6.125915
Epoch 9144, loss 6.119763
Epoch 9145, loss 6.117213
Epoch 9146, loss 6.116240
Epoch 9147, loss 6.123876
Epoch 9148, loss 6.119737
Epoch 9149, loss 6.122223
Epoch 9150, loss 6.126862
Epoch 9151, loss 6.129053
Epoch 9152, loss 6.130551
Epoch 9153, loss 6.127588
Epoch 9154, loss 6.123457
Epoch 9155, loss 6.120468
Epoch 9156, loss 6.119454
Epoch 9157, loss 6.118686
Epoch 9158, loss 6.117033
Epoch 9159, loss 6.115502
Epoch 9160, loss 6.114130
Epoch 9161, loss 6.112753
Epoch 9162, loss 6.110148
Epoch 9163, loss 6.107226
Epoch 9164, loss 6.106481
Epoch 9165, loss 6.109518
Epoch 9166, loss 6.103580
Epoch 9167, loss 6.104049
Epoch 9168, loss 6.106499
Epoch 9169, loss 6.106841
Epoch 9170, loss 6.107697
Epoch 9171, loss 6.107494
Epoch 9172, loss 6.107338
Epoch 9173, loss 6.105586
Epoch 9174, loss 6.102993
Epoch 9175, loss 6.099830
Epoch 9176, loss 6.099368
Epoch 9177, loss 6.097719
Epoch 9178, loss 6.095584
Epoch 9179, loss 6.095623
Epoch 9180, loss 6.095781
Epoch 9181, loss 6.094838
Epoch 9182, loss 6.093822
Epoch 9183, loss 6.092257
Epoch 9184, loss 6.090231
Epoch 9185, loss 6.088707
Epoch 9186, loss 6.090831
Epoch 9187, loss 6.089622
Epoch 9188, loss 6.091468
Epoch 9189, loss 6.093614
Epoch 9190, loss 6.093967
Epoch 9191, loss 6.094282
Epoch 9192, loss 6.093190
Epoch 9193, loss 6.091335
Epoch 9194, loss 6.091485
Epoch 9195, loss 6.092880
Epoch 9196, loss 6.093979
Epoch 9197, loss 6.095839
Epoch 9198, loss 6.097270
Epoch 9199, loss 6.098495
Epoch 9200, loss 6.102548
Epoch 9201, loss 6.109621
Epoch 9202, loss 6.119907
Epoch 9203, loss 6.128892
Epoch 9204, loss 6.136136
Epoch 9205, loss 6.143523
Epoch 9206, loss 6.172983
Epoch 9207, loss 6.229219
Epoch 9208, loss 6.305570
Epoch 9209, loss 6.395549
Epoch 9210, loss 6.474599
Epoch 9211, loss 6.555858
Epoch 9212, loss 6.615235
Epoch 9213, loss 6.647091
Epoch 9214, loss 6.628748
Epoch 9215, loss 6.564568
Epoch 9216, loss 6.457370
Epoch 9217, loss 6.333412
Epoch 9218, loss 6.217531
Epoch 9219, loss 6.135833
Epoch 9220, loss 6.098262
Epoch 9221, loss 6.102718
Epoch 9222, loss 6.135875
Epoch 9223, loss 6.181353
Epoch 9224, loss 6.221173
Epoch 9225, loss 6.242472
Epoch 9226, loss 6.240208
Epoch 9227, loss 6.216562
Epoch 9228, loss 6.180025
Epoch 9229, loss 6.141358
Epoch 9230, loss 6.109126
Epoch 9231, loss 6.090130
Epoch 9232, loss 6.085201
Epoch 9233, loss 6.092190
Epoch 9234, loss 6.105248
Epoch 9235, loss 6.119132
Epoch 9236, loss 6.129045
Epoch 9237, loss 6.132776
Epoch 9238, loss 6.129565
Epoch 9239, loss 6.121011
Epoch 9240, loss 6.109442
Epoch 9241, loss 6.097594
Epoch 9242, loss 6.087533
Epoch 9243, loss 6.080736
Epoch 9244, loss 6.077633
Epoch 9245, loss 6.077876
Epoch 9246, loss 6.080206
Epoch 9247, loss 6.083478
Epoch 9248, loss 6.086610
Epoch 9249, loss 6.088904
Epoch 9250, loss 6.089889
Epoch 9251, loss 6.089515
Epoch 9252, loss 6.087959
Epoch 9253, loss 6.085600
Epoch 9254, loss 6.082884
Epoch 9255, loss 6.080281
Epoch 9256, loss 6.078177
Epoch 9257, loss 6.076917
Epoch 9258, loss 6.076695
Epoch 9259, loss 6.077697
Epoch 9260, loss 6.080109
Epoch 9261, loss 6.084255
Epoch 9262, loss 6.090570
Epoch 9263, loss 6.099823
Epoch 9264, loss 6.113025
Epoch 9265, loss 6.132012
Epoch 9266, loss 6.159047
Epoch 9267, loss 6.198252
Epoch 9268, loss 6.254246
Epoch 9269, loss 6.335647
Epoch 9270, loss 6.450576
Epoch 9271, loss 6.614976
Epoch 9272, loss 6.837398
Epoch 9273, loss 7.138136
Epoch 9274, loss 7.501644
Epoch 9275, loss 7.923161
Epoch 9276, loss 8.294827
Epoch 9277, loss 8.543055
Epoch 9278, loss 8.472505
Epoch 9279, loss 8.082033
Epoch 9280, loss 7.400701
Epoch 9281, loss 6.702086
Epoch 9282, loss 6.220002
Epoch 9283, loss 6.092709
Epoch 9284, loss 6.271026
Epoch 9285, loss 6.581495
Epoch 9286, loss 6.830923
Epoch 9287, loss 6.878811
Epoch 9288, loss 6.721493
Epoch 9289, loss 6.443645
Epoch 9290, loss 6.196635
Epoch 9291, loss 6.082345
Epoch 9292, loss 6.118433
Epoch 9293, loss 6.242107
Epoch 9294, loss 6.359130
Epoch 9295, loss 6.400380
Epoch 9296, loss 6.345778
Epoch 9297, loss 6.234083
Epoch 9298, loss 6.123051
Epoch 9299, loss 6.062323
Epoch 9300, loss 6.065970
Epoch 9301, loss 6.113807
Epoch 9302, loss 6.168157
Epoch 9303, loss 6.195097
Epoch 9304, loss 6.182246
Epoch 9305, loss 6.138244
Epoch 9306, loss 6.087394
Epoch 9307, loss 6.052484
Epoch 9308, loss 6.044968
Epoch 9309, loss 6.060803
Epoch 9310, loss 6.085426
Epoch 9311, loss 6.103074
Epoch 9312, loss 6.104132
Epoch 9313, loss 6.089279
Epoch 9314, loss 6.066212
Epoch 9315, loss 6.045540
Epoch 9316, loss 6.034693
Epoch 9317, loss 6.035362
Epoch 9318, loss 6.043809
Epoch 9319, loss 6.053621
Epoch 9320, loss 6.059230
Epoch 9321, loss 6.057956
Epoch 9322, loss 6.050813
Epoch 9323, loss 6.041015
Epoch 9324, loss 6.032414
Epoch 9325, loss 6.027563
Epoch 9326, loss 6.026997
Epoch 9327, loss 6.029468
Epoch 9328, loss 6.032840
Epoch 9329, loss 6.035166
Epoch 9330, loss 6.035344
Epoch 9331, loss 6.033394
Epoch 9332, loss 6.030057
Epoch 9333, loss 6.026425
Epoch 9334, loss 6.023448
Epoch 9335, loss 6.021672
Epoch 9336, loss 6.021164
Epoch 9337, loss 6.021598
Epoch 9338, loss 6.022493
Epoch 9339, loss 6.023392
Epoch 9340, loss 6.024036
Epoch 9341, loss 6.024336
Epoch 9342, loss 6.024421
Epoch 9343, loss 6.024591
Epoch 9344, loss 6.025298
Epoch 9345, loss 6.027015
Epoch 9346, loss 6.030313
Epoch 9347, loss 6.035791
Epoch 9348, loss 6.044330
Epoch 9349, loss 6.057093
Epoch 9350, loss 6.075950
Epoch 9351, loss 6.103459
Epoch 9352, loss 6.143677
Epoch 9353, loss 6.201809
Epoch 9354, loss 6.286010
Epoch 9355, loss 6.404184
Epoch 9356, loss 6.568026
Epoch 9357, loss 6.779631
Epoch 9358, loss 7.039435
Epoch 9359, loss 7.308034
Epoch 9360, loss 7.537235
Epoch 9361, loss 7.617927
Epoch 9362, loss 7.494639
Epoch 9363, loss 7.141587
Epoch 9364, loss 6.679636
Epoch 9365, loss 6.270578
Epoch 9366, loss 6.057756
Epoch 9367, loss 6.072503
Epoch 9368, loss 6.238516
Epoch 9369, loss 6.428837
Epoch 9370, loss 6.528677
Epoch 9371, loss 6.493235
Epoch 9372, loss 6.349363
Epoch 9373, loss 6.181878
Epoch 9374, loss 6.070909
Epoch 9375, loss 6.050908
Epoch 9376, loss 6.100213
Epoch 9377, loss 6.165723
Epoch 9378, loss 6.200285
Epoch 9379, loss 6.185034
Epoch 9380, loss 6.135234
Epoch 9381, loss 6.081302
Epoch 9382, loss 6.048718
Epoch 9383, loss 6.044063
Epoch 9384, loss 6.056553
Epoch 9385, loss 6.069458
Epoch 9386, loss 6.070937
Epoch 9387, loss 6.060191
Epoch 9388, loss 6.044163
Epoch 9389, loss 6.031613
Epoch 9390, loss 6.026795
Epoch 9391, loss 6.028013
Epoch 9392, loss 6.030206
Epoch 9393, loss 6.028751
Epoch 9394, loss 6.022564
Epoch 9395, loss 6.013922
Epoch 9396, loss 6.006795
Epoch 9397, loss 6.003961
Epoch 9398, loss 6.005567
Epoch 9399, loss 6.009262
Epoch 9400, loss 6.011772
Epoch 9401, loss 6.010837
Epoch 9402, loss 6.006210
Epoch 9403, loss 5.999662
Epoch 9404, loss 5.993731
Epoch 9405, loss 5.990454
Epoch 9406, loss 5.990421
Epoch 9407, loss 5.992723
Epoch 9408, loss 5.995586
Epoch 9409, loss 5.997285
Epoch 9410, loss 5.996899
Epoch 9411, loss 5.994518
Epoch 9412, loss 5.991048
Epoch 9413, loss 5.987643
Epoch 9414, loss 5.985236
Epoch 9415, loss 5.984239
Epoch 9416, loss 5.984469
Epoch 9417, loss 5.985363
Epoch 9418, loss 5.986279
Epoch 9419, loss 5.986697
Epoch 9420, loss 5.986387
Epoch 9421, loss 5.985423
Epoch 9422, loss 5.984055
Epoch 9423, loss 5.982625
Epoch 9424, loss 5.981407
Epoch 9425, loss 5.980551
Epoch 9426, loss 5.980069
Epoch 9427, loss 5.979855
Epoch 9428, loss 5.979760
Epoch 9429, loss 5.979643
Epoch 9430, loss 5.979413
Epoch 9431, loss 5.979045
Epoch 9432, loss 5.978572
Epoch 9433, loss 5.978058
Epoch 9434, loss 5.977575
Epoch 9435, loss 5.977185
Epoch 9436, loss 5.976931
Epoch 9437, loss 5.976846
Epoch 9438, loss 5.976968
Epoch 9439, loss 5.977361
Epoch 9440, loss 5.978142
Epoch 9441, loss 5.979526
Epoch 9442, loss 5.981864
Epoch 9443, loss 5.985758
Epoch 9444, loss 5.992146
Epoch 9445, loss 6.002626
Epoch 9446, loss 6.019661
Epoch 9447, loss 6.047554
Epoch 9448, loss 6.092803
Epoch 9449, loss 6.167080
Epoch 9450, loss 6.287089
Epoch 9451, loss 6.483576
Epoch 9452, loss 6.794414
Epoch 9453, loss 7.289687
Epoch 9454, loss 8.018252
Epoch 9455, loss 9.066319
Epoch 9456, loss 10.293477
Epoch 9457, loss 11.524495
Epoch 9458, loss 11.955889
Epoch 9459, loss 11.242516
Epoch 9460, loss 9.219810
Epoch 9461, loss 7.131640
Epoch 9462, loss 6.145910
Epoch 9463, loss 6.597764
Epoch 9464, loss 7.706756
Epoch 9465, loss 8.316600
Epoch 9466, loss 7.928967
Epoch 9467, loss 6.912434
Epoch 9468, loss 6.222828
Epoch 9469, loss 6.310685
Epoch 9470, loss 6.827288
Epoch 9471, loss 7.110384
Epoch 9472, loss 6.851827
Epoch 9473, loss 6.374537
Epoch 9474, loss 6.141871
Epoch 9475, loss 6.279316
Epoch 9476, loss 6.506937
Epoch 9477, loss 6.516194
Epoch 9478, loss 6.309109
Epoch 9479, loss 6.117090
Epoch 9480, loss 6.112932
Epoch 9481, loss 6.228081
Epoch 9482, loss 6.280576
Epoch 9483, loss 6.199740
Epoch 9484, loss 6.077442
Epoch 9485, loss 6.037766
Epoch 9486, loss 6.089459
Epoch 9487, loss 6.140076
Epoch 9488, loss 6.118439
Epoch 9489, loss 6.048032
Epoch 9490, loss 6.004272
Epoch 9491, loss 6.019341
Epoch 9492, loss 6.054972
Epoch 9493, loss 6.057974
Epoch 9494, loss 6.021472
Epoch 9495, loss 5.985211
Epoch 9496, loss 5.982842
Epoch 9497, loss 6.005959
Epoch 9498, loss 6.019846
Epoch 9499, loss 6.005081
Epoch 9500, loss 5.976691
Epoch 9501, loss 5.962518
Epoch 9502, loss 5.972007
Epoch 9503, loss 5.988866
Epoch 9504, loss 5.991686
Epoch 9505, loss 5.976772
Epoch 9506, loss 5.958933
Epoch 9507, loss 5.953962
Epoch 9508, loss 5.962755
Epoch 9509, loss 5.972921
Epoch 9510, loss 5.972998
Epoch 9511, loss 5.963096
Epoch 9512, loss 5.952775
Epoch 9513, loss 5.950251
Epoch 9514, loss 5.955121
Epoch 9515, loss 5.960447
Epoch 9516, loss 5.960366
Epoch 9517, loss 5.955177
Epoch 9518, loss 5.949707
Epoch 9519, loss 5.948056
Epoch 9520, loss 5.950095
Epoch 9521, loss 5.952529
Epoch 9522, loss 5.952492
Epoch 9523, loss 5.949937
Epoch 9524, loss 5.947035
Epoch 9525, loss 5.945785
Epoch 9526, loss 5.946344
Epoch 9527, loss 5.947326
Epoch 9528, loss 5.947330
Epoch 9529, loss 5.946121
Epoch 9530, loss 5.944538
Epoch 9531, loss 5.943538
Epoch 9532, loss 5.943379
Epoch 9533, loss 5.943581
Epoch 9534, loss 5.943518
Epoch 9535, loss 5.942947
Epoch 9536, loss 5.942111
Epoch 9537, loss 5.941412
Epoch 9538, loss 5.941034
Epoch 9539, loss 5.940853
Epoch 9540, loss 5.940616
Epoch 9541, loss 5.940184
Epoch 9542, loss 5.939627
Epoch 9543, loss 5.939109
Epoch 9544, loss 5.938739
Epoch 9545, loss 5.938485
Epoch 9546, loss 5.938225
Epoch 9547, loss 5.937864
Epoch 9548, loss 5.937399
Epoch 9549, loss 5.936912
Epoch 9550, loss 5.936493
Epoch 9551, loss 5.936167
Epoch 9552, loss 5.935896
Epoch 9553, loss 5.935605
Epoch 9554, loss 5.935255
Epoch 9555, loss 5.934850
Epoch 9556, loss 5.934434
Epoch 9557, loss 5.934052
Epoch 9558, loss 5.933720
Epoch 9559, loss 5.933420
Epoch 9560, loss 5.933122
Epoch 9561, loss 5.932802
Epoch 9562, loss 5.932459
Epoch 9563, loss 5.932112
Epoch 9564, loss 5.931785
Epoch 9565, loss 5.931495
Epoch 9566, loss 5.931250
Epoch 9567, loss 5.931051
Epoch 9568, loss 5.930902
Epoch 9569, loss 5.930817
Epoch 9570, loss 5.930843
Epoch 9571, loss 5.931039
Epoch 9572, loss 5.931498
Epoch 9573, loss 5.932366
Epoch 9574, loss 5.933840
Epoch 9575, loss 5.936246
Epoch 9576, loss 5.940091
Epoch 9577, loss 5.946180
Epoch 9578, loss 5.955775
Epoch 9579, loss 5.970917
Epoch 9580, loss 5.994735
Epoch 9581, loss 6.032341
Epoch 9582, loss 6.091483
Epoch 9583, loss 6.184520
Epoch 9584, loss 6.329047
Epoch 9585, loss 6.551012
Epoch 9586, loss 6.878910
Epoch 9587, loss 7.341961
Epoch 9588, loss 7.929328
Epoch 9589, loss 8.569257
Epoch 9590, loss 9.038960
Epoch 9591, loss 9.064350
Epoch 9592, loss 8.434422
Epoch 9593, loss 7.353393
Epoch 9594, loss 6.353761
Epoch 9595, loss 5.945943
Epoch 9596, loss 6.206283
Epoch 9597, loss 6.774248
Epoch 9598, loss 7.154173
Epoch 9599, loss 7.045119
Epoch 9600, loss 6.560644
Epoch 9601, loss 6.088706
Epoch 9602, loss 5.956575
Epoch 9603, loss 6.163530
Epoch 9604, loss 6.440665
Epoch 9605, loss 6.518473
Epoch 9606, loss 6.337234
Epoch 9607, loss 6.072855
Epoch 9608, loss 5.940919
Epoch 9609, loss 6.007042
Epoch 9610, loss 6.157384
Epoch 9611, loss 6.229293
Epoch 9612, loss 6.161194
Epoch 9613, loss 6.023383
Epoch 9614, loss 5.935932
Epoch 9615, loss 5.951630
Epoch 9616, loss 6.025347
Epoch 9617, loss 6.073323
Epoch 9618, loss 6.051403
Epoch 9619, loss 5.985578
Epoch 9620, loss 5.933931
Epoch 9621, loss 5.931328
Epoch 9622, loss 5.963924
Epoch 9623, loss 5.991375
Epoch 9624, loss 5.986824
Epoch 9625, loss 5.956617
Epoch 9626, loss 5.927929
Epoch 9627, loss 5.920975
Epoch 9628, loss 5.933869
Epoch 9629, loss 5.948976
Epoch 9630, loss 5.950932
Epoch 9631, loss 5.938675
Epoch 9632, loss 5.923043
Epoch 9633, loss 5.915429
Epoch 9634, loss 5.918403
Epoch 9635, loss 5.925608
Epoch 9636, loss 5.928855
Epoch 9637, loss 5.925080
Epoch 9638, loss 5.917662
Epoch 9639, loss 5.912212
Epoch 9640, loss 5.911603
Epoch 9641, loss 5.914309
Epoch 9642, loss 5.916574
Epoch 9643, loss 5.915842
Epoch 9644, loss 5.912437
Epoch 9645, loss 5.908745
Epoch 9646, loss 5.906949
Epoch 9647, loss 5.907431
Epoch 9648, loss 5.908821
Epoch 9649, loss 5.909360
Epoch 9650, loss 5.908294
Epoch 9651, loss 5.906216
Epoch 9652, loss 5.904366
Epoch 9653, loss 5.903591
Epoch 9654, loss 5.903825
Epoch 9655, loss 5.904322
Epoch 9656, loss 5.904297
Epoch 9657, loss 5.903474
Epoch 9658, loss 5.902189
Epoch 9659, loss 5.901038
Epoch 9660, loss 5.900442
Epoch 9661, loss 5.900390
Epoch 9662, loss 5.900526
Epoch 9663, loss 5.900441
Epoch 9664, loss 5.899945
Epoch 9665, loss 5.899142
Epoch 9666, loss 5.898310
Epoch 9667, loss 5.897702
Epoch 9668, loss 5.897397
Epoch 9669, loss 5.897284
Epoch 9670, loss 5.897166
Epoch 9671, loss 5.896883
Epoch 9672, loss 5.896396
Epoch 9673, loss 5.895793
Epoch 9674, loss 5.895208
Epoch 9675, loss 5.894742
Epoch 9676, loss 5.894413
Epoch 9677, loss 5.894167
Epoch 9678, loss 5.893917
Epoch 9679, loss 5.893594
Epoch 9680, loss 5.893181
Epoch 9681, loss 5.892708
Epoch 9682, loss 5.892229
Epoch 9683, loss 5.891790
Epoch 9684, loss 5.891412
Epoch 9685, loss 5.891077
Epoch 9686, loss 5.890759
Epoch 9687, loss 5.890427
Epoch 9688, loss 5.890067
Epoch 9689, loss 5.889676
Epoch 9690, loss 5.889268
Epoch 9691, loss 5.888863
Epoch 9692, loss 5.888475
Epoch 9693, loss 5.888115
Epoch 9694, loss 5.887784
Epoch 9695, loss 5.887470
Epoch 9696, loss 5.887172
Epoch 9697, loss 5.886898
Epoch 9698, loss 5.886649
Epoch 9699, loss 5.886467
Epoch 9700, loss 5.886369
Epoch 9701, loss 5.886424
Epoch 9702, loss 5.886689
Epoch 9703, loss 5.887286
Epoch 9704, loss 5.888355
Epoch 9705, loss 5.890159
Epoch 9706, loss 5.893044
Epoch 9707, loss 5.897638
Epoch 9708, loss 5.904798
Epoch 9709, loss 5.916026
Epoch 9710, loss 5.933497
Epoch 9711, loss 5.960973
Epoch 9712, loss 6.003667
Epoch 9713, loss 6.071043
Epoch 9714, loss 6.175052
Epoch 9715, loss 6.338394
Epoch 9716, loss 6.583292
Epoch 9717, loss 6.955316
Epoch 9718, loss 7.467221
Epoch 9719, loss 8.163221
Epoch 9720, loss 8.910635
Epoch 9721, loss 9.615143
Epoch 9722, loss 9.812255
Epoch 9723, loss 9.415316
Epoch 9724, loss 8.340698
Epoch 9725, loss 7.225517
Epoch 9726, loss 6.599376
Epoch 9727, loss 6.683702
Epoch 9728, loss 7.157142
Epoch 9729, loss 7.439119
Epoch 9730, loss 7.208086
Epoch 9731, loss 6.587156
Epoch 9732, loss 6.106592
Epoch 9733, loss 6.094428
Epoch 9734, loss 6.426119
Epoch 9735, loss 6.700639
Epoch 9736, loss 6.625840
Epoch 9737, loss 6.299278
Epoch 9738, loss 6.032635
Epoch 9739, loss 6.029186
Epoch 9740, loss 6.193051
Epoch 9741, loss 6.281078
Epoch 9742, loss 6.183820
Epoch 9743, loss 6.004587
Epoch 9744, loss 5.927550
Epoch 9745, loss 6.001539
Epoch 9746, loss 6.110970
Epoch 9747, loss 6.123355
Epoch 9748, loss 6.021477
Epoch 9749, loss 5.910244
Epoch 9750, loss 5.884887
Epoch 9751, loss 5.940379
Epoch 9752, loss 5.995008
Epoch 9753, loss 5.985543
Epoch 9754, loss 5.928226
Epoch 9755, loss 5.883734
Epoch 9756, loss 5.888888
Epoch 9757, loss 5.922867
Epoch 9758, loss 5.939811
Epoch 9759, loss 5.919858
Epoch 9760, loss 5.883144
Epoch 9761, loss 5.863212
Epoch 9762, loss 5.871022
Epoch 9763, loss 5.889088
Epoch 9764, loss 5.894386
Epoch 9765, loss 5.881605
Epoch 9766, loss 5.864985
Epoch 9767, loss 5.859707
Epoch 9768, loss 5.866948
Epoch 9769, loss 5.874804
Epoch 9770, loss 5.872951
Epoch 9771, loss 5.861535
Epoch 9772, loss 5.850292
Epoch 9773, loss 5.847994
Epoch 9774, loss 5.857246
Epoch 9775, loss 5.868189
Epoch 9776, loss 5.909143
Epoch 9777, loss 5.931816
Epoch 9778, loss 5.928831
Epoch 9779, loss 5.919060
Epoch 9780, loss 5.950489
Epoch 9781, loss 5.963846
Epoch 9782, loss 5.946824
Epoch 9783, loss 7.409379
Epoch 9784, loss 14.764703
Epoch 9785, loss 23.804217
Epoch 9786, loss 24.885950
Epoch 9787, loss 12.810136
Epoch 9788, loss 9.107465
Epoch 9789, loss 17.008078
Epoch 9790, loss 13.122611
Epoch 9791, loss 7.858954
Epoch 9792, loss 12.218117
Epoch 9793, loss 11.826744
Epoch 9794, loss 7.806843
Epoch 9795, loss 9.861066
Epoch 9796, loss 9.825489
Epoch 9797, loss 7.317633
Epoch 9798, loss 9.041737
Epoch 9799, loss 8.430067
Epoch 9800, loss 7.006897
Epoch 9801, loss 8.390318
Epoch 9802, loss 7.284272
Epoch 9803, loss 6.929261
Epoch 9804, loss 7.727087
Epoch 9805, loss 6.849259
Epoch 9806, loss 6.699332
Epoch 9807, loss 7.181964
Epoch 9808, loss 6.469362
Epoch 9809, loss 6.661450
Epoch 9810, loss 6.799072
Epoch 9811, loss 6.233103
Epoch 9812, loss 6.546573
Epoch 9813, loss 6.433250
Epoch 9814, loss 6.228037
Epoch 9815, loss 6.395306
Epoch 9816, loss 6.209733
Epoch 9817, loss 6.177102
Epoch 9818, loss 6.244409
Epoch 9819, loss 6.117183
Epoch 9820, loss 6.128374
Epoch 9821, loss 6.138256
Epoch 9822, loss 6.018975
Epoch 9823, loss 6.110601
Epoch 9824, loss 6.032748
Epoch 9825, loss 6.005030
Epoch 9826, loss 6.055417
Epoch 9827, loss 5.969721
Epoch 9828, loss 5.980629
Epoch 9829, loss 6.013185
Epoch 9830, loss 5.939446
Epoch 9831, loss 5.963866
Epoch 9832, loss 5.971713
Epoch 9833, loss 5.912834
Epoch 9834, loss 5.954988
Epoch 9835, loss 5.941035
Epoch 9836, loss 5.902676
Epoch 9837, loss 5.940762
Epoch 9838, loss 5.909866
Epoch 9839, loss 5.904164
Epoch 9840, loss 5.923887
Epoch 9841, loss 5.895616
Epoch 9842, loss 5.898552
Epoch 9843, loss 5.908708
Epoch 9844, loss 5.885179
Epoch 9845, loss 5.895571
Epoch 9846, loss 5.896379
Epoch 9847, loss 5.877121
Epoch 9848, loss 5.891529
Epoch 9849, loss 5.882744
Epoch 9850, loss 5.874522
Epoch 9851, loss 5.884744
Epoch 9852, loss 5.874955
Epoch 9853, loss 5.870544
Epoch 9854, loss 5.877617
Epoch 9855, loss 5.868230
Epoch 9856, loss 5.867868
Epoch 9857, loss 5.871580
Epoch 9858, loss 5.863101
Epoch 9859, loss 5.864647
Epoch 9860, loss 5.865262
Epoch 9861, loss 5.859754
Epoch 9862, loss 5.861340
Epoch 9863, loss 5.860027
Epoch 9864, loss 5.856623
Epoch 9865, loss 5.857592
Epoch 9866, loss 5.856029
Epoch 9867, loss 5.853765
Epoch 9868, loss 5.854504
Epoch 9869, loss 5.852479
Epoch 9870, loss 5.851075
Epoch 9871, loss 5.851232
Epoch 9872, loss 5.849248
Epoch 9873, loss 5.848501
Epoch 9874, loss 5.848131
Epoch 9875, loss 5.846486
Epoch 9876, loss 5.845807
Epoch 9877, loss 5.845243
Epoch 9878, loss 5.843920
Epoch 9879, loss 5.843318
Epoch 9880, loss 5.842646
Epoch 9881, loss 5.841443
Epoch 9882, loss 5.840901
Epoch 9883, loss 5.840101
Epoch 9884, loss 5.839172
Epoch 9885, loss 5.838536
Epoch 9886, loss 5.837712
Epoch 9887, loss 5.836831
Epoch 9888, loss 5.836106
Epoch 9889, loss 5.835227
Epoch 9890, loss 5.834405
Epoch 9891, loss 5.833693
Epoch 9892, loss 5.832841
Epoch 9893, loss 5.832073
Epoch 9894, loss 5.831339
Epoch 9895, loss 5.830508
Epoch 9896, loss 5.829784
Epoch 9897, loss 5.829060
Epoch 9898, loss 5.828267
Epoch 9899, loss 5.827557
Epoch 9900, loss 5.826839
Epoch 9901, loss 5.826075
Epoch 9902, loss 5.825371
Epoch 9903, loss 5.824671
Epoch 9904, loss 5.823924
Epoch 9905, loss 5.823235
Epoch 9906, loss 5.822522
Epoch 9907, loss 5.821798
Epoch 9908, loss 5.821114
Epoch 9909, loss 5.820412
Epoch 9910, loss 5.819706
Epoch 9911, loss 5.819036
Epoch 9912, loss 5.818350
Epoch 9913, loss 5.817658
Epoch 9914, loss 5.816988
Epoch 9915, loss 5.816291
Epoch 9916, loss 5.815575
Epoch 9917, loss 5.814882
Epoch 9918, loss 5.814175
Epoch 9919, loss 5.813477
Epoch 9920, loss 5.812787
Epoch 9921, loss 5.812073
Epoch 9922, loss 5.811362
Epoch 9923, loss 5.810656
Epoch 9924, loss 5.809941
Epoch 9925, loss 5.809233
Epoch 9926, loss 5.808534
Epoch 9927, loss 5.807819
Epoch 9928, loss 5.807107
Epoch 9929, loss 5.806405
Epoch 9930, loss 5.805694
Epoch 9931, loss 5.804978
Epoch 9932, loss 5.804264
Epoch 9933, loss 5.803549
Epoch 9934, loss 5.802834
Epoch 9935, loss 5.802121
Epoch 9936, loss 5.801408
Epoch 9937, loss 5.800693
Epoch 9938, loss 5.799982
Epoch 9939, loss 5.799269
Epoch 9940, loss 5.798549
Epoch 9941, loss 5.797822
Epoch 9942, loss 5.797090
Epoch 9943, loss 5.796358
Epoch 9944, loss 5.795639
Epoch 9945, loss 5.794905
Epoch 9946, loss 5.794166
Epoch 9947, loss 5.793438
Epoch 9948, loss 5.792717
Epoch 9949, loss 5.791995
Epoch 9950, loss 5.791272
Epoch 9951, loss 5.790546
Epoch 9952, loss 5.789827
Epoch 9953, loss 5.789109
Epoch 9954, loss 5.788392
Epoch 9955, loss 5.787683
Epoch 9956, loss 5.786972
Epoch 9957, loss 5.786258
Epoch 9958, loss 5.785546
Epoch 9959, loss 5.784833
Epoch 9960, loss 5.784116
Epoch 9961, loss 5.783403
Epoch 9962, loss 5.782703
Epoch 9963, loss 5.782000
Epoch 9964, loss 5.781273
Epoch 9965, loss 5.780651
Epoch 9966, loss 5.784705
Epoch 9967, loss 5.784876
Epoch 9968, loss 5.785746
Epoch 9969, loss 5.785649
Epoch 9970, loss 5.800246
Epoch 9971, loss 5.797305
Epoch 9972, loss 5.796478
Epoch 9973, loss 5.791039
Epoch 9974, loss 5.787772
Epoch 9975, loss 5.788683
Epoch 9976, loss 5.789749
Epoch 9977, loss 5.787402
Epoch 9978, loss 5.783950
Epoch 9979, loss 5.786588
Epoch 9980, loss 5.814288
Epoch 9981, loss 5.808577
Epoch 9982, loss 5.809565
Epoch 9983, loss 5.803169
Epoch 9984, loss 5.803724
Epoch 9985, loss 5.805658
Epoch 9986, loss 5.804271
Epoch 9987, loss 5.798628
Epoch 9988, loss 5.794835
Epoch 9989, loss 5.792308
Epoch 9990, loss 5.790125
Epoch 9991, loss 5.786088
Epoch 9992, loss 5.781854
Epoch 9993, loss 5.781715
Epoch 9994, loss 5.780993
Epoch 9995, loss 5.780849
Epoch 9996, loss 5.779225
Epoch 9997, loss 5.778009
Epoch 9998, loss 5.777170
Epoch 9999, loss 5.778619
Epoch 10000, loss 5.778543
Epoch 10001, loss 5.776450
Epoch 10002, loss 5.775570
Epoch 10003, loss 5.776084
Epoch 10004, loss 5.774722
Epoch 10005, loss 5.774002
Epoch 10006, loss 5.772690
Epoch 10007, loss 5.772180
Epoch 10008, loss 5.771668
Epoch 10009, loss 5.770808
Epoch 10010, loss 5.769591
Epoch 10011, loss 5.768800
Epoch 10012, loss 5.768278
Epoch 10013, loss 5.767792
Epoch 10014, loss 5.767079
Epoch 10015, loss 5.766351
Epoch 10016, loss 5.765815
Epoch 10017, loss 5.765164
Epoch 10018, loss 5.764850
Epoch 10019, loss 5.764412
Epoch 10020, loss 5.763894
Epoch 10021, loss 5.763501
Epoch 10022, loss 5.763393
Epoch 10023, loss 5.763220
Epoch 10024, loss 5.763071
Epoch 10025, loss 5.763119
Epoch 10026, loss 5.763410
Epoch 10027, loss 5.764052
Epoch 10028, loss 5.765039
Epoch 10029, loss 5.766478
Epoch 10030, loss 5.768679
Epoch 10031, loss 5.771947
Epoch 10032, loss 5.776734
Epoch 10033, loss 5.783573
Epoch 10034, loss 5.793476
Epoch 10035, loss 5.807708
Epoch 10036, loss 5.828357
Epoch 10037, loss 5.858017
Epoch 10038, loss 5.901191
Epoch 10039, loss 5.963011
Epoch 10040, loss 6.052647
Epoch 10041, loss 6.178970
Epoch 10042, loss 6.358383
Epoch 10043, loss 6.599267
Epoch 10044, loss 6.920335
Epoch 10045, loss 7.301441
Epoch 10046, loss 7.730026
Epoch 10047, loss 8.087545
Epoch 10048, loss 8.292930
Epoch 10049, loss 8.158223
Epoch 10050, loss 7.702000
Epoch 10051, loss 6.987969
Epoch 10052, loss 6.299446
Epoch 10053, loss 5.861527
Epoch 10054, loss 5.784107
Epoch 10055, loss 5.996956
Epoch 10056, loss 6.318659
Epoch 10057, loss 6.559956
Epoch 10058, loss 6.586885
Epoch 10059, loss 6.406663
Epoch 10060, loss 6.110540
Epoch 10061, loss 5.856488
Epoch 10062, loss 5.749854
Epoch 10063, loss 5.804956
Epoch 10064, loss 5.949181
Epoch 10065, loss 6.075876
Epoch 10066, loss 6.110613
Epoch 10067, loss 6.035948
Epoch 10068, loss 5.904370
Epoch 10069, loss 5.786635
Epoch 10070, loss 5.736794
Epoch 10071, loss 5.761317
Epoch 10072, loss 5.825853
Epoch 10073, loss 5.882516
Epoch 10074, loss 5.896771
Epoch 10075, loss 5.865370
Epoch 10076, loss 5.807976
Epoch 10077, loss 5.755880
Epoch 10078, loss 5.730275
Epoch 10079, loss 5.735526
Epoch 10080, loss 5.759427
Epoch 10081, loss 5.783742
Epoch 10082, loss 5.794216
Epoch 10083, loss 5.785596
Epoch 10084, loss 5.763976
Epoch 10085, loss 5.739461
Epoch 10086, loss 5.722425
Epoch 10087, loss 5.717182
Epoch 10088, loss 5.722412
Epoch 10089, loss 5.732302
Epoch 10090, loss 5.740165
Epoch 10091, loss 5.741769
Epoch 10092, loss 5.736254
Epoch 10093, loss 5.726345
Epoch 10094, loss 5.716227
Epoch 10095, loss 5.711365
Epoch 10096, loss 5.712905
Epoch 10097, loss 5.752892
Epoch 10098, loss 5.767763
Epoch 10099, loss 5.763079
Epoch 10100, loss 5.739120
Epoch 10101, loss 5.965127
Epoch 10102, loss 7.511728
Epoch 10103, loss 8.883502
Epoch 10104, loss 8.425081
Epoch 10105, loss 7.611570
Epoch 10106, loss 7.118060
Epoch 10107, loss 6.832638
Epoch 10108, loss 6.914054
Epoch 10109, loss 7.116179
Epoch 10110, loss 6.605449
Epoch 10111, loss 6.465895
Epoch 10112, loss 6.942696
Epoch 10113, loss 6.663214
Epoch 10114, loss 6.016772
Epoch 10115, loss 6.288318
Epoch 10116, loss 6.866879
Epoch 10117, loss 6.659447
Epoch 10118, loss 6.200773
Epoch 10119, loss 6.128078
Epoch 10120, loss 6.331674
Epoch 10121, loss 6.458321
Epoch 10122, loss 6.309349
Epoch 10123, loss 6.022178
Epoch 10124, loss 6.072973
Epoch 10125, loss 6.269230
Epoch 10126, loss 6.194888
Epoch 10127, loss 6.010827
Epoch 10128, loss 6.041908
Epoch 10129, loss 6.114706
Epoch 10130, loss 6.053229
Epoch 10131, loss 6.006058
Epoch 10132, loss 6.024093
Epoch 10133, loss 6.033455
Epoch 10134, loss 6.006655
Epoch 10135, loss 5.966632
Epoch 10136, loss 5.957904
Epoch 10137, loss 5.998784
Epoch 10138, loss 6.002298
Epoch 10139, loss 5.942525
Epoch 10140, loss 5.917023
Epoch 10141, loss 5.955900
Epoch 10142, loss 5.973991
Epoch 10143, loss 5.939992
Epoch 10144, loss 5.915693
Epoch 10145, loss 5.920601
Epoch 10146, loss 5.933665
Epoch 10147, loss 5.930951
Epoch 10148, loss 5.914975
Epoch 10149, loss 5.905504
Epoch 10150, loss 5.910365
Epoch 10151, loss 5.912105
Epoch 10152, loss 5.900384
Epoch 10153, loss 5.894201
Epoch 10154, loss 5.896919
Epoch 10155, loss 5.893582
Epoch 10156, loss 5.883156
Epoch 10157, loss 5.875907
Epoch 10158, loss 5.873606
Epoch 10159, loss 5.868445
Epoch 10160, loss 5.856627
Epoch 10161, loss 5.841814
Epoch 10162, loss 5.829094
Epoch 10163, loss 5.817724
Epoch 10164, loss 5.802388
Epoch 10165, loss 5.787190
Epoch 10166, loss 5.803282
Epoch 10167, loss 5.775396
Epoch 10168, loss 5.773287
Epoch 10169, loss 5.783594
Epoch 10170, loss 5.793079
Epoch 10171, loss 5.772179
Epoch 10172, loss 5.758382
Epoch 10173, loss 5.794957
Epoch 10174, loss 5.799467
Epoch 10175, loss 5.829967
Epoch 10176, loss 5.849947
Epoch 10177, loss 5.851470
Epoch 10178, loss 5.846689
Epoch 10179, loss 5.850712
Epoch 10180, loss 5.846969
Epoch 10181, loss 5.847794
Epoch 10182, loss 5.845301
Epoch 10183, loss 5.831817
Epoch 10184, loss 5.818627
Epoch 10185, loss 5.801073
Epoch 10186, loss 5.788090
Epoch 10187, loss 5.780523
Epoch 10188, loss 5.788533
Epoch 10189, loss 5.792518
Epoch 10190, loss 5.760246
Epoch 10191, loss 5.766896
Epoch 10192, loss 5.790558
Epoch 10193, loss 5.796407
Epoch 10194, loss 5.777599
Epoch 10195, loss 5.759284
Epoch 10196, loss 5.750798
Epoch 10197, loss 5.770983
Epoch 10198, loss 5.759625
Epoch 10199, loss 5.752993
Epoch 10200, loss 5.755687
Epoch 10201, loss 5.758582
Epoch 10202, loss 5.755919
Epoch 10203, loss 5.747941
Epoch 10204, loss 5.739903
Epoch 10205, loss 5.748246
Epoch 10206, loss 5.740612
Epoch 10207, loss 5.740030
Epoch 10208, loss 5.741940
Epoch 10209, loss 5.740848
Epoch 10210, loss 5.737708
Epoch 10211, loss 5.737846
Epoch 10212, loss 5.738692
Epoch 10213, loss 5.735717
Epoch 10214, loss 5.734102
Epoch 10215, loss 5.735688
Epoch 10216, loss 5.735570
Epoch 10217, loss 5.733906
Epoch 10218, loss 5.735775
Epoch 10219, loss 5.734890
Epoch 10220, loss 5.735671
Epoch 10221, loss 5.737246
Epoch 10222, loss 5.738227
Epoch 10223, loss 5.740731
Epoch 10224, loss 5.745423
Epoch 10225, loss 5.750641
Epoch 10226, loss 5.758953
Epoch 10227, loss 5.771944
Epoch 10228, loss 5.789914
Epoch 10229, loss 5.816364
Epoch 10230, loss 5.854889
Epoch 10231, loss 5.910387
Epoch 10232, loss 5.992697
Epoch 10233, loss 6.110373
Epoch 10234, loss 6.281398
Epoch 10235, loss 6.518483
Epoch 10236, loss 6.849570
Epoch 10237, loss 7.268509
Epoch 10238, loss 7.789071
Epoch 10239, loss 8.305003
Epoch 10240, loss 8.745954
Epoch 10241, loss 8.840800
Epoch 10242, loss 8.528167
Epoch 10243, loss 7.730818
Epoch 10244, loss 6.777039
Epoch 10245, loss 6.013750
Epoch 10246, loss 5.727962
Epoch 10247, loss 5.919452
Epoch 10248, loss 6.357086
Epoch 10249, loss 6.737915
Epoch 10250, loss 6.820765
Epoch 10251, loss 6.588174
Epoch 10252, loss 6.176027
Epoch 10253, loss 5.835054
Epoch 10254, loss 5.723929
Epoch 10255, loss 5.841434
Epoch 10256, loss 6.053204
Epoch 10257, loss 6.193688
Epoch 10258, loss 6.177948
Epoch 10259, loss 6.023024
Epoch 10260, loss 5.838497
Epoch 10261, loss 5.727929
Epoch 10262, loss 5.734148
Epoch 10263, loss 5.820299
Epoch 10264, loss 5.909128
Epoch 10265, loss 5.938647
Epoch 10266, loss 5.892971
Epoch 10267, loss 5.808296
Epoch 10268, loss 5.735756
Epoch 10269, loss 5.711165
Epoch 10270, loss 5.734770
Epoch 10271, loss 5.778595
Epoch 10272, loss 5.809220
Epoch 10273, loss 5.807161
Epoch 10274, loss 5.777083
Epoch 10275, loss 5.738230
Epoch 10276, loss 5.711868
Epoch 10277, loss 5.707812
Epoch 10278, loss 5.721824
Epoch 10279, loss 5.740642
Epoch 10280, loss 5.751220
Epoch 10281, loss 5.747916
Epoch 10282, loss 5.733577
Epoch 10283, loss 5.716669
Epoch 10284, loss 5.705262
Epoch 10285, loss 5.703043
Epoch 10286, loss 5.708329
Epoch 10287, loss 5.716019
Epoch 10288, loss 5.720989
Epoch 10289, loss 5.720487
Epoch 10290, loss 5.715181
Epoch 10291, loss 5.707861
Epoch 10292, loss 5.701800
Epoch 10293, loss 5.698995
Epoch 10294, loss 5.699582
Epoch 10295, loss 5.702133
Epoch 10296, loss 5.704673
Epoch 10297, loss 5.705661
Epoch 10298, loss 5.704517
Epoch 10299, loss 5.701669
Epoch 10300, loss 5.698144
Epoch 10301, loss 5.695947
Epoch 10302, loss 5.694369
Epoch 10303, loss 5.694112
Epoch 10304, loss 5.694838
Epoch 10305, loss 5.695537
Epoch 10306, loss 5.695534
Epoch 10307, loss 5.694989
Epoch 10308, loss 5.693895
Epoch 10309, loss 5.692329
Epoch 10310, loss 5.690898
Epoch 10311, loss 5.689667
Epoch 10312, loss 5.688901
Epoch 10313, loss 5.688573
Epoch 10314, loss 5.688719
Epoch 10315, loss 5.688981
Epoch 10316, loss 5.690757
Epoch 10317, loss 5.692013
Epoch 10318, loss 5.691816
Epoch 10319, loss 5.706723
Epoch 10320, loss 5.790319
Epoch 10321, loss 5.847140
Epoch 10322, loss 5.922345
Epoch 10323, loss 5.932022
Epoch 10324, loss 5.889976
Epoch 10325, loss 5.848603
Epoch 10326, loss 5.795521
Epoch 10327, loss 5.753342
Epoch 10328, loss 5.736815
Epoch 10329, loss 5.740458
Epoch 10330, loss 5.775629
Epoch 10331, loss 5.798347
Epoch 10332, loss 5.793363
Epoch 10333, loss 5.810990
Epoch 10334, loss 5.798904
Epoch 10335, loss 5.768364
Epoch 10336, loss 5.732424
Epoch 10337, loss 5.708147
Epoch 10338, loss 5.754983
Epoch 10339, loss 5.778854
Epoch 10340, loss 5.847823
Epoch 10341, loss 5.874983
Epoch 10342, loss 5.861388
Epoch 10343, loss 5.822971
Epoch 10344, loss 5.786113
Epoch 10345, loss 5.755410
Epoch 10346, loss 5.729574
Epoch 10347, loss 5.735657
Epoch 10348, loss 5.755237
Epoch 10349, loss 5.742826
Epoch 10350, loss 5.771836
Epoch 10351, loss 5.786976
Epoch 10352, loss 5.773456
Epoch 10353, loss 5.735646
Epoch 10354, loss 5.715794
Epoch 10355, loss 5.725941
Epoch 10356, loss 5.726601
Epoch 10357, loss 5.722188
Epoch 10358, loss 5.727704
Epoch 10359, loss 5.728381
Epoch 10360, loss 5.717208
Epoch 10361, loss 5.696199
Epoch 10362, loss 5.709157
Epoch 10363, loss 5.710352
Epoch 10364, loss 5.719778
Epoch 10365, loss 5.714282
Epoch 10366, loss 5.700082
Epoch 10367, loss 5.687779
Epoch 10368, loss 5.689503
Epoch 10369, loss 5.693525
Epoch 10370, loss 5.695679
Epoch 10371, loss 5.697355
Epoch 10372, loss 5.691492
Epoch 10373, loss 5.685636
Epoch 10374, loss 5.686912
Epoch 10375, loss 5.685709
Epoch 10376, loss 5.689297
Epoch 10377, loss 5.689725
Epoch 10378, loss 5.688492
Epoch 10379, loss 5.688489
Epoch 10380, loss 5.688382
Epoch 10381, loss 5.690379
Epoch 10382, loss 5.693463
Epoch 10383, loss 5.698069
Epoch 10384, loss 5.705923
Epoch 10385, loss 5.715898
Epoch 10386, loss 5.729496
Epoch 10387, loss 5.748844
Epoch 10388, loss 5.775601
Epoch 10389, loss 5.814957
Epoch 10390, loss 5.869733
Epoch 10391, loss 5.949385
Epoch 10392, loss 6.057678
Epoch 10393, loss 6.208513
Epoch 10394, loss 6.407756
Epoch 10395, loss 6.677678
Epoch 10396, loss 7.002462
Epoch 10397, loss 7.396214
Epoch 10398, loss 7.779594
Epoch 10399, loss 8.130813
Epoch 10400, loss 8.264597
Epoch 10401, loss 8.169972
Epoch 10402, loss 7.755836
Epoch 10403, loss 7.189868
Epoch 10404, loss 6.619335
Epoch 10405, loss 6.249644
Epoch 10406, loss 6.159318
Epoch 10407, loss 6.274692
Epoch 10408, loss 6.456776
Epoch 10409, loss 6.531523
Epoch 10410, loss 6.440578
Epoch 10411, loss 6.208683
Epoch 10412, loss 5.967333
Epoch 10413, loss 5.829319
Epoch 10414, loss 5.837568
Epoch 10415, loss 5.944120
Epoch 10416, loss 6.053621
Epoch 10417, loss 6.086696
Epoch 10418, loss 6.016217
Epoch 10419, loss 5.883613
Epoch 10420, loss 5.760834
Epoch 10421, loss 5.704862
Epoch 10422, loss 5.725067
Epoch 10423, loss 5.787181
Epoch 10424, loss 5.840485
Epoch 10425, loss 5.848111
Epoch 10426, loss 5.811117
Epoch 10427, loss 5.745915
Epoch 10428, loss 5.695466
Epoch 10429, loss 5.681061
Epoch 10430, loss 5.701861
Epoch 10431, loss 5.735173
Epoch 10432, loss 5.756958
Epoch 10433, loss 5.771449
Epoch 10434, loss 5.741178
Epoch 10435, loss 5.697622
Epoch 10436, loss 5.677775
Epoch 10437, loss 5.669352
Epoch 10438, loss 5.680802
Epoch 10439, loss 5.694755
Epoch 10440, loss 5.698463
Epoch 10441, loss 5.704182
Epoch 10442, loss 5.785155
Epoch 10443, loss 5.783100
Epoch 10444, loss 5.852991
Epoch 10445, loss 5.849482
Epoch 10446, loss 5.816370
Epoch 10447, loss 5.801785
Epoch 10448, loss 5.830699
Epoch 10449, loss 5.854930
Epoch 10450, loss 5.858936
Epoch 10451, loss 5.842370
Epoch 10452, loss 5.813037
Epoch 10453, loss 5.796147
Epoch 10454, loss 5.798301
Epoch 10455, loss 5.808564
Epoch 10456, loss 5.812206
Epoch 10457, loss 5.799006
Epoch 10458, loss 5.782870
Epoch 10459, loss 5.769918
Epoch 10460, loss 5.756643
Epoch 10461, loss 5.744788
Epoch 10462, loss 5.734586
Epoch 10463, loss 5.726148
Epoch 10464, loss 5.716602
Epoch 10465, loss 5.699595
Epoch 10466, loss 5.683449
Epoch 10467, loss 5.669924
Epoch 10468, loss 5.661140
Epoch 10469, loss 5.671208
Epoch 10470, loss 5.755916
Epoch 10471, loss 6.378628
Epoch 10472, loss 7.811654
Epoch 10473, loss 9.150908
Epoch 10474, loss 9.190444
Epoch 10475, loss 7.993272
Epoch 10476, loss 6.837833
Epoch 10477, loss 7.265546
Epoch 10478, loss 7.753014
Epoch 10479, loss 7.579149
Epoch 10480, loss 6.888768
Epoch 10481, loss 6.362628
Epoch 10482, loss 6.619782
Epoch 10483, loss 6.842352
Epoch 10484, loss 6.716352
Epoch 10485, loss 6.504555
Epoch 10486, loss 6.423834
Epoch 10487, loss 6.451356
Epoch 10488, loss 6.283607
Epoch 10489, loss 6.154510
Epoch 10490, loss 6.244683
Epoch 10491, loss 6.350917
Epoch 10492, loss 6.222112
Epoch 10493, loss 6.050908
Epoch 10494, loss 6.074533
Epoch 10495, loss 6.208205
Epoch 10496, loss 6.147061
Epoch 10497, loss 5.963098
Epoch 10498, loss 5.934378
Epoch 10499, loss 6.056231
Epoch 10500, loss 6.095787
Epoch 10501, loss 5.992452
Epoch 10502, loss 5.900200
Epoch 10503, loss 5.950303
Epoch 10504, loss 6.005610
Epoch 10505, loss 5.979861
Epoch 10506, loss 5.917595
Epoch 10507, loss 5.900314
Epoch 10508, loss 5.935438
Epoch 10509, loss 5.936218
Epoch 10510, loss 5.912498
Epoch 10511, loss 5.893347
Epoch 10512, loss 5.896742
Epoch 10513, loss 5.905153
Epoch 10514, loss 5.893981
Epoch 10515, loss 5.883808
Epoch 10516, loss 5.882432
Epoch 10517, loss 5.883587
Epoch 10518, loss 5.880088
Epoch 10519, loss 5.872314
Epoch 10520, loss 5.874800
Epoch 10521, loss 5.877300
Epoch 10522, loss 5.873385
Epoch 10523, loss 5.862830
Epoch 10524, loss 5.859435
Epoch 10525, loss 5.863926
Epoch 10526, loss 5.866244
Epoch 10527, loss 5.860800
Epoch 10528, loss 5.854113
Epoch 10529, loss 5.855350
Epoch 10530, loss 5.859009
Epoch 10531, loss 5.858154
Epoch 10532, loss 5.852332
Epoch 10533, loss 5.848618
Epoch 10534, loss 5.850269
Epoch 10535, loss 5.851931
Epoch 10536, loss 5.850653
Epoch 10537, loss 5.847951
Epoch 10538, loss 5.846890
Epoch 10539, loss 5.847680
Epoch 10540, loss 5.847309
Epoch 10541, loss 5.845926
Epoch 10542, loss 5.844657
Epoch 10543, loss 5.844223
Epoch 10544, loss 5.844031
Epoch 10545, loss 5.843271
Epoch 10546, loss 5.842562
Epoch 10547, loss 5.842304
Epoch 10548, loss 5.842183
Epoch 10549, loss 5.841785
Epoch 10550, loss 5.841024
Epoch 10551, loss 5.840564
Epoch 10552, loss 5.840575
Epoch 10553, loss 5.840741
Epoch 10554, loss 5.840708
Epoch 10555, loss 5.840568
Epoch 10556, loss 5.840928
Epoch 10557, loss 5.841943
Epoch 10558, loss 5.843625
Epoch 10559, loss 5.845785
Epoch 10560, loss 5.848963
Epoch 10561, loss 5.853994
Epoch 10562, loss 5.861873
Epoch 10563, loss 5.873715
Epoch 10564, loss 5.891347
Epoch 10565, loss 5.917696
Epoch 10566, loss 5.957673
Epoch 10567, loss 6.017467
Epoch 10568, loss 6.107491
Epoch 10569, loss 6.239219
Epoch 10570, loss 6.432290
Epoch 10571, loss 6.699059
Epoch 10572, loss 7.059714
Epoch 10573, loss 7.486343
Epoch 10574, loss 7.947227
Epoch 10575, loss 8.283342
Epoch 10576, loss 8.389993
Epoch 10577, loss 8.093671
Epoch 10578, loss 7.504197
Epoch 10579, loss 6.799447
Epoch 10580, loss 6.293470
Epoch 10581, loss 6.131899
Epoch 10582, loss 6.267479
Epoch 10583, loss 6.496270
Epoch 10584, loss 6.605765
Epoch 10585, loss 6.512589
Epoch 10586, loss 6.279000
Epoch 10587, loss 6.071619
Epoch 10588, loss 6.010078
Epoch 10589, loss 6.098741
Epoch 10590, loss 6.230577
Epoch 10591, loss 6.281240
Epoch 10592, loss 6.197089
Epoch 10593, loss 6.027030
Epoch 10594, loss 5.878944
Epoch 10595, loss 5.834274
Epoch 10596, loss 5.895977
Epoch 10597, loss 5.997989
Epoch 10598, loss 6.060292
Epoch 10599, loss 6.042642
Epoch 10600, loss 5.964074
Epoch 10601, loss 5.879511
Epoch 10602, loss 5.837070
Epoch 10603, loss 5.847325
Epoch 10604, loss 5.884780
Epoch 10605, loss 5.912657
Epoch 10606, loss 5.910037
Epoch 10607, loss 5.881760
Epoch 10608, loss 5.849831
Epoch 10609, loss 5.834588
Epoch 10610, loss 5.841111
Epoch 10611, loss 5.858806
Epoch 10612, loss 5.871246
Epoch 10613, loss 5.868415
Epoch 10614, loss 5.851630
Epoch 10615, loss 5.831139
Epoch 10616, loss 5.817823
Epoch 10617, loss 5.816654
Epoch 10618, loss 5.824767
Epoch 10619, loss 5.834666
Epoch 10620, loss 5.839597
Epoch 10621, loss 5.837155
Epoch 10622, loss 5.829759
Epoch 10623, loss 5.822004
Epoch 10624, loss 5.817688
Epoch 10625, loss 5.817751
Epoch 10626, loss 5.820396
Epoch 10627, loss 5.822713
Epoch 10628, loss 5.822595
Epoch 10629, loss 5.819771
Epoch 10630, loss 5.815572
Epoch 10631, loss 5.811894
Epoch 10632, loss 5.810079
Epoch 10633, loss 5.810335
Epoch 10634, loss 5.811838
Epoch 10635, loss 5.813346
Epoch 10636, loss 5.813901
Epoch 10637, loss 5.813225
Epoch 10638, loss 5.811682
Epoch 10639, loss 5.809969
Epoch 10640, loss 5.808711
Epoch 10641, loss 5.808185
Epoch 10642, loss 5.808267
Epoch 10643, loss 5.808574
Epoch 10644, loss 5.808699
Epoch 10645, loss 5.808402
Epoch 10646, loss 5.807667
Epoch 10647, loss 5.806677
Epoch 10648, loss 5.805684
Epoch 10649, loss 5.804899
Epoch 10650, loss 5.804406
Epoch 10651, loss 5.804167
Epoch 10652, loss 5.804059
Epoch 10653, loss 5.803946
Epoch 10654, loss 5.803730
Epoch 10655, loss 5.803383
Epoch 10656, loss 5.802947
Epoch 10657, loss 5.802499
Epoch 10658, loss 5.802120
Epoch 10659, loss 5.801880
Epoch 10660, loss 5.801817
Epoch 10661, loss 5.801946
Epoch 10662, loss 5.802265
Epoch 10663, loss 5.802789
Epoch 10664, loss 5.803563
Epoch 10665, loss 5.804692
Epoch 10666, loss 5.806326
Epoch 10667, loss 5.808713
Epoch 10668, loss 5.812172
Epoch 10669, loss 5.817208
Epoch 10670, loss 5.824474
Epoch 10671, loss 5.835047
Epoch 10672, loss 5.850274
Epoch 10673, loss 5.872478
Epoch 10674, loss 5.904497
Epoch 10675, loss 5.951385
Epoch 10676, loss 6.018873
Epoch 10677, loss 6.117631
Epoch 10678, loss 6.257721
Epoch 10679, loss 6.459239
Epoch 10680, loss 6.732493
Epoch 10681, loss 7.103794
Epoch 10682, loss 7.551282
Epoch 10683, loss 8.070340
Epoch 10684, loss 8.516406
Epoch 10685, loss 8.798097
Epoch 10686, loss 8.660861
Epoch 10687, loss 8.122979
Epoch 10688, loss 7.251198
Epoch 10689, loss 6.421436
Epoch 10690, loss 5.929605
Epoch 10691, loss 5.901481
Epoch 10692, loss 6.209828
Epoch 10693, loss 6.587622
Epoch 10694, loss 6.792312
Epoch 10695, loss 6.700453
Epoch 10696, loss 6.397762
Epoch 10697, loss 6.063763
Epoch 10698, loss 5.880654
Epoch 10699, loss 5.899710
Epoch 10700, loss 6.042451
Epoch 10701, loss 6.174063
Epoch 10702, loss 6.194412
Epoch 10703, loss 6.099387
Epoch 10704, loss 5.956905
Epoch 10705, loss 5.856896
Epoch 10706, loss 5.842094
Epoch 10707, loss 5.892197
Epoch 10708, loss 5.949455
Epoch 10709, loss 5.963643
Epoch 10710, loss 5.924572
Epoch 10711, loss 5.859473
Epoch 10712, loss 5.809976
Epoch 10713, loss 5.799925
Epoch 10714, loss 5.823547
Epoch 10715, loss 5.854190
Epoch 10716, loss 5.865611
Epoch 10717, loss 5.848327
Epoch 10718, loss 5.812587
Epoch 10719, loss 5.779456
Epoch 10720, loss 5.764936
Epoch 10721, loss 5.771822
Epoch 10722, loss 5.789902
Epoch 10723, loss 5.804829
Epoch 10724, loss 5.806348
Epoch 10725, loss 5.793760
Epoch 10726, loss 5.774177
Epoch 10727, loss 5.757526
Epoch 10728, loss 5.750360
Epoch 10729, loss 5.753072
Epoch 10730, loss 5.760950
Epoch 10731, loss 5.767827
Epoch 10732, loss 5.769439
Epoch 10733, loss 5.764892
Epoch 10734, loss 5.756719
Epoch 10735, loss 5.748400
Epoch 10736, loss 5.742970
Epoch 10737, loss 5.741304
Epoch 10738, loss 5.742528
Epoch 10739, loss 5.744737
Epoch 10740, loss 5.745743
Epoch 10741, loss 5.744840
Epoch 10742, loss 5.741945
Epoch 10743, loss 5.738196
Epoch 10744, loss 5.734001
Epoch 10745, loss 5.730985
Epoch 10746, loss 5.729340
Epoch 10747, loss 5.728806
Epoch 10748, loss 5.729020
Epoch 10749, loss 5.729232
Epoch 10750, loss 5.729019
Epoch 10751, loss 5.727374
Epoch 10752, loss 5.725189
Epoch 10753, loss 5.722510
Epoch 10754, loss 5.720196
Epoch 10755, loss 5.717886
Epoch 10756, loss 5.716308
Epoch 10757, loss 5.715148
Epoch 10758, loss 5.714410
Epoch 10759, loss 5.713558
Epoch 10760, loss 5.712877
Epoch 10761, loss 5.712297
Epoch 10762, loss 5.712564
Epoch 10763, loss 5.712132
Epoch 10764, loss 5.713165
Epoch 10765, loss 5.715250
Epoch 10766, loss 5.724665
Epoch 10767, loss 5.727034
Epoch 10768, loss 5.735830
Epoch 10769, loss 5.746482
Epoch 10770, loss 5.752457
Epoch 10771, loss 5.767188
Epoch 10772, loss 5.782317
Epoch 10773, loss 5.804251
Epoch 10774, loss 5.838827
Epoch 10775, loss 5.890059
Epoch 10776, loss 5.968372
Epoch 10777, loss 6.083325
Epoch 10778, loss 6.239024
Epoch 10779, loss 6.498994
Epoch 10780, loss 6.859578
Epoch 10781, loss 7.277904
Epoch 10782, loss 7.673571
Epoch 10783, loss 7.886809
Epoch 10784, loss 7.770116
Epoch 10785, loss 7.403140
Epoch 10786, loss 6.869854
Epoch 10787, loss 6.437727
Epoch 10788, loss 6.255958
Epoch 10789, loss 6.292992
Epoch 10790, loss 6.419356
Epoch 10791, loss 6.451394
Epoch 10792, loss 6.336077
Epoch 10793, loss 6.118517
Epoch 10794, loss 5.940595
Epoch 10795, loss 5.899304
Epoch 10796, loss 5.981136
Epoch 10797, loss 6.090392
Epoch 10798, loss 6.118120
Epoch 10799, loss 6.042457
Epoch 10800, loss 5.918766
Epoch 10801, loss 5.828872
Epoch 10802, loss 5.817205
Epoch 10803, loss 5.850115
Epoch 10804, loss 5.877252
Epoch 10805, loss 5.857300
Epoch 10806, loss 5.807049
Epoch 10807, loss 5.762479
Epoch 10808, loss 5.755721
Epoch 10809, loss 5.780058
Epoch 10810, loss 5.807365
Epoch 10811, loss 5.810240
Epoch 10812, loss 5.784875
Epoch 10813, loss 5.749760
Epoch 10814, loss 5.724031
Epoch 10815, loss 5.720593
Epoch 10816, loss 5.726408
Epoch 10817, loss 5.733036
Epoch 10818, loss 5.728573
Epoch 10819, loss 5.717266
Epoch 10820, loss 5.706440
Epoch 10821, loss 5.704332
Epoch 10822, loss 5.710146
Epoch 10823, loss 5.718921
Epoch 10824, loss 5.731174
Epoch 10825, loss 5.718224
Epoch 10826, loss 5.742015
Epoch 10827, loss 5.775811
Epoch 10828, loss 5.842159
Epoch 10829, loss 5.890625
Epoch 10830, loss 5.908371
Epoch 10831, loss 5.892320
Epoch 10832, loss 5.865058
Epoch 10833, loss 5.832669
Epoch 10834, loss 5.815866
Epoch 10835, loss 5.820019
Epoch 10836, loss 5.832598
Epoch 10837, loss 5.846316
Epoch 10838, loss 5.847605
Epoch 10839, loss 5.838221
Epoch 10840, loss 5.824916
Epoch 10841, loss 5.813378
Epoch 10842, loss 5.811226
Epoch 10843, loss 5.814561
Epoch 10844, loss 5.822442
Epoch 10845, loss 5.827305
Epoch 10846, loss 5.826961
Epoch 10847, loss 5.822833
Epoch 10848, loss 5.815604
Epoch 10849, loss 5.810549
Epoch 10850, loss 5.808008
Epoch 10851, loss 5.808406
Epoch 10852, loss 5.810999
Epoch 10853, loss 5.812521
Epoch 10854, loss 5.812746
Epoch 10855, loss 5.811246
Epoch 10856, loss 5.808530
Epoch 10857, loss 5.806274
Epoch 10858, loss 5.804615
Epoch 10859, loss 5.804306
Epoch 10860, loss 5.805080
Epoch 10861, loss 5.806379
Epoch 10862, loss 5.807833
Epoch 10863, loss 5.809132
Epoch 10864, loss 5.810649
Epoch 10865, loss 5.812846
Epoch 10866, loss 5.816355
Epoch 10867, loss 5.821908
Epoch 10868, loss 5.830244
Epoch 10869, loss 5.842482
Epoch 10870, loss 5.859740
Epoch 10871, loss 5.884144
Epoch 10872, loss 5.918322
Epoch 10873, loss 5.966763
Epoch 10874, loss 6.034466
Epoch 10875, loss 6.130218
Epoch 10876, loss 6.261314
Epoch 10877, loss 6.441795
Epoch 10878, loss 6.675196
Epoch 10879, loss 6.973364
Epoch 10880, loss 7.308745
Epoch 10881, loss 7.662560
Epoch 10882, loss 7.928162
Epoch 10883, loss 8.046330
Epoch 10884, loss 7.884599
Epoch 10885, loss 7.482431
Epoch 10886, loss 6.900428
Epoch 10887, loss 6.350837
Epoch 10888, loss 5.992169
Epoch 10889, loss 5.906289
Epoch 10890, loss 6.044976
Epoch 10891, loss 6.278586
Epoch 10892, loss 6.465304
Epoch 10893, loss 6.503359
Epoch 10894, loss 6.383254
Epoch 10895, loss 6.160695
Epoch 10896, loss 5.943200
Epoch 10897, loss 5.815332
Epoch 10898, loss 5.808293
Epoch 10899, loss 5.891161
Epoch 10900, loss 5.998288
Epoch 10901, loss 6.067237
Epoch 10902, loss 6.063536
Epoch 10903, loss 5.995463
Epoch 10904, loss 5.897990
Epoch 10905, loss 5.816057
Epoch 10906, loss 5.778580
Epoch 10907, loss 5.788697
Epoch 10908, loss 5.827154
Epoch 10909, loss 5.865473
Epoch 10910, loss 5.881555
Epoch 10911, loss 5.867170
Epoch 10912, loss 5.830858
Epoch 10913, loss 5.789207
Epoch 10914, loss 5.759014
Epoch 10915, loss 5.748811
Epoch 10916, loss 5.757018
Epoch 10917, loss 5.774432
Epoch 10918, loss 5.789752
Epoch 10919, loss 5.794934
Epoch 10920, loss 5.787679
Epoch 10921, loss 5.771667
Epoch 10922, loss 5.753349
Epoch 10923, loss 5.739075
Epoch 10924, loss 5.732200
Epoch 10925, loss 5.732614
Epoch 10926, loss 5.737394
Epoch 10927, loss 5.742628
Epoch 10928, loss 5.744925
Epoch 10929, loss 5.742936
Epoch 10930, loss 5.737229
Epoch 10931, loss 5.729673
Epoch 10932, loss 5.722140
Epoch 10933, loss 5.716600
Epoch 10934, loss 5.713922
Epoch 10935, loss 5.714068
Epoch 10936, loss 5.716542
Epoch 10937, loss 5.720322
Epoch 10938, loss 5.724432
Epoch 10939, loss 5.728411
Epoch 10940, loss 5.732267
Epoch 10941, loss 5.736500
Epoch 10942, loss 5.741951
Epoch 10943, loss 5.749902
Epoch 10944, loss 5.761643
Epoch 10945, loss 5.779124
Epoch 10946, loss 5.804128
Epoch 10947, loss 5.839543
Epoch 10948, loss 5.888022
Epoch 10949, loss 5.954549
Epoch 10950, loss 6.042843
Epoch 10951, loss 6.160751
Epoch 10952, loss 6.309806
Epoch 10953, loss 6.497363
Epoch 10954, loss 6.710351
Epoch 10955, loss 6.943376
Epoch 10956, loss 7.145283
Epoch 10957, loss 7.287870
Epoch 10958, loss 7.289796
Epoch 10959, loss 7.147482
Epoch 10960, loss 6.846732
Epoch 10961, loss 6.479689
Epoch 10962, loss 6.129115
Epoch 10963, loss 5.888062
Epoch 10964, loss 5.789100
Epoch 10965, loss 5.815340
Epoch 10966, loss 5.912318
Epoch 10967, loss 6.016202
Epoch 10968, loss 6.079231
Epoch 10969, loss 6.077630
Epoch 10970, loss 6.022593
Epoch 10971, loss 5.938874
Epoch 10972, loss 5.860974
Epoch 10973, loss 5.809215
Epoch 10974, loss 5.789911
Epoch 10975, loss 5.793307
Epoch 10976, loss 5.804071
Epoch 10977, loss 5.808395
Epoch 10978, loss 5.800185
Epoch 10979, loss 5.781639
Epoch 10980, loss 5.759638
Epoch 10981, loss 5.741805
Epoch 10982, loss 5.732165
Epoch 10983, loss 5.730850
Epoch 10984, loss 5.734445
Epoch 10985, loss 5.738741
Epoch 10986, loss 5.740039
Epoch 10987, loss 5.736828
Epoch 10988, loss 5.729209
Epoch 10989, loss 5.718856
Epoch 10990, loss 5.707699
Epoch 10991, loss 5.697635
Epoch 10992, loss 5.689846
Epoch 10993, loss 5.684936
Epoch 10994, loss 5.682775
Epoch 10995, loss 5.682851
Epoch 10996, loss 5.684298
Epoch 10997, loss 5.686266
Epoch 10998, loss 5.688040
Epoch 10999, loss 5.689135
Epoch 11000, loss 5.689248
Epoch 11001, loss 5.688209
Epoch 11002, loss 5.686203
Epoch 11003, loss 5.683374
Epoch 11004, loss 5.680109
Epoch 11005, loss 5.676663
Epoch 11006, loss 5.673404
Epoch 11007, loss 5.670582
Epoch 11008, loss 5.668411
Epoch 11009, loss 5.666866
Epoch 11010, loss 5.665812
Epoch 11011, loss 5.665062
Epoch 11012, loss 5.664443
Epoch 11013, loss 5.663767
Epoch 11014, loss 5.662934
Epoch 11015, loss 5.661892
Epoch 11016, loss 5.660700
Epoch 11017, loss 5.659457
Epoch 11018, loss 5.658255
Epoch 11019, loss 5.657136
Epoch 11020, loss 5.656200
Epoch 11021, loss 5.655565
Epoch 11022, loss 5.655245
Epoch 11023, loss 5.655250
Epoch 11024, loss 5.655611
Epoch 11025, loss 5.656407
Epoch 11026, loss 5.657720
Epoch 11027, loss 5.659720
Epoch 11028, loss 5.662833
Epoch 11029, loss 5.667414
Epoch 11030, loss 5.674169
Epoch 11031, loss 5.683904
Epoch 11032, loss 5.698400
Epoch 11033, loss 5.719344
Epoch 11034, loss 5.750504
Epoch 11035, loss 5.794873
Epoch 11036, loss 5.860209
Epoch 11037, loss 5.951301
Epoch 11038, loss 6.083282
Epoch 11039, loss 6.261570
Epoch 11040, loss 6.512049
Epoch 11041, loss 6.823267
Epoch 11042, loss 7.213035
Epoch 11043, loss 7.605766
Epoch 11044, loss 7.973377
Epoch 11045, loss 8.132504
Epoch 11046, loss 8.050207
Epoch 11047, loss 7.615426
Epoch 11048, loss 7.006643
Epoch 11049, loss 6.397421
Epoch 11050, loss 6.025170
Epoch 11051, loss 5.966220
Epoch 11052, loss 6.167601
Epoch 11053, loss 6.517397
Epoch 11054, loss 6.762735
Epoch 11055, loss 6.724635
Epoch 11056, loss 6.402900
Epoch 11057, loss 6.010572
Epoch 11058, loss 5.765512
Epoch 11059, loss 5.770206
Epoch 11060, loss 5.948768
Epoch 11061, loss 6.129928
Epoch 11062, loss 6.173986
Epoch 11063, loss 6.048499
Epoch 11064, loss 5.841375
Epoch 11065, loss 5.795554
Epoch 11066, loss 6.672210
Epoch 11067, loss 8.659073
Epoch 11068, loss 11.112587
Epoch 11069, loss 12.190474
Epoch 11070, loss 10.530937
Epoch 11071, loss 7.329862
Epoch 11072, loss 6.899020
Epoch 11073, loss 8.085038
Epoch 11074, loss 8.740885
Epoch 11075, loss 7.849110
Epoch 11076, loss 6.613091
Epoch 11077, loss 7.058223
Epoch 11078, loss 7.672099
Epoch 11079, loss 7.197353
Epoch 11080, loss 6.292850
Epoch 11081, loss 6.408148
Epoch 11082, loss 7.108439
Epoch 11083, loss 6.940576
Epoch 11084, loss 6.161052
Epoch 11085, loss 5.995447
Epoch 11086, loss 6.589778
Epoch 11087, loss 6.649064
Epoch 11088, loss 6.161259
Epoch 11089, loss 5.931474
Epoch 11090, loss 6.211779
Epoch 11091, loss 6.365919
Epoch 11092, loss 6.067832
Epoch 11093, loss 5.940099
Epoch 11094, loss 6.094974
Epoch 11095, loss 6.141212
Epoch 11096, loss 5.984218
Epoch 11097, loss 5.885192
Epoch 11098, loss 6.023627
Epoch 11099, loss 6.054327
Epoch 11100, loss 5.926938
Epoch 11101, loss 5.851411
Epoch 11102, loss 5.938719
Epoch 11103, loss 5.986607
Epoch 11104, loss 5.908150
Epoch 11105, loss 5.848393
Epoch 11106, loss 5.882986
Epoch 11107, loss 5.923308
Epoch 11108, loss 5.882557
Epoch 11109, loss 5.848418
Epoch 11110, loss 5.866664
Epoch 11111, loss 5.881061
Epoch 11112, loss 5.860443
Epoch 11113, loss 5.835360
Epoch 11114, loss 5.852308
Epoch 11115, loss 5.864051
Epoch 11116, loss 5.847122
Epoch 11117, loss 5.829485
Epoch 11118, loss 5.834617
Epoch 11119, loss 5.846843
Epoch 11120, loss 5.839754
Epoch 11121, loss 5.827676
Epoch 11122, loss 5.827163
Epoch 11123, loss 5.832624
Epoch 11124, loss 5.829645
Epoch 11125, loss 5.823480
Epoch 11126, loss 5.823598
Epoch 11127, loss 5.825386
Epoch 11128, loss 5.823206
Epoch 11129, loss 5.817823
Epoch 11130, loss 5.817817
Epoch 11131, loss 5.820078
Epoch 11132, loss 5.818694
Epoch 11133, loss 5.815371
Epoch 11134, loss 5.813384
Epoch 11135, loss 5.814444
Epoch 11136, loss 5.814076
Epoch 11137, loss 5.812089
Epoch 11138, loss 5.811008
Epoch 11139, loss 5.810952
Epoch 11140, loss 5.810408
Epoch 11141, loss 5.808619
Epoch 11142, loss 5.807686
Epoch 11143, loss 5.807782
Epoch 11144, loss 5.807580
Epoch 11145, loss 5.806203
Epoch 11146, loss 5.804787
Epoch 11147, loss 5.804501
Epoch 11148, loss 5.804277
Epoch 11149, loss 5.803523
Epoch 11150, loss 5.802363
Epoch 11151, loss 5.801708
Epoch 11152, loss 5.801388
Epoch 11153, loss 5.800632
Epoch 11154, loss 5.799660
Epoch 11155, loss 5.798938
Epoch 11156, loss 5.798567
Epoch 11157, loss 5.798042
Epoch 11158, loss 5.797116
Epoch 11159, loss 5.796230
Epoch 11160, loss 5.795651
Epoch 11161, loss 5.795180
Epoch 11162, loss 5.794493
Epoch 11163, loss 5.793652
Epoch 11164, loss 5.792933
Epoch 11165, loss 5.792345
Epoch 11166, loss 5.791704
Epoch 11167, loss 5.790919
Epoch 11168, loss 5.790167
Epoch 11169, loss 5.789525
Epoch 11170, loss 5.788908
Epoch 11171, loss 5.788194
Epoch 11172, loss 5.787408
Epoch 11173, loss 5.786689
Epoch 11174, loss 5.786035
Epoch 11175, loss 5.785371
Epoch 11176, loss 5.784647
Epoch 11177, loss 5.783905
Epoch 11178, loss 5.783206
Epoch 11179, loss 5.782525
Epoch 11180, loss 5.781820
Epoch 11181, loss 5.781090
Epoch 11182, loss 5.780377
Epoch 11183, loss 5.779688
Epoch 11184, loss 5.778989
Epoch 11185, loss 5.778268
Epoch 11186, loss 5.777528
Epoch 11187, loss 5.776789
Epoch 11188, loss 5.776065
Epoch 11189, loss 5.775336
Epoch 11190, loss 5.774597
Epoch 11191, loss 5.773853
Epoch 11192, loss 5.773109
Epoch 11193, loss 5.772368
Epoch 11194, loss 5.771626
Epoch 11195, loss 5.770884
Epoch 11196, loss 5.770135
Epoch 11197, loss 5.769384
Epoch 11198, loss 5.768625
Epoch 11199, loss 5.767846
Epoch 11200, loss 5.767063
Epoch 11201, loss 5.766285
Epoch 11202, loss 5.765512
Epoch 11203, loss 5.764738
Epoch 11204, loss 5.763962
Epoch 11205, loss 5.763182
Epoch 11206, loss 5.762406
Epoch 11207, loss 5.761652
Epoch 11208, loss 5.760910
Epoch 11209, loss 5.760177
Epoch 11210, loss 5.759408
Epoch 11211, loss 5.758620
Epoch 11212, loss 5.757824
Epoch 11213, loss 5.757016
Epoch 11214, loss 5.756214
Epoch 11215, loss 5.755422
Epoch 11216, loss 5.754641
Epoch 11217, loss 5.753867
Epoch 11218, loss 5.753078
Epoch 11219, loss 5.752259
Epoch 11220, loss 5.751428
Epoch 11221, loss 5.750597
Epoch 11222, loss 5.749784
Epoch 11223, loss 5.748988
Epoch 11224, loss 5.748200
Epoch 11225, loss 5.747425
Epoch 11226, loss 5.746672
Epoch 11227, loss 5.745935
Epoch 11228, loss 5.745214
Epoch 11229, loss 5.744520
Epoch 11230, loss 5.743861
Epoch 11231, loss 5.743247
Epoch 11232, loss 5.742671
Epoch 11233, loss 5.742219
Epoch 11234, loss 5.741961
Epoch 11235, loss 5.742094
Epoch 11236, loss 5.742801
Epoch 11237, loss 5.744552
Epoch 11238, loss 5.748015
Epoch 11239, loss 5.754479
Epoch 11240, loss 5.766339
Epoch 11241, loss 5.787228
Epoch 11242, loss 5.823707
Epoch 11243, loss 5.886702
Epoch 11244, loss 5.996198
Epoch 11245, loss 6.183065
Epoch 11246, loss 6.503297
Epoch 11247, loss 7.028676
Epoch 11248, loss 7.877739
Epoch 11249, loss 9.095399
Epoch 11250, loss 10.682609
Epoch 11251, loss 12.064310
Epoch 11252, loss 12.564169
Epoch 11253, loss 11.176683
Epoch 11254, loss 8.665137
Epoch 11255, loss 6.634716
Epoch 11256, loss 6.469620
Epoch 11257, loss 7.685809
Epoch 11258, loss 8.617134
Epoch 11259, loss 8.147910
Epoch 11260, loss 6.751818
Epoch 11261, loss 5.972691
Epoch 11262, loss 6.401398
Epoch 11263, loss 7.167379
Epoch 11264, loss 7.181910
Epoch 11265, loss 6.451451
Epoch 11266, loss 5.931614
Epoch 11267, loss 6.129640
Epoch 11268, loss 6.542343
Epoch 11269, loss 6.492356
Epoch 11270, loss 6.052343
Epoch 11271, loss 5.830320
Epoch 11272, loss 6.041089
Epoch 11273, loss 6.273856
Epoch 11274, loss 6.148927
Epoch 11275, loss 5.837911
Epoch 11276, loss 5.752228
Epoch 11277, loss 5.937548
Epoch 11278, loss 6.069317
Epoch 11279, loss 5.949933
Epoch 11280, loss 5.755590
Epoch 11281, loss 5.736815
Epoch 11282, loss 5.866344
Epoch 11283, loss 5.924990
Epoch 11284, loss 5.828727
Epoch 11285, loss 5.717104
Epoch 11286, loss 5.725935
Epoch 11287, loss 5.807817
Epoch 11288, loss 5.830345
Epoch 11289, loss 5.766371
Epoch 11290, loss 5.708161
Epoch 11291, loss 5.721131
Epoch 11292, loss 5.764091
Epoch 11293, loss 5.766175
Epoch 11294, loss 5.726654
Epoch 11295, loss 5.700870
Epoch 11296, loss 5.715087
Epoch 11297, loss 5.737563
Epoch 11298, loss 5.731876
Epoch 11299, loss 5.706252
Epoch 11300, loss 5.694056
Epoch 11301, loss 5.705131
Epoch 11302, loss 5.717235
Epoch 11303, loss 5.710911
Epoch 11304, loss 5.694423
Epoch 11305, loss 5.688023
Epoch 11306, loss 5.695800
Epoch 11307, loss 5.703252
Epoch 11308, loss 5.698844
Epoch 11309, loss 5.687853
Epoch 11310, loss 5.682749
Epoch 11311, loss 5.686535
Epoch 11312, loss 5.691008
Epoch 11313, loss 5.688928
Epoch 11314, loss 5.682504
Epoch 11315, loss 5.678714
Epoch 11316, loss 5.679818
Epoch 11317, loss 5.681621
Epoch 11318, loss 5.679978
Epoch 11319, loss 5.675671
Epoch 11320, loss 5.672436
Epoch 11321, loss 5.671803
Epoch 11322, loss 5.671739
Epoch 11323, loss 5.669715
Epoch 11324, loss 5.666057
Epoch 11325, loss 5.662922
Epoch 11326, loss 5.661362
Epoch 11327, loss 5.660630
Epoch 11328, loss 5.659077
Epoch 11329, loss 5.655806
Epoch 11330, loss 5.652583
Epoch 11331, loss 5.650424
Epoch 11332, loss 5.649002
Epoch 11333, loss 5.647082
Epoch 11334, loss 5.644499
Epoch 11335, loss 5.641528
Epoch 11336, loss 5.638643
Epoch 11337, loss 5.636180
Epoch 11338, loss 5.633841
Epoch 11339, loss 5.631251
Epoch 11340, loss 5.628644
Epoch 11341, loss 5.631267
Epoch 11342, loss 5.664398
Epoch 11343, loss 5.677951
Epoch 11344, loss 5.673229
Epoch 11345, loss 5.649441
Epoch 11346, loss 5.621065
Epoch 11347, loss 5.629026
Epoch 11348, loss 5.645788
Epoch 11349, loss 5.665884
Epoch 11350, loss 5.673898
Epoch 11351, loss 5.675216
Epoch 11352, loss 5.672947
Epoch 11353, loss 5.668131
Epoch 11354, loss 5.658940
Epoch 11355, loss 5.644098
Epoch 11356, loss 5.623518
Epoch 11357, loss 5.664852
Epoch 11358, loss 5.635921
Epoch 11359, loss 5.660988
Epoch 11360, loss 5.676688
Epoch 11361, loss 5.681607
Epoch 11362, loss 5.680709
Epoch 11363, loss 5.683477
Epoch 11364, loss 5.685398
Epoch 11365, loss 5.687853
Epoch 11366, loss 5.688275
Epoch 11367, loss 5.686511
Epoch 11368, loss 5.686612
Epoch 11369, loss 5.687002
Epoch 11370, loss 5.689407
Epoch 11371, loss 5.691117
Epoch 11372, loss 5.692422
Epoch 11373, loss 5.695202
Epoch 11374, loss 5.698816
Epoch 11375, loss 5.705907
Epoch 11376, loss 5.715235
Epoch 11377, loss 5.727950
Epoch 11378, loss 5.746026
Epoch 11379, loss 5.770741
Epoch 11380, loss 5.806531
Epoch 11381, loss 5.855639
Epoch 11382, loss 5.923257
Epoch 11383, loss 6.013326
Epoch 11384, loss 6.133004
Epoch 11385, loss 6.283188
Epoch 11386, loss 6.467840
Epoch 11387, loss 6.668486
Epoch 11388, loss 6.872273
Epoch 11389, loss 7.021900
Epoch 11390, loss 7.087986
Epoch 11391, loss 7.004853
Epoch 11392, loss 6.786522
Epoch 11393, loss 6.452505
Epoch 11394, loss 6.101984
Epoch 11395, loss 5.816784
Epoch 11396, loss 5.659747
Epoch 11397, loss 5.641661
Epoch 11398, loss 5.731117
Epoch 11399, loss 5.867175
Epoch 11400, loss 5.985217
Epoch 11401, loss 6.042335
Epoch 11402, loss 6.018780
Epoch 11403, loss 5.932234
Epoch 11404, loss 5.813357
Epoch 11405, loss 5.704354
Epoch 11406, loss 5.633884
Epoch 11407, loss 5.613199
Epoch 11408, loss 5.634394
Epoch 11409, loss 5.677737
Epoch 11410, loss 5.720824
Epoch 11411, loss 5.745258
Epoch 11412, loss 5.744298
Epoch 11413, loss 5.720544
Epoch 11414, loss 5.683392
Epoch 11415, loss 5.643654
Epoch 11416, loss 5.612513
Epoch 11417, loss 5.596543
Epoch 11418, loss 5.595991
Epoch 11419, loss 5.606016
Epoch 11420, loss 5.620047
Epoch 11421, loss 5.632387
Epoch 11422, loss 5.638923
Epoch 11423, loss 5.638161
Epoch 11424, loss 5.630691
Epoch 11425, loss 5.618908
Epoch 11426, loss 5.606049
Epoch 11427, loss 5.594996
Epoch 11428, loss 5.587242
Epoch 11429, loss 5.583428
Epoch 11430, loss 5.583492
Epoch 11431, loss 5.586305
Epoch 11432, loss 5.590153
Epoch 11433, loss 5.593527
Epoch 11434, loss 5.595532
Epoch 11435, loss 5.595781
Epoch 11436, loss 5.594320
Epoch 11437, loss 5.591356
Epoch 11438, loss 5.587661
Epoch 11439, loss 5.583946
Epoch 11440, loss 5.580456
Epoch 11441, loss 5.577548
Epoch 11442, loss 5.575494
Epoch 11443, loss 5.574251
Epoch 11444, loss 5.573601
Epoch 11445, loss 5.573570
Epoch 11446, loss 5.573803
Epoch 11447, loss 5.574083
Epoch 11448, loss 5.574364
Epoch 11449, loss 5.574464
Epoch 11450, loss 5.574317
Epoch 11451, loss 5.574013
Epoch 11452, loss 5.573530
Epoch 11453, loss 5.572867
Epoch 11454, loss 5.572148
Epoch 11455, loss 5.571372
Epoch 11456, loss 5.570523
Epoch 11457, loss 5.569736
Epoch 11458, loss 5.568924
Epoch 11459, loss 5.568153
Epoch 11460, loss 5.567449
Epoch 11461, loss 5.566751
Epoch 11462, loss 5.566129
Epoch 11463, loss 5.565494
Epoch 11464, loss 5.564933
Epoch 11465, loss 5.564404
Epoch 11466, loss 5.563937
Epoch 11467, loss 5.563571
Epoch 11468, loss 5.563286
Epoch 11469, loss 5.563179
Epoch 11470, loss 5.563220
Epoch 11471, loss 5.563538
Epoch 11472, loss 5.564202
Epoch 11473, loss 5.565273
Epoch 11474, loss 5.567004
Epoch 11475, loss 5.569483
Epoch 11476, loss 5.573143
Epoch 11477, loss 5.578374
Epoch 11478, loss 5.585932
Epoch 11479, loss 5.596610
Epoch 11480, loss 5.611790
Epoch 11481, loss 5.633630
Epoch 11482, loss 5.664796
Epoch 11483, loss 5.708839
Epoch 11484, loss 5.770413
Epoch 11485, loss 5.855939
Epoch 11486, loss 5.971164
Epoch 11487, loss 6.116168
Epoch 11488, loss 6.285740
Epoch 11489, loss 6.482996
Epoch 11490, loss 6.703810
Epoch 11491, loss 6.896716
Epoch 11492, loss 6.986513
Epoch 11493, loss 6.987440
Epoch 11494, loss 6.919980
Epoch 11495, loss 6.878766
Epoch 11496, loss 6.901802
Epoch 11497, loss 7.024643
Epoch 11498, loss 7.153187
Epoch 11499, loss 7.201343
Epoch 11500, loss 7.153898
Epoch 11501, loss 6.936436
Epoch 11502, loss 6.578061
Epoch 11503, loss 6.165454
Epoch 11504, loss 5.863257
Epoch 11505, loss 5.784075
Epoch 11506, loss 5.940575
Epoch 11507, loss 6.155280
Epoch 11508, loss 6.277918
Epoch 11509, loss 6.230236
Epoch 11510, loss 6.060034
Epoch 11511, loss 5.897472
Epoch 11512, loss 5.831386
Epoch 11513, loss 5.849276
Epoch 11514, loss 5.885153
Epoch 11515, loss 5.868305
Epoch 11516, loss 5.810883
Epoch 11517, loss 5.755199
Epoch 11518, loss 5.752414
Epoch 11519, loss 5.795861
Epoch 11520, loss 5.835652
Epoch 11521, loss 5.834280
Epoch 11522, loss 5.779703
Epoch 11523, loss 5.711182
Epoch 11524, loss 5.669633
Epoch 11525, loss 5.672234
Epoch 11526, loss 5.702336
Epoch 11527, loss 5.730919
Epoch 11528, loss 5.734861
Epoch 11529, loss 5.717538
Epoch 11530, loss 5.693893
Epoch 11531, loss 5.679700
Epoch 11532, loss 5.678945
Epoch 11533, loss 5.683602
Epoch 11534, loss 5.683646
Epoch 11535, loss 5.675792
Epoch 11536, loss 5.663898
Epoch 11537, loss 5.655002
Epoch 11538, loss 5.654064
Epoch 11539, loss 5.658940
Epoch 11540, loss 5.665363
Epoch 11541, loss 5.668295
Epoch 11542, loss 5.666442
Epoch 11543, loss 5.661448
Epoch 11544, loss 5.656157
Epoch 11545, loss 5.652761
Epoch 11546, loss 5.651134
Epoch 11547, loss 5.650485
Epoch 11548, loss 5.649387
Epoch 11549, loss 5.647394
Epoch 11550, loss 5.645025
Epoch 11551, loss 5.642973
Epoch 11552, loss 5.641966
Epoch 11553, loss 5.642198
Epoch 11554, loss 5.642992
Epoch 11555, loss 5.643832
Epoch 11556, loss 5.644019
Epoch 11557, loss 5.643398
Epoch 11558, loss 5.642243
Epoch 11559, loss 5.640908
Epoch 11560, loss 5.639840
Epoch 11561, loss 5.639156
Epoch 11562, loss 5.638799
Epoch 11563, loss 5.638523
Epoch 11564, loss 5.638075
Epoch 11565, loss 5.637373
Epoch 11566, loss 5.636502
Epoch 11567, loss 5.635648
Epoch 11568, loss 5.635063
Epoch 11569, loss 5.634792
Epoch 11570, loss 5.634865
Epoch 11571, loss 5.635264
Epoch 11572, loss 5.635946
Epoch 11573, loss 5.636978
Epoch 11574, loss 5.638534
Epoch 11575, loss 5.640939
Epoch 11576, loss 5.644753
Epoch 11577, loss 5.650660
Epoch 11578, loss 5.659672
Epoch 11579, loss 5.673111
Epoch 11580, loss 5.693164
Epoch 11581, loss 5.722657
Epoch 11582, loss 5.766728
Epoch 11583, loss 5.831015
Epoch 11584, loss 5.926082
Epoch 11585, loss 6.060443
Epoch 11586, loss 6.251877
Epoch 11587, loss 6.500806
Epoch 11588, loss 6.818951
Epoch 11589, loss 7.149391
Epoch 11590, loss 7.453922
Epoch 11591, loss 7.569123
Epoch 11592, loss 7.456903
Epoch 11593, loss 7.058061
Epoch 11594, loss 6.574126
Epoch 11595, loss 6.190746
Epoch 11596, loss 6.086392
Epoch 11597, loss 6.244145
Epoch 11598, loss 6.522036
Epoch 11599, loss 6.716377
Epoch 11600, loss 6.696073
Epoch 11601, loss 6.466017
Epoch 11602, loss 6.171989
Epoch 11603, loss 5.976215
Epoch 11604, loss 5.954719
Epoch 11605, loss 6.029504
Epoch 11606, loss 6.082354
Epoch 11607, loss 6.017810
Epoch 11608, loss 5.867784
Epoch 11609, loss 5.716913
Epoch 11610, loss 5.653814
Epoch 11611, loss 5.686206
Epoch 11612, loss 5.756646
Epoch 11613, loss 5.801167
Epoch 11614, loss 5.790702
Epoch 11615, loss 5.749251
Epoch 11616, loss 5.716120
Epoch 11617, loss 5.726315
Epoch 11618, loss 5.761036
Epoch 11619, loss 5.794614
Epoch 11620, loss 5.794206
Epoch 11621, loss 5.767900
Epoch 11622, loss 5.728746
Epoch 11623, loss 5.705185
Epoch 11624, loss 5.710964
Epoch 11625, loss 5.748861
Epoch 11626, loss 5.780676
Epoch 11627, loss 5.782191
Epoch 11628, loss 5.755412
Epoch 11629, loss 5.717473
Epoch 11630, loss 5.795850
Epoch 11631, loss 6.339297
Epoch 11632, loss 7.139256
Epoch 11633, loss 7.851086
Epoch 11634, loss 8.017129
Epoch 11635, loss 7.541363
Epoch 11636, loss 6.808490
Epoch 11637, loss 6.362313
Epoch 11638, loss 6.329600
Epoch 11639, loss 6.527683
Epoch 11640, loss 6.618462
Epoch 11641, loss 6.403021
Epoch 11642, loss 6.102621
Epoch 11643, loss 5.980907
Epoch 11644, loss 6.067826
Epoch 11645, loss 6.239723
Epoch 11646, loss 6.257401
Epoch 11647, loss 6.072352
Epoch 11648, loss 5.897694
Epoch 11649, loss 5.862666
Epoch 11650, loss 5.971614
Epoch 11651, loss 6.088715
Epoch 11652, loss 6.059046
Epoch 11653, loss 5.917009
Epoch 11654, loss 5.792973
Epoch 11655, loss 5.765731
Epoch 11656, loss 5.827786
Epoch 11657, loss 5.886007
Epoch 11658, loss 5.874233
Epoch 11659, loss 5.827917
Epoch 11660, loss 5.799040
Epoch 11661, loss 5.807339
Epoch 11662, loss 5.831606
Epoch 11663, loss 5.829101
Epoch 11664, loss 5.794642
Epoch 11665, loss 5.764015
Epoch 11666, loss 5.756157
Epoch 11667, loss 5.771810
Epoch 11668, loss 5.788181
Epoch 11669, loss 5.783303
Epoch 11670, loss 5.762971
Epoch 11671, loss 5.746000
Epoch 11672, loss 5.741487
Epoch 11673, loss 5.749922
Epoch 11674, loss 5.758193
Epoch 11675, loss 5.757704
Epoch 11676, loss 5.752172
Epoch 11677, loss 5.747300
Epoch 11678, loss 5.746525
Epoch 11679, loss 5.748807
Epoch 11680, loss 5.748852
Epoch 11681, loss 5.744400
Epoch 11682, loss 5.738952
Epoch 11683, loss 5.735215
Epoch 11684, loss 5.735228
Epoch 11685, loss 5.737649
Epoch 11686, loss 5.738567
Epoch 11687, loss 5.736970
Epoch 11688, loss 5.733912
Epoch 11689, loss 5.731110
Epoch 11690, loss 5.730088
Epoch 11691, loss 5.730325
Epoch 11692, loss 5.730166
Epoch 11693, loss 5.729214
Epoch 11694, loss 5.727714
Epoch 11695, loss 5.726553
Epoch 11696, loss 5.726422
Epoch 11697, loss 5.726900
Epoch 11698, loss 5.727073
Epoch 11699, loss 5.726559
Epoch 11700, loss 5.725457
Epoch 11701, loss 5.724272
Epoch 11702, loss 5.723625
Epoch 11703, loss 5.723427
Epoch 11704, loss 5.723356
Epoch 11705, loss 5.723169
Epoch 11706, loss 5.722689
Epoch 11707, loss 5.722146
Epoch 11708, loss 5.721818
Epoch 11709, loss 5.721788
Epoch 11710, loss 5.721996
Epoch 11711, loss 5.722313
Epoch 11712, loss 5.722633
Epoch 11713, loss 5.723059
Epoch 11714, loss 5.723870
Epoch 11715, loss 5.725350
Epoch 11716, loss 5.727873
Epoch 11717, loss 5.731844
Epoch 11718, loss 5.737866
Epoch 11719, loss 5.746904
Epoch 11720, loss 5.760664
Epoch 11721, loss 5.781573
Epoch 11722, loss 5.813821
Epoch 11723, loss 5.862994
Epoch 11724, loss 5.938998
Epoch 11725, loss 6.054070
Epoch 11726, loss 6.230978
Epoch 11727, loss 6.492226
Epoch 11728, loss 6.881687
Epoch 11729, loss 7.414952
Epoch 11730, loss 8.133283
Epoch 11731, loss 8.925568
Epoch 11732, loss 9.695404
Epoch 11733, loss 10.002092
Epoch 11734, loss 9.671089
Epoch 11735, loss 8.510398
Epoch 11736, loss 7.078123
Epoch 11737, loss 6.011436
Epoch 11738, loss 5.777709
Epoch 11739, loss 6.267211
Epoch 11740, loss 6.961882
Epoch 11741, loss 7.330151
Epoch 11742, loss 7.095803
Epoch 11743, loss 6.484283
Epoch 11744, loss 5.925315
Epoch 11745, loss 5.769670
Epoch 11746, loss 6.003678
Epoch 11747, loss 6.334502
Epoch 11748, loss 6.463536
Epoch 11749, loss 6.290191
Epoch 11750, loss 5.980537
Epoch 11751, loss 5.768904
Epoch 11752, loss 5.777589
Epoch 11753, loss 5.933868
Epoch 11754, loss 6.065773
Epoch 11755, loss 6.057972
Epoch 11756, loss 5.923856
Epoch 11757, loss 5.780004
Epoch 11758, loss 5.726952
Epoch 11759, loss 5.776533
Epoch 11760, loss 5.858880
Epoch 11761, loss 5.893147
Epoch 11762, loss 5.854182
Epoch 11763, loss 5.778065
Epoch 11764, loss 5.724434
Epoch 11765, loss 5.723132
Epoch 11766, loss 5.758265
Epoch 11767, loss 5.790029
Epoch 11768, loss 5.789923
Epoch 11769, loss 5.760744
Epoch 11770, loss 5.726728
Epoch 11771, loss 5.711274
Epoch 11772, loss 5.718765
Epoch 11773, loss 5.735643
Epoch 11774, loss 5.744540
Epoch 11775, loss 5.737930
Epoch 11776, loss 5.721835
Epoch 11777, loss 5.708056
Epoch 11778, loss 5.704453
Epoch 11779, loss 5.709877
Epoch 11780, loss 5.717031
Epoch 11781, loss 5.719051
Epoch 11782, loss 5.714234
Epoch 11783, loss 5.706225
Epoch 11784, loss 5.700182
Epoch 11785, loss 5.698923
Epoch 11786, loss 5.701424
Epoch 11787, loss 5.704364
Epoch 11788, loss 5.704867
Epoch 11789, loss 5.702331
Epoch 11790, loss 5.698381
Epoch 11791, loss 5.695285
Epoch 11792, loss 5.694352
Epoch 11793, loss 5.695260
Epoch 11794, loss 5.696594
Epoch 11795, loss 5.696955
Epoch 11796, loss 5.695828
Epoch 11797, loss 5.693732
Epoch 11798, loss 5.691695
Epoch 11799, loss 5.690546
Epoch 11800, loss 5.690456
Epoch 11801, loss 5.690961
Epoch 11802, loss 5.691353
Epoch 11803, loss 5.691123
Epoch 11804, loss 5.690214
Epoch 11805, loss 5.688963
Epoch 11806, loss 5.687842
Epoch 11807, loss 5.687174
Epoch 11808, loss 5.686995
Epoch 11809, loss 5.687080
Epoch 11810, loss 5.687113
Epoch 11811, loss 5.686863
Epoch 11812, loss 5.686286
Epoch 11813, loss 5.685509
Epoch 11814, loss 5.684737
Epoch 11815, loss 5.684137
Epoch 11816, loss 5.683766
Epoch 11817, loss 5.683567
Epoch 11818, loss 5.683417
Epoch 11819, loss 5.683197
Epoch 11820, loss 5.682843
Epoch 11821, loss 5.682365
Epoch 11822, loss 5.681821
Epoch 11823, loss 5.681286
Epoch 11824, loss 5.680821
Epoch 11825, loss 5.680442
Epoch 11826, loss 5.680129
Epoch 11827, loss 5.679839
Epoch 11828, loss 5.679533
Epoch 11829, loss 5.679184
Epoch 11830, loss 5.678791
Epoch 11831, loss 5.678367
Epoch 11832, loss 5.677935
Epoch 11833, loss 5.677515
Epoch 11834, loss 5.677118
Epoch 11835, loss 5.676746
Epoch 11836, loss 5.676393
Epoch 11837, loss 5.676046
Epoch 11838, loss 5.675695
Epoch 11839, loss 5.675335
Epoch 11840, loss 5.674965
Epoch 11841, loss 5.674591
Epoch 11842, loss 5.674217
Epoch 11843, loss 5.673853
Epoch 11844, loss 5.673508
Epoch 11845, loss 5.673191
Epoch 11846, loss 5.672914
Epoch 11847, loss 5.672694
Epoch 11848, loss 5.672554
Epoch 11849, loss 5.672540
Epoch 11850, loss 5.672718
Epoch 11851, loss 5.673203
Epoch 11852, loss 5.674173
Epoch 11853, loss 5.675919
Epoch 11854, loss 5.678906
Epoch 11855, loss 5.683904
Epoch 11856, loss 5.692150
Epoch 11857, loss 5.705723
Epoch 11858, loss 5.727959
Epoch 11859, loss 5.764520
Epoch 11860, loss 5.824347
Epoch 11861, loss 5.922545
Epoch 11862, loss 6.081505
Epoch 11863, loss 6.337320
Epoch 11864, loss 6.732849
Epoch 11865, loss 7.322709
Epoch 11866, loss 8.108409
Epoch 11867, loss 9.021157
Epoch 11868, loss 9.730706
Epoch 11869, loss 9.849682
Epoch 11870, loss 9.018339
Epoch 11871, loss 7.607540
Epoch 11872, loss 6.381687
Epoch 11873, loss 5.995783
Epoch 11874, loss 6.382848
Epoch 11875, loss 6.941260
Epoch 11876, loss 7.089360
Epoch 11877, loss 6.719892
Epoch 11878, loss 6.240522
Epoch 11879, loss 6.066952
Epoch 11880, loss 6.222381
Epoch 11881, loss 6.380932
Epoch 11882, loss 6.280225
Epoch 11883, loss 6.002426
Epoch 11884, loss 5.839607
Epoch 11885, loss 5.927916
Epoch 11886, loss 6.103895
Epoch 11887, loss 6.123263
Epoch 11888, loss 5.941497
Epoch 11889, loss 5.745389
Epoch 11890, loss 5.718518
Epoch 11891, loss 5.840569
Epoch 11892, loss 5.940260
Epoch 11893, loss 5.900942
Epoch 11894, loss 5.771675
Epoch 11895, loss 5.686549
Epoch 11896, loss 5.708141
Epoch 11897, loss 5.777830
Epoch 11898, loss 5.802599
Epoch 11899, loss 5.757819
Epoch 11900, loss 5.698447
Epoch 11901, loss 5.682780
Epoch 11902, loss 5.709746
Epoch 11903, loss 5.732210
Epoch 11904, loss 5.717541
Epoch 11905, loss 5.681454
Epoch 11906, loss 5.662447
Epoch 11907, loss 5.675722
Epoch 11908, loss 5.699360
Epoch 11909, loss 5.703085
Epoch 11910, loss 5.681579
Epoch 11911, loss 5.656252
Epoch 11912, loss 5.649159
Epoch 11913, loss 5.660879
Epoch 11914, loss 5.674267
Epoch 11915, loss 5.674807
Epoch 11916, loss 5.663759
Epoch 11917, loss 5.652932
Epoch 11918, loss 5.650630
Epoch 11919, loss 5.654661
Epoch 11920, loss 5.657424
Epoch 11921, loss 5.654811
Epoch 11922, loss 5.649448
Epoch 11923, loss 5.646447
Epoch 11924, loss 5.647635
Epoch 11925, loss 5.650252
Epoch 11926, loss 5.650441
Epoch 11927, loss 5.647226
Epoch 11928, loss 5.643060
Epoch 11929, loss 5.641048
Epoch 11930, loss 5.641974
Epoch 11931, loss 5.643943
Epoch 11932, loss 5.644495
Epoch 11933, loss 5.642871
Epoch 11934, loss 5.640350
Epoch 11935, loss 5.638719
Epoch 11936, loss 5.638596
Epoch 11937, loss 5.639169
Epoch 11938, loss 5.639233
Epoch 11939, loss 5.638355
Epoch 11940, loss 5.637086
Epoch 11941, loss 5.636252
Epoch 11942, loss 5.636157
Epoch 11943, loss 5.636406
Epoch 11944, loss 5.636382
Epoch 11945, loss 5.635786
Epoch 11946, loss 5.634836
Epoch 11947, loss 5.633966
Epoch 11948, loss 5.633474
Epoch 11949, loss 5.633311
Epoch 11950, loss 5.633207
Epoch 11951, loss 5.632926
Epoch 11952, loss 5.632438
Epoch 11953, loss 5.631885
Epoch 11954, loss 5.631436
Epoch 11955, loss 5.631143
Epoch 11956, loss 5.630917
Epoch 11957, loss 5.630626
Epoch 11958, loss 5.630216
Epoch 11959, loss 5.629735
Epoch 11960, loss 5.629285
Epoch 11961, loss 5.628935
Epoch 11962, loss 5.628680
Epoch 11963, loss 5.628453
Epoch 11964, loss 5.628190
Epoch 11965, loss 5.627870
Epoch 11966, loss 5.627520
Epoch 11967, loss 5.627182
Epoch 11968, loss 5.626885
Epoch 11969, loss 5.626621
Epoch 11970, loss 5.626371
Epoch 11971, loss 5.626110
Epoch 11972, loss 5.625829
Epoch 11973, loss 5.625534
Epoch 11974, loss 5.625246
Epoch 11975, loss 5.624977
Epoch 11976, loss 5.624736
Epoch 11977, loss 5.624515
Epoch 11978, loss 5.624306
Epoch 11979, loss 5.624102
Epoch 11980, loss 5.623916
Epoch 11981, loss 5.623768
Epoch 11982, loss 5.623680
Epoch 11983, loss 5.623679
Epoch 11984, loss 5.623800
Epoch 11985, loss 5.624096
Epoch 11986, loss 5.624644
Epoch 11987, loss 5.625578
Epoch 11988, loss 5.627096
Epoch 11989, loss 5.629520
Epoch 11990, loss 5.633328
Epoch 11991, loss 5.639309
Epoch 11992, loss 5.648642
Epoch 11993, loss 5.663311
Epoch 11994, loss 5.686255
Epoch 11995, loss 5.722564
Epoch 11996, loss 5.779523
Epoch 11997, loss 5.870091
Epoch 11998, loss 6.011334
Epoch 11999, loss 6.234323
Epoch 12000, loss 6.571563
Epoch 12001, loss 7.082573
Epoch 12002, loss 7.784679
Epoch 12003, loss 8.714179
Epoch 12004, loss 9.668215
Epoch 12005, loss 10.443306
Epoch 12006, loss 10.420255
Epoch 12007, loss 9.507484
Epoch 12008, loss 7.845447
Epoch 12009, loss 6.389247
Epoch 12010, loss 5.847322
Epoch 12011, loss 6.292234
Epoch 12012, loss 7.123626
Epoch 12013, loss 7.554087
Epoch 12014, loss 7.244933
Epoch 12015, loss 6.439000
Epoch 12016, loss 5.811286
Epoch 12017, loss 5.764372
Epoch 12018, loss 6.156928
Epoch 12019, loss 6.517124
Epoch 12020, loss 6.486904
Epoch 12021, loss 6.133527
Epoch 12022, loss 5.788377
Epoch 12023, loss 5.720720
Epoch 12024, loss 5.891845
Epoch 12025, loss 6.057973
Epoch 12026, loss 6.040111
Epoch 12027, loss 5.865302
Epoch 12028, loss 5.708165
Epoch 12029, loss 5.688844
Epoch 12030, loss 5.775901
Epoch 12031, loss 5.847765
Epoch 12032, loss 5.823667
Epoch 12033, loss 5.733822
Epoch 12034, loss 5.663446
Epoch 12035, loss 5.662746
Epoch 12036, loss 5.705221
Epoch 12037, loss 5.729621
Epoch 12038, loss 5.706348
Epoch 12039, loss 5.657926
Epoch 12040, loss 5.627875
Epoch 12041, loss 5.634209
Epoch 12042, loss 5.657594
Epoch 12043, loss 5.666566
Epoch 12044, loss 5.649168
Epoch 12045, loss 5.621023
Epoch 12046, loss 5.605236
Epoch 12047, loss 5.609575
Epoch 12048, loss 5.622184
Epoch 12049, loss 5.626105
Epoch 12050, loss 5.615617
Epoch 12051, loss 5.599037
Epoch 12052, loss 5.589276
Epoch 12053, loss 5.591262
Epoch 12054, loss 5.599383
Epoch 12055, loss 5.603742
Epoch 12056, loss 5.599305
Epoch 12057, loss 5.589553
Epoch 12058, loss 5.581784
Epoch 12059, loss 5.580337
Epoch 12060, loss 5.583561
Epoch 12061, loss 5.586294
Epoch 12062, loss 5.584864
Epoch 12063, loss 5.579677
Epoch 12064, loss 5.574221
Epoch 12065, loss 5.571661
Epoch 12066, loss 5.572419
Epoch 12067, loss 5.574272
Epoch 12068, loss 5.574571
Epoch 12069, loss 5.572357
Epoch 12070, loss 5.568800
Epoch 12071, loss 5.565893
Epoch 12072, loss 5.564874
Epoch 12073, loss 5.565416
Epoch 12074, loss 5.566190
Epoch 12075, loss 5.565978
Epoch 12076, loss 5.564502
Epoch 12077, loss 5.562434
Epoch 12078, loss 5.560733
Epoch 12079, loss 5.559940
Epoch 12080, loss 5.559889
Epoch 12081, loss 5.559977
Epoch 12082, loss 5.559650
Epoch 12083, loss 5.558754
Epoch 12084, loss 5.557536
Epoch 12085, loss 5.556424
Epoch 12086, loss 5.555712
Epoch 12087, loss 5.555377
Epoch 12088, loss 5.555201
Epoch 12089, loss 5.554948
Epoch 12090, loss 5.554487
Epoch 12091, loss 5.553879
Epoch 12092, loss 5.553287
Epoch 12093, loss 5.552877
Epoch 12094, loss 5.552734
Epoch 12095, loss 5.552828
Epoch 12096, loss 5.553152
Epoch 12097, loss 5.553753
Epoch 12098, loss 5.554794
Epoch 12099, loss 5.556422
Epoch 12100, loss 5.559270
Epoch 12101, loss 5.563939
Epoch 12102, loss 5.571612
Epoch 12103, loss 5.584468
Epoch 12104, loss 5.606369
Epoch 12105, loss 5.642862
Epoch 12106, loss 5.706547
Epoch 12107, loss 5.810061
Epoch 12108, loss 5.973300
Epoch 12109, loss 6.211650
Epoch 12110, loss 6.547898
Epoch 12111, loss 6.975810
Epoch 12112, loss 7.475908
Epoch 12113, loss 7.917853
Epoch 12114, loss 8.110095
Epoch 12115, loss 7.803742
Epoch 12116, loss 7.108574
Epoch 12117, loss 6.331412
Epoch 12118, loss 5.858613
Epoch 12119, loss 5.804612
Epoch 12120, loss 6.018883
Epoch 12121, loss 6.242253
Epoch 12122, loss 6.358465
Epoch 12123, loss 21.424685
Epoch 12124, loss 94.916049
Epoch 12125, loss 121.773131
Epoch 12126, loss 25.389983
Epoch 12127, loss 61.232697
Epoch 12128, loss 58.283052
Epoch 12129, loss 24.487505
Epoch 12130, loss 52.145822
Epoch 12131, loss 19.800847
Epoch 12132, loss 39.937030
Epoch 12133, loss 19.186130
Epoch 12134, loss 30.557100
Epoch 12135, loss 17.678631
Epoch 12136, loss 25.134453
Epoch 12137, loss 15.223864
Epoch 12138, loss 21.287552
Epoch 12139, loss 12.778009
Epoch 12140, loss 19.058075
Epoch 12141, loss 10.715278
Epoch 12142, loss 16.671017
Epoch 12143, loss 9.481144
Epoch 12144, loss 14.859650
Epoch 12145, loss 8.504825
Epoch 12146, loss 12.956689
Epoch 12147, loss 8.292360
Epoch 12148, loss 11.108888
Epoch 12149, loss 8.140178
Epoch 12150, loss 9.755554
Epoch 12151, loss 7.849258
Epoch 12152, loss 8.888969
Epoch 12153, loss 7.382422
Epoch 12154, loss 8.397594
Epoch 12155, loss 6.854013
Epoch 12156, loss 8.094238
Epoch 12157, loss 6.435180
Epoch 12158, loss 7.717032
Epoch 12159, loss 6.313849
Epoch 12160, loss 7.193978
Epoch 12161, loss 6.378163
Epoch 12162, loss 6.666572
Epoch 12163, loss 6.472688
Epoch 12164, loss 6.276124
Epoch 12165, loss 6.449631
Epoch 12166, loss 6.059085
Epoch 12167, loss 6.383173
Epoch 12168, loss 5.902225
Epoch 12169, loss 6.277195
Epoch 12170, loss 5.875007
Epoch 12171, loss 6.101432
Epoch 12172, loss 5.869216
Epoch 12173, loss 6.016000
Epoch 12174, loss 5.794083
Epoch 12175, loss 5.970903
Epoch 12176, loss 5.759958
Epoch 12177, loss 5.898925
Epoch 12178, loss 5.738217
Epoch 12179, loss 5.858177
Epoch 12180, loss 5.710370
Epoch 12181, loss 5.812698
Epoch 12182, loss 5.709259
Epoch 12183, loss 5.761653
Epoch 12184, loss 5.711317
Epoch 12185, loss 5.723462
Epoch 12186, loss 5.707639
Epoch 12187, loss 5.694316
Epoch 12188, loss 5.707741
Epoch 12189, loss 5.667745
Epoch 12190, loss 5.703044
Epoch 12191, loss 5.656020
Epoch 12192, loss 5.691695
Epoch 12193, loss 5.648746
Epoch 12194, loss 5.680624
Epoch 12195, loss 5.646356
Epoch 12196, loss 5.667934
Epoch 12197, loss 5.645522
Epoch 12198, loss 5.657733
Epoch 12199, loss 5.643957
Epoch 12200, loss 5.650710
Epoch 12201, loss 5.639982
Epoch 12202, loss 5.647513
Epoch 12203, loss 5.635191
Epoch 12204, loss 5.644131
Epoch 12205, loss 5.633163
Epoch 12206, loss 5.639124
Epoch 12207, loss 5.632445
Epoch 12208, loss 5.634858
Epoch 12209, loss 5.631342
Epoch 12210, loss 5.631365
Epoch 12211, loss 5.630501
Epoch 12212, loss 5.628110
Epoch 12213, loss 5.629480
Epoch 12214, loss 5.625985
Epoch 12215, loss 5.627580
Epoch 12216, loss 5.624566
Epoch 12217, loss 5.625910
Epoch 12218, loss 5.623101
Epoch 12219, loss 5.624336
Epoch 12220, loss 5.622007
Epoch 12221, loss 5.622625
Epoch 12222, loss 5.621079
Epoch 12223, loss 5.621003
Epoch 12224, loss 5.620077
Epoch 12225, loss 5.619749
Epoch 12226, loss 5.618823
Epoch 12227, loss 5.618786
Epoch 12228, loss 5.617580
Epoch 12229, loss 5.617759
Epoch 12230, loss 5.616505
Epoch 12231, loss 5.616654
Epoch 12232, loss 5.615525
Epoch 12233, loss 5.615467
Epoch 12234, loss 5.614671
Epoch 12235, loss 5.614296
Epoch 12236, loss 5.613826
Epoch 12237, loss 5.613321
Epoch 12238, loss 5.612915
Epoch 12239, loss 5.612470
Epoch 12240, loss 5.612055
Epoch 12241, loss 5.611639
Epoch 12242, loss 5.611237
Epoch 12243, loss 5.610834
Epoch 12244, loss 5.610441
Epoch 12245, loss 5.610081
Epoch 12246, loss 5.609648
Epoch 12247, loss 5.609298
Epoch 12248, loss 5.608869
Epoch 12249, loss 5.608522
Epoch 12250, loss 5.608109
Epoch 12251, loss 5.607755
Epoch 12252, loss 5.607367
Epoch 12253, loss 5.606996
Epoch 12254, loss 5.606627
Epoch 12255, loss 5.606240
Epoch 12256, loss 5.605878
Epoch 12257, loss 5.605474
Epoch 12258, loss 5.605108
Epoch 12259, loss 5.604709
Epoch 12260, loss 5.604318
Epoch 12261, loss 5.603917
Epoch 12262, loss 5.603524
Epoch 12263, loss 5.603106
Epoch 12264, loss 5.602688
Epoch 12265, loss 5.602241
Epoch 12266, loss 5.601793
Epoch 12267, loss 5.601342
Epoch 12268, loss 5.600833
Epoch 12269, loss 5.600274
Epoch 12270, loss 5.599627
Epoch 12271, loss 5.598905
Epoch 12272, loss 5.598091
Epoch 12273, loss 5.597194
Epoch 12274, loss 5.596211
Epoch 12275, loss 5.595140
Epoch 12276, loss 5.593910
Epoch 12277, loss 5.592455
Epoch 12278, loss 5.590864
Epoch 12279, loss 5.589161
Epoch 12280, loss 5.587282
Epoch 12281, loss 5.585201
Epoch 12282, loss 5.583038
Epoch 12283, loss 5.580866
Epoch 12284, loss 5.578692
Epoch 12285, loss 5.576541
Epoch 12286, loss 5.574339
Epoch 12287, loss 5.571976
Epoch 12288, loss 5.569473
Epoch 12289, loss 5.567274
Epoch 12290, loss 5.565436
Epoch 12291, loss 5.564181
Epoch 12292, loss 5.563848
Epoch 12293, loss 5.564138
Epoch 12294, loss 5.564727
Epoch 12295, loss 5.564834
Epoch 12296, loss 5.563750
Epoch 12297, loss 5.561721
Epoch 12298, loss 5.559584
Epoch 12299, loss 5.557995
Epoch 12300, loss 5.556786
Epoch 12301, loss 5.555982
Epoch 12302, loss 5.555435
Epoch 12303, loss 5.554997
Epoch 12304, loss 5.554498
Epoch 12305, loss 5.553837
Epoch 12306, loss 5.552975
Epoch 12307, loss 5.551970
Epoch 12308, loss 5.550895
Epoch 12309, loss 5.549747
Epoch 12310, loss 5.548607
Epoch 12311, loss 5.547532
Epoch 12312, loss 5.546624
Epoch 12313, loss 5.546041
Epoch 12314, loss 5.545629
Epoch 12315, loss 5.545071
Epoch 12316, loss 5.544288
Epoch 12317, loss 5.543307
Epoch 12318, loss 5.542337
Epoch 12319, loss 5.541491
Epoch 12320, loss 5.540755
Epoch 12321, loss 5.540135
Epoch 12322, loss 5.539577
Epoch 12323, loss 5.538989
Epoch 12324, loss 5.538333
Epoch 12325, loss 5.537603
Epoch 12326, loss 5.536798
Epoch 12327, loss 5.535968
Epoch 12328, loss 5.535290
Epoch 12329, loss 5.534729
Epoch 12330, loss 5.534222
Epoch 12331, loss 5.533617
Epoch 12332, loss 5.532875
Epoch 12333, loss 5.532142
Epoch 12334, loss 5.531516
Epoch 12335, loss 5.530986
Epoch 12336, loss 5.530436
Epoch 12337, loss 5.529801
Epoch 12338, loss 5.529142
Epoch 12339, loss 5.528523
Epoch 12340, loss 5.528002
Epoch 12341, loss 5.527501
Epoch 12342, loss 5.526889
Epoch 12343, loss 5.526278
Epoch 12344, loss 5.525768
Epoch 12345, loss 5.525277
Epoch 12346, loss 5.524733
Epoch 12347, loss 5.524160
Epoch 12348, loss 5.523622
Epoch 12349, loss 5.523148
Epoch 12350, loss 5.522648
Epoch 12351, loss 5.522096
Epoch 12352, loss 5.521585
Epoch 12353, loss 5.521119
Epoch 12354, loss 5.520623
Epoch 12355, loss 5.520113
Epoch 12356, loss 5.519629
Epoch 12357, loss 5.519161
Epoch 12358, loss 5.518679
Epoch 12359, loss 5.518199
Epoch 12360, loss 5.517729
Epoch 12361, loss 5.517260
Epoch 12362, loss 5.516795
Epoch 12363, loss 5.516335
Epoch 12364, loss 5.515874
Epoch 12365, loss 5.515419
Epoch 12366, loss 5.514970
Epoch 12367, loss 5.514520
Epoch 12368, loss 5.514078
Epoch 12369, loss 5.513640
Epoch 12370, loss 5.513203
Epoch 12371, loss 5.512773
Epoch 12372, loss 5.512345
Epoch 12373, loss 5.511921
Epoch 12374, loss 5.511501
Epoch 12375, loss 5.511084
Epoch 12376, loss 5.510672
Epoch 12377, loss 5.510261
Epoch 12378, loss 5.509853
Epoch 12379, loss 5.509449
Epoch 12380, loss 5.509048
Epoch 12381, loss 5.508648
Epoch 12382, loss 5.508253
Epoch 12383, loss 5.507859
Epoch 12384, loss 5.507469
Epoch 12385, loss 5.507081
Epoch 12386, loss 5.506696
Epoch 12387, loss 5.506313
Epoch 12388, loss 5.505933
Epoch 12389, loss 5.505555
Epoch 12390, loss 5.505178
Epoch 12391, loss 5.504803
Epoch 12392, loss 5.504431
Epoch 12393, loss 5.504061
Epoch 12394, loss 5.503694
Epoch 12395, loss 5.503328
Epoch 12396, loss 5.502964
Epoch 12397, loss 5.502603
Epoch 12398, loss 5.502243
Epoch 12399, loss 5.501886
Epoch 12400, loss 5.501532
Epoch 12401, loss 5.501179
Epoch 12402, loss 5.500826
Epoch 12403, loss 5.500478
Epoch 12404, loss 5.500130
Epoch 12405, loss 5.499788
Epoch 12406, loss 5.499443
Epoch 12407, loss 5.499105
Epoch 12408, loss 5.498766
Epoch 12409, loss 5.498431
Epoch 12410, loss 5.498094
Epoch 12411, loss 5.497764
Epoch 12412, loss 5.497430
Epoch 12413, loss 5.497100
Epoch 12414, loss 5.496769
Epoch 12415, loss 5.496438
Epoch 12416, loss 5.496111
Epoch 12417, loss 5.495783
Epoch 12418, loss 5.495456
Epoch 12419, loss 5.495130
Epoch 12420, loss 5.494802
Epoch 12421, loss 5.494478
Epoch 12422, loss 5.494151
Epoch 12423, loss 5.493828
Epoch 12424, loss 5.493506
Epoch 12425, loss 5.493186
Epoch 12426, loss 5.492867
Epoch 12427, loss 5.492549
Epoch 12428, loss 5.492232
Epoch 12429, loss 5.491915
Epoch 12430, loss 5.491600
Epoch 12431, loss 5.491283
Epoch 12432, loss 5.490964
Epoch 12433, loss 5.490648
Epoch 12434, loss 5.490331
Epoch 12435, loss 5.490015
Epoch 12436, loss 5.489701
Epoch 12437, loss 5.489385
Epoch 12438, loss 5.489071
Epoch 12439, loss 5.488757
Epoch 12440, loss 5.488444
Epoch 12441, loss 5.488133
Epoch 12442, loss 5.487823
Epoch 12443, loss 5.487515
Epoch 12444, loss 5.487207
Epoch 12445, loss 5.486902
Epoch 12446, loss 5.486599
Epoch 12447, loss 5.486294
Epoch 12448, loss 5.485992
Epoch 12449, loss 5.485692
Epoch 12450, loss 5.485391
Epoch 12451, loss 5.485093
Epoch 12452, loss 5.484794
Epoch 12453, loss 5.484496
Epoch 12454, loss 5.484199
Epoch 12455, loss 5.483904
Epoch 12456, loss 5.483609
Epoch 12457, loss 5.483316
Epoch 12458, loss 5.483025
Epoch 12459, loss 5.482734
Epoch 12460, loss 5.482441
Epoch 12461, loss 5.482150
Epoch 12462, loss 5.481862
Epoch 12463, loss 5.481579
Epoch 12464, loss 5.481298
Epoch 12465, loss 5.481020
Epoch 12466, loss 5.480725
Epoch 12467, loss 5.480433
Epoch 12468, loss 5.480143
Epoch 12469, loss 5.479858
Epoch 12470, loss 5.479576
Epoch 12471, loss 5.479298
Epoch 12472, loss 5.479027
Epoch 12473, loss 5.478766
Epoch 12474, loss 5.478528
Epoch 12475, loss 5.478240
Epoch 12476, loss 5.478018
Epoch 12477, loss 5.477741
Epoch 12478, loss 5.477576
Epoch 12479, loss 5.477293
Epoch 12480, loss 5.477256
Epoch 12481, loss 5.476711
Epoch 12482, loss 5.476372
Epoch 12483, loss 5.476015
Epoch 12484, loss 5.475707
Epoch 12485, loss 5.475433
Epoch 12486, loss 5.475186
Epoch 12487, loss 5.474997
Epoch 12488, loss 5.475088
Epoch 12489, loss 5.474789
Epoch 12490, loss 5.475403
Epoch 12491, loss 5.474200
Epoch 12492, loss 5.473627
Epoch 12493, loss 5.473272
Epoch 12494, loss 5.473026
Epoch 12495, loss 5.472738
Epoch 12496, loss 5.472480
Epoch 12497, loss 5.472187
Epoch 12498, loss 5.471918
Epoch 12499, loss 5.471683
Epoch 12500, loss 5.471398
Epoch 12501, loss 5.471154
Epoch 12502, loss 5.471025
Epoch 12503, loss 5.471318
Epoch 12504, loss 5.471316
Epoch 12505, loss 5.473954
Epoch 12506, loss 5.470367
Epoch 12507, loss 5.485725
Epoch 12508, loss 5.523668
Epoch 12509, loss 5.525315
Epoch 12510, loss 5.518117
Epoch 12511, loss 5.519586
Epoch 12512, loss 5.516268
Epoch 12513, loss 5.522528
Epoch 12514, loss 5.521196
Epoch 12515, loss 5.511537
Epoch 12516, loss 5.517333
Epoch 12517, loss 5.517167
Epoch 12518, loss 5.511938
Epoch 12519, loss 5.514144
Epoch 12520, loss 5.510864
Epoch 12521, loss 5.512716
Epoch 12522, loss 5.512478
Epoch 12523, loss 5.508838
Epoch 12524, loss 5.510161
Epoch 12525, loss 5.510690
Epoch 12526, loss 5.508674
Epoch 12527, loss 5.508506
Epoch 12528, loss 5.508256
Epoch 12529, loss 5.507707
Epoch 12530, loss 5.508229
Epoch 12531, loss 5.506924
Epoch 12532, loss 5.506330
Epoch 12533, loss 5.507416
Epoch 12534, loss 5.506269
Epoch 12535, loss 5.505577
Epoch 12536, loss 5.505923
Epoch 12537, loss 5.505196
Epoch 12538, loss 5.505339
Epoch 12539, loss 5.504964
Epoch 12540, loss 5.504331
Epoch 12541, loss 5.504499
Epoch 12542, loss 5.504466
Epoch 12543, loss 5.503722
Epoch 12544, loss 5.503797
Epoch 12545, loss 5.503634
Epoch 12546, loss 5.503225
Epoch 12547, loss 5.503406
Epoch 12548, loss 5.502759
Epoch 12549, loss 5.502784
Epoch 12550, loss 5.502709
Epoch 12551, loss 5.502376
Epoch 12552, loss 5.502187
Epoch 12553, loss 5.502090
Epoch 12554, loss 5.501837
Epoch 12555, loss 5.501749
Epoch 12556, loss 5.501541
Epoch 12557, loss 5.501304
Epoch 12558, loss 5.501221
Epoch 12559, loss 5.501072
Epoch 12560, loss 5.500823
Epoch 12561, loss 5.500708
Epoch 12562, loss 5.500541
Epoch 12563, loss 5.500370
Epoch 12564, loss 5.500238
Epoch 12565, loss 5.500047
Epoch 12566, loss 5.499884
Epoch 12567, loss 5.499758
Epoch 12568, loss 5.499596
Epoch 12569, loss 5.499411
Epoch 12570, loss 5.499284
Epoch 12571, loss 5.499119
Epoch 12572, loss 5.498966
Epoch 12573, loss 5.498823
Epoch 12574, loss 5.498648
Epoch 12575, loss 5.498507
Epoch 12576, loss 5.498362
Epoch 12577, loss 5.498202
Epoch 12578, loss 5.498050
Epoch 12579, loss 5.497903
Epoch 12580, loss 5.497750
Epoch 12581, loss 5.497604
Epoch 12582, loss 5.497456
Epoch 12583, loss 5.497300
Epoch 12584, loss 5.497154
Epoch 12585, loss 5.497010
Epoch 12586, loss 5.496855
Epoch 12587, loss 5.496711
Epoch 12588, loss 5.496562
Epoch 12589, loss 5.496415
Epoch 12590, loss 5.496270
Epoch 12591, loss 5.496123
Epoch 12592, loss 5.495975
Epoch 12593, loss 5.495829
Epoch 12594, loss 5.495684
Epoch 12595, loss 5.495537
Epoch 12596, loss 5.495391
Epoch 12597, loss 5.495245
Epoch 12598, loss 5.495099
Epoch 12599, loss 5.494955
Epoch 12600, loss 5.494810
Epoch 12601, loss 5.494664
Epoch 12602, loss 5.494520
Epoch 12603, loss 5.494376
Epoch 12604, loss 5.494232
Epoch 12605, loss 5.494088
Epoch 12606, loss 5.493944
Epoch 12607, loss 5.493800
Epoch 12608, loss 5.493658
Epoch 12609, loss 5.493515
Epoch 12610, loss 5.493372
Epoch 12611, loss 5.493229
Epoch 12612, loss 5.493087
Epoch 12613, loss 5.492945
Epoch 12614, loss 5.492803
Epoch 12615, loss 5.492662
Epoch 12616, loss 5.492520
Epoch 12617, loss 5.492379
Epoch 12618, loss 5.492239
Epoch 12619, loss 5.492098
Epoch 12620, loss 5.491957
Epoch 12621, loss 5.491817
Epoch 12622, loss 5.491677
Epoch 12623, loss 5.491537
Epoch 12624, loss 5.491397
Epoch 12625, loss 5.491258
Epoch 12626, loss 5.491119
Epoch 12627, loss 5.490981
Epoch 12628, loss 5.490843
Epoch 12629, loss 5.490705
Epoch 12630, loss 5.490567
Epoch 12631, loss 5.490429
Epoch 12632, loss 5.490292
Epoch 12633, loss 5.490154
Epoch 12634, loss 5.490017
Epoch 12635, loss 5.489879
Epoch 12636, loss 5.489742
Epoch 12637, loss 5.489605
Epoch 12638, loss 5.489468
Epoch 12639, loss 5.489331
Epoch 12640, loss 5.489195
Epoch 12641, loss 5.489059
Epoch 12642, loss 5.488923
Epoch 12643, loss 5.488787
Epoch 12644, loss 5.488651
Epoch 12645, loss 5.488515
Epoch 12646, loss 5.488380
Epoch 12647, loss 5.488245
Epoch 12648, loss 5.488110
Epoch 12649, loss 5.487975
Epoch 12650, loss 5.487840
Epoch 12651, loss 5.487706
Epoch 12652, loss 5.487572
Epoch 12653, loss 5.487438
Epoch 12654, loss 5.487304
Epoch 12655, loss 5.487169
Epoch 12656, loss 5.487034
Epoch 12657, loss 5.486899
Epoch 12658, loss 5.486763
Epoch 12659, loss 5.486628
Epoch 12660, loss 5.486493
Epoch 12661, loss 5.486358
Epoch 12662, loss 5.486222
Epoch 12663, loss 5.486088
Epoch 12664, loss 5.485952
Epoch 12665, loss 5.485817
Epoch 12666, loss 5.485682
Epoch 12667, loss 5.485548
Epoch 12668, loss 5.485413
Epoch 12669, loss 5.485279
Epoch 12670, loss 5.485145
Epoch 12671, loss 5.485010
Epoch 12672, loss 5.484876
Epoch 12673, loss 5.484742
Epoch 12674, loss 5.484608
Epoch 12675, loss 5.484474
Epoch 12676, loss 5.484340
Epoch 12677, loss 5.484207
Epoch 12678, loss 5.484074
Epoch 12679, loss 5.483940
Epoch 12680, loss 5.483807
Epoch 12681, loss 5.483674
Epoch 12682, loss 5.483541
Epoch 12683, loss 5.483408
Epoch 12684, loss 5.483276
Epoch 12685, loss 5.483143
Epoch 12686, loss 5.483011
Epoch 12687, loss 5.482878
Epoch 12688, loss 5.482746
Epoch 12689, loss 5.482614
Epoch 12690, loss 5.482482
Epoch 12691, loss 5.482350
Epoch 12692, loss 5.482218
Epoch 12693, loss 5.482086
Epoch 12694, loss 5.481955
Epoch 12695, loss 5.481823
Epoch 12696, loss 5.481692
Epoch 12697, loss 5.481561
Epoch 12698, loss 5.481429
Epoch 12699, loss 5.481299
Epoch 12700, loss 5.481168
Epoch 12701, loss 5.481037
Epoch 12702, loss 5.480906
Epoch 12703, loss 5.480776
Epoch 12704, loss 5.480645
Epoch 12705, loss 5.480514
Epoch 12706, loss 5.480384
Epoch 12707, loss 5.480253
Epoch 12708, loss 5.480122
Epoch 12709, loss 5.479992
Epoch 12710, loss 5.479861
Epoch 12711, loss 5.479731
Epoch 12712, loss 5.479600
Epoch 12713, loss 5.479470
Epoch 12714, loss 5.479340
Epoch 12715, loss 5.479210
Epoch 12716, loss 5.479080
Epoch 12717, loss 5.478951
Epoch 12718, loss 5.478821
Epoch 12719, loss 5.478692
Epoch 12720, loss 5.478562
Epoch 12721, loss 5.478433
Epoch 12722, loss 5.478304
Epoch 12723, loss 5.478175
Epoch 12724, loss 5.478046
Epoch 12725, loss 5.477916
Epoch 12726, loss 5.477787
Epoch 12727, loss 5.477658
Epoch 12728, loss 5.477529
Epoch 12729, loss 5.477401
Epoch 12730, loss 5.477272
Epoch 12731, loss 5.477144
Epoch 12732, loss 5.477016
Epoch 12733, loss 5.476888
Epoch 12734, loss 5.476760
Epoch 12735, loss 5.476632
Epoch 12736, loss 5.476504
Epoch 12737, loss 5.476376
Epoch 12738, loss 5.476249
Epoch 12739, loss 5.476121
Epoch 12740, loss 5.475994
Epoch 12741, loss 5.475867
Epoch 12742, loss 5.475739
Epoch 12743, loss 5.475612
Epoch 12744, loss 5.475484
Epoch 12745, loss 5.475357
Epoch 12746, loss 5.475230
Epoch 12747, loss 5.475103
Epoch 12748, loss 5.474976
Epoch 12749, loss 5.474850
Epoch 12750, loss 5.474723
Epoch 12751, loss 5.474597
Epoch 12752, loss 5.474470
Epoch 12753, loss 5.474343
Epoch 12754, loss 5.474216
Epoch 12755, loss 5.474089
Epoch 12756, loss 5.473962
Epoch 12757, loss 5.473835
Epoch 12758, loss 5.473709
Epoch 12759, loss 5.473582
Epoch 12760, loss 5.473456
Epoch 12761, loss 5.473329
Epoch 12762, loss 5.473203
Epoch 12763, loss 5.473077
Epoch 12764, loss 5.472952
Epoch 12765, loss 5.472826
Epoch 12766, loss 5.472700
Epoch 12767, loss 5.472575
Epoch 12768, loss 5.472450
Epoch 12769, loss 5.472325
Epoch 12770, loss 5.472199
Epoch 12771, loss 5.472075
Epoch 12772, loss 5.471950
Epoch 12773, loss 5.471825
Epoch 12774, loss 5.471700
Epoch 12775, loss 5.471576
Epoch 12776, loss 5.471452
Epoch 12777, loss 5.471328
Epoch 12778, loss 5.471204
Epoch 12779, loss 5.471080
Epoch 12780, loss 5.470956
Epoch 12781, loss 5.470831
Epoch 12782, loss 5.470707
Epoch 12783, loss 5.470582
Epoch 12784, loss 5.470458
Epoch 12785, loss 5.470334
Epoch 12786, loss 5.470210
Epoch 12787, loss 5.470085
Epoch 12788, loss 5.469961
Epoch 12789, loss 5.469838
Epoch 12790, loss 5.469714
Epoch 12791, loss 5.469590
Epoch 12792, loss 5.469466
Epoch 12793, loss 5.469342
Epoch 12794, loss 5.469219
Epoch 12795, loss 5.469096
Epoch 12796, loss 5.468972
Epoch 12797, loss 5.468849
Epoch 12798, loss 5.468725
Epoch 12799, loss 5.468602
Epoch 12800, loss 5.468478
Epoch 12801, loss 5.468353
Epoch 12802, loss 5.468229
Epoch 12803, loss 5.468104
Epoch 12804, loss 5.467979
Epoch 12805, loss 5.467854
Epoch 12806, loss 5.467729
Epoch 12807, loss 5.467605
Epoch 12808, loss 5.467480
Epoch 12809, loss 5.467355
Epoch 12810, loss 5.467231
Epoch 12811, loss 5.467106
Epoch 12812, loss 5.466982
Epoch 12813, loss 5.466858
Epoch 12814, loss 5.466733
Epoch 12815, loss 5.466609
Epoch 12816, loss 5.466486
Epoch 12817, loss 5.466362
Epoch 12818, loss 5.466239
Epoch 12819, loss 5.466115
Epoch 12820, loss 5.465992
Epoch 12821, loss 5.465868
Epoch 12822, loss 5.465745
Epoch 12823, loss 5.465621
Epoch 12824, loss 5.465497
Epoch 12825, loss 5.465372
Epoch 12826, loss 5.465248
Epoch 12827, loss 5.465122
Epoch 12828, loss 5.464996
Epoch 12829, loss 5.464871
Epoch 12830, loss 5.464745
Epoch 12831, loss 5.464619
Epoch 12832, loss 5.464493
Epoch 12833, loss 5.464367
Epoch 12834, loss 5.464239
Epoch 12835, loss 5.464112
Epoch 12836, loss 5.463985
Epoch 12837, loss 5.463858
Epoch 12838, loss 5.463731
Epoch 12839, loss 5.463604
Epoch 12840, loss 5.463477
Epoch 12841, loss 5.463350
Epoch 12842, loss 5.463223
Epoch 12843, loss 5.463096
Epoch 12844, loss 5.462971
Epoch 12845, loss 5.462845
Epoch 12846, loss 5.462719
Epoch 12847, loss 5.462593
Epoch 12848, loss 5.462468
Epoch 12849, loss 5.462344
Epoch 12850, loss 5.462220
Epoch 12851, loss 5.462098
Epoch 12852, loss 5.461977
Epoch 12853, loss 5.461859
Epoch 12854, loss 5.461743
Epoch 12855, loss 5.461633
Epoch 12856, loss 5.461530
Epoch 12857, loss 5.461439
Epoch 12858, loss 5.461367
Epoch 12859, loss 5.461323
Epoch 12860, loss 5.461326
Epoch 12861, loss 5.461397
Epoch 12862, loss 5.461583
Epoch 12863, loss 5.461947
Epoch 12864, loss 5.462605
Epoch 12865, loss 5.463731
Epoch 12866, loss 5.465634
Epoch 12867, loss 5.468806
Epoch 12868, loss 5.474074
Epoch 12869, loss 5.482813
Epoch 12870, loss 5.497317
Epoch 12871, loss 5.521405
Epoch 12872, loss 5.561459
Epoch 12873, loss 5.627711
Epoch 12874, loss 5.736512
Epoch 12875, loss 5.911093
Epoch 12876, loss 6.183308
Epoch 12877, loss 6.576995
Epoch 12878, loss 7.093662
Epoch 12879, loss 7.624302
Epoch 12880, loss 7.970660
Epoch 12881, loss 7.814692
Epoch 12882, loss 7.122471
Epoch 12883, loss 6.184539
Epoch 12884, loss 5.558274
Epoch 12885, loss 5.535317
Epoch 12886, loss 5.962170
Epoch 12887, loss 6.406164
Epoch 12888, loss 6.477263
Epoch 12889, loss 6.137315
Epoch 12890, loss 5.675924
Epoch 12891, loss 5.461745
Epoch 12892, loss 5.593245
Epoch 12893, loss 5.863070
Epoch 12894, loss 5.989688
Epoch 12895, loss 5.859955
Epoch 12896, loss 5.611625
Epoch 12897, loss 5.462743
Epoch 12898, loss 5.509003
Epoch 12899, loss 5.655938
Epoch 12900, loss 5.737138
Epoch 12901, loss 5.678824
Epoch 12902, loss 5.545671
Epoch 12903, loss 5.460937
Epoch 12904, loss 5.480601
Epoch 12905, loss 5.557459
Epoch 12906, loss 5.604306
Epoch 12907, loss 5.577614
Epoch 12908, loss 5.508507
Epoch 12909, loss 5.459659
Epoch 12910, loss 5.465023
Epoch 12911, loss 5.504880
Epoch 12912, loss 5.533389
Epoch 12913, loss 5.523747
Epoch 12914, loss 5.487731
Epoch 12915, loss 5.458468
Epoch 12916, loss 5.456986
Epoch 12917, loss 5.476561
Epoch 12918, loss 5.494118
Epoch 12919, loss 5.493021
Epoch 12920, loss 5.475862
Epoch 12921, loss 5.458257
Epoch 12922, loss 5.453404
Epoch 12923, loss 5.461461
Epoch 12924, loss 5.472021
Epoch 12925, loss 5.474825
Epoch 12926, loss 5.468020
Epoch 12927, loss 5.457997
Epoch 12928, loss 5.452493
Epoch 12929, loss 5.454201
Epoch 12930, loss 5.459674
Epoch 12931, loss 5.463276
Epoch 12932, loss 5.461995
Epoch 12933, loss 5.457178
Epoch 12934, loss 5.452667
Epoch 12935, loss 5.451371
Epoch 12936, loss 5.453252
Epoch 12937, loss 5.455906
Epoch 12938, loss 5.456846
Epoch 12939, loss 5.455386
Epoch 12940, loss 5.452739
Epoch 12941, loss 5.450773
Epoch 12942, loss 5.450498
Epoch 12943, loss 5.451533
Epoch 12944, loss 5.452669
Epoch 12945, loss 5.452883
Epoch 12946, loss 5.452011
Epoch 12947, loss 5.450669
Epoch 12948, loss 5.449671
Epoch 12949, loss 5.449458
Epoch 12950, loss 5.449864
Epoch 12951, loss 5.450354
Epoch 12952, loss 5.450446
Epoch 12953, loss 5.450021
Epoch 12954, loss 5.449318
Epoch 12955, loss 5.448712
Epoch 12956, loss 5.448443
Epoch 12957, loss 5.448498
Epoch 12958, loss 5.448669
Epoch 12959, loss 5.448724
Epoch 12960, loss 5.448546
Epoch 12961, loss 5.448187
Epoch 12962, loss 5.447794
Epoch 12963, loss 5.447510
Epoch 12964, loss 5.447383
Epoch 12965, loss 5.447365
Epoch 12966, loss 5.447360
Epoch 12967, loss 5.447282
Epoch 12968, loss 5.447107
Epoch 12969, loss 5.446866
Epoch 12970, loss 5.446622
Epoch 12971, loss 5.446428
Epoch 12972, loss 5.446300
Epoch 12973, loss 5.446217
Epoch 12974, loss 5.446140
Epoch 12975, loss 5.446036
Epoch 12976, loss 5.445888
Epoch 12977, loss 5.445708
Epoch 12978, loss 5.445520
Epoch 12979, loss 5.445346
Epoch 12980, loss 5.445197
Epoch 12981, loss 5.445072
Epoch 12982, loss 5.444955
Epoch 12983, loss 5.444834
Epoch 12984, loss 5.444699
Epoch 12985, loss 5.444550
Epoch 12986, loss 5.444391
Epoch 12987, loss 5.444230
Epoch 12988, loss 5.444077
Epoch 12989, loss 5.443932
Epoch 12990, loss 5.443795
Epoch 12991, loss 5.443662
Epoch 12992, loss 5.443529
Epoch 12993, loss 5.443392
Epoch 12994, loss 5.443250
Epoch 12995, loss 5.443103
Epoch 12996, loss 5.442954
Epoch 12997, loss 5.442805
Epoch 12998, loss 5.442658
Epoch 12999, loss 5.442515
Epoch 13000, loss 5.442374
Epoch 13001, loss 5.442234
Epoch 13002, loss 5.442095
Epoch 13003, loss 5.441954
Epoch 13004, loss 5.441812
Epoch 13005, loss 5.441669
Epoch 13006, loss 5.441525
Epoch 13007, loss 5.441381
Epoch 13008, loss 5.441237
Epoch 13009, loss 5.441095
Epoch 13010, loss 5.440953
Epoch 13011, loss 5.440812
Epoch 13012, loss 5.440671
Epoch 13013, loss 5.440529
Epoch 13014, loss 5.440388
Epoch 13015, loss 5.440244
Epoch 13016, loss 5.440099
Epoch 13017, loss 5.439953
Epoch 13018, loss 5.439807
Epoch 13019, loss 5.439660
Epoch 13020, loss 5.439513
Epoch 13021, loss 5.439364
Epoch 13022, loss 5.439212
Epoch 13023, loss 5.439061
Epoch 13024, loss 5.438909
Epoch 13025, loss 5.438755
Epoch 13026, loss 5.438601
Epoch 13027, loss 5.438447
Epoch 13028, loss 5.438292
Epoch 13029, loss 5.438136
Epoch 13030, loss 5.437976
Epoch 13031, loss 5.437816
Epoch 13032, loss 5.437654
Epoch 13033, loss 5.437492
Epoch 13034, loss 5.437326
Epoch 13035, loss 5.437159
Epoch 13036, loss 5.436992
Epoch 13037, loss 5.436826
Epoch 13038, loss 5.436659
Epoch 13039, loss 5.436492
Epoch 13040, loss 5.436325
Epoch 13041, loss 5.436158
Epoch 13042, loss 5.435990
Epoch 13043, loss 5.435822
Epoch 13044, loss 5.435654
Epoch 13045, loss 5.435485
Epoch 13046, loss 5.435315
Epoch 13047, loss 5.435148
Epoch 13048, loss 5.434979
Epoch 13049, loss 5.434811
Epoch 13050, loss 5.434642
Epoch 13051, loss 5.434474
Epoch 13052, loss 5.434306
Epoch 13053, loss 5.434139
Epoch 13054, loss 5.433970
Epoch 13055, loss 5.433802
Epoch 13056, loss 5.433630
Epoch 13057, loss 5.433457
Epoch 13058, loss 5.433283
Epoch 13059, loss 5.433109
Epoch 13060, loss 5.432934
Epoch 13061, loss 5.432752
Epoch 13062, loss 5.432569
Epoch 13063, loss 5.432383
Epoch 13064, loss 5.432197
Epoch 13065, loss 5.432008
Epoch 13066, loss 5.431818
Epoch 13067, loss 5.431628
Epoch 13068, loss 5.431436
Epoch 13069, loss 5.431243
Epoch 13070, loss 5.431050
Epoch 13071, loss 5.430856
Epoch 13072, loss 5.430658
Epoch 13073, loss 5.430452
Epoch 13074, loss 5.430243
Epoch 13075, loss 5.430034
Epoch 13076, loss 5.429827
Epoch 13077, loss 5.429622
Epoch 13078, loss 5.429413
Epoch 13079, loss 5.429211
Epoch 13080, loss 5.429026
Epoch 13081, loss 5.428861
Epoch 13082, loss 5.428738
Epoch 13083, loss 5.428684
Epoch 13084, loss 5.428744
Epoch 13085, loss 5.428994
Epoch 13086, loss 5.429554
Epoch 13087, loss 5.430627
Epoch 13088, loss 5.432560
Epoch 13089, loss 5.435923
Epoch 13090, loss 5.441702
Epoch 13091, loss 5.451526
Epoch 13092, loss 5.468250
Epoch 13093, loss 5.496576
Epoch 13094, loss 5.544817
Epoch 13095, loss 5.626280
Epoch 13096, loss 5.764450
Epoch 13097, loss 5.993412
Epoch 13098, loss 6.369133
Epoch 13099, loss 6.947001
Epoch 13100, loss 7.785793
Epoch 13101, loss 8.788155
Epoch 13102, loss 9.727659
Epoch 13103, loss 9.960079
Epoch 13104, loss 9.178585
Epoch 13105, loss 7.534339
Epoch 13106, loss 6.090043
Epoch 13107, loss 5.623114
Epoch 13108, loss 6.115180
Epoch 13109, loss 6.882387
Epoch 13110, loss 7.163288
Epoch 13111, loss 6.771893
Epoch 13112, loss 6.069772
Epoch 13113, loss 5.646907
Epoch 13114, loss 5.726017
Epoch 13115, loss 6.068998
Epoch 13116, loss 6.268708
Epoch 13117, loss 6.116116
Epoch 13118, loss 5.777407
Epoch 13119, loss 5.557134
Epoch 13120, loss 5.610478
Epoch 13121, loss 5.797326
Epoch 13122, loss 5.879075
Epoch 13123, loss 5.772207
Epoch 13124, loss 5.586133
Epoch 13125, loss 5.495429
Epoch 13126, loss 5.545899
Epoch 13127, loss 5.636183
Epoch 13128, loss 5.661627
Epoch 13129, loss 5.594661
Epoch 13130, loss 5.497335
Epoch 13131, loss 5.452829
Epoch 13132, loss 5.496609
Epoch 13133, loss 5.563339
Epoch 13134, loss 5.567303
Epoch 13135, loss 5.510221
Epoch 13136, loss 5.446529
Epoch 13137, loss 5.428160
Epoch 13138, loss 5.474843
Epoch 13139, loss 5.509671
Epoch 13140, loss 5.491583
Epoch 13141, loss 5.445924
Epoch 13142, loss 5.417645
Epoch 13143, loss 5.421970
Epoch 13144, loss 5.456651
Epoch 13145, loss 5.472647
Epoch 13146, loss 5.448810
Epoch 13147, loss 5.420138
Epoch 13148, loss 5.415111
Epoch 13149, loss 5.421839
Epoch 13150, loss 5.440554
Epoch 13151, loss 5.441586
Epoch 13152, loss 5.424328
Epoch 13153, loss 5.407260
Epoch 13154, loss 5.409942
Epoch 13155, loss 5.415818
Epoch 13156, loss 5.421558
Epoch 13157, loss 5.422481
Epoch 13158, loss 5.412894
Epoch 13159, loss 5.402853
Epoch 13160, loss 5.406803
Epoch 13161, loss 5.410888
Epoch 13162, loss 5.413767
Epoch 13163, loss 5.410222
Epoch 13164, loss 5.406860
Epoch 13165, loss 5.402814
Epoch 13166, loss 5.405896
Epoch 13167, loss 5.408918
Epoch 13168, loss 5.406914
Epoch 13169, loss 5.401431
Epoch 13170, loss 5.400565
Epoch 13171, loss 5.398677
Epoch 13172, loss 5.399010
Epoch 13173, loss 5.400572
Epoch 13174, loss 5.400817
Epoch 13175, loss 5.395241
Epoch 13176, loss 5.395517
Epoch 13177, loss 5.396656
Epoch 13178, loss 5.396343
Epoch 13179, loss 5.395675
Epoch 13180, loss 5.395426
Epoch 13181, loss 5.391584
Epoch 13182, loss 5.390439
Epoch 13183, loss 5.390650
Epoch 13184, loss 5.390674
Epoch 13185, loss 5.389641
Epoch 13186, loss 5.389870
Epoch 13187, loss 5.388017
Epoch 13188, loss 5.386577
Epoch 13189, loss 5.386062
Epoch 13190, loss 5.386306
Epoch 13191, loss 5.385658
Epoch 13192, loss 5.385349
Epoch 13193, loss 5.384701
Epoch 13194, loss 5.383744
Epoch 13195, loss 5.382794
Epoch 13196, loss 5.382701
Epoch 13197, loss 5.382438
Epoch 13198, loss 5.382060
Epoch 13199, loss 5.381592
Epoch 13200, loss 5.381090
Epoch 13201, loss 5.380273
Epoch 13202, loss 5.379775
Epoch 13203, loss 5.379497
Epoch 13204, loss 5.379197
Epoch 13205, loss 5.378792
Epoch 13206, loss 5.378413
Epoch 13207, loss 5.377869
Epoch 13208, loss 5.377211
Epoch 13209, loss 5.376636
Epoch 13210, loss 5.376175
Epoch 13211, loss 5.375584
Epoch 13212, loss 5.374795
Epoch 13213, loss 5.373597
Epoch 13214, loss 5.371530
Epoch 13215, loss 5.368633
Epoch 13216, loss 5.366346
Epoch 13217, loss 5.371018
Epoch 13218, loss 5.366050
Epoch 13219, loss 5.368488
Epoch 13220, loss 5.370298
Epoch 13221, loss 5.369912
Epoch 13222, loss 5.366482
Epoch 13223, loss 5.362588
Epoch 13224, loss 5.362846
Epoch 13225, loss 5.360430
Epoch 13226, loss 5.359898
Epoch 13227, loss 5.361684
Epoch 13228, loss 5.361572
Epoch 13229, loss 5.359385
Epoch 13230, loss 5.359633
Epoch 13231, loss 5.358065
Epoch 13232, loss 5.356744
Epoch 13233, loss 5.355980
Epoch 13234, loss 5.355175
Epoch 13235, loss 5.354347
Epoch 13236, loss 5.354275
Epoch 13237, loss 5.354283
Epoch 13238, loss 5.354001
Epoch 13239, loss 5.353906
Epoch 13240, loss 5.353438
Epoch 13241, loss 5.352827
Epoch 13242, loss 5.352199
Epoch 13243, loss 5.351401
Epoch 13244, loss 5.350802
Epoch 13245, loss 5.350365
Epoch 13246, loss 5.349920
Epoch 13247, loss 5.349766
Epoch 13248, loss 5.349498
Epoch 13249, loss 5.349143
Epoch 13250, loss 5.348915
Epoch 13251, loss 5.348476
Epoch 13252, loss 5.348045
Epoch 13253, loss 5.347670
Epoch 13254, loss 5.347218
Epoch 13255, loss 5.346826
Epoch 13256, loss 5.346469
Epoch 13257, loss 5.346074
Epoch 13258, loss 5.345725
Epoch 13259, loss 5.345415
Epoch 13260, loss 5.345106
Epoch 13261, loss 5.344835
Epoch 13262, loss 5.344564
Epoch 13263, loss 5.344304
Epoch 13264, loss 5.344037
Epoch 13265, loss 5.343760
Epoch 13266, loss 5.343485
Epoch 13267, loss 5.343178
Epoch 13268, loss 5.342894
Epoch 13269, loss 5.342603
Epoch 13270, loss 5.342328
Epoch 13271, loss 5.342052
Epoch 13272, loss 5.341766
Epoch 13273, loss 5.341486
Epoch 13274, loss 5.341204
Epoch 13275, loss 5.340933
Epoch 13276, loss 5.340661
Epoch 13277, loss 5.340390
Epoch 13278, loss 5.340137
Epoch 13279, loss 5.339877
Epoch 13280, loss 5.339626
Epoch 13281, loss 5.339374
Epoch 13282, loss 5.339128
Epoch 13283, loss 5.338881
Epoch 13284, loss 5.338642
Epoch 13285, loss 5.338396
Epoch 13286, loss 5.338148
Epoch 13287, loss 5.337910
Epoch 13288, loss 5.337681
Epoch 13289, loss 5.337453
Epoch 13290, loss 5.337244
Epoch 13291, loss 5.337052
Epoch 13292, loss 5.336912
Epoch 13293, loss 5.336832
Epoch 13294, loss 5.336872
Epoch 13295, loss 5.337056
Epoch 13296, loss 5.337511
Epoch 13297, loss 5.338512
Epoch 13298, loss 5.340345
Epoch 13299, loss 5.343729
Epoch 13300, loss 5.348441
Epoch 13301, loss 5.357394
Epoch 13302, loss 5.369140
Epoch 13303, loss 5.384360
Epoch 13304, loss 5.398591
Epoch 13305, loss 5.435241
Epoch 13306, loss 5.506990
Epoch 13307, loss 5.592130
Epoch 13308, loss 5.660708
Epoch 13309, loss 5.731505
Epoch 13310, loss 5.824191
Epoch 13311, loss 5.979865
Epoch 13312, loss 6.147730
Epoch 13313, loss 6.314330
Epoch 13314, loss 6.470131
Epoch 13315, loss 6.621143
Epoch 13316, loss 6.748649
Epoch 13317, loss 6.838694
Epoch 13318, loss 6.820127
Epoch 13319, loss 6.693493
Epoch 13320, loss 6.435416
Epoch 13321, loss 6.152994
Epoch 13322, loss 5.967695
Epoch 13323, loss 5.799167
Epoch 13324, loss 5.661444
Epoch 13325, loss 5.667616
Epoch 13326, loss 5.734589
Epoch 13327, loss 5.846467
Epoch 13328, loss 5.940823
Epoch 13329, loss 5.995432
Epoch 13330, loss 5.950210
Epoch 13331, loss 5.838866
Epoch 13332, loss 5.711410
Epoch 13333, loss 5.593730
Epoch 13334, loss 5.528613
Epoch 13335, loss 5.544860
Epoch 13336, loss 5.605572
Epoch 13337, loss 5.656734
Epoch 13338, loss 5.695793
Epoch 13339, loss 5.697157
Epoch 13340, loss 5.665262
Epoch 13341, loss 5.615228
Epoch 13342, loss 5.570436
Epoch 13343, loss 5.537469
Epoch 13344, loss 5.521770
Epoch 13345, loss 5.530608
Epoch 13346, loss 5.546500
Epoch 13347, loss 5.559772
Epoch 13348, loss 5.568267
Epoch 13349, loss 5.569944
Epoch 13350, loss 5.561638
Epoch 13351, loss 5.548419
Epoch 13352, loss 5.536007
Epoch 13353, loss 5.525653
Epoch 13354, loss 5.518712
Epoch 13355, loss 5.516242
Epoch 13356, loss 5.516116
Epoch 13357, loss 5.515184
Epoch 13358, loss 5.515912
Epoch 13359, loss 5.517378
Epoch 13360, loss 5.517826
Epoch 13361, loss 5.517476
Epoch 13362, loss 5.516418
Epoch 13363, loss 5.514997
Epoch 13364, loss 5.511955
Epoch 13365, loss 5.509023
Epoch 13366, loss 5.506099
Epoch 13367, loss 5.503369
Epoch 13368, loss 5.501246
Epoch 13369, loss 5.500007
Epoch 13370, loss 5.499010
Epoch 13371, loss 5.497832
Epoch 13372, loss 5.497240
Epoch 13373, loss 5.496836
Epoch 13374, loss 5.496604
Epoch 13375, loss 5.496451
Epoch 13376, loss 5.496487
Epoch 13377, loss 5.496368
Epoch 13378, loss 5.495875
Epoch 13379, loss 5.495294
Epoch 13380, loss 5.494291
Epoch 13381, loss 5.493042
Epoch 13382, loss 5.491627
Epoch 13383, loss 5.490328
Epoch 13384, loss 5.489066
Epoch 13385, loss 5.487842
Epoch 13386, loss 5.486807
Epoch 13387, loss 5.485867
Epoch 13388, loss 5.485026
Epoch 13389, loss 5.484250
Epoch 13390, loss 5.483560
Epoch 13391, loss 5.482874
Epoch 13392, loss 5.482148
Epoch 13393, loss 5.481443
Epoch 13394, loss 5.480739
Epoch 13395, loss 5.479988
Epoch 13396, loss 5.479221
Epoch 13397, loss 5.478471
Epoch 13398, loss 5.477706
Epoch 13399, loss 5.476932
Epoch 13400, loss 5.476163
Epoch 13401, loss 5.475413
Epoch 13402, loss 5.474666
Epoch 13403, loss 5.473891
Epoch 13404, loss 5.473075
Epoch 13405, loss 5.472229
Epoch 13406, loss 5.471387
Epoch 13407, loss 5.470552
Epoch 13408, loss 5.469693
Epoch 13409, loss 5.468787
Epoch 13410, loss 5.467842
Epoch 13411, loss 5.466931
Epoch 13412, loss 5.465957
Epoch 13413, loss 5.465040
Epoch 13414, loss 5.464224
Epoch 13415, loss 5.463452
Epoch 13416, loss 5.462791
Epoch 13417, loss 5.462444
Epoch 13418, loss 5.462331
Epoch 13419, loss 5.463017
Epoch 13420, loss 5.464291
Epoch 13421, loss 5.466562
Epoch 13422, loss 5.467996
Epoch 13423, loss 5.474820
Epoch 13424, loss 5.674716
Epoch 13425, loss 6.301664
Epoch 13426, loss 7.052230
Epoch 13427, loss 7.582772
Epoch 13428, loss 8.130386
Epoch 13429, loss 8.725787
Epoch 13430, loss 8.832161
Epoch 13431, loss 8.275710
Epoch 13432, loss 7.781709
Epoch 13433, loss 7.494969
Epoch 13434, loss 7.379101
Epoch 13435, loss 7.533702
Epoch 13436, loss 7.393658
Epoch 13437, loss 6.619858
Epoch 13438, loss 5.856963
Epoch 13439, loss 5.904936
Epoch 13440, loss 6.391755
Epoch 13441, loss 6.549571
Epoch 13442, loss 6.301942
Epoch 13443, loss 5.977866
Epoch 13444, loss 5.803679
Epoch 13445, loss 5.909563
Epoch 13446, loss 6.080939
Epoch 13447, loss 6.018726
Epoch 13448, loss 5.792078
Epoch 13449, loss 5.684885
Epoch 13450, loss 5.711980
Epoch 13451, loss 5.710028
Epoch 13452, loss 5.708183
Epoch 13453, loss 5.722472
Epoch 13454, loss 5.707850
Epoch 13455, loss 5.670428
Epoch 13456, loss 5.649650
Epoch 13457, loss 5.614425
Epoch 13458, loss 5.551937
Epoch 13459, loss 5.536563
Epoch 13460, loss 5.576309
Epoch 13461, loss 5.609314
Epoch 13462, loss 5.600008
Epoch 13463, loss 5.562148
Epoch 13464, loss 5.523732
Epoch 13465, loss 5.514379
Epoch 13466, loss 5.536719
Epoch 13467, loss 5.545468
Epoch 13468, loss 5.519619
Epoch 13469, loss 5.496913
Epoch 13470, loss 5.505340
Epoch 13471, loss 5.520521
Epoch 13472, loss 5.518374
Epoch 13473, loss 5.503068
Epoch 13474, loss 5.491719
Epoch 13475, loss 5.491480
Epoch 13476, loss 5.498206
Epoch 13477, loss 5.499939
Epoch 13478, loss 5.489278
Epoch 13479, loss 5.479718
Epoch 13480, loss 5.481054
Epoch 13481, loss 5.486473
Epoch 13482, loss 5.486283
Epoch 13483, loss 5.482529
Epoch 13484, loss 5.481043
Epoch 13485, loss 5.480750
Epoch 13486, loss 5.480086
Epoch 13487, loss 5.478321
Epoch 13488, loss 5.475142
Epoch 13489, loss 5.472055
Epoch 13490, loss 5.471652
Epoch 13491, loss 5.473513
Epoch 13492, loss 5.474398
Epoch 13493, loss 5.473302
Epoch 13494, loss 5.471632
Epoch 13495, loss 5.470264
Epoch 13496, loss 5.469335
Epoch 13497, loss 5.469265
Epoch 13498, loss 5.469582
Epoch 13499, loss 5.469173
Epoch 13500, loss 5.467903
Epoch 13501, loss 5.466866
Epoch 13502, loss 5.466438
Epoch 13503, loss 5.466080
Epoch 13504, loss 5.465533
Epoch 13505, loss 5.464815
Epoch 13506, loss 5.464131
Epoch 13507, loss 5.463717
Epoch 13508, loss 5.463673
Epoch 13509, loss 5.463616
Epoch 13510, loss 5.463116
Epoch 13511, loss 5.462413
Epoch 13512, loss 5.461935
Epoch 13513, loss 5.461719
Epoch 13514, loss 5.461470
Epoch 13515, loss 5.461047
Epoch 13516, loss 5.460529
Epoch 13517, loss 5.460010
Epoch 13518, loss 5.459610
Epoch 13519, loss 5.459349
Epoch 13520, loss 5.459080
Epoch 13521, loss 5.458673
Epoch 13522, loss 5.458168
Epoch 13523, loss 5.457708
Epoch 13524, loss 5.457303
Epoch 13525, loss 5.456907
Epoch 13526, loss 5.456507
Epoch 13527, loss 5.456113
Epoch 13528, loss 5.455711
Epoch 13529, loss 5.455312
Epoch 13530, loss 5.454934
Epoch 13531, loss 5.454578
Epoch 13532, loss 5.454223
Epoch 13533, loss 5.453859
Epoch 13534, loss 5.453512
Epoch 13535, loss 5.453192
Epoch 13536, loss 5.452918
Epoch 13537, loss 5.452718
Epoch 13538, loss 5.452625
Epoch 13539, loss 5.452654
Epoch 13540, loss 5.452846
Epoch 13541, loss 5.453276
Epoch 13542, loss 5.454072
Epoch 13543, loss 5.455406
Epoch 13544, loss 5.457509
Epoch 13545, loss 5.460726
Epoch 13546, loss 5.465576
Epoch 13547, loss 5.472782
Epoch 13548, loss 5.483622
Epoch 13549, loss 5.499765
Epoch 13550, loss 5.523998
Epoch 13551, loss 5.559937
Epoch 13552, loss 5.613975
Epoch 13553, loss 5.693657
Epoch 13554, loss 5.812689
Epoch 13555, loss 5.983839
Epoch 13556, loss 6.231492
Epoch 13557, loss 6.562826
Epoch 13558, loss 6.999036
Epoch 13559, loss 7.481805
Epoch 13560, loss 7.964893
Epoch 13561, loss 8.229207
Epoch 13562, loss 8.181417
Epoch 13563, loss 7.675132
Epoch 13564, loss 6.930571
Epoch 13565, loss 6.213161
Epoch 13566, loss 5.821681
Epoch 13567, loss 5.812041
Epoch 13568, loss 6.028907
Epoch 13569, loss 6.231617
Epoch 13570, loss 6.236900
Epoch 13571, loss 6.052404
Epoch 13572, loss 5.808873
Epoch 13573, loss 5.675524
Epoch 13574, loss 5.705565
Epoch 13575, loss 5.822672
Epoch 13576, loss 5.893346
Epoch 13577, loss 5.832742
Epoch 13578, loss 5.671166
Epoch 13579, loss 5.511219
Epoch 13580, loss 5.450944
Epoch 13581, loss 5.506353
Epoch 13582, loss 5.613073
Epoch 13583, loss 5.671023
Epoch 13584, loss 5.644334
Epoch 13585, loss 5.552068
Epoch 13586, loss 5.455342
Epoch 13587, loss 5.408198
Epoch 13588, loss 5.424505
Epoch 13589, loss 5.470946
Epoch 13590, loss 5.500885
Epoch 13591, loss 5.496854
Epoch 13592, loss 5.463558
Epoch 13593, loss 5.426890
Epoch 13594, loss 5.409169
Epoch 13595, loss 5.412422
Epoch 13596, loss 5.424912
Epoch 13597, loss 5.431786
Epoch 13598, loss 5.423768
Epoch 13599, loss 5.406923
Epoch 13600, loss 5.390560
Epoch 13601, loss 5.383615
Epoch 13602, loss 5.387402
Epoch 13603, loss 5.395294
Epoch 13604, loss 5.400599
Epoch 13605, loss 5.397851
Epoch 13606, loss 5.388742
Epoch 13607, loss 5.377684
Epoch 13608, loss 5.369237
Epoch 13609, loss 5.366491
Epoch 13610, loss 5.367400
Epoch 13611, loss 5.370164
Epoch 13612, loss 5.371046
Epoch 13613, loss 5.369438
Epoch 13614, loss 5.365780
Epoch 13615, loss 5.361679
Epoch 13616, loss 5.358769
Epoch 13617, loss 5.357362
Epoch 13618, loss 5.356987
Epoch 13619, loss 5.356715
Epoch 13620, loss 5.355641
Epoch 13621, loss 5.353646
Epoch 13622, loss 5.351049
Epoch 13623, loss 5.348515
Epoch 13624, loss 5.346561
Epoch 13625, loss 5.345371
Epoch 13626, loss 5.344785
Epoch 13627, loss 5.344412
Epoch 13628, loss 5.343838
Epoch 13629, loss 5.342915
Epoch 13630, loss 5.341653
Epoch 13631, loss 5.340243
Epoch 13632, loss 5.338905
Epoch 13633, loss 5.337756
Epoch 13634, loss 5.336761
Epoch 13635, loss 5.335895
Epoch 13636, loss 5.335055
Epoch 13637, loss 5.334059
Epoch 13638, loss 5.332998
Epoch 13639, loss 5.331824
Epoch 13640, loss 5.330668
Epoch 13641, loss 5.329588
Epoch 13642, loss 5.328499
Epoch 13643, loss 5.327536
Epoch 13644, loss 5.326641
Epoch 13645, loss 5.325771
Epoch 13646, loss 5.324875
Epoch 13647, loss 5.323982
Epoch 13648, loss 5.323209
Epoch 13649, loss 5.322426
Epoch 13650, loss 5.321714
Epoch 13651, loss 5.321137
Epoch 13652, loss 5.320700
Epoch 13653, loss 5.320500
Epoch 13654, loss 5.320535
Epoch 13655, loss 5.321239
Epoch 13656, loss 5.321909
Epoch 13657, loss 5.324215
Epoch 13658, loss 5.328693
Epoch 13659, loss 5.336911
Epoch 13660, loss 5.347200
Epoch 13661, loss 5.364316
Epoch 13662, loss 5.391036
Epoch 13663, loss 5.430638
Epoch 13664, loss 5.485583
Epoch 13665, loss 5.572575
Epoch 13666, loss 5.699240
Epoch 13667, loss 5.860272
Epoch 13668, loss 6.080934
Epoch 13669, loss 6.325206
Epoch 13670, loss 6.624360
Epoch 13671, loss 6.976519
Epoch 13672, loss 7.326413
Epoch 13673, loss 7.524824
Epoch 13674, loss 7.434581
Epoch 13675, loss 7.144471
Epoch 13676, loss 6.630269
Epoch 13677, loss 6.088450
Epoch 13678, loss 5.725035
Epoch 13679, loss 5.620916
Epoch 13680, loss 5.727340
Epoch 13681, loss 5.920061
Epoch 13682, loss 6.070590
Epoch 13683, loss 6.103929
Epoch 13684, loss 6.015053
Epoch 13685, loss 5.875505
Epoch 13686, loss 5.750509
Epoch 13687, loss 5.687797
Epoch 13688, loss 5.680415
Epoch 13689, loss 5.699273
Epoch 13690, loss 5.708004
Epoch 13691, loss 5.690053
Epoch 13692, loss 5.658779
Epoch 13693, loss 5.631442
Epoch 13694, loss 5.623045
Epoch 13695, loss 5.629923
Epoch 13696, loss 5.638677
Epoch 13697, loss 5.635562
Epoch 13698, loss 5.614833
Epoch 13699, loss 5.582789
Epoch 13700, loss 5.551257
Epoch 13701, loss 5.533812
Epoch 13702, loss 5.535030
Epoch 13703, loss 5.548723
Epoch 13704, loss 5.563972
Epoch 13705, loss 5.571438
Epoch 13706, loss 5.566606
Epoch 13707, loss 5.552109
Epoch 13708, loss 5.534027
Epoch 13709, loss 5.519278
Epoch 13710, loss 5.511980
Epoch 13711, loss 5.512266
Epoch 13712, loss 5.516563
Epoch 13713, loss 5.520842
Epoch 13714, loss 5.522280
Epoch 13715, loss 5.520230
Epoch 13716, loss 5.515772
Epoch 13717, loss 5.510707
Epoch 13718, loss 5.506710
Epoch 13719, loss 5.504551
Epoch 13720, loss 5.503922
Epoch 13721, loss 5.503800
Epoch 13722, loss 5.503282
Epoch 13723, loss 5.501916
Epoch 13724, loss 5.499662
Epoch 13725, loss 5.496996
Epoch 13726, loss 5.494451
Epoch 13727, loss 5.492584
Epoch 13728, loss 5.491561
Epoch 13729, loss 5.491184
Epoch 13730, loss 5.491176
Epoch 13731, loss 5.491167
Epoch 13732, loss 5.490942
Epoch 13733, loss 5.490320
Epoch 13734, loss 5.489288
Epoch 13735, loss 5.487998
Epoch 13736, loss 5.486573
Epoch 13737, loss 5.485124
Epoch 13738, loss 5.483723
Epoch 13739, loss 5.482445
Epoch 13740, loss 5.481267
Epoch 13741, loss 5.480139
Epoch 13742, loss 5.479054
Epoch 13743, loss 5.478000
Epoch 13744, loss 5.476970
Epoch 13745, loss 5.475923
Epoch 13746, loss 5.474835
Epoch 13747, loss 5.473677
Epoch 13748, loss 5.472489
Epoch 13749, loss 5.471268
Epoch 13750, loss 5.470056
Epoch 13751, loss 5.468833
Epoch 13752, loss 5.467629
Epoch 13753, loss 5.466434
Epoch 13754, loss 5.465185
Epoch 13755, loss 5.463945
Epoch 13756, loss 5.462699
Epoch 13757, loss 5.461412
Epoch 13758, loss 5.460019
Epoch 13759, loss 5.458515
Epoch 13760, loss 5.456847
Epoch 13761, loss 5.455046
Epoch 13762, loss 5.453180
Epoch 13763, loss 5.451252
Epoch 13764, loss 5.448881
Epoch 13765, loss 5.445855
Epoch 13766, loss 5.442049
Epoch 13767, loss 5.437339
Epoch 13768, loss 5.431702
Epoch 13769, loss 5.424990
Epoch 13770, loss 5.416911
Epoch 13771, loss 5.408756
Epoch 13772, loss 5.400495
Epoch 13773, loss 5.395112
Epoch 13774, loss 5.395801
Epoch 13775, loss 5.438206
Epoch 13776, loss 5.512250
Epoch 13777, loss 5.519773
Epoch 13778, loss 5.625012
Epoch 13779, loss 5.780215
Epoch 13780, loss 5.991927
Epoch 13781, loss 6.266628
Epoch 13782, loss 6.622582
Epoch 13783, loss 7.031856
Epoch 13784, loss 7.462636
Epoch 13785, loss 7.787071
Epoch 13786, loss 7.911495
Epoch 13787, loss 7.707276
Epoch 13788, loss 7.290513
Epoch 13789, loss 6.834468
Epoch 13790, loss 6.611646
Epoch 13791, loss 6.666393
Epoch 13792, loss 6.873272
Epoch 13793, loss 6.944304
Epoch 13794, loss 6.700601
Epoch 13795, loss 6.171397
Epoch 13796, loss 5.966118
Epoch 13797, loss 5.939206
Epoch 13798, loss 5.805892
Epoch 13799, loss 5.736549
Epoch 13800, loss 5.658494
Epoch 13801, loss 5.619551
Epoch 13802, loss 5.748934
Epoch 13803, loss 5.806897
Epoch 13804, loss 5.760585
Epoch 13805, loss 5.686254
Epoch 13806, loss 5.590097
Epoch 13807, loss 5.563978
Epoch 13808, loss 5.567480
Epoch 13809, loss 5.591195
Epoch 13810, loss 5.616756
Epoch 13811, loss 5.599541
Epoch 13812, loss 5.557495
Epoch 13813, loss 5.551510
Epoch 13814, loss 5.556791
Epoch 13815, loss 5.567842
Epoch 13816, loss 5.560096
Epoch 13817, loss 5.531257
Epoch 13818, loss 5.520427
Epoch 13819, loss 5.514969
Epoch 13820, loss 5.511477
Epoch 13821, loss 5.508688
Epoch 13822, loss 5.506162
Epoch 13823, loss 5.509165
Epoch 13824, loss 5.508489
Epoch 13825, loss 5.501696
Epoch 13826, loss 5.496718
Epoch 13827, loss 5.490639
Epoch 13828, loss 5.486847
Epoch 13829, loss 5.484932
Epoch 13830, loss 5.482727
Epoch 13831, loss 5.482042
Epoch 13832, loss 5.480102
Epoch 13833, loss 5.473116
Epoch 13834, loss 5.468905
Epoch 13835, loss 5.466979
Epoch 13836, loss 5.468813
Epoch 13837, loss 5.470241
Epoch 13838, loss 5.468356
Epoch 13839, loss 5.464991
Epoch 13840, loss 5.461488
Epoch 13841, loss 5.458801
Epoch 13842, loss 5.457953
Epoch 13843, loss 5.456982
Epoch 13844, loss 5.456386
Epoch 13845, loss 5.455644
Epoch 13846, loss 5.453369
Epoch 13847, loss 5.451385
Epoch 13848, loss 5.449479
Epoch 13849, loss 5.448123
Epoch 13850, loss 5.447356
Epoch 13851, loss 5.446081
Epoch 13852, loss 5.444958
Epoch 13853, loss 5.443729
Epoch 13854, loss 5.442602
Epoch 13855, loss 5.441442
Epoch 13856, loss 5.439781
Epoch 13857, loss 5.438140
Epoch 13858, loss 5.436598
Epoch 13859, loss 5.435297
Epoch 13860, loss 5.434127
Epoch 13861, loss 5.433034
Epoch 13862, loss 5.431853
Epoch 13863, loss 5.430716
Epoch 13864, loss 5.429738
Epoch 13865, loss 5.428835
Epoch 13866, loss 5.428400
Epoch 13867, loss 5.428831
Epoch 13868, loss 5.432938
Epoch 13869, loss 5.447875
Epoch 13870, loss 5.462608
Epoch 13871, loss 5.474550
Epoch 13872, loss 5.486777
Epoch 13873, loss 5.500523
Epoch 13874, loss 5.514564
Epoch 13875, loss 5.733167
Epoch 13876, loss 7.128742
Epoch 13877, loss 9.753642
Epoch 13878, loss 11.514174
Epoch 13879, loss 11.651537
Epoch 13880, loss 11.152493
Epoch 13881, loss 10.569654
Epoch 13882, loss 9.323869
Epoch 13883, loss 8.482373
Epoch 13884, loss 8.075571
Epoch 13885, loss 7.470769
Epoch 13886, loss 7.110620
Epoch 13887, loss 7.710375
Epoch 13888, loss 8.039440
Epoch 13889, loss 6.721958
Epoch 13890, loss 5.841114
Epoch 13891, loss 6.769947
Epoch 13892, loss 7.351880
Epoch 13893, loss 6.275716
Epoch 13894, loss 5.747358
Epoch 13895, loss 6.431442
Epoch 13896, loss 6.464993
Epoch 13897, loss 5.800535
Epoch 13898, loss 5.845201
Epoch 13899, loss 6.211559
Epoch 13900, loss 5.912263
Epoch 13901, loss 5.625395
Epoch 13902, loss 5.825840
Epoch 13903, loss 5.930445
Epoch 13904, loss 5.720573
Epoch 13905, loss 5.591295
Epoch 13906, loss 5.657311
Epoch 13907, loss 5.707349
Epoch 13908, loss 5.650523
Epoch 13909, loss 5.579975
Epoch 13910, loss 5.553426
Epoch 13911, loss 5.570827
Epoch 13912, loss 5.592010
Epoch 13913, loss 5.555115
Epoch 13914, loss 5.495060
Epoch 13915, loss 5.502136
Epoch 13916, loss 5.539129
Epoch 13917, loss 5.500698
Epoch 13918, loss 5.459616
Epoch 13919, loss 5.493831
Epoch 13920, loss 5.502703
Epoch 13921, loss 5.445650
Epoch 13922, loss 5.443661
Epoch 13923, loss 5.488250
Epoch 13924, loss 5.466791
Epoch 13925, loss 5.420213
Epoch 13926, loss 5.436611
Epoch 13927, loss 5.463299
Epoch 13928, loss 5.439856
Epoch 13929, loss 5.421375
Epoch 13930, loss 5.432655
Epoch 13931, loss 5.435868
Epoch 13932, loss 5.424651
Epoch 13933, loss 5.423111
Epoch 13934, loss 5.425203
Epoch 13935, loss 5.420072
Epoch 13936, loss 5.416931
Epoch 13937, loss 5.417215
Epoch 13938, loss 5.416086
Epoch 13939, loss 5.414060
Epoch 13940, loss 5.413217
Epoch 13941, loss 5.410632
Epoch 13942, loss 5.408602
Epoch 13943, loss 5.409671
Epoch 13944, loss 5.409793
Epoch 13945, loss 5.406407
Epoch 13946, loss 5.403325
Epoch 13947, loss 5.404405
Epoch 13948, loss 5.405042
Epoch 13949, loss 5.402123
Epoch 13950, loss 5.399430
Epoch 13951, loss 5.399931
Epoch 13952, loss 5.399762
Epoch 13953, loss 5.397023
Epoch 13954, loss 5.395760
Epoch 13955, loss 5.396329
Epoch 13956, loss 5.395323
Epoch 13957, loss 5.392872
Epoch 13958, loss 5.392046
Epoch 13959, loss 5.392081
Epoch 13960, loss 5.390862
Epoch 13961, loss 5.389141
Epoch 13962, loss 5.387937
Epoch 13963, loss 5.386938
Epoch 13964, loss 5.385626
Epoch 13965, loss 5.384249
Epoch 13966, loss 5.382598
Epoch 13967, loss 5.380419
Epoch 13968, loss 5.378396
Epoch 13969, loss 5.376162
Epoch 13970, loss 5.375323
Epoch 13971, loss 5.374820
Epoch 13972, loss 5.371425
Epoch 13973, loss 5.369264
Epoch 13974, loss 5.368482
Epoch 13975, loss 5.369519
Epoch 13976, loss 5.368793
Epoch 13977, loss 5.365810
Epoch 13978, loss 5.362937
Epoch 13979, loss 5.381152
Epoch 13980, loss 5.537928
Epoch 13981, loss 5.739103
Epoch 13982, loss 5.876819
Epoch 13983, loss 5.843667
Epoch 13984, loss 5.717260
Epoch 13985, loss 5.623227
Epoch 13986, loss 5.618818
Epoch 13987, loss 5.718675
Epoch 13988, loss 5.869105
Epoch 13989, loss 5.976382
Epoch 13990, loss 6.028159
Epoch 13991, loss 6.070078
Epoch 13992, loss 6.120523
Epoch 13993, loss 6.202359
Epoch 13994, loss 6.274628
Epoch 13995, loss 6.313754
Epoch 13996, loss 6.270981
Epoch 13997, loss 6.162583
Epoch 13998, loss 5.992618
Epoch 13999, loss 5.802456
Epoch 14000, loss 5.611948
Epoch 14001, loss 5.470326
Epoch 14002, loss 5.395256
Epoch 14003, loss 5.376391
Epoch 14004, loss 5.386407
Epoch 14005, loss 5.411198
Epoch 14006, loss 5.447041
Epoch 14007, loss 5.488172
Epoch 14008, loss 5.524242
Epoch 14009, loss 5.543210
Epoch 14010, loss 5.533392
Epoch 14011, loss 5.491065
Epoch 14012, loss 5.430376
Epoch 14013, loss 5.374017
Epoch 14014, loss 5.338518
Epoch 14015, loss 5.323094
Epoch 14016, loss 5.319613
Epoch 14017, loss 5.318937
Epoch 14018, loss 5.319246
Epoch 14019, loss 5.323355
Epoch 14020, loss 5.334501
Epoch 14021, loss 5.349182
Epoch 14022, loss 5.359614
Epoch 14023, loss 5.360434
Epoch 14024, loss 5.351783
Epoch 14025, loss 5.338577
Epoch 14026, loss 5.325256
Epoch 14027, loss 5.314469
Epoch 14028, loss 5.306378
Epoch 14029, loss 5.299854
Epoch 14030, loss 5.292666
Epoch 14031, loss 5.285679
Epoch 14032, loss 5.280678
Epoch 14033, loss 5.279007
Epoch 14034, loss 5.279462
Epoch 14035, loss 5.281296
Epoch 14036, loss 5.283018
Epoch 14037, loss 5.284140
Epoch 14038, loss 5.284554
Epoch 14039, loss 5.284976
Epoch 14040, loss 5.285143
Epoch 14041, loss 5.285361
Epoch 14042, loss 5.285195
Epoch 14043, loss 5.284498
Epoch 14044, loss 5.288520
Epoch 14045, loss 5.284858
Epoch 14046, loss 5.284333
Epoch 14047, loss 5.283561
Epoch 14048, loss 5.283286
Epoch 14049, loss 5.283297
Epoch 14050, loss 5.283440
Epoch 14051, loss 5.284042
Epoch 14052, loss 5.285075
Epoch 14053, loss 5.286462
Epoch 14054, loss 5.288676
Epoch 14055, loss 5.291868
Epoch 14056, loss 5.296361
Epoch 14057, loss 5.302062
Epoch 14058, loss 5.310185
Epoch 14059, loss 5.320628
Epoch 14060, loss 5.335527
Epoch 14061, loss 5.353305
Epoch 14062, loss 5.377921
Epoch 14063, loss 5.409203
Epoch 14064, loss 5.450279
Epoch 14065, loss 5.506156
Epoch 14066, loss 5.581357
Epoch 14067, loss 5.673329
Epoch 14068, loss 5.784943
Epoch 14069, loss 5.917249
Epoch 14070, loss 6.068519
Epoch 14071, loss 6.221865
Epoch 14072, loss 6.367778
Epoch 14073, loss 6.551647
Epoch 14074, loss 6.608085
Epoch 14075, loss 6.602080
Epoch 14076, loss 6.479906
Epoch 14077, loss 6.239528
Epoch 14078, loss 5.930997
Epoch 14079, loss 5.637103
Epoch 14080, loss 5.405858
Epoch 14081, loss 5.293586
Epoch 14082, loss 5.284774
Epoch 14083, loss 5.361385
Epoch 14084, loss 5.475241
Epoch 14085, loss 5.581022
Epoch 14086, loss 5.638665
Epoch 14087, loss 5.644556
Epoch 14088, loss 5.606576
Epoch 14089, loss 5.533487
Epoch 14090, loss 5.434690
Epoch 14091, loss 5.339324
Epoch 14092, loss 5.281650
Epoch 14093, loss 5.279726
Epoch 14094, loss 5.299244
Epoch 14095, loss 5.330714
Epoch 14096, loss 5.357762
Epoch 14097, loss 5.370764
Epoch 14098, loss 5.360296
Epoch 14099, loss 5.332450
Epoch 14100, loss 5.365517
Epoch 14101, loss 5.425176
Epoch 14102, loss 5.481005
Epoch 14103, loss 5.523735
Epoch 14104, loss 5.531762
Epoch 14105, loss 5.486816
Epoch 14106, loss 5.437346
Epoch 14107, loss 5.392201
Epoch 14108, loss 5.346108
Epoch 14109, loss 5.361780
Epoch 14110, loss 5.324466
Epoch 14111, loss 5.336178
Epoch 14112, loss 5.357889
Epoch 14113, loss 5.366577
Epoch 14114, loss 5.361966
Epoch 14115, loss 5.344851
Epoch 14116, loss 5.337512
Epoch 14117, loss 5.340685
Epoch 14118, loss 5.335532
Epoch 14119, loss 5.341257
Epoch 14120, loss 5.345261
Epoch 14121, loss 5.335391
Epoch 14122, loss 5.323585
Epoch 14123, loss 5.315627
Epoch 14124, loss 5.320127
Epoch 14125, loss 5.309693
Epoch 14126, loss 5.306770
Epoch 14127, loss 5.310758
Epoch 14128, loss 5.313393
Epoch 14129, loss 5.311633
Epoch 14130, loss 5.312111
Epoch 14131, loss 5.314807
Epoch 14132, loss 5.307847
Epoch 14133, loss 5.304103
Epoch 14134, loss 5.302926
Epoch 14135, loss 5.302798
Epoch 14136, loss 5.300554
Epoch 14137, loss 5.299787
Epoch 14138, loss 5.301167
Epoch 14139, loss 5.299033
Epoch 14140, loss 5.297840
Epoch 14141, loss 5.298543
Epoch 14142, loss 5.296992
Epoch 14143, loss 5.294793
Epoch 14144, loss 5.294122
Epoch 14145, loss 5.293498
Epoch 14146, loss 5.292281
Epoch 14147, loss 5.292330
Epoch 14148, loss 5.292945
Epoch 14149, loss 5.292411
Epoch 14150, loss 5.291707
Epoch 14151, loss 5.291838
Epoch 14152, loss 5.291468
Epoch 14153, loss 5.290421
Epoch 14154, loss 5.290335
Epoch 14155, loss 5.289986
Epoch 14156, loss 5.289373
Epoch 14157, loss 5.288944
Epoch 14158, loss 5.288882
Epoch 14159, loss 5.288707
Epoch 14160, loss 5.288792
Epoch 14161, loss 5.289217
Epoch 14162, loss 5.289741
Epoch 14163, loss 5.290299
Epoch 14164, loss 5.291401
Epoch 14165, loss 5.293096
Epoch 14166, loss 5.295222
Epoch 14167, loss 5.298659
Epoch 14168, loss 5.303514
Epoch 14169, loss 5.310312
Epoch 14170, loss 5.320143
Epoch 14171, loss 5.334577
Epoch 14172, loss 5.355319
Epoch 14173, loss 5.385850
Epoch 14174, loss 5.429894
Epoch 14175, loss 5.494479
Epoch 14176, loss 5.587529
Epoch 14177, loss 5.724669
Epoch 14178, loss 5.916041
Epoch 14179, loss 6.188815
Epoch 14180, loss 6.546074
Epoch 14181, loss 7.017624
Epoch 14182, loss 7.530384
Epoch 14183, loss 8.052182
Epoch 14184, loss 8.362386
Epoch 14185, loss 8.389770
Epoch 14186, loss 7.884703
Epoch 14187, loss 7.026169
Epoch 14188, loss 6.086256
Epoch 14189, loss 5.472416
Epoch 14190, loss 5.362441
Epoch 14191, loss 5.657303
Epoch 14192, loss 6.080986
Epoch 14193, loss 6.624898
Epoch 14194, loss 8.032637
Epoch 14195, loss 9.722135
Epoch 14196, loss 10.819963
Epoch 14197, loss 9.925001
Epoch 14198, loss 7.862564
Epoch 14199, loss 7.038986
Epoch 14200, loss 8.347185
Epoch 14201, loss 8.602872
Epoch 14202, loss 7.294713
Epoch 14203, loss 6.338383
Epoch 14204, loss 6.730266
Epoch 14205, loss 7.574763
Epoch 14206, loss 6.919260
Epoch 14207, loss 6.220154
Epoch 14208, loss 6.321373
Epoch 14209, loss 6.700940
Epoch 14210, loss 6.339937
Epoch 14211, loss 5.847441
Epoch 14212, loss 6.157567
Epoch 14213, loss 6.449253
Epoch 14214, loss 6.052238
Epoch 14215, loss 5.639154
Epoch 14216, loss 5.808908
Epoch 14217, loss 6.172003
Epoch 14218, loss 5.927473
Epoch 14219, loss 5.647036
Epoch 14220, loss 5.693592
Epoch 14221, loss 5.848893
Epoch 14222, loss 5.776173
Epoch 14223, loss 5.620382
Epoch 14224, loss 5.689757
Epoch 14225, loss 5.729911
Epoch 14226, loss 5.625031
Epoch 14227, loss 5.570848
Epoch 14228, loss 5.637521
Epoch 14229, loss 5.684966
Epoch 14230, loss 5.574256
Epoch 14231, loss 5.529452
Epoch 14232, loss 5.585413
Epoch 14233, loss 5.617459
Epoch 14234, loss 5.560118
Epoch 14235, loss 5.517926
Epoch 14236, loss 5.558624
Epoch 14237, loss 5.566553
Epoch 14238, loss 5.531203
Epoch 14239, loss 5.514382
Epoch 14240, loss 5.535268
Epoch 14241, loss 5.544376
Epoch 14242, loss 5.515279
Epoch 14243, loss 5.507784
Epoch 14244, loss 5.517266
Epoch 14245, loss 5.520219
Epoch 14246, loss 5.506402
Epoch 14247, loss 5.501189
Epoch 14248, loss 5.511295
Epoch 14249, loss 5.508019
Epoch 14250, loss 5.496216
Epoch 14251, loss 5.491559
Epoch 14252, loss 5.499085
Epoch 14253, loss 5.502308
Epoch 14254, loss 5.493450
Epoch 14255, loss 5.488633
Epoch 14256, loss 5.489743
Epoch 14257, loss 5.491515
Epoch 14258, loss 5.488019
Epoch 14259, loss 5.485269
Epoch 14260, loss 5.486600
Epoch 14261, loss 5.485940
Epoch 14262, loss 5.482933
Epoch 14263, loss 5.480608
Epoch 14264, loss 5.481096
Epoch 14265, loss 5.481566
Epoch 14266, loss 5.479365
Epoch 14267, loss 5.477464
Epoch 14268, loss 5.476973
Epoch 14269, loss 5.477020
Epoch 14270, loss 5.475792
Epoch 14271, loss 5.473996
Epoch 14272, loss 5.473361
Epoch 14273, loss 5.473109
Epoch 14274, loss 5.472431
Epoch 14275, loss 5.471032
Epoch 14276, loss 5.469967
Epoch 14277, loss 5.469523
Epoch 14278, loss 5.468870
Epoch 14279, loss 5.467884
Epoch 14280, loss 5.466986
Epoch 14281, loss 5.466401
Epoch 14282, loss 5.465757
Epoch 14283, loss 5.464759
Epoch 14284, loss 5.463810
Epoch 14285, loss 5.463185
Epoch 14286, loss 5.462642
Epoch 14287, loss 5.461938
Epoch 14288, loss 5.461008
Epoch 14289, loss 5.460236
Epoch 14290, loss 5.459587
Epoch 14291, loss 5.458896
Epoch 14292, loss 5.458116
Epoch 14293, loss 5.457333
Epoch 14294, loss 5.456672
Epoch 14295, loss 5.456011
Epoch 14296, loss 5.455257
Epoch 14297, loss 5.454482
Epoch 14298, loss 5.453763
Epoch 14299, loss 5.453114
Epoch 14300, loss 5.452400
Epoch 14301, loss 5.451653
Epoch 14302, loss 5.450938
Epoch 14303, loss 5.450284
Epoch 14304, loss 5.449610
Epoch 14305, loss 5.448898
Epoch 14306, loss 5.448175
Epoch 14307, loss 5.447491
Epoch 14308, loss 5.446837
Epoch 14309, loss 5.446152
Epoch 14310, loss 5.445468
Epoch 14311, loss 5.444785
Epoch 14312, loss 5.444150
Epoch 14313, loss 5.443469
Epoch 14314, loss 5.442814
Epoch 14315, loss 5.442129
Epoch 14316, loss 5.441488
Epoch 14317, loss 5.440851
Epoch 14318, loss 5.440191
Epoch 14319, loss 5.439548
Epoch 14320, loss 5.438892
Epoch 14321, loss 5.438262
Epoch 14322, loss 5.437627
Epoch 14323, loss 5.436988
Epoch 14324, loss 5.436360
Epoch 14325, loss 5.435719
Epoch 14326, loss 5.435094
Epoch 14327, loss 5.434462
Epoch 14328, loss 5.433835
Epoch 14329, loss 5.433207
Epoch 14330, loss 5.432595
Epoch 14331, loss 5.431973
Epoch 14332, loss 5.431393
Epoch 14333, loss 5.430752
Epoch 14334, loss 5.430171
Epoch 14335, loss 5.429542
Epoch 14336, loss 5.428976
Epoch 14337, loss 5.428348
Epoch 14338, loss 5.427770
Epoch 14339, loss 5.427163
Epoch 14340, loss 5.426608
Epoch 14341, loss 5.426002
Epoch 14342, loss 5.425444
Epoch 14343, loss 5.424834
Epoch 14344, loss 5.424276
Epoch 14345, loss 5.423696
Epoch 14346, loss 5.423127
Epoch 14347, loss 5.422575
Epoch 14348, loss 5.422011
Epoch 14349, loss 5.421454
Epoch 14350, loss 5.420900
Epoch 14351, loss 5.420360
Epoch 14352, loss 5.419817
Epoch 14353, loss 5.419263
Epoch 14354, loss 5.418739
Epoch 14355, loss 5.418200
Epoch 14356, loss 5.417687
Epoch 14357, loss 5.417159
Epoch 14358, loss 5.416648
Epoch 14359, loss 5.416125
Epoch 14360, loss 5.415621
Epoch 14361, loss 5.415123
Epoch 14362, loss 5.414651
Epoch 14363, loss 5.414186
Epoch 14364, loss 5.413760
Epoch 14365, loss 5.413365
Epoch 14366, loss 5.413033
Epoch 14367, loss 5.412772
Epoch 14368, loss 5.412632
Epoch 14369, loss 5.412654
Epoch 14370, loss 5.412952
Epoch 14371, loss 5.413657
Epoch 14372, loss 5.414999
Epoch 14373, loss 5.417327
Epoch 14374, loss 5.421188
Epoch 14375, loss 5.427481
Epoch 14376, loss 5.437589
Epoch 14377, loss 5.453810
Epoch 14378, loss 5.479649
Epoch 14379, loss 5.520954
Epoch 14380, loss 5.586376
Epoch 14381, loss 5.690002
Epoch 14382, loss 5.850629
Epoch 14383, loss 6.096202
Epoch 14384, loss 6.451011
Epoch 14385, loss 6.935743
Epoch 14386, loss 7.503614
Epoch 14387, loss 8.044901
Epoch 14388, loss 8.288266
Epoch 14389, loss 8.034158
Epoch 14390, loss 7.232148
Epoch 14391, loss 6.265772
Epoch 14392, loss 5.619137
Epoch 14393, loss 5.570446
Epoch 14394, loss 5.978217
Epoch 14395, loss 6.430339
Epoch 14396, loss 6.540561
Epoch 14397, loss 6.217078
Epoch 14398, loss 5.724679
Epoch 14399, loss 5.432867
Epoch 14400, loss 5.495557
Epoch 14401, loss 5.759391
Epoch 14402, loss 5.944047
Epoch 14403, loss 5.889211
Epoch 14404, loss 5.662750
Epoch 14405, loss 5.467817
Epoch 14406, loss 5.444274
Epoch 14407, loss 5.558979
Epoch 14408, loss 5.668208
Epoch 14409, loss 5.659859
Epoch 14410, loss 5.547475
Epoch 14411, loss 5.434398
Epoch 14412, loss 5.408279
Epoch 14413, loss 5.464719
Epoch 14414, loss 5.528685
Epoch 14415, loss 5.534630
Epoch 14416, loss 5.480716
Epoch 14417, loss 5.418584
Epoch 14418, loss 5.397321
Epoch 14419, loss 5.422703
Epoch 14420, loss 5.460283
Epoch 14421, loss 5.471934
Epoch 14422, loss 5.448271
Epoch 14423, loss 5.411734
Epoch 14424, loss 5.391590
Epoch 14425, loss 5.398073
Epoch 14426, loss 5.417489
Epoch 14427, loss 5.428431
Epoch 14428, loss 5.421086
Epoch 14429, loss 5.402794
Epoch 14430, loss 5.388345
Epoch 14431, loss 5.386695
Epoch 14432, loss 5.394749
Epoch 14433, loss 5.402634
Epoch 14434, loss 5.402671
Epoch 14435, loss 5.394883
Epoch 14436, loss 5.385772
Epoch 14437, loss 5.381526
Epoch 14438, loss 5.383720
Epoch 14439, loss 5.388561
Epoch 14440, loss 5.391051
Epoch 14441, loss 5.388929
Epoch 14442, loss 5.383870
Epoch 14443, loss 5.379484
Epoch 14444, loss 5.378183
Epoch 14445, loss 5.379767
Epoch 14446, loss 5.382067
Epoch 14447, loss 5.382953
Epoch 14448, loss 5.381715
Epoch 14449, loss 5.379257
Epoch 14450, loss 5.377234
Epoch 14451, loss 5.376753
Epoch 14452, loss 5.377743
Epoch 14453, loss 5.379329
Epoch 14454, loss 5.380559
Epoch 14455, loss 5.381197
Epoch 14456, loss 5.381798
Epoch 14457, loss 5.383236
Epoch 14458, loss 5.386337
Epoch 14459, loss 5.391672
Epoch 14460, loss 5.399595
Epoch 14461, loss 5.410522
Epoch 14462, loss 5.426011
Epoch 14463, loss 5.448041
Epoch 14464, loss 5.480546
Epoch 14465, loss 5.527942
Epoch 14466, loss 5.598145
Epoch 14467, loss 5.698974
Epoch 14468, loss 5.845704
Epoch 14469, loss 6.048845
Epoch 14470, loss 6.333035
Epoch 14471, loss 6.693992
Epoch 14472, loss 7.146769
Epoch 14473, loss 7.607052
Epoch 14474, loss 8.025194
Epoch 14475, loss 8.176990
Epoch 14476, loss 8.009912
Epoch 14477, loss 7.419848
Epoch 14478, loss 6.637424
Epoch 14479, loss 5.906386
Epoch 14480, loss 5.495046
Epoch 14481, loss 5.475745
Epoch 14482, loss 5.738858
Epoch 14483, loss 6.073961
Epoch 14484, loss 6.269571
Epoch 14485, loss 6.236467
Epoch 14486, loss 5.992529
Epoch 14487, loss 5.689114
Epoch 14488, loss 5.473874
Epoch 14489, loss 5.429273
Epoch 14490, loss 5.525760
Epoch 14491, loss 5.662849
Epoch 14492, loss 5.740067
Epoch 14493, loss 5.708300
Epoch 14494, loss 5.597400
Epoch 14495, loss 5.475225
Epoch 14496, loss 5.407080
Epoch 14497, loss 5.412780
Epoch 14498, loss 5.464849
Epoch 14499, loss 5.514676
Epoch 14500, loss 5.524711
Epoch 14501, loss 5.490518
Epoch 14502, loss 5.434796
Epoch 14503, loss 5.390151
Epoch 14504, loss 5.376633
Epoch 14505, loss 5.391975
Epoch 14506, loss 5.418210
Epoch 14507, loss 5.434143
Epoch 14508, loss 5.429637
Epoch 14509, loss 5.407517
Epoch 14510, loss 5.380934
Epoch 14511, loss 5.362589
Epoch 14512, loss 5.358950
Epoch 14513, loss 5.367363
Epoch 14514, loss 5.379863
Epoch 14515, loss 5.388115
Epoch 14516, loss 5.387520
Epoch 14517, loss 5.378824
Epoch 14518, loss 5.366332
Epoch 14519, loss 5.355476
Epoch 14520, loss 5.349924
Epoch 14521, loss 5.350387
Epoch 14522, loss 5.354951
Epoch 14523, loss 5.360279
Epoch 14524, loss 5.363432
Epoch 14525, loss 5.362979
Epoch 14526, loss 5.359196
Epoch 14527, loss 5.353819
Epoch 14528, loss 5.348834
Epoch 14529, loss 5.345786
Epoch 14530, loss 5.345099
Epoch 14531, loss 5.346208
Epoch 14532, loss 5.348012
Epoch 14533, loss 5.349357
Epoch 14534, loss 5.349515
Epoch 14535, loss 5.348456
Epoch 14536, loss 5.346573
Epoch 14537, loss 5.344507
Epoch 14538, loss 5.342858
Epoch 14539, loss 5.341934
Epoch 14540, loss 5.341680
Epoch 14541, loss 5.341847
Epoch 14542, loss 5.342071
Epoch 14543, loss 5.342058
Epoch 14544, loss 5.341679
Epoch 14545, loss 5.340951
Epoch 14546, loss 5.340023
Epoch 14547, loss 5.339079
Epoch 14548, loss 5.338254
Epoch 14549, loss 5.337610
Epoch 14550, loss 5.337201
Epoch 14551, loss 5.336974
Epoch 14552, loss 5.336803
Epoch 14553, loss 5.336670
Epoch 14554, loss 5.336455
Epoch 14555, loss 5.336193
Epoch 14556, loss 5.335830
Epoch 14557, loss 5.335450
Epoch 14558, loss 5.335068
Epoch 14559, loss 5.334610
Epoch 14560, loss 5.333778
Epoch 14561, loss 5.333255
Epoch 14562, loss 5.332925
Epoch 14563, loss 5.332296
Epoch 14564, loss 5.331781
Epoch 14565, loss 5.331608
Epoch 14566, loss 5.331414
Epoch 14567, loss 5.330946
Epoch 14568, loss 5.330406
Epoch 14569, loss 5.330124
Epoch 14570, loss 5.330029
Epoch 14571, loss 5.329549
Epoch 14572, loss 5.328947
Epoch 14573, loss 5.328629
Epoch 14574, loss 5.328485
Epoch 14575, loss 5.327986
Epoch 14576, loss 5.327395
Epoch 14577, loss 5.326944
Epoch 14578, loss 5.326611
Epoch 14579, loss 5.326211
Epoch 14580, loss 5.325809
Epoch 14581, loss 5.325457
Epoch 14582, loss 5.325144
Epoch 14583, loss 5.324801
Epoch 14584, loss 5.324486
Epoch 14585, loss 5.324159
Epoch 14586, loss 5.323919
Epoch 14587, loss 5.323740
Epoch 14588, loss 5.323640
Epoch 14589, loss 5.323675
Epoch 14590, loss 5.323894
Epoch 14591, loss 5.324465
Epoch 14592, loss 5.325554
Epoch 14593, loss 5.327410
Epoch 14594, loss 5.330559
Epoch 14595, loss 5.335873
Epoch 14596, loss 5.344414
Epoch 14597, loss 5.358413
Epoch 14598, loss 5.380727
Epoch 14599, loss 5.417134
Epoch 14600, loss 5.474829
Epoch 14601, loss 5.567552
Epoch 14602, loss 5.711946
Epoch 14603, loss 5.934494
Epoch 14604, loss 6.260751
Epoch 14605, loss 6.709040
Epoch 14606, loss 7.254565
Epoch 14607, loss 7.791969
Epoch 14608, loss 8.140340
Epoch 14609, loss 8.092168
Epoch 14610, loss 7.637030
Epoch 14611, loss 6.981051
Epoch 14612, loss 6.476945
Epoch 14613, loss 6.297063
Epoch 14614, loss 6.385327
Epoch 14615, loss 6.531474
Epoch 14616, loss 6.587316
Epoch 14617, loss 6.475238
Epoch 14618, loss 6.226795
Epoch 14619, loss 5.958439
Epoch 14620, loss 5.693467
Epoch 14621, loss 5.556156
Epoch 14622, loss 5.552395
Epoch 14623, loss 5.656978
Epoch 14624, loss 5.786190
Epoch 14625, loss 5.805892
Epoch 14626, loss 5.668370
Epoch 14627, loss 5.503235
Epoch 14628, loss 5.429398
Epoch 14629, loss 5.476468
Epoch 14630, loss 5.563599
Epoch 14631, loss 5.586477
Epoch 14632, loss 5.497738
Epoch 14633, loss 5.386232
Epoch 14634, loss 5.338667
Epoch 14635, loss 5.369996
Epoch 14636, loss 5.429023
Epoch 14637, loss 5.454467
Epoch 14638, loss 5.426553
Epoch 14639, loss 5.377084
Epoch 14640, loss 5.353571
Epoch 14641, loss 5.359546
Epoch 14642, loss 5.370950
Epoch 14643, loss 5.368797
Epoch 14644, loss 5.352951
Epoch 14645, loss 5.333475
Epoch 14646, loss 5.326556
Epoch 14647, loss 5.330599
Epoch 14648, loss 5.333203
Epoch 14649, loss 5.330528
Epoch 14650, loss 5.327104
Epoch 14651, loss 5.323333
Epoch 14652, loss 5.323625
Epoch 14653, loss 5.324240
Epoch 14654, loss 5.320656
Epoch 14655, loss 5.315687
Epoch 14656, loss 5.311420
Epoch 14657, loss 5.309311
Epoch 14658, loss 5.309545
Epoch 14659, loss 5.308255
Epoch 14660, loss 5.305051
Epoch 14661, loss 5.301287
Epoch 14662, loss 5.298699
Epoch 14663, loss 5.298680
Epoch 14664, loss 5.299368
Epoch 14665, loss 5.299255
Epoch 14666, loss 5.297205
Epoch 14667, loss 5.294458
Epoch 14668, loss 5.292485
Epoch 14669, loss 5.292279
Epoch 14670, loss 5.293094
Epoch 14671, loss 5.293557
Epoch 14672, loss 5.292764
Epoch 14673, loss 5.290994
Epoch 14674, loss 5.289256
Epoch 14675, loss 5.288229
Epoch 14676, loss 5.288146
Epoch 14677, loss 5.288341
Epoch 14678, loss 5.288416
Epoch 14679, loss 5.287883
Epoch 14680, loss 5.287180
Epoch 14681, loss 5.286398
Epoch 14682, loss 5.286072
Epoch 14683, loss 5.285988
Epoch 14684, loss 5.286291
Epoch 14685, loss 5.286763
Epoch 14686, loss 5.287661
Epoch 14687, loss 5.289021
Epoch 14688, loss 5.291100
Epoch 14689, loss 5.293987
Epoch 14690, loss 5.298023
Epoch 14691, loss 5.303598
Epoch 14692, loss 5.311584
Epoch 14693, loss 5.322780
Epoch 14694, loss 5.338895
Epoch 14695, loss 5.361361
Epoch 14696, loss 5.393546
Epoch 14697, loss 5.438166
Epoch 14698, loss 5.501872
Epoch 14699, loss 5.590069
Epoch 14700, loss 5.715213
Epoch 14701, loss 5.884100
Epoch 14702, loss 6.117074
Epoch 14703, loss 6.410105
Epoch 14704, loss 6.781687
Epoch 14705, loss 7.175888
Epoch 14706, loss 7.574154
Epoch 14707, loss 7.806144
Epoch 14708, loss 7.821375
Epoch 14709, loss 7.462449
Epoch 14710, loss 6.848648
Epoch 14711, loss 6.114143
Epoch 14712, loss 5.547253
Epoch 14713, loss 5.305319
Epoch 14714, loss 5.396825
Epoch 14715, loss 5.690086
Epoch 14716, loss 5.975385
Epoch 14717, loss 6.117529
Epoch 14718, loss 6.032637
Epoch 14719, loss 5.795173
Epoch 14720, loss 5.517161
Epoch 14721, loss 5.333279
Epoch 14722, loss 5.299362
Epoch 14723, loss 5.385231
Epoch 14724, loss 5.516603
Epoch 14725, loss 5.598983
Epoch 14726, loss 5.600622
Epoch 14727, loss 5.517001
Epoch 14728, loss 5.407006
Epoch 14729, loss 5.319169
Epoch 14730, loss 5.284491
Epoch 14731, loss 5.306267
Epoch 14732, loss 5.348852
Epoch 14733, loss 5.390673
Epoch 14734, loss 5.398393
Epoch 14735, loss 5.379799
Epoch 14736, loss 5.342363
Epoch 14737, loss 5.303472
Epoch 14738, loss 5.281133
Epoch 14739, loss 5.274541
Epoch 14740, loss 5.285958
Epoch 14741, loss 5.298101
Epoch 14742, loss 5.309150
Epoch 14743, loss 5.309747
Epoch 14744, loss 5.301199
Epoch 14745, loss 5.288384
Epoch 14746, loss 5.274029
Epoch 14747, loss 5.265739
Epoch 14748, loss 5.262014
Epoch 14749, loss 5.264150
Epoch 14750, loss 5.268427
Epoch 14751, loss 5.272029
Epoch 14752, loss 5.272933
Epoch 14753, loss 5.270441
Epoch 14754, loss 5.266123
Epoch 14755, loss 5.260834
Epoch 14756, loss 5.256772
Epoch 14757, loss 5.254680
Epoch 14758, loss 5.253911
Epoch 14759, loss 5.255082
Epoch 14760, loss 5.256932
Epoch 14761, loss 5.257305
Epoch 14762, loss 5.257611
Epoch 14763, loss 5.256384
Epoch 14764, loss 5.254168
Epoch 14765, loss 5.252476
Epoch 14766, loss 5.250703
Epoch 14767, loss 5.248465
Epoch 14768, loss 5.248944
Epoch 14769, loss 5.250880
Epoch 14770, loss 5.249222
Epoch 14771, loss 5.254795
Epoch 14772, loss 5.257857
Epoch 14773, loss 5.256167
Epoch 14774, loss 5.253446
Epoch 14775, loss 5.250385
Epoch 14776, loss 5.250953
Epoch 14777, loss 5.249308
Epoch 14778, loss 5.250955
Epoch 14779, loss 5.250704
Epoch 14780, loss 5.252316
Epoch 14781, loss 5.255202
Epoch 14782, loss 5.257923
Epoch 14783, loss 5.265071
Epoch 14784, loss 5.273544
Epoch 14785, loss 5.288616
Epoch 14786, loss 5.310503
Epoch 14787, loss 5.344335
Epoch 14788, loss 5.396783
Epoch 14789, loss 5.477227
Epoch 14790, loss 5.598029
Epoch 14791, loss 5.777268
Epoch 14792, loss 6.032628
Epoch 14793, loss 6.376673
Epoch 14794, loss 6.793150
Epoch 14795, loss 7.213448
Epoch 14796, loss 7.491883
Epoch 14797, loss 7.439746
Epoch 14798, loss 6.970158
Epoch 14799, loss 6.228907
Epoch 14800, loss 5.570472
Epoch 14801, loss 5.299726
Epoch 14802, loss 5.455341
Epoch 14803, loss 5.814646
Epoch 14804, loss 6.069751
Epoch 14805, loss 6.029312
Epoch 14806, loss 5.733596
Epoch 14807, loss 5.407823
Epoch 14808, loss 5.272555
Epoch 14809, loss 5.369004
Epoch 14810, loss 5.556856
Epoch 14811, loss 5.656374
Epoch 14812, loss 5.586366
Epoch 14813, loss 5.413340
Epoch 14814, loss 5.275164
Epoch 14815, loss 5.261506
Epoch 14816, loss 5.347650
Epoch 14817, loss 5.433856
Epoch 14818, loss 5.443390
Epoch 14819, loss 5.369318
Epoch 14820, loss 5.278271
Epoch 14821, loss 5.238118
Epoch 14822, loss 5.263507
Epoch 14823, loss 5.316677
Epoch 14824, loss 5.347232
Epoch 14825, loss 5.331210
Epoch 14826, loss 5.284007
Epoch 14827, loss 5.247486
Epoch 14828, loss 5.240768
Epoch 14829, loss 5.260198
Epoch 14830, loss 5.285821
Epoch 14831, loss 5.288355
Epoch 14832, loss 5.270054
Epoch 14833, loss 5.248770
Epoch 14834, loss 5.235938
Epoch 14835, loss 5.238856
Epoch 14836, loss 5.252678
Epoch 14837, loss 5.260616
Epoch 14838, loss 5.258680
Epoch 14839, loss 5.249322
Epoch 14840, loss 5.237078
Epoch 14841, loss 5.232097
Epoch 14842, loss 5.235373
Epoch 14843, loss 5.241266
Epoch 14844, loss 5.245050
Epoch 14845, loss 5.244145
Epoch 14846, loss 5.238744
Epoch 14847, loss 5.233209
Epoch 14848, loss 5.231035
Epoch 14849, loss 5.232151
Epoch 14850, loss 5.234784
Epoch 14851, loss 5.237192
Epoch 14852, loss 5.236890
Epoch 14853, loss 5.234809
Epoch 14854, loss 5.233139
Epoch 14855, loss 5.233125
Epoch 14856, loss 5.234637
Epoch 14857, loss 5.239006
Epoch 14858, loss 5.242860
Epoch 14859, loss 5.247752
Epoch 14860, loss 5.254096
Epoch 14861, loss 5.264833
Epoch 14862, loss 5.279644
Epoch 14863, loss 5.303521
Epoch 14864, loss 5.337631
Epoch 14865, loss 5.394834
Epoch 14866, loss 5.464746
Epoch 14867, loss 5.556442
Epoch 14868, loss 5.690720
Epoch 14869, loss 5.928479
Epoch 14870, loss 6.215897
Epoch 14871, loss 6.472576
Epoch 14872, loss 6.663322
Epoch 14873, loss 6.737659
Epoch 14874, loss 6.598549
Epoch 14875, loss 6.299195
Epoch 14876, loss 6.221186
Epoch 14877, loss 5.965593
Epoch 14878, loss 5.873325
Epoch 14879, loss 5.793447
Epoch 14880, loss 5.768340
Epoch 14881, loss 5.792979
Epoch 14882, loss 5.898652
Epoch 14883, loss 5.986918
Epoch 14884, loss 6.024356
Epoch 14885, loss 5.989120
Epoch 14886, loss 5.914038
Epoch 14887, loss 5.842367
Epoch 14888, loss 5.830603
Epoch 14889, loss 5.848389
Epoch 14890, loss 5.896537
Epoch 14891, loss 5.906056
Epoch 14892, loss 5.877139
Epoch 14893, loss 5.788784
Epoch 14894, loss 5.687780
Epoch 14895, loss 5.596040
Epoch 14896, loss 5.538328
Epoch 14897, loss 5.515742
Epoch 14898, loss 5.503251
Epoch 14899, loss 5.485452
Epoch 14900, loss 5.455075
Epoch 14901, loss 5.419945
Epoch 14902, loss 5.397335
Epoch 14903, loss 5.390764
Epoch 14904, loss 5.401155
Epoch 14905, loss 5.419462
Epoch 14906, loss 5.431614
Epoch 14907, loss 5.438072
Epoch 14908, loss 5.435036
Epoch 14909, loss 5.430202
Epoch 14910, loss 5.429006
Epoch 14911, loss 5.433930
Epoch 14912, loss 5.443645
Epoch 14913, loss 5.454658
Epoch 14914, loss 5.461044
Epoch 14915, loss 5.463913
Epoch 14916, loss 5.462148
Epoch 14917, loss 5.460522
Epoch 14918, loss 5.460267
Epoch 14919, loss 5.462996
Epoch 14920, loss 5.467876
Epoch 14921, loss 5.474021
Epoch 14922, loss 5.480766
Epoch 14923, loss 5.487359
Epoch 14924, loss 5.494415
Epoch 14925, loss 5.503116
Epoch 14926, loss 5.513916
Epoch 14927, loss 5.528551
Epoch 14928, loss 5.546280
Epoch 14929, loss 5.568212
Epoch 14930, loss 5.592818
Epoch 14931, loss 5.621676
Epoch 14932, loss 5.652955
Epoch 14933, loss 5.689331
Epoch 14934, loss 5.727608
Epoch 14935, loss 5.771236
Epoch 14936, loss 5.814574
Epoch 14937, loss 5.860884
Epoch 14938, loss 5.901336
Epoch 14939, loss 5.938642
Epoch 14940, loss 5.960979
Epoch 14941, loss 5.971729
Epoch 14942, loss 5.958924
Epoch 14943, loss 5.928804
Epoch 14944, loss 5.874071
Epoch 14945, loss 5.804972
Epoch 14946, loss 5.721724
Epoch 14947, loss 5.636294
Epoch 14948, loss 5.553530
Epoch 14949, loss 5.482292
Epoch 14950, loss 5.426256
Epoch 14951, loss 5.388132
Epoch 14952, loss 5.367484
Epoch 14953, loss 5.362116
Epoch 14954, loss 5.368562
Epoch 14955, loss 5.382876
Epoch 14956, loss 5.401325
Epoch 14957, loss 5.420546
Epoch 14958, loss 5.438358
Epoch 14959, loss 5.452767
Epoch 14960, loss 5.463368
Epoch 14961, loss 5.469311
Epoch 14962, loss 5.471389
Epoch 14963, loss 5.469431
Epoch 14964, loss 5.464739
Epoch 14965, loss 5.457417
Epoch 14966, loss 5.448775
Epoch 14967, loss 5.438998
Epoch 14968, loss 5.429123
Epoch 14969, loss 5.419288
Epoch 14970, loss 5.410150
Epoch 14971, loss 5.401729
Epoch 14972, loss 5.394346
Epoch 14973, loss 5.387910
Epoch 14974, loss 5.382525
Epoch 14975, loss 5.378054
Epoch 14976, loss 5.374472
Epoch 14977, loss 5.371648
Epoch 14978, loss 5.369525
Epoch 14979, loss 5.367983
Epoch 14980, loss 5.366992
Epoch 14981, loss 5.366488
Epoch 14982, loss 5.366476
Epoch 14983, loss 5.366964
Epoch 14984, loss 5.368022
Epoch 14985, loss 5.369736
Epoch 14986, loss 5.372272
Epoch 14987, loss 5.375828
Epoch 14988, loss 5.380734
Epoch 14989, loss 5.387404
Epoch 14990, loss 5.396459
Epoch 14991, loss 5.408692
Epoch 14992, loss 5.425276
Epoch 14993, loss 5.447696
Epoch 14994, loss 5.478102
Epoch 14995, loss 5.519103
Epoch 14996, loss 5.574326
Epoch 14997, loss 5.647748
Epoch 14998, loss 5.744337
Epoch 14999, loss 5.867836
Epoch 15000, loss 6.021065
Epoch 15001, loss 6.199874
Epoch 15002, loss 6.393626
Epoch 15003, loss 6.574475
Epoch 15004, loss 6.707295
Epoch 15005, loss 6.743282
Epoch 15006, loss 6.658048
Epoch 15007, loss 6.448089
Epoch 15008, loss 6.170473
Epoch 15009, loss 5.896813
Epoch 15010, loss 5.709085
Epoch 15011, loss 5.644261
Epoch 15012, loss 5.701706
Epoch 15013, loss 5.835713
Epoch 15014, loss 5.992605
Epoch 15015, loss 6.104934
Epoch 15016, loss 6.143796
Epoch 15017, loss 6.088613
Epoch 15018, loss 5.976752
Epoch 15019, loss 5.845517
Epoch 15020, loss 5.748174
Epoch 15021, loss 5.701211
Epoch 15022, loss 5.699260
Epoch 15023, loss 5.708353
Epoch 15024, loss 5.699496
Epoch 15025, loss 5.654786
Epoch 15026, loss 5.583543
Epoch 15027, loss 5.506234
Epoch 15028, loss 5.446525
Epoch 15029, loss 5.415112
Epoch 15030, loss 5.409101
Epoch 15031, loss 5.415455
Epoch 15032, loss 5.420781
Epoch 15033, loss 5.417707
Epoch 15034, loss 5.407476
Epoch 15035, loss 5.396841
Epoch 15036, loss 5.392508
Epoch 15037, loss 5.397333
Epoch 15038, loss 5.408615
Epoch 15039, loss 5.420808
Epoch 15040, loss 5.427792
Epoch 15041, loss 5.427189
Epoch 15042, loss 5.419753
Epoch 15043, loss 5.409990
Epoch 15044, loss 5.402091
Epoch 15045, loss 5.399396
Epoch 15046, loss 5.401888
Epoch 15047, loss 5.407724
Epoch 15048, loss 5.413344
Epoch 15049, loss 5.416366
Epoch 15050, loss 5.415387
Epoch 15051, loss 5.411620
Epoch 15052, loss 5.406906
Epoch 15053, loss 5.404141
Epoch 15054, loss 5.404741
Epoch 15055, loss 5.409877
Epoch 15056, loss 5.418759
Epoch 15057, loss 5.430818
Epoch 15058, loss 5.444431
Epoch 15059, loss 5.459855
Epoch 15060, loss 5.476504
Epoch 15061, loss 5.496526
Epoch 15062, loss 5.520115
Epoch 15063, loss 5.550524
Epoch 15064, loss 5.587336
Epoch 15065, loss 5.634122
Epoch 15066, loss 5.688557
Epoch 15067, loss 5.754492
Epoch 15068, loss 5.826184
Epoch 15069, loss 5.907816
Epoch 15070, loss 5.987867
Epoch 15071, loss 6.069982
Epoch 15072, loss 6.134313
Epoch 15073, loss 6.183810
Epoch 15074, loss 6.192669
Epoch 15075, loss 6.167557
Epoch 15076, loss 6.089146
Epoch 15077, loss 5.975860
Epoch 15078, loss 5.829015
Epoch 15079, loss 5.676844
Epoch 15080, loss 5.535026
Epoch 15081, loss 5.424236
Epoch 15082, loss 5.353126
Epoch 15083, loss 5.322918
Epoch 15084, loss 5.327400
Epoch 15085, loss 5.355433
Epoch 15086, loss 5.395294
Epoch 15087, loss 5.435443
Epoch 15088, loss 5.468212
Epoch 15089, loss 5.486967
Epoch 15090, loss 5.491294
Epoch 15091, loss 5.480239
Epoch 15092, loss 5.458750
Epoch 15093, loss 5.429422
Epoch 15094, loss 5.398199
Epoch 15095, loss 5.368360
Epoch 15096, loss 5.343390
Epoch 15097, loss 5.324920
Epoch 15098, loss 5.313381
Epoch 15099, loss 5.308277
Epoch 15100, loss 5.308338
Epoch 15101, loss 5.312083
Epoch 15102, loss 5.317832
Epoch 15103, loss 5.324265
Epoch 15104, loss 5.330780
Epoch 15105, loss 5.338679
Epoch 15106, loss 5.341267
Epoch 15107, loss 5.345061
Epoch 15108, loss 5.348237
Epoch 15109, loss 5.356718
Epoch 15110, loss 5.351903
Epoch 15111, loss 5.360336
Epoch 15112, loss 5.370463
Epoch 15113, loss 5.371108
Epoch 15114, loss 5.345251
Epoch 15115, loss 5.391599
Epoch 15116, loss 5.358433
Epoch 15117, loss 5.403174
Epoch 15118, loss 5.436369
Epoch 15119, loss 5.458783
Epoch 15120, loss 5.474453
Epoch 15121, loss 5.490991
Epoch 15122, loss 5.510178
Epoch 15123, loss 5.532819
Epoch 15124, loss 5.559789
Epoch 15125, loss 5.593596
Epoch 15126, loss 5.633585
Epoch 15127, loss 5.680265
Epoch 15128, loss 5.729284
Epoch 15129, loss 5.777536
Epoch 15130, loss 5.819818
Epoch 15131, loss 5.853609
Epoch 15132, loss 5.875475
Epoch 15133, loss 5.883974
Epoch 15134, loss 5.877723
Epoch 15135, loss 5.854005
Epoch 15136, loss 5.812499
Epoch 15137, loss 5.756080
Epoch 15138, loss 5.695995
Epoch 15139, loss 5.644452
Epoch 15140, loss 5.609564
Epoch 15141, loss 5.594798
Epoch 15142, loss 5.600194
Epoch 15143, loss 5.621614
Epoch 15144, loss 5.652999
Epoch 15145, loss 5.685275
Epoch 15146, loss 5.708825
Epoch 15147, loss 5.713906
Epoch 15148, loss 5.695295
Epoch 15149, loss 5.650520
Epoch 15150, loss 5.585509
Epoch 15151, loss 5.510059
Epoch 15152, loss 5.435691
Epoch 15153, loss 5.372727
Epoch 15154, loss 5.330125
Epoch 15155, loss 5.311666
Epoch 15156, loss 5.314061
Epoch 15157, loss 5.329315
Epoch 15158, loss 5.348363
Epoch 15159, loss 5.364865
Epoch 15160, loss 5.377372
Epoch 15161, loss 5.387344
Epoch 15162, loss 5.387987
Epoch 15163, loss 5.389607
Epoch 15164, loss 5.394597
Epoch 15165, loss 5.405244
Epoch 15166, loss 5.426442
Epoch 15167, loss 5.462580
Epoch 15168, loss 5.518120
Epoch 15169, loss 5.593353
Epoch 15170, loss 5.697410
Epoch 15171, loss 5.833955
Epoch 15172, loss 6.015967
Epoch 15173, loss 6.240139
Epoch 15174, loss 6.524293
Epoch 15175, loss 6.837375
Epoch 15176, loss 7.179262
Epoch 15177, loss 7.454096
Epoch 15178, loss 7.633220
Epoch 15179, loss 7.574990
Epoch 15180, loss 7.302622
Epoch 15181, loss 6.802998
Epoch 15182, loss 6.243984
Epoch 15183, loss 5.766480
Epoch 15184, loss 5.502679
Epoch 15185, loss 5.477124
Epoch 15186, loss 5.622774
Epoch 15187, loss 5.822032
Epoch 15188, loss 5.952626
Epoch 15189, loss 5.955989
Epoch 15190, loss 5.825762
Epoch 15191, loss 5.632399
Epoch 15192, loss 5.455717
Epoch 15193, loss 5.360582
Epoch 15194, loss 5.361685
Epoch 15195, loss 5.428198
Epoch 15196, loss 5.506522
Epoch 15197, loss 5.547110
Epoch 15198, loss 5.530400
Epoch 15199, loss 5.464108
Epoch 15200, loss 5.381499
Epoch 15201, loss 5.315906
Epoch 15202, loss 5.288514
Epoch 15203, loss 5.299315
Epoch 15204, loss 5.331476
Epoch 15205, loss 5.362704
Epoch 15206, loss 5.375175
Epoch 15207, loss 5.363829
Epoch 15208, loss 5.334615
Epoch 15209, loss 5.300703
Epoch 15210, loss 5.274668
Epoch 15211, loss 5.263397
Epoch 15212, loss 5.266835
Epoch 15213, loss 5.278307
Epoch 15214, loss 5.290076
Epoch 15215, loss 5.295296
Epoch 15216, loss 5.291877
Epoch 15217, loss 5.281235
Epoch 15218, loss 5.268143
Epoch 15219, loss 5.256366
Epoch 15220, loss 5.249608
Epoch 15221, loss 5.248008
Epoch 15222, loss 5.250676
Epoch 15223, loss 5.254971
Epoch 15224, loss 5.258160
Epoch 15225, loss 5.258862
Epoch 15226, loss 5.256390
Epoch 15227, loss 5.251763
Epoch 15228, loss 5.246249
Epoch 15229, loss 5.241002
Epoch 15230, loss 5.237153
Epoch 15231, loss 5.235052
Epoch 15232, loss 5.234596
Epoch 15233, loss 5.235272
Epoch 15234, loss 5.236051
Epoch 15235, loss 5.236559
Epoch 15236, loss 5.236513
Epoch 15237, loss 5.235501
Epoch 15238, loss 5.233734
Epoch 15239, loss 5.231634
Epoch 15240, loss 5.229574
Epoch 15241, loss 5.227653
Epoch 15242, loss 5.226117
Epoch 15243, loss 5.225151
Epoch 15244, loss 5.224600
Epoch 15245, loss 5.224341
Epoch 15246, loss 5.224330
Epoch 15247, loss 5.224417
Epoch 15248, loss 5.224377
Epoch 15249, loss 5.224289
Epoch 15250, loss 5.224075
Epoch 15251, loss 5.223679
Epoch 15252, loss 5.223144
Epoch 15253, loss 5.222718
Epoch 15254, loss 5.222243
Epoch 15255, loss 5.221909
Epoch 15256, loss 5.221864
Epoch 15257, loss 5.222042
Epoch 15258, loss 5.222622
Epoch 15259, loss 5.223832
Epoch 15260, loss 5.225809
Epoch 15261, loss 5.229051
Epoch 15262, loss 5.233699
Epoch 15263, loss 5.240672
Epoch 15264, loss 5.251004
Epoch 15265, loss 5.266979
Epoch 15266, loss 5.288604
Epoch 15267, loss 5.320931
Epoch 15268, loss 5.368038
Epoch 15269, loss 5.440763
Epoch 15270, loss 5.535295
Epoch 15271, loss 5.666072
Epoch 15272, loss 5.845684
Epoch 15273, loss 6.120655
Epoch 15274, loss 6.429135
Epoch 15275, loss 6.707498
Epoch 15276, loss 6.890083
Epoch 15277, loss 6.931062
Epoch 15278, loss 6.925556
Epoch 15279, loss 6.674481
Epoch 15280, loss 6.377760
Epoch 15281, loss 5.988985
Epoch 15282, loss 5.698183
Epoch 15283, loss 5.627848
Epoch 15284, loss 5.762777
Epoch 15285, loss 5.986200
Epoch 15286, loss 6.130669
Epoch 15287, loss 6.100428
Epoch 15288, loss 5.921519
Epoch 15289, loss 5.706111
Epoch 15290, loss 5.577872
Epoch 15291, loss 5.594548
Epoch 15292, loss 5.703577
Epoch 15293, loss 5.804890
Epoch 15294, loss 5.832778
Epoch 15295, loss 5.759264
Epoch 15296, loss 5.637591
Epoch 15297, loss 5.544592
Epoch 15298, loss 5.518462
Epoch 15299, loss 5.551206
Epoch 15300, loss 5.601380
Epoch 15301, loss 5.616879
Epoch 15302, loss 5.588398
Epoch 15303, loss 5.530440
Epoch 15304, loss 5.474951
Epoch 15305, loss 5.449626
Epoch 15306, loss 5.456204
Epoch 15307, loss 5.474875
Epoch 15308, loss 5.483128
Epoch 15309, loss 5.468120
Epoch 15310, loss 5.437353
Epoch 15311, loss 5.407241
Epoch 15312, loss 5.390951
Epoch 15313, loss 5.390950
Epoch 15314, loss 5.400480
Epoch 15315, loss 5.408732
Epoch 15316, loss 5.407071
Epoch 15317, loss 5.396476
Epoch 15318, loss 5.383152
Epoch 15319, loss 5.372699
Epoch 15320, loss 5.369552
Epoch 15321, loss 5.372278
Epoch 15322, loss 5.376285
Epoch 15323, loss 5.378012
Epoch 15324, loss 5.375646
Epoch 15325, loss 5.370218
Epoch 15326, loss 5.364574
Epoch 15327, loss 5.360988
Epoch 15328, loss 5.360719
Epoch 15329, loss 5.362951
Epoch 15330, loss 5.365829
Epoch 15331, loss 5.367654
Epoch 15332, loss 5.367989
Epoch 15333, loss 5.367388
Epoch 15334, loss 5.367091
Epoch 15335, loss 5.368529
Epoch 15336, loss 5.372477
Epoch 15337, loss 5.379020
Epoch 15338, loss 5.388384
Epoch 15339, loss 5.400771
Epoch 15340, loss 5.417248
Epoch 15341, loss 5.439825
Epoch 15342, loss 5.472184
Epoch 15343, loss 5.518791
Epoch 15344, loss 5.586759
Epoch 15345, loss 5.683284
Epoch 15346, loss 5.821567
Epoch 15347, loss 6.011983
Epoch 15348, loss 6.276487
Epoch 15349, loss 6.618362
Epoch 15350, loss 7.054750
Epoch 15351, loss 7.527424
Epoch 15352, loss 8.004058
Epoch 15353, loss 8.290665
Epoch 15354, loss 8.303397
Epoch 15355, loss 7.860717
Epoch 15356, loss 7.110816
Epoch 15357, loss 6.263658
Epoch 15358, loss 5.665375
Epoch 15359, loss 5.496893
Epoch 15360, loss 5.722080
Epoch 15361, loss 6.132355
Epoch 15362, loss 6.461329
Epoch 15363, loss 6.532439
Epoch 15364, loss 6.286052
Epoch 15365, loss 5.886642
Epoch 15366, loss 5.539344
Epoch 15367, loss 5.402540
Epoch 15368, loss 5.475290
Epoch 15369, loss 5.651926
Epoch 15370, loss 5.794509
Epoch 15371, loss 5.800898
Epoch 15372, loss 5.679902
Epoch 15373, loss 5.509840
Epoch 15374, loss 5.390521
Epoch 15375, loss 5.364979
Epoch 15376, loss 5.420056
Epoch 15377, loss 5.500241
Epoch 15378, loss 5.546124
Epoch 15379, loss 5.533828
Epoch 15380, loss 5.475806
Epoch 15381, loss 5.408195
Epoch 15382, loss 5.364853
Epoch 15383, loss 5.359716
Epoch 15384, loss 5.382683
Epoch 15385, loss 5.410949
Epoch 15386, loss 5.424766
Epoch 15387, loss 5.415746
Epoch 15388, loss 5.390124
Epoch 15389, loss 5.361817
Epoch 15390, loss 5.343634
Epoch 15391, loss 5.340375
Epoch 15392, loss 5.348753
Epoch 15393, loss 5.360551
Epoch 15394, loss 5.367511
Epoch 15395, loss 5.366182
Epoch 15396, loss 5.358000
Epoch 15397, loss 5.347389
Epoch 15398, loss 5.339070
Epoch 15399, loss 5.335884
Epoch 15400, loss 5.337340
Epoch 15401, loss 5.340929
Epoch 15402, loss 5.344111
Epoch 15403, loss 5.345104
Epoch 15404, loss 5.343554
Epoch 15405, loss 5.340505
Epoch 15406, loss 5.337561
Epoch 15407, loss 5.335741
Epoch 15408, loss 5.335389
Epoch 15409, loss 5.336308
Epoch 15410, loss 5.337940
Epoch 15411, loss 5.339852
Epoch 15412, loss 5.341902
Epoch 15413, loss 5.344286
Epoch 15414, loss 5.347384
Epoch 15415, loss 5.351842
Epoch 15416, loss 5.358286
Epoch 15417, loss 5.367532
Epoch 15418, loss 5.380559
Epoch 15419, loss 5.398796
Epoch 15420, loss 5.424138
Epoch 15421, loss 5.459349
Epoch 15422, loss 5.507945
Epoch 15423, loss 5.574558
Epoch 15424, loss 5.664260
Epoch 15425, loss 5.782929
Epoch 15426, loss 5.933305
Epoch 15427, loss 6.114956
Epoch 15428, loss 6.312905
Epoch 15429, loss 6.500576
Epoch 15430, loss 6.627838
Epoch 15431, loss 6.644993
Epoch 15432, loss 6.511077
Epoch 15433, loss 6.241302
Epoch 15434, loss 5.904871
Epoch 15435, loss 5.605451
Epoch 15436, loss 5.426955
Epoch 15437, loss 5.395186
Epoch 15438, loss 5.475689
Epoch 15439, loss 5.597063
Epoch 15440, loss 5.688166
Epoch 15441, loss 5.702070
Epoch 15442, loss 5.637940
Epoch 15443, loss 5.530389
Epoch 15444, loss 5.430979
Epoch 15445, loss 5.378122
Epoch 15446, loss 5.380724
Epoch 15447, loss 5.419819
Epoch 15448, loss 5.462617
Epoch 15449, loss 5.481868
Epoch 15450, loss 5.465277
Epoch 15451, loss 5.421712
Epoch 15452, loss 5.371248
Epoch 15453, loss 5.335276
Epoch 15454, loss 5.325090
Epoch 15455, loss 5.338462
Epoch 15456, loss 5.363148
Epoch 15457, loss 5.384246
Epoch 15458, loss 5.391600
Epoch 15459, loss 5.382548
Epoch 15460, loss 5.362512
Epoch 15461, loss 5.340163
Epoch 15462, loss 5.323728
Epoch 15463, loss 5.317169
Epoch 15464, loss 5.319660
Epoch 15465, loss 5.326947
Epoch 15466, loss 5.333850
Epoch 15467, loss 5.336664
Epoch 15468, loss 5.334200
Epoch 15469, loss 5.327859
Epoch 15470, loss 5.320341
Epoch 15471, loss 5.314389
Epoch 15472, loss 5.311629
Epoch 15473, loss 5.312185
Epoch 15474, loss 5.314930
Epoch 15475, loss 5.318202
Epoch 15476, loss 5.320481
Epoch 15477, loss 5.320902
Epoch 15478, loss 5.319416
Epoch 15479, loss 5.316624
Epoch 15480, loss 5.313428
Epoch 15481, loss 5.310712
Epoch 15482, loss 5.309020
Epoch 15483, loss 5.308502
Epoch 15484, loss 5.308910
Epoch 15485, loss 5.309827
Epoch 15486, loss 5.310776
Epoch 15487, loss 5.311433
Epoch 15488, loss 5.311626
Epoch 15489, loss 5.311428
Epoch 15490, loss 5.310995
Epoch 15491, loss 5.310635
Epoch 15492, loss 5.310617
Epoch 15493, loss 5.311195
Epoch 15494, loss 5.312565
Epoch 15495, loss 5.314846
Epoch 15496, loss 5.318254
Epoch 15497, loss 5.322912
Epoch 15498, loss 5.329251
Epoch 15499, loss 5.337642
Epoch 15500, loss 5.349047
Epoch 15501, loss 5.364185
Epoch 15502, loss 5.384930
Epoch 15503, loss 5.412725
Epoch 15504, loss 5.451043
Epoch 15505, loss 5.502227
Epoch 15506, loss 5.571640
Epoch 15507, loss 5.661934
Epoch 15508, loss 5.778326
Epoch 15509, loss 5.921825
Epoch 15510, loss 6.091282
Epoch 15511, loss 6.274759
Epoch 15512, loss 6.443161
Epoch 15513, loss 6.572307
Epoch 15514, loss 6.619093
Epoch 15515, loss 6.549808
Epoch 15516, loss 6.336401
Epoch 15517, loss 6.049924
Epoch 15518, loss 5.764654
Epoch 15519, loss 5.542629
Epoch 15520, loss 5.426299
Epoch 15521, loss 5.427972
Epoch 15522, loss 5.514338
Epoch 15523, loss 5.632393
Epoch 15524, loss 5.733824
Epoch 15525, loss 5.773242
Epoch 15526, loss 5.741044
Epoch 15527, loss 5.649808
Epoch 15528, loss 5.536845
Epoch 15529, loss 5.438391
Epoch 15530, loss 5.382832
Epoch 15531, loss 5.375459
Epoch 15532, loss 5.403175
Epoch 15533, loss 5.444577
Epoch 15534, loss 5.480671
Epoch 15535, loss 5.492342
Epoch 15536, loss 5.471576
Epoch 15537, loss 5.432850
Epoch 15538, loss 5.392434
Epoch 15539, loss 5.362510
Epoch 15540, loss 5.348531
Epoch 15541, loss 5.349528
Epoch 15542, loss 5.357975
Epoch 15543, loss 5.368817
Epoch 15544, loss 5.378242
Epoch 15545, loss 5.379895
Epoch 15546, loss 5.376082
Epoch 15547, loss 5.368233
Epoch 15548, loss 5.359037
Epoch 15549, loss 5.352477
Epoch 15550, loss 5.350973
Epoch 15551, loss 5.354947
Epoch 15552, loss 5.364296
Epoch 15553, loss 5.376616
Epoch 15554, loss 5.389161
Epoch 15555, loss 5.403209
Epoch 15556, loss 5.421274
Epoch 15557, loss 5.442849
Epoch 15558, loss 5.468641
Epoch 15559, loss 5.499835
Epoch 15560, loss 5.538291
Epoch 15561, loss 5.586364
Epoch 15562, loss 5.644466
Epoch 15563, loss 5.710782
Epoch 15564, loss 5.778781
Epoch 15565, loss 5.849801
Epoch 15566, loss 5.917660
Epoch 15567, loss 5.974166
Epoch 15568, loss 6.004524
Epoch 15569, loss 6.007907
Epoch 15570, loss 5.977254
Epoch 15571, loss 5.914636
Epoch 15572, loss 5.820927
Epoch 15573, loss 5.716176
Epoch 15574, loss 5.613778
Epoch 15575, loss 5.525384
Epoch 15576, loss 5.456792
Epoch 15577, loss 5.412866
Epoch 15578, loss 5.391525
Epoch 15579, loss 5.389200
Epoch 15580, loss 5.399485
Epoch 15581, loss 5.417350
Epoch 15582, loss 5.436892
Epoch 15583, loss 5.453798
Epoch 15584, loss 5.464073
Epoch 15585, loss 5.467296
Epoch 15586, loss 5.461294
Epoch 15587, loss 5.447471
Epoch 15588, loss 5.427187
Epoch 15589, loss 5.403903
Epoch 15590, loss 5.378848
Epoch 15591, loss 5.354726
Epoch 15592, loss 5.333554
Epoch 15593, loss 5.317028
Epoch 15594, loss 5.305406
Epoch 15595, loss 5.298753
Epoch 15596, loss 5.296313
Epoch 15597, loss 5.297194
Epoch 15598, loss 5.300073
Epoch 15599, loss 5.303879
Epoch 15600, loss 5.307238
Epoch 15601, loss 5.309625
Epoch 15602, loss 5.310097
Epoch 15603, loss 5.309043
Epoch 15604, loss 5.306351
Epoch 15605, loss 5.302982
Epoch 15606, loss 5.299062
Epoch 15607, loss 5.295628
Epoch 15608, loss 5.292963
Epoch 15609, loss 5.291904
Epoch 15610, loss 5.292465
Epoch 15611, loss 5.295380
Epoch 15612, loss 5.300577
Epoch 15613, loss 5.308831
Epoch 15614, loss 5.320220
Epoch 15615, loss 5.335913
Epoch 15616, loss 5.356202
Epoch 15617, loss 5.383026
Epoch 15618, loss 5.416640
Epoch 15619, loss 5.459481
Epoch 15620, loss 5.511196
Epoch 15621, loss 5.574458
Epoch 15622, loss 5.646415
Epoch 15623, loss 5.728522
Epoch 15624, loss 5.811864
Epoch 15625, loss 5.894364
Epoch 15626, loss 5.958316
Epoch 15627, loss 5.999194
Epoch 15628, loss 5.996468
Epoch 15629, loss 5.954035
Epoch 15630, loss 5.866656
Epoch 15631, loss 5.757608
Epoch 15632, loss 5.643727
Epoch 15633, loss 5.554527
Epoch 15634, loss 5.506737
Epoch 15635, loss 5.509480
Epoch 15636, loss 5.558966
Epoch 15637, loss 5.640223
Epoch 15638, loss 5.734083
Epoch 15639, loss 5.815037
Epoch 15640, loss 5.863999
Epoch 15641, loss 5.861740
Epoch 15642, loss 5.806697
Epoch 15643, loss 5.707091
Epoch 15644, loss 5.588293
Epoch 15645, loss 5.472147
Epoch 15646, loss 5.380703
Epoch 15647, loss 5.326240
Epoch 15648, loss 5.306656
Epoch 15649, loss 5.309339
Epoch 15650, loss 5.318784
Epoch 15651, loss 5.324259
Epoch 15652, loss 5.318286
Epoch 15653, loss 5.301379
Epoch 15654, loss 5.277304
Epoch 15655, loss 5.253264
Epoch 15656, loss 5.234868
Epoch 15657, loss 5.225778
Epoch 15658, loss 5.226002
Epoch 15659, loss 5.233041
Epoch 15660, loss 5.242965
Epoch 15661, loss 5.251773
Epoch 15662, loss 5.256687
Epoch 15663, loss 5.256232
Epoch 15664, loss 5.250871
Epoch 15665, loss 5.241840
Epoch 15666, loss 5.231235
Epoch 15667, loss 5.220763
Epoch 15668, loss 5.211872
Epoch 15669, loss 5.205261
Epoch 15670, loss 5.201078
Epoch 15671, loss 5.198985
Epoch 15672, loss 5.198288
Epoch 15673, loss 5.198349
Epoch 15674, loss 5.198576
Epoch 15675, loss 5.198684
Epoch 15676, loss 5.198459
Epoch 15677, loss 5.197962
Epoch 15678, loss 5.197326
Epoch 15679, loss 5.196822
Epoch 15680, loss 5.196752
Epoch 15681, loss 5.197476
Epoch 15682, loss 5.199365
Epoch 15683, loss 5.202887
Epoch 15684, loss 5.208521
Epoch 15685, loss 5.216992
Epoch 15686, loss 5.229111
Epoch 15687, loss 5.246224
Epoch 15688, loss 5.270035
Epoch 15689, loss 5.303261
Epoch 15690, loss 5.349313
Epoch 15691, loss 5.413179
Epoch 15692, loss 5.501120
Epoch 15693, loss 5.621339
Epoch 15694, loss 5.783298
Epoch 15695, loss 5.994277
Epoch 15696, loss 6.264583
Epoch 15697, loss 6.584495
Epoch 15698, loss 6.946980
Epoch 15699, loss 7.280502
Epoch 15700, loss 7.540548
Epoch 15701, loss 7.590965
Epoch 15702, loss 7.415868
Epoch 15703, loss 6.977146
Epoch 15704, loss 6.435054
Epoch 15705, loss 5.943898
Epoch 15706, loss 5.673914
Epoch 15707, loss 5.666999
Epoch 15708, loss 5.855467
Epoch 15709, loss 6.090532
Epoch 15710, loss 6.206970
Epoch 15711, loss 6.117198
Epoch 15712, loss 5.837644
Epoch 15713, loss 5.508679
Epoch 15714, loss 5.274750
Epoch 15715, loss 5.210814
Epoch 15716, loss 5.297297
Epoch 15717, loss 5.448734
Epoch 15718, loss 5.568239
Epoch 15719, loss 5.592341
Epoch 15720, loss 5.517721
Epoch 15721, loss 5.389641
Epoch 15722, loss 5.272740
Epoch 15723, loss 5.211283
Epoch 15724, loss 5.211127
Epoch 15725, loss 5.247966
Epoch 15726, loss 5.287760
Epoch 15727, loss 5.305675
Epoch 15728, loss 5.294395
Epoch 15729, loss 5.264110
Epoch 15730, loss 5.231435
Epoch 15731, loss 5.208756
Epoch 15732, loss 5.200138
Epoch 15733, loss 5.201691
Epoch 15734, loss 5.206480
Epoch 15735, loss 5.208435
Epoch 15736, loss 5.205164
Epoch 15737, loss 5.197456
Epoch 15738, loss 5.187798
Epoch 15739, loss 5.178906
Epoch 15740, loss 5.172349
Epoch 15741, loss 5.168639
Epoch 15742, loss 5.167482
Epoch 15743, loss 5.168149
Epoch 15744, loss 5.169716
Epoch 15745, loss 5.171208
Epoch 15746, loss 5.171514
Epoch 15747, loss 5.169664
Epoch 15748, loss 5.165758
Epoch 15749, loss 5.160808
Epoch 15750, loss 5.155919
Epoch 15751, loss 5.152136
Epoch 15752, loss 5.150084
Epoch 15753, loss 5.149820
Epoch 15754, loss 5.150823
Epoch 15755, loss 5.152240
Epoch 15756, loss 5.153191
Epoch 15757, loss 5.153077
Epoch 15758, loss 5.151779
Epoch 15759, loss 5.149679
Epoch 15760, loss 5.147349
Epoch 15761, loss 5.145386
Epoch 15762, loss 5.144174
Epoch 15763, loss 5.143799
Epoch 15764, loss 5.144128
Epoch 15765, loss 5.144863
Epoch 15766, loss 5.145632
Epoch 15767, loss 5.146079
Epoch 15768, loss 5.146056
Epoch 15769, loss 5.145556
Epoch 15770, loss 5.144717
Epoch 15771, loss 5.143760
Epoch 15772, loss 5.142913
Epoch 15773, loss 5.142348
Epoch 15774, loss 5.142153
Epoch 15775, loss 5.142311
Epoch 15776, loss 5.142772
Epoch 15777, loss 5.143462
Epoch 15778, loss 5.144365
Epoch 15779, loss 5.145498
Epoch 15780, loss 5.146945
Epoch 15781, loss 5.148852
Epoch 15782, loss 5.151457
Epoch 15783, loss 5.155029
Epoch 15784, loss 5.160032
Epoch 15785, loss 5.167017
Epoch 15786, loss 5.176881
Epoch 15787, loss 5.190684
Epoch 15788, loss 5.210188
Epoch 15789, loss 5.237420
Epoch 15790, loss 5.275864
Epoch 15791, loss 5.329304
Epoch 15792, loss 5.404067
Epoch 15793, loss 5.505553
Epoch 15794, loss 5.642950
Epoch 15795, loss 5.818475
Epoch 15796, loss 6.036632
Epoch 15797, loss 6.276618
Epoch 15798, loss 6.514790
Epoch 15799, loss 6.678891
Epoch 15800, loss 6.716394
Epoch 15801, loss 6.562550
Epoch 15802, loss 6.254167
Epoch 15803, loss 5.882538
Epoch 15804, loss 5.598002
Epoch 15805, loss 5.506897
Epoch 15806, loss 5.626719
Epoch 15807, loss 5.884075
Epoch 15808, loss 6.140840
Epoch 15809, loss 6.272443
Epoch 15810, loss 6.188212
Epoch 15811, loss 5.927367
Epoch 15812, loss 5.598599
Epoch 15813, loss 5.351351
Epoch 15814, loss 5.261108
Epoch 15815, loss 5.307137
Epoch 15816, loss 5.401824
Epoch 15817, loss 5.454684
Epoch 15818, loss 5.427294
Epoch 15819, loss 5.341995
Epoch 15820, loss 5.258532
Epoch 15821, loss 5.224650
Epoch 15822, loss 5.247682
Epoch 15823, loss 5.296119
Epoch 15824, loss 5.325603
Epoch 15825, loss 5.310310
Epoch 15826, loss 5.254617
Epoch 15827, loss 5.188832
Epoch 15828, loss 5.145293
Epoch 15829, loss 5.139605
Epoch 15830, loss 5.163868
Epoch 15831, loss 5.195481
Epoch 15832, loss 5.213058
Epoch 15833, loss 5.207447
Epoch 15834, loss 5.185149
Epoch 15835, loss 5.160306
Epoch 15836, loss 5.145863
Epoch 15837, loss 5.145966
Epoch 15838, loss 5.155771
Epoch 15839, loss 5.166053
Epoch 15840, loss 5.169313
Epoch 15841, loss 5.163651
Epoch 15842, loss 5.152622
Epoch 15843, loss 5.142225
Epoch 15844, loss 5.137233
Epoch 15845, loss 5.138907
Epoch 15846, loss 5.145248
Epoch 15847, loss 5.152661
Epoch 15848, loss 5.158472
Epoch 15849, loss 5.161919
Epoch 15850, loss 5.164753
Epoch 15851, loss 5.169752
Epoch 15852, loss 5.179827
Epoch 15853, loss 5.196873
Epoch 15854, loss 5.221861
Epoch 15855, loss 5.255532
Epoch 15856, loss 5.298957
Epoch 15857, loss 5.354689
Epoch 15858, loss 5.426837
Epoch 15859, loss 5.520345
Epoch 15860, loss 5.641373
Epoch 15861, loss 5.790987
Epoch 15862, loss 5.971120
Epoch 15863, loss 6.164426
Epoch 15864, loss 6.358949
Epoch 15865, loss 6.500133
Epoch 15866, loss 6.560806
Epoch 15867, loss 6.479180
Epoch 15868, loss 6.272396
Epoch 15869, loss 5.957212
Epoch 15870, loss 5.624318
Epoch 15871, loss 5.353682
Epoch 15872, loss 5.204631
Epoch 15873, loss 5.183588
Epoch 15874, loss 5.254953
Epoch 15875, loss 5.362423
Epoch 15876, loss 5.449483
Epoch 15877, loss 5.482613
Epoch 15878, loss 5.449569
Epoch 15879, loss 5.371384
Epoch 15880, loss 5.281337
Epoch 15881, loss 5.212471
Epoch 15882, loss 5.182715
Epoch 15883, loss 5.189353
Epoch 15884, loss 5.218037
Epoch 15885, loss 5.247785
Epoch 15886, loss 5.261469
Epoch 15887, loss 5.250919
Epoch 15888, loss 5.219433
Epoch 15889, loss 5.181188
Epoch 15890, loss 5.147134
Epoch 15891, loss 5.128942
Epoch 15892, loss 5.126661
Epoch 15893, loss 5.137356
Epoch 15894, loss 5.153023
Epoch 15895, loss 5.175810
Epoch 15896, loss 5.179826
Epoch 15897, loss 5.180296
Epoch 15898, loss 5.172241
Epoch 15899, loss 5.160043
Epoch 15900, loss 5.148449
Epoch 15901, loss 5.140309
Epoch 15902, loss 5.136177
Epoch 15903, loss 5.136194
Epoch 15904, loss 5.138008
Epoch 15905, loss 5.139737
Epoch 15906, loss 5.140300
Epoch 15907, loss 5.138727
Epoch 15908, loss 5.135604
Epoch 15909, loss 5.131324
Epoch 15910, loss 5.127074
Epoch 15911, loss 5.123801
Epoch 15912, loss 5.121787
Epoch 15913, loss 5.121327
Epoch 15914, loss 5.122189
Epoch 15915, loss 5.124076
Epoch 15916, loss 5.126383
Epoch 15917, loss 5.128795
Epoch 15918, loss 5.131291
Epoch 15919, loss 5.133879
Epoch 15920, loss 5.136987
Epoch 15921, loss 5.141187
Epoch 15922, loss 5.147463
Epoch 15923, loss 5.156988
Epoch 15924, loss 5.171526
Epoch 15925, loss 5.193536
Epoch 15926, loss 5.226597
Epoch 15927, loss 5.275734
Epoch 15928, loss 5.348237
Epoch 15929, loss 5.454361
Epoch 15930, loss 5.606778
Epoch 15931, loss 5.819831
Epoch 15932, loss 6.102501
Epoch 15933, loss 6.451877
Epoch 15934, loss 6.825544
Epoch 15935, loss 7.139499
Epoch 15936, loss 7.247125
Epoch 15937, loss 7.043675
Epoch 15938, loss 6.519930
Epoch 15939, loss 5.868732
Epoch 15940, loss 5.355633
Epoch 15941, loss 5.171226
Epoch 15942, loss 5.309168
Epoch 15943, loss 5.607834
Epoch 15944, loss 5.832583
Epoch 15945, loss 5.852319
Epoch 15946, loss 5.655456
Epoch 15947, loss 5.371962
Epoch 15948, loss 5.173800
Epoch 15949, loss 5.150101
Epoch 15950, loss 5.263653
Epoch 15951, loss 5.398710
Epoch 15952, loss 5.449959
Epoch 15953, loss 5.389201
Epoch 15954, loss 5.267040
Epoch 15955, loss 5.167089
Epoch 15956, loss 5.143041
Epoch 15957, loss 5.187392
Epoch 15958, loss 5.247681
Epoch 15959, loss 5.271303
Epoch 15960, loss 5.242290
Epoch 15961, loss 5.183803
Epoch 15962, loss 5.135216
Epoch 15963, loss 5.122605
Epoch 15964, loss 5.143966
Epoch 15965, loss 5.167808
Epoch 15966, loss 5.179891
Epoch 15967, loss 5.167991
Epoch 15968, loss 5.141858
Epoch 15969, loss 5.118388
Epoch 15970, loss 5.109682
Epoch 15971, loss 5.116620
Epoch 15972, loss 5.129023
Epoch 15973, loss 5.134808
Epoch 15974, loss 5.131544
Epoch 15975, loss 5.118450
Epoch 15976, loss 5.105419
Epoch 15977, loss 5.100596
Epoch 15978, loss 5.103203
Epoch 15979, loss 5.109683
Epoch 15980, loss 5.114568
Epoch 15981, loss 5.113982
Epoch 15982, loss 5.109636
Epoch 15983, loss 5.103364
Epoch 15984, loss 5.098094
Epoch 15985, loss 5.098130
Epoch 15986, loss 5.101072
Epoch 15987, loss 5.105549
Epoch 15988, loss 5.110862
Epoch 15989, loss 5.113198
Epoch 15990, loss 5.115722
Epoch 15991, loss 5.119354
Epoch 15992, loss 5.125959
Epoch 15993, loss 5.140718
Epoch 15994, loss 5.164112
Epoch 15995, loss 5.200477
Epoch 15996, loss 5.250332
Epoch 15997, loss 5.320690
Epoch 15998, loss 5.425188
Epoch 15999, loss 5.575154
Epoch 16000, loss 5.797194
Epoch 16001, loss 6.099447
Epoch 16002, loss 6.494942
Epoch 16003, loss 6.964771
Epoch 16004, loss 7.475119
Epoch 16005, loss 7.862419
Epoch 16006, loss 8.024228
Epoch 16007, loss 7.755259
Epoch 16008, loss 7.107452
Epoch 16009, loss 6.231394
Epoch 16010, loss 5.501037
Epoch 16011, loss 5.166792
Epoch 16012, loss 5.264080
Epoch 16013, loss 5.622810
Epoch 16014, loss 5.986205
Epoch 16015, loss 6.133427
Epoch 16016, loss 5.965904
Epoch 16017, loss 5.612778
Epoch 16018, loss 5.279727
Epoch 16019, loss 5.136456
Epoch 16020, loss 5.195719
Epoch 16021, loss 5.361484
Epoch 16022, loss 5.495791
Epoch 16023, loss 5.502097
Epoch 16024, loss 5.389405
Epoch 16025, loss 5.265940
Epoch 16026, loss 5.147964
Epoch 16027, loss 5.118217
Epoch 16028, loss 5.145589
Epoch 16029, loss 5.194853
Epoch 16030, loss 5.229024
Epoch 16031, loss 5.228797
Epoch 16032, loss 5.197806
Epoch 16033, loss 5.156064
Epoch 16034, loss 5.124697
Epoch 16035, loss 5.116035
Epoch 16036, loss 5.128184
Epoch 16037, loss 5.147524
Epoch 16038, loss 5.159193
Epoch 16039, loss 5.157215
Epoch 16040, loss 5.143210
Epoch 16041, loss 5.124925
Epoch 16042, loss 5.111220
Epoch 16043, loss 5.107046
Epoch 16044, loss 5.110336
Epoch 16045, loss 5.116743
Epoch 16046, loss 5.121707
Epoch 16047, loss 5.122448
Epoch 16048, loss 5.118623
Epoch 16049, loss 5.112540
Epoch 16050, loss 5.107005
Epoch 16051, loss 5.103426
Epoch 16052, loss 5.102597
Epoch 16053, loss 5.103799
Epoch 16054, loss 5.105507
Epoch 16055, loss 5.106374
Epoch 16056, loss 5.105961
Epoch 16057, loss 5.104314
Epoch 16058, loss 5.102102
Epoch 16059, loss 5.100064
Epoch 16060, loss 5.098717
Epoch 16061, loss 5.098144
Epoch 16062, loss 5.098164
Epoch 16063, loss 5.098522
Epoch 16064, loss 5.098836
Epoch 16065, loss 5.098836
Epoch 16066, loss 5.098470
Epoch 16067, loss 5.097774
Epoch 16068, loss 5.096913
Epoch 16069, loss 5.096110
Epoch 16070, loss 5.095556
Epoch 16071, loss 5.095269
Epoch 16072, loss 5.095223
Epoch 16073, loss 5.095322
Epoch 16074, loss 5.095442
Epoch 16075, loss 5.095527
Epoch 16076, loss 5.095627
Epoch 16077, loss 5.095746
Epoch 16078, loss 5.095990
Epoch 16079, loss 5.096487
Epoch 16080, loss 5.097328
Epoch 16081, loss 5.098686
Epoch 16082, loss 5.100773
Epoch 16083, loss 5.103834
Epoch 16084, loss 5.108273
Epoch 16085, loss 5.114713
Epoch 16086, loss 5.124017
Epoch 16087, loss 5.137613
Epoch 16088, loss 5.157446
Epoch 16089, loss 5.186709
Epoch 16090, loss 5.229422
Epoch 16091, loss 5.292306
Epoch 16092, loss 5.382887
Epoch 16093, loss 5.513509
Epoch 16094, loss 5.693465
Epoch 16095, loss 5.936864
Epoch 16096, loss 6.234371
Epoch 16097, loss 6.570777
Epoch 16098, loss 6.858732
Epoch 16099, loss 7.011366
Epoch 16100, loss 6.884589
Epoch 16101, loss 6.478214
Epoch 16102, loss 5.888812
Epoch 16103, loss 5.366911
Epoch 16104, loss 5.110038
Epoch 16105, loss 5.166861
Epoch 16106, loss 5.420443
Epoch 16107, loss 5.675707
Epoch 16108, loss 5.774429
Epoch 16109, loss 5.659712
Epoch 16110, loss 5.416741
Epoch 16111, loss 5.190773
Epoch 16112, loss 5.099849
Epoch 16113, loss 5.157557
Epoch 16114, loss 5.285568
Epoch 16115, loss 5.379520
Epoch 16116, loss 5.374839
Epoch 16117, loss 5.283097
Epoch 16118, loss 5.168126
Epoch 16119, loss 5.099691
Epoch 16120, loss 5.104866
Epoch 16121, loss 5.159577
Epoch 16122, loss 5.213892
Epoch 16123, loss 5.227906
Epoch 16124, loss 5.195456
Epoch 16125, loss 5.140613
Epoch 16126, loss 5.097954
Epoch 16127, loss 5.088005
Epoch 16128, loss 5.107386
Epoch 16129, loss 5.135703
Epoch 16130, loss 5.151285
Epoch 16131, loss 5.144813
Epoch 16132, loss 5.122128
Epoch 16133, loss 5.098068
Epoch 16134, loss 5.085460
Epoch 16135, loss 5.088007
Epoch 16136, loss 5.099907
Epoch 16137, loss 5.111172
Epoch 16138, loss 5.114313
Epoch 16139, loss 5.107919
Epoch 16140, loss 5.096436
Epoch 16141, loss 5.086314
Epoch 16142, loss 5.082108
Epoch 16143, loss 5.084309
Epoch 16144, loss 5.089928
Epoch 16145, loss 5.094815
Epoch 16146, loss 5.096047
Epoch 16147, loss 5.093242
Epoch 16148, loss 5.088169
Epoch 16149, loss 5.083427
Epoch 16150, loss 5.080932
Epoch 16151, loss 5.081120
Epoch 16152, loss 5.083066
Epoch 16153, loss 5.085204
Epoch 16154, loss 5.086234
Epoch 16155, loss 5.085657
Epoch 16156, loss 5.083846
Epoch 16157, loss 5.081693
Epoch 16158, loss 5.080046
Epoch 16159, loss 5.079392
Epoch 16160, loss 5.079670
Epoch 16161, loss 5.080453
Epoch 16162, loss 5.081202
Epoch 16163, loss 5.081516
Epoch 16164, loss 5.081284
Epoch 16165, loss 5.080655
Epoch 16166, loss 5.079959
Epoch 16167, loss 5.079513
Epoch 16168, loss 5.079554
Epoch 16169, loss 5.080171
Epoch 16170, loss 5.081370
Epoch 16171, loss 5.083154
Epoch 16172, loss 5.085638
Epoch 16173, loss 5.089155
Epoch 16174, loss 5.094376
Epoch 16175, loss 5.102385
Epoch 16176, loss 5.114977
Epoch 16177, loss 5.134790
Epoch 16178, loss 5.166136
Epoch 16179, loss 5.215248
Epoch 16180, loss 5.292489
Epoch 16181, loss 5.411846
Epoch 16182, loss 5.595747
Epoch 16183, loss 5.867568
Epoch 16184, loss 6.259242
Epoch 16185, loss 6.766503
Epoch 16186, loss 7.367192
Epoch 16187, loss 7.889311
Epoch 16188, loss 8.161782
Epoch 16189, loss 7.917804
Epoch 16190, loss 7.277002
Epoch 16191, loss 6.539516
Epoch 16192, loss 6.177397
Epoch 16193, loss 6.345190
Epoch 16194, loss 6.818165
Epoch 16195, loss 7.086292
Epoch 16196, loss 6.755109
Epoch 16197, loss 5.945413
Epoch 16198, loss 5.244030
Epoch 16199, loss 5.136449
Epoch 16200, loss 5.526851
Epoch 16201, loss 5.911083
Epoch 16202, loss 5.899955
Epoch 16203, loss 5.551228
Epoch 16204, loss 5.251195
Epoch 16205, loss 5.260805
Epoch 16206, loss 5.464324
Epoch 16207, loss 5.563538
Epoch 16208, loss 5.418204
Epoch 16209, loss 5.182935
Epoch 16210, loss 5.090438
Epoch 16211, loss 5.193184
Epoch 16212, loss 5.335256
Epoch 16213, loss 5.349391
Epoch 16214, loss 5.235825
Epoch 16215, loss 5.125875
Epoch 16216, loss 5.120789
Epoch 16217, loss 5.187850
Epoch 16218, loss 5.224977
Epoch 16219, loss 5.185066
Epoch 16220, loss 5.113901
Epoch 16221, loss 5.082946
Epoch 16222, loss 5.108842
Epoch 16223, loss 5.148195
Epoch 16224, loss 5.154272
Epoch 16225, loss 5.124505
Epoch 16226, loss 5.093063
Epoch 16227, loss 5.088057
Epoch 16228, loss 5.104651
Epoch 16229, loss 5.117327
Epoch 16230, loss 5.109929
Epoch 16231, loss 5.090073
Epoch 16232, loss 5.076442
Epoch 16233, loss 5.077911
Epoch 16234, loss 5.087203
Epoch 16235, loss 5.091695
Epoch 16236, loss 5.086899
Epoch 16237, loss 5.078332
Epoch 16238, loss 5.074004
Epoch 16239, loss 5.076191
Epoch 16240, loss 5.080839
Epoch 16241, loss 5.082581
Epoch 16242, loss 5.079717
Epoch 16243, loss 5.074723
Epoch 16244, loss 5.071293
Epoch 16245, loss 5.070946
Epoch 16246, loss 5.072253
Epoch 16247, loss 5.072740
Epoch 16248, loss 5.071329
Epoch 16249, loss 5.068924
Epoch 16250, loss 5.067289
Epoch 16251, loss 5.067286
Epoch 16252, loss 5.068358
Epoch 16253, loss 5.069159
Epoch 16254, loss 5.068868
Epoch 16255, loss 5.067655
Epoch 16256, loss 5.066448
Epoch 16257, loss 5.065980
Epoch 16258, loss 5.066333
Epoch 16259, loss 5.066863
Epoch 16260, loss 5.066943
Epoch 16261, loss 5.066363
Epoch 16262, loss 5.065578
Epoch 16263, loss 5.065114
Epoch 16264, loss 5.065224
Epoch 16265, loss 5.065608
Epoch 16266, loss 5.065847
Epoch 16267, loss 5.065713
Epoch 16268, loss 5.065359
Epoch 16269, loss 5.065112
Epoch 16270, loss 5.065225
Epoch 16271, loss 5.065673
Epoch 16272, loss 5.066282
Epoch 16273, loss 5.066865
Epoch 16274, loss 5.067447
Epoch 16275, loss 5.068281
Epoch 16276, loss 5.069611
Epoch 16277, loss 5.071682
Epoch 16278, loss 5.074643
Epoch 16279, loss 5.078656
Epoch 16280, loss 5.084091
Epoch 16281, loss 5.091567
Epoch 16282, loss 5.102064
Epoch 16283, loss 5.116891
Epoch 16284, loss 5.137933
Epoch 16285, loss 5.167599
Epoch 16286, loss 5.209337
Epoch 16287, loss 5.267862
Epoch 16288, loss 5.349466
Epoch 16289, loss 5.462408
Epoch 16290, loss 5.614740
Epoch 16291, loss 5.815938
Epoch 16292, loss 6.063768
Epoch 16293, loss 6.358226
Epoch 16294, loss 6.656311
Epoch 16295, loss 6.926475
Epoch 16296, loss 7.063126
Epoch 16297, loss 7.043707
Epoch 16298, loss 6.808001
Epoch 16299, loss 6.441573
Epoch 16300, loss 6.017961
Epoch 16301, loss 5.668652
Epoch 16302, loss 5.453652
Epoch 16303, loss 5.383260
Epoch 16304, loss 5.411033
Epoch 16305, loss 5.469774
Epoch 16306, loss 5.505836
Epoch 16307, loss 5.491948
Epoch 16308, loss 5.443775
Epoch 16309, loss 5.384136
Epoch 16310, loss 5.337573
Epoch 16311, loss 5.306168
Epoch 16312, loss 5.283441
Epoch 16313, loss 5.258444
Epoch 16314, loss 5.228985
Epoch 16315, loss 5.200981
Epoch 16316, loss 5.182346
Epoch 16317, loss 5.177554
Epoch 16318, loss 5.181673
Epoch 16319, loss 5.185316
Epoch 16320, loss 5.178167
Epoch 16321, loss 5.157431
Epoch 16322, loss 5.127985
Epoch 16323, loss 5.100882
Epoch 16324, loss 5.086135
Epoch 16325, loss 5.087549
Epoch 16326, loss 5.100862
Epoch 16327, loss 5.116288
Epoch 16328, loss 5.124152
Epoch 16329, loss 5.119085
Epoch 16330, loss 5.102463
Epoch 16331, loss 5.080595
Epoch 16332, loss 5.061660
Epoch 16333, loss 5.051614
Epoch 16334, loss 5.051979
Epoch 16335, loss 5.059968
Epoch 16336, loss 5.070365
Epoch 16337, loss 5.078112
Epoch 16338, loss 5.080000
Epoch 16339, loss 5.075779
Epoch 16340, loss 5.067573
Epoch 16341, loss 5.058483
Epoch 16342, loss 5.051279
Epoch 16343, loss 5.047366
Epoch 16344, loss 5.046795
Epoch 16345, loss 5.048210
Epoch 16346, loss 5.050317
Epoch 16347, loss 5.051619
Epoch 16348, loss 5.051749
Epoch 16349, loss 5.050339
Epoch 16350, loss 5.048307
Epoch 16351, loss 5.045836
Epoch 16352, loss 5.043850
Epoch 16353, loss 5.042317
Epoch 16354, loss 5.041471
Epoch 16355, loss 5.040878
Epoch 16356, loss 5.040441
Epoch 16357, loss 5.039949
Epoch 16358, loss 5.039347
Epoch 16359, loss 5.038727
Epoch 16360, loss 5.038142
Epoch 16361, loss 5.037800
Epoch 16362, loss 5.037655
Epoch 16363, loss 5.037844
Epoch 16364, loss 5.038508
Epoch 16365, loss 5.039804
Epoch 16366, loss 5.041974
Epoch 16367, loss 5.045120
Epoch 16368, loss 5.049900
Epoch 16369, loss 5.057178
Epoch 16370, loss 5.068442
Epoch 16371, loss 5.085556
Epoch 16372, loss 5.111665
Epoch 16373, loss 5.151388
Epoch 16374, loss 5.212318
Epoch 16375, loss 5.304472
Epoch 16376, loss 5.441459
Epoch 16377, loss 5.639425
Epoch 16378, loss 5.911901
Epoch 16379, loss 6.256086
Epoch 16380, loss 6.636566
Epoch 16381, loss 6.974287
Epoch 16382, loss 7.140179
Epoch 16383, loss 7.020974
Epoch 16384, loss 6.605648
Epoch 16385, loss 6.061691
Epoch 16386, loss 5.618084
Epoch 16387, loss 5.436043
Epoch 16388, loss 5.508040
Epoch 16389, loss 5.705511
Epoch 16390, loss 5.855080
Epoch 16391, loss 5.861774
Epoch 16392, loss 5.716443
Epoch 16393, loss 5.520421
Epoch 16394, loss 5.373706
Epoch 16395, loss 5.316266
Epoch 16396, loss 5.302216
Epoch 16397, loss 5.280312
Epoch 16398, loss 5.263635
Epoch 16399, loss 5.213898
Epoch 16400, loss 5.195808
Epoch 16401, loss 5.183755
Epoch 16402, loss 5.178294
Epoch 16403, loss 5.160413
Epoch 16404, loss 5.120753
Epoch 16405, loss 5.092781
Epoch 16406, loss 5.080420
Epoch 16407, loss 5.097042
Epoch 16408, loss 5.143507
Epoch 16409, loss 5.154480
Epoch 16410, loss 5.148116
Epoch 16411, loss 5.107866
Epoch 16412, loss 5.061789
Epoch 16413, loss 5.050940
Epoch 16414, loss 5.055583
Epoch 16415, loss 5.077609
Epoch 16416, loss 5.092665
Epoch 16417, loss 5.085844
Epoch 16418, loss 5.064379
Epoch 16419, loss 5.044534
Epoch 16420, loss 5.031451
Epoch 16421, loss 5.036368
Epoch 16422, loss 5.043948
Epoch 16423, loss 5.049275
Epoch 16424, loss 5.049990
Epoch 16425, loss 5.042484
Epoch 16426, loss 5.037322
Epoch 16427, loss 5.036284
Epoch 16428, loss 5.039633
Epoch 16429, loss 5.048392
Epoch 16430, loss 5.050642
Epoch 16431, loss 5.050528
Epoch 16432, loss 5.051781
Epoch 16433, loss 5.056482
Epoch 16434, loss 5.067016
Epoch 16435, loss 5.083235
Epoch 16436, loss 5.101625
Epoch 16437, loss 5.123067
Epoch 16438, loss 5.150548
Epoch 16439, loss 5.185905
Epoch 16440, loss 5.235025
Epoch 16441, loss 5.302522
Epoch 16442, loss 5.377741
Epoch 16443, loss 5.464717
Epoch 16444, loss 5.568410
Epoch 16445, loss 5.689848
Epoch 16446, loss 5.849645
Epoch 16447, loss 6.009326
Epoch 16448, loss 6.103250
Epoch 16449, loss 6.103985
Epoch 16450, loss 6.013475
Epoch 16451, loss 5.833003
Epoch 16452, loss 5.607074
Epoch 16453, loss 5.380403
Epoch 16454, loss 5.203540
Epoch 16455, loss 5.102579
Epoch 16456, loss 5.078143
Epoch 16457, loss 5.108165
Epoch 16458, loss 5.234789
Epoch 16459, loss 5.388806
Epoch 16460, loss 5.589121
Epoch 16461, loss 5.695499
Epoch 16462, loss 5.670939
Epoch 16463, loss 5.536594
Epoch 16464, loss 5.349505
Epoch 16465, loss 5.185704
Epoch 16466, loss 5.099045
Epoch 16467, loss 5.094054
Epoch 16468, loss 5.144649
Epoch 16469, loss 5.213060
Epoch 16470, loss 5.261345
Epoch 16471, loss 5.273206
Epoch 16472, loss 5.251004
Epoch 16473, loss 5.206867
Epoch 16474, loss 5.157677
Epoch 16475, loss 5.117356
Epoch 16476, loss 5.093025
Epoch 16477, loss 5.086284
Epoch 16478, loss 5.093840
Epoch 16479, loss 5.108319
Epoch 16480, loss 5.122124
Epoch 16481, loss 5.129079
Epoch 16482, loss 5.126558
Epoch 16483, loss 5.114697
Epoch 16484, loss 5.098010
Epoch 16485, loss 5.082477
Epoch 16486, loss 5.072326
Epoch 16487, loss 5.069169
Epoch 16488, loss 5.072332
Epoch 16489, loss 5.079068
Epoch 16490, loss 5.086026
Epoch 16491, loss 5.091551
Epoch 16492, loss 5.094604
Epoch 16493, loss 5.096459
Epoch 16494, loss 5.098714
Epoch 16495, loss 5.104082
Epoch 16496, loss 5.114434
Epoch 16497, loss 5.132136
Epoch 16498, loss 5.159461
Epoch 16499, loss 5.199297
Epoch 16500, loss 5.254350
Epoch 16501, loss 5.329772
Epoch 16502, loss 5.429764
Epoch 16503, loss 5.562425
Epoch 16504, loss 5.729276
Epoch 16505, loss 5.935281
Epoch 16506, loss 6.160399
Epoch 16507, loss 6.398272
Epoch 16508, loss 6.587564
Epoch 16509, loss 6.689983
Epoch 16510, loss 6.610808
Epoch 16511, loss 6.376131
Epoch 16512, loss 6.007882
Epoch 16513, loss 5.617672
Epoch 16514, loss 5.302318
Epoch 16515, loss 5.142507
Epoch 16516, loss 5.141162
Epoch 16517, loss 5.243711
Epoch 16518, loss 5.373345
Epoch 16519, loss 5.459335
Epoch 16520, loss 5.467316
Epoch 16521, loss 5.399631
Epoch 16522, loss 5.298633
Epoch 16523, loss 5.208798
Epoch 16524, loss 5.159411
Epoch 16525, loss 5.152947
Epoch 16526, loss 5.172866
Epoch 16527, loss 5.194005
Epoch 16528, loss 5.196221
Epoch 16529, loss 5.173636
Epoch 16530, loss 5.135298
Epoch 16531, loss 5.097485
Epoch 16532, loss 5.075095
Epoch 16533, loss 5.073736
Epoch 16534, loss 5.089424
Epoch 16535, loss 5.110594
Epoch 16536, loss 5.124756
Epoch 16537, loss 5.124983
Epoch 16538, loss 5.110434
Epoch 16539, loss 5.087871
Epoch 16540, loss 5.063514
Epoch 16541, loss 5.046458
Epoch 16542, loss 5.038386
Epoch 16543, loss 5.040139
Epoch 16544, loss 5.047443
Epoch 16545, loss 5.055237
Epoch 16546, loss 5.060741
Epoch 16547, loss 5.061243
Epoch 16548, loss 5.058011
Epoch 16549, loss 5.052453
Epoch 16550, loss 5.046777
Epoch 16551, loss 5.043027
Epoch 16552, loss 5.041450
Epoch 16553, loss 5.041801
Epoch 16554, loss 5.043141
Epoch 16555, loss 5.044131
Epoch 16556, loss 5.044228
Epoch 16557, loss 5.042942
Epoch 16558, loss 5.040512
Epoch 16559, loss 5.037359
Epoch 16560, loss 5.034209
Epoch 16561, loss 5.031604
Epoch 16562, loss 5.029778
Epoch 16563, loss 5.028963
Epoch 16564, loss 5.028828
Epoch 16565, loss 5.029048
Epoch 16566, loss 5.029458
Epoch 16567, loss 5.029709
Epoch 16568, loss 5.029663
Epoch 16569, loss 5.029311
Epoch 16570, loss 5.028669
Epoch 16571, loss 5.027924
Epoch 16572, loss 5.027141
Epoch 16573, loss 5.026409
Epoch 16574, loss 5.025861
Epoch 16575, loss 5.025455
Epoch 16576, loss 5.025184
Epoch 16577, loss 5.025055
Epoch 16578, loss 5.024996
Epoch 16579, loss 5.024964
Epoch 16580, loss 5.024915
Epoch 16581, loss 5.024833
Epoch 16582, loss 5.024706
Epoch 16583, loss 5.024509
Epoch 16584, loss 5.024270
Epoch 16585, loss 5.024003
Epoch 16586, loss 5.023701
Epoch 16587, loss 5.023399
Epoch 16588, loss 5.023105
Epoch 16589, loss 5.022823
Epoch 16590, loss 5.022563
Epoch 16591, loss 5.022330
Epoch 16592, loss 5.022139
Epoch 16593, loss 5.021993
Epoch 16594, loss 5.021895
Epoch 16595, loss 5.021895
Epoch 16596, loss 5.022053
Epoch 16597, loss 5.022407
Epoch 16598, loss 5.023121
Epoch 16599, loss 5.024291
Epoch 16600, loss 5.026144
Epoch 16601, loss 5.029106
Epoch 16602, loss 5.033769
Epoch 16603, loss 5.041232
Epoch 16604, loss 5.052746
Epoch 16605, loss 5.071028
Epoch 16606, loss 5.098585
Epoch 16607, loss 5.142151
Epoch 16608, loss 5.208626
Epoch 16609, loss 5.312284
Epoch 16610, loss 5.462552
Epoch 16611, loss 5.683109
Epoch 16612, loss 5.994477
Epoch 16613, loss 6.420940
Epoch 16614, loss 6.905379
Epoch 16615, loss 7.327850
Epoch 16616, loss 8.487760
Epoch 16617, loss 10.676266
Epoch 16618, loss 11.102699
Epoch 16619, loss 9.735147
Epoch 16620, loss 7.492291
Epoch 16621, loss 5.771586
Epoch 16622, loss 6.968828
Epoch 16623, loss 8.623341
Epoch 16624, loss 8.448427
Epoch 16625, loss 7.129672
Epoch 16626, loss 6.064004
Epoch 16627, loss 6.680003
Epoch 16628, loss 7.952455
Epoch 16629, loss 8.065423
Epoch 16630, loss 6.760325
Epoch 16631, loss 5.760895
Epoch 16632, loss 6.312675
Epoch 16633, loss 6.914935
Epoch 16634, loss 6.268939
Epoch 16635, loss 5.503957
Epoch 16636, loss 5.709512
Epoch 16637, loss 6.309602
Epoch 16638, loss 6.148664
Epoch 16639, loss 5.479362
Epoch 16640, loss 5.589546
Epoch 16641, loss 5.926074
Epoch 16642, loss 5.727039
Epoch 16643, loss 5.389470
Epoch 16644, loss 5.379900
Epoch 16645, loss 5.674604
Epoch 16646, loss 5.618959
Epoch 16647, loss 5.355195
Epoch 16648, loss 5.388729
Epoch 16649, loss 5.516039
Epoch 16650, loss 5.461514
Epoch 16651, loss 5.300216
Epoch 16652, loss 5.280540
Epoch 16653, loss 5.402049
Epoch 16654, loss 5.380840
Epoch 16655, loss 5.274452
Epoch 16656, loss 5.282207
Epoch 16657, loss 5.341368
Epoch 16658, loss 5.325250
Epoch 16659, loss 5.249834
Epoch 16660, loss 5.241969
Epoch 16661, loss 5.279831
Epoch 16662, loss 5.274939
Epoch 16663, loss 5.234964
Epoch 16664, loss 5.227286
Epoch 16665, loss 5.256551
Epoch 16666, loss 5.252425
Epoch 16667, loss 5.227243
Epoch 16668, loss 5.217579
Epoch 16669, loss 5.226276
Epoch 16670, loss 5.228682
Epoch 16671, loss 5.211637
Epoch 16672, loss 5.202542
Epoch 16673, loss 5.212775
Epoch 16674, loss 5.212657
Epoch 16675, loss 5.205544
Epoch 16676, loss 5.200563
Epoch 16677, loss 5.201076
Epoch 16678, loss 5.203382
Epoch 16679, loss 5.197340
Epoch 16680, loss 5.192317
Epoch 16681, loss 5.192292
Epoch 16682, loss 5.191586
Epoch 16683, loss 5.189610
Epoch 16684, loss 5.186722
Epoch 16685, loss 5.185181
Epoch 16686, loss 5.185375
Epoch 16687, loss 5.184247
Epoch 16688, loss 5.182310
Epoch 16689, loss 5.181116
Epoch 16690, loss 5.179865
Epoch 16691, loss 5.178600
Epoch 16692, loss 5.177329
Epoch 16693, loss 5.176007
Epoch 16694, loss 5.174482
Epoch 16695, loss 5.173092
Epoch 16696, loss 5.172093
Epoch 16697, loss 5.171060
Epoch 16698, loss 5.169915
Epoch 16699, loss 5.168415
Epoch 16700, loss 5.167529
Epoch 16701, loss 5.166982
Epoch 16702, loss 5.166001
Epoch 16703, loss 5.165067
Epoch 16704, loss 5.164094
Epoch 16705, loss 5.163494
Epoch 16706, loss 5.162987
Epoch 16707, loss 5.162053
Epoch 16708, loss 5.161107
Epoch 16709, loss 5.160456
Epoch 16710, loss 5.159886
Epoch 16711, loss 5.159296
Epoch 16712, loss 5.158429
Epoch 16713, loss 5.157734
Epoch 16714, loss 5.157244
Epoch 16715, loss 5.156729
Epoch 16716, loss 5.156029
Epoch 16717, loss 5.155386
Epoch 16718, loss 5.154877
Epoch 16719, loss 5.154514
Epoch 16720, loss 5.154094
Epoch 16721, loss 5.153657
Epoch 16722, loss 5.153339
Epoch 16723, loss 5.153249
Epoch 16724, loss 5.153337
Epoch 16725, loss 5.153575
Epoch 16726, loss 5.154082
Epoch 16727, loss 5.155055
Epoch 16728, loss 5.156650
Epoch 16729, loss 5.159015
Epoch 16730, loss 5.162463
Epoch 16731, loss 5.167515
Epoch 16732, loss 5.174946
Epoch 16733, loss 5.185500
Epoch 16734, loss 5.200858
Epoch 16735, loss 5.222771
Epoch 16736, loss 5.255462
Epoch 16737, loss 5.300945
Epoch 16738, loss 5.366040
Epoch 16739, loss 5.455531
Epoch 16740, loss 5.585626
Epoch 16741, loss 5.750325
Epoch 16742, loss 5.950015
Epoch 16743, loss 6.208557
Epoch 16744, loss 6.576707
Epoch 16745, loss 6.929389
Epoch 16746, loss 7.117201
Epoch 16747, loss 7.037260
Epoch 16748, loss 6.734618
Epoch 16749, loss 6.274769
Epoch 16750, loss 5.812711
Epoch 16751, loss 5.499777
Epoch 16752, loss 5.437898
Epoch 16753, loss 5.586626
Epoch 16754, loss 5.806692
Epoch 16755, loss 5.945693
Epoch 16756, loss 5.910253
Epoch 16757, loss 5.719050
Epoch 16758, loss 5.462561
Epoch 16759, loss 5.285641
Epoch 16760, loss 5.202701
Epoch 16761, loss 5.263881
Epoch 16762, loss 5.404503
Epoch 16763, loss 5.531013
Epoch 16764, loss 5.548932
Epoch 16765, loss 5.460253
Epoch 16766, loss 5.326913
Epoch 16767, loss 5.222947
Epoch 16768, loss 5.218030
Epoch 16769, loss 5.243198
Epoch 16770, loss 5.314728
Epoch 16771, loss 5.362620
Epoch 16772, loss 5.353059
Epoch 16773, loss 5.294898
Epoch 16774, loss 5.224192
Epoch 16775, loss 5.208554
Epoch 16776, loss 5.222533
Epoch 16777, loss 5.276102
Epoch 16778, loss 5.321759
Epoch 16779, loss 5.340837
Epoch 16780, loss 5.328269
Epoch 16781, loss 5.292411
Epoch 16782, loss 5.254875
Epoch 16783, loss 5.230719
Epoch 16784, loss 5.228437
Epoch 16785, loss 5.242745
Epoch 16786, loss 5.261666
Epoch 16787, loss 5.278376
Epoch 16788, loss 5.285442
Epoch 16789, loss 5.268992
Epoch 16790, loss 5.244738
Epoch 16791, loss 5.232915
Epoch 16792, loss 5.234114
Epoch 16793, loss 5.243022
Epoch 16794, loss 5.254621
Epoch 16795, loss 5.263660
Epoch 16796, loss 5.270298
Epoch 16797, loss 5.279213
Epoch 16798, loss 5.314594
Epoch 16799, loss 5.290553
Epoch 16800, loss 5.308902
Epoch 16801, loss 5.336277
Epoch 16802, loss 5.362606
Epoch 16803, loss 5.384048
Epoch 16804, loss 5.402015
Epoch 16805, loss 5.415860
Epoch 16806, loss 5.432255
Epoch 16807, loss 5.459931
Epoch 16808, loss 5.499721
Epoch 16809, loss 5.540963
Epoch 16810, loss 5.564738
Epoch 16811, loss 5.588132
Epoch 16812, loss 5.630962
Epoch 16813, loss 5.636376
Epoch 16814, loss 5.636674
Epoch 16815, loss 5.636930
Epoch 16816, loss 5.601793
Epoch 16817, loss 5.537475
Epoch 16818, loss 5.460320
Epoch 16819, loss 5.376609
Epoch 16820, loss 5.304146
Epoch 16821, loss 5.230187
Epoch 16822, loss 5.180712
Epoch 16823, loss 5.157506
Epoch 16824, loss 5.144029
Epoch 16825, loss 5.150999
Epoch 16826, loss 5.154850
Epoch 16827, loss 5.161930
Epoch 16828, loss 5.174469
Epoch 16829, loss 5.184710
Epoch 16830, loss 5.201289
Epoch 16831, loss 5.205341
Epoch 16832, loss 5.224113
Epoch 16833, loss 5.225834
Epoch 16834, loss 5.213998
Epoch 16835, loss 5.215351
Epoch 16836, loss 5.209057
Epoch 16837, loss 5.195923
Epoch 16838, loss 5.195413
Epoch 16839, loss 5.190084
Epoch 16840, loss 5.172787
Epoch 16841, loss 5.161996
Epoch 16842, loss 5.158513
Epoch 16843, loss 5.155671
Epoch 16844, loss 5.163459
Epoch 16845, loss 5.163823
Epoch 16846, loss 5.155963
Epoch 16847, loss 5.150756
Epoch 16848, loss 5.160789
Epoch 16849, loss 5.156343
Epoch 16850, loss 5.185709
Epoch 16851, loss 5.201026
Epoch 16852, loss 5.201574
Epoch 16853, loss 5.205772
Epoch 16854, loss 5.247907
Epoch 16855, loss 5.293541
Epoch 16856, loss 5.424324
Epoch 16857, loss 5.563561
Epoch 16858, loss 5.671121
Epoch 16859, loss 5.771999
Epoch 16860, loss 5.840478
Epoch 16861, loss 5.894010
Epoch 16862, loss 5.919288
Epoch 16863, loss 5.897516
Epoch 16864, loss 5.840394
Epoch 16865, loss 5.752520
Epoch 16866, loss 5.624830
Epoch 16867, loss 5.493806
Epoch 16868, loss 5.380972
Epoch 16869, loss 5.290912
Epoch 16870, loss 5.239532
Epoch 16871, loss 5.220958
Epoch 16872, loss 5.225304
Epoch 16873, loss 5.253950
Epoch 16874, loss 5.295777
Epoch 16875, loss 5.334119
Epoch 16876, loss 5.356365
Epoch 16877, loss 5.360185
Epoch 16878, loss 5.343316
Epoch 16879, loss 5.316638
Epoch 16880, loss 5.285517
Epoch 16881, loss 5.263318
Epoch 16882, loss 5.250825
Epoch 16883, loss 5.210060
Epoch 16884, loss 5.193589
Epoch 16885, loss 5.200139
Epoch 16886, loss 5.203433
Epoch 16887, loss 5.204826
Epoch 16888, loss 5.217363
Epoch 16889, loss 5.235428
Epoch 16890, loss 5.254137
Epoch 16891, loss 5.273681
Epoch 16892, loss 5.290037
Epoch 16893, loss 5.309791
Epoch 16894, loss 5.345324
Epoch 16895, loss 5.382990
Epoch 16896, loss 5.424172
Epoch 16897, loss 5.480052
Epoch 16898, loss 5.539924
Epoch 16899, loss 5.603965
Epoch 16900, loss 5.662052
Epoch 16901, loss 5.716626
Epoch 16902, loss 5.745085
Epoch 16903, loss 5.744473
Epoch 16904, loss 5.703134
Epoch 16905, loss 5.623292
Epoch 16906, loss 5.506761
Epoch 16907, loss 5.383117
Epoch 16908, loss 5.266866
Epoch 16909, loss 5.177748
Epoch 16910, loss 5.128909
Epoch 16911, loss 5.117923
Epoch 16912, loss 5.134558
Epoch 16913, loss 5.168563
Epoch 16914, loss 5.205884
Epoch 16915, loss 5.233033
Epoch 16916, loss 5.246718
Epoch 16917, loss 5.243341
Epoch 16918, loss 5.225336
Epoch 16919, loss 5.198665
Epoch 16920, loss 5.170514
Epoch 16921, loss 5.145242
Epoch 16922, loss 5.128040
Epoch 16923, loss 5.119781
Epoch 16924, loss 5.118763
Epoch 16925, loss 5.123577
Epoch 16926, loss 5.130762
Epoch 16927, loss 5.137668
Epoch 16928, loss 5.142540
Epoch 16929, loss 5.144219
Epoch 16930, loss 5.143164
Epoch 16931, loss 5.139591
Epoch 16932, loss 5.135627
Epoch 16933, loss 5.132114
Epoch 16934, loss 5.130909
Epoch 16935, loss 5.132678
Epoch 16936, loss 5.138935
Epoch 16937, loss 5.150002
Epoch 16938, loss 5.167450
Epoch 16939, loss 5.191735
Epoch 16940, loss 5.225628
Epoch 16941, loss 5.269941
Epoch 16942, loss 5.330460
Epoch 16943, loss 5.408431
Epoch 16944, loss 5.514270
Epoch 16945, loss 5.643217
Epoch 16946, loss 5.807168
Epoch 16947, loss 5.998946
Epoch 16948, loss 6.234587
Epoch 16949, loss 6.457719
Epoch 16950, loss 6.639918
Epoch 16951, loss 6.698773
Epoch 16952, loss 6.641308
Epoch 16953, loss 6.566006
Epoch 16954, loss 6.412686
Epoch 16955, loss 6.220670
Epoch 16956, loss 5.964346
Epoch 16957, loss 5.732648
Epoch 16958, loss 5.593563
Epoch 16959, loss 5.576908
Epoch 16960, loss 5.642392
Epoch 16961, loss 5.706921
Epoch 16962, loss 5.714977
Epoch 16963, loss 5.653403
Epoch 16964, loss 5.544043
Epoch 16965, loss 5.439473
Epoch 16966, loss 5.369852
Epoch 16967, loss 5.343004
Epoch 16968, loss 5.347504
Epoch 16969, loss 5.376006
Epoch 16970, loss 5.402515
Epoch 16971, loss 5.417095
Epoch 16972, loss 5.411356
Epoch 16973, loss 5.377681
Epoch 16974, loss 5.329925
Epoch 16975, loss 5.290809
Epoch 16976, loss 5.268580
Epoch 16977, loss 5.265548
Epoch 16978, loss 5.270833
Epoch 16979, loss 5.274323
Epoch 16980, loss 5.273081
Epoch 16981, loss 5.266318
Epoch 16982, loss 5.254857
Epoch 16983, loss 5.244343
Epoch 16984, loss 5.235783
Epoch 16985, loss 5.230850
Epoch 16986, loss 5.231113
Epoch 16987, loss 5.233656
Epoch 16988, loss 5.237086
Epoch 16989, loss 5.238018
Epoch 16990, loss 5.234813
Epoch 16991, loss 5.227429
Epoch 16992, loss 5.218200
Epoch 16993, loss 5.209205
Epoch 16994, loss 5.201952
Epoch 16995, loss 5.197413
Epoch 16996, loss 5.195305
Epoch 16997, loss 5.195217
Epoch 16998, loss 5.197127
Epoch 16999, loss 5.199781
Epoch 17000, loss 5.201948
Epoch 17001, loss 5.202775
Epoch 17002, loss 5.201661
Epoch 17003, loss 5.199269
Epoch 17004, loss 5.196476
Epoch 17005, loss 5.193750
Epoch 17006, loss 5.191454
Epoch 17007, loss 5.189754
Epoch 17008, loss 5.188444
Epoch 17009, loss 5.187645
Epoch 17010, loss 5.187474
Epoch 17011, loss 5.187738
Epoch 17012, loss 5.188225
Epoch 17013, loss 5.188718
Epoch 17014, loss 5.189020
Epoch 17015, loss 5.189259
Epoch 17016, loss 5.189571
Epoch 17017, loss 5.190123
Epoch 17018, loss 5.191062
Epoch 17019, loss 5.192535
Epoch 17020, loss 5.194718
Epoch 17021, loss 5.197912
Epoch 17022, loss 5.202530
Epoch 17023, loss 5.209099
Epoch 17024, loss 5.218063
Epoch 17025, loss 5.230461
Epoch 17026, loss 5.247386
Epoch 17027, loss 5.270896
Epoch 17028, loss 5.302843
Epoch 17029, loss 5.347212
Epoch 17030, loss 5.407229
Epoch 17031, loss 5.490206
Epoch 17032, loss 5.599780
Epoch 17033, loss 5.747204
Epoch 17034, loss 5.930717
Epoch 17035, loss 6.160643
Epoch 17036, loss 6.409318
Epoch 17037, loss 6.668960
Epoch 17038, loss 6.855597
Epoch 17039, loss 6.940171
Epoch 17040, loss 6.821994
Epoch 17041, loss 6.538614
Epoch 17042, loss 6.119791
Epoch 17043, loss 5.715641
Epoch 17044, loss 5.429999
Epoch 17045, loss 5.329795
Epoch 17046, loss 5.389428
Epoch 17047, loss 5.531224
Epoch 17048, loss 5.658304
Epoch 17049, loss 5.696177
Epoch 17050, loss 5.627748
Epoch 17051, loss 5.483736
Epoch 17052, loss 5.336464
Epoch 17053, loss 5.245000
Epoch 17054, loss 5.234458
Epoch 17055, loss 5.285404
Epoch 17056, loss 5.353062
Epoch 17057, loss 5.392976
Epoch 17058, loss 5.382044
Epoch 17059, loss 5.326856
Epoch 17060, loss 5.255024
Epoch 17061, loss 5.199166
Epoch 17062, loss 5.179491
Epoch 17063, loss 5.195895
Epoch 17064, loss 5.231872
Epoch 17065, loss 5.264956
Epoch 17066, loss 5.278427
Epoch 17067, loss 5.266967
Epoch 17068, loss 5.237948
Epoch 17069, loss 5.204813
Epoch 17070, loss 5.180588
Epoch 17071, loss 5.171685
Epoch 17072, loss 5.176664
Epoch 17073, loss 5.188542
Epoch 17074, loss 5.199113
Epoch 17075, loss 5.202751
Epoch 17076, loss 5.198168
Epoch 17077, loss 5.188055
Epoch 17078, loss 5.177055
Epoch 17079, loss 5.169370
Epoch 17080, loss 5.167193
Epoch 17081, loss 5.170118
Epoch 17082, loss 5.176012
Epoch 17083, loss 5.182033
Epoch 17084, loss 5.186155
Epoch 17085, loss 5.187474
Epoch 17086, loss 5.186788
Epoch 17087, loss 5.185519
Epoch 17088, loss 5.185769
Epoch 17089, loss 5.188895
Epoch 17090, loss 5.196280
Epoch 17091, loss 5.207765
Epoch 17092, loss 5.224266
Epoch 17093, loss 5.244978
Epoch 17094, loss 5.272353
Epoch 17095, loss 5.305829
Epoch 17096, loss 5.350642
Epoch 17097, loss 5.405942
Epoch 17098, loss 5.480081
Epoch 17099, loss 5.568840
Epoch 17100, loss 5.681827
Epoch 17101, loss 5.805563
Epoch 17102, loss 5.946665
Epoch 17103, loss 6.074263
Epoch 17104, loss 6.187559
Epoch 17105, loss 6.243740
Epoch 17106, loss 6.248984
Epoch 17107, loss 6.171141
Epoch 17108, loss 6.040354
Epoch 17109, loss 5.865978
Epoch 17110, loss 5.693989
Epoch 17111, loss 5.539448
Epoch 17112, loss 5.426343
Epoch 17113, loss 5.357540
Epoch 17114, loss 5.329846
Epoch 17115, loss 5.329982
Epoch 17116, loss 5.343088
Epoch 17117, loss 5.354889
Epoch 17118, loss 5.355498
Epoch 17119, loss 5.343637
Epoch 17120, loss 5.320777
Epoch 17121, loss 5.293894
Epoch 17122, loss 5.268535
Epoch 17123, loss 5.250329
Epoch 17124, loss 5.240880
Epoch 17125, loss 5.239626
Epoch 17126, loss 5.243011
Epoch 17127, loss 5.247362
Epoch 17128, loss 5.248657
Epoch 17129, loss 5.245211
Epoch 17130, loss 5.236349
Epoch 17131, loss 5.223805
Epoch 17132, loss 5.209623
Epoch 17133, loss 5.196512
Epoch 17134, loss 5.186051
Epoch 17135, loss 5.179182
Epoch 17136, loss 5.175464
Epoch 17137, loss 5.174096
Epoch 17138, loss 5.173468
Epoch 17139, loss 5.172841
Epoch 17140, loss 5.171269
Epoch 17141, loss 5.168895
Epoch 17142, loss 5.165716
Epoch 17143, loss 5.162072
Epoch 17144, loss 5.158320
Epoch 17145, loss 5.154847
Epoch 17146, loss 5.151957
Epoch 17147, loss 5.149836
Epoch 17148, loss 5.148527
Epoch 17149, loss 5.147967
Epoch 17150, loss 5.147995
Epoch 17151, loss 5.148376
Epoch 17152, loss 5.148896
Epoch 17153, loss 5.149339
Epoch 17154, loss 5.149544
Epoch 17155, loss 5.149459
Epoch 17156, loss 5.149047
Epoch 17157, loss 5.148381
Epoch 17158, loss 5.147532
Epoch 17159, loss 5.146642
Epoch 17160, loss 5.145814
Epoch 17161, loss 5.145190
Epoch 17162, loss 5.144881
Epoch 17163, loss 5.145030
Epoch 17164, loss 5.145794
Epoch 17165, loss 5.147416
Epoch 17166, loss 5.150208
Epoch 17167, loss 5.154719
Epoch 17168, loss 5.161629
Epoch 17169, loss 5.172208
Epoch 17170, loss 5.188035
Epoch 17171, loss 5.212250
Epoch 17172, loss 5.248142
Epoch 17173, loss 5.303020
Epoch 17174, loss 5.382848
Epoch 17175, loss 5.503249
Epoch 17176, loss 5.672607
Epoch 17177, loss 5.919289
Epoch 17178, loss 6.236134
Epoch 17179, loss 6.644005
Epoch 17180, loss 7.063075
Epoch 17181, loss 7.457590
Epoch 17182, loss 7.606609
Epoch 17183, loss 7.464190
Epoch 17184, loss 6.946263
Epoch 17185, loss 6.306061
Epoch 17186, loss 5.776066
Epoch 17187, loss 5.579365
Epoch 17188, loss 5.707625
Epoch 17189, loss 5.981354
Epoch 17190, loss 6.168720
Epoch 17191, loss 6.078664
Epoch 17192, loss 5.740647
Epoch 17193, loss 5.368783
Epoch 17194, loss 5.190313
Epoch 17195, loss 5.257182
Epoch 17196, loss 5.457111
Epoch 17197, loss 5.611663
Epoch 17198, loss 5.599785
Epoch 17199, loss 5.440732
Epoch 17200, loss 5.256994
Epoch 17201, loss 5.170427
Epoch 17202, loss 5.208601
Epoch 17203, loss 5.304810
Epoch 17204, loss 5.365362
Epoch 17205, loss 5.340047
Epoch 17206, loss 5.254633
Epoch 17207, loss 5.174644
Epoch 17208, loss 5.151143
Epoch 17209, loss 5.184299
Epoch 17210, loss 5.232685
Epoch 17211, loss 5.252310
Epoch 17212, loss 5.227223
Epoch 17213, loss 5.179357
Epoch 17214, loss 5.141804
Epoch 17215, loss 5.134678
Epoch 17216, loss 5.153219
Epoch 17217, loss 5.176333
Epoch 17218, loss 5.184874
Epoch 17219, loss 5.173776
Epoch 17220, loss 5.153658
Epoch 17221, loss 5.138871
Epoch 17222, loss 5.137734
Epoch 17223, loss 5.147487
Epoch 17224, loss 5.158581
Epoch 17225, loss 5.162322
Epoch 17226, loss 5.156482
Epoch 17227, loss 5.145493
Epoch 17228, loss 5.136226
Epoch 17229, loss 5.133073
Epoch 17230, loss 5.135825
Epoch 17231, loss 5.140500
Epoch 17232, loss 5.143056
Epoch 17233, loss 5.141407
Epoch 17234, loss 5.136915
Epoch 17235, loss 5.132310
Epoch 17236, loss 5.130196
Epoch 17237, loss 5.131226
Epoch 17238, loss 5.134327
Epoch 17239, loss 5.137615
Epoch 17240, loss 5.139711
Epoch 17241, loss 5.140502
Epoch 17242, loss 5.141028
Epoch 17243, loss 5.142751
Epoch 17244, loss 5.146904
Epoch 17245, loss 5.153914
Epoch 17246, loss 5.163879
Epoch 17247, loss 5.176338
Epoch 17248, loss 5.192098
Epoch 17249, loss 5.211715
Epoch 17250, loss 5.238024
Epoch 17251, loss 5.272691
Epoch 17252, loss 5.320000
Epoch 17253, loss 5.380800
Epoch 17254, loss 5.459116
Epoch 17255, loss 5.553547
Epoch 17256, loss 5.666795
Epoch 17257, loss 5.786950
Epoch 17258, loss 5.904881
Epoch 17259, loss 5.994646
Epoch 17260, loss 6.038365
Epoch 17261, loss 6.007321
Epoch 17262, loss 5.898944
Epoch 17263, loss 5.732000
Epoch 17264, loss 5.548096
Epoch 17265, loss 5.390902
Epoch 17266, loss 5.294647
Epoch 17267, loss 5.275242
Epoch 17268, loss 5.322923
Epoch 17269, loss 5.418691
Epoch 17270, loss 5.524856
Epoch 17271, loss 5.610215
Epoch 17272, loss 5.648832
Epoch 17273, loss 5.650440
Epoch 17274, loss 5.604974
Epoch 17275, loss 5.537561
Epoch 17276, loss 5.482055
Epoch 17277, loss 5.461274
Epoch 17278, loss 5.475323
Epoch 17279, loss 5.516005
Epoch 17280, loss 5.561333
Epoch 17281, loss 5.593967
Epoch 17282, loss 5.594309
Epoch 17283, loss 5.558972
Epoch 17284, loss 5.489218
Epoch 17285, loss 5.404644
Epoch 17286, loss 5.322138
Epoch 17287, loss 5.258095
Epoch 17288, loss 5.217896
Epoch 17289, loss 5.200053
Epoch 17290, loss 5.194918
Epoch 17291, loss 5.193402
Epoch 17292, loss 5.187445
Epoch 17293, loss 5.174670
Epoch 17294, loss 5.159297
Epoch 17295, loss 5.145941
Epoch 17296, loss 5.138509
Epoch 17297, loss 5.138596
Epoch 17298, loss 5.146263
Epoch 17299, loss 5.158986
Epoch 17300, loss 5.174012
Epoch 17301, loss 5.187225
Epoch 17302, loss 5.196324
Epoch 17303, loss 5.200065
Epoch 17304, loss 5.199982
Epoch 17305, loss 5.196707
Epoch 17306, loss 5.192630
Epoch 17307, loss 5.189727
Epoch 17308, loss 5.189128
Epoch 17309, loss 5.190923
Epoch 17310, loss 5.194680
Epoch 17311, loss 5.199900
Epoch 17312, loss 5.206042
Epoch 17313, loss 5.212589
Epoch 17314, loss 5.220103
Epoch 17315, loss 5.228417
Epoch 17316, loss 5.239059
Epoch 17317, loss 5.251988
Epoch 17318, loss 5.269187
Epoch 17319, loss 5.290516
Epoch 17320, loss 5.318409
Epoch 17321, loss 5.352079
Epoch 17322, loss 5.394887
Epoch 17323, loss 5.444208
Epoch 17324, loss 5.503956
Epoch 17325, loss 5.568884
Epoch 17326, loss 5.643601
Epoch 17327, loss 5.715696
Epoch 17328, loss 5.787839
Epoch 17329, loss 5.841912
Epoch 17330, loss 5.881553
Epoch 17331, loss 5.879032
Epoch 17332, loss 5.837466
Epoch 17333, loss 5.753647
Epoch 17334, loss 5.644478
Epoch 17335, loss 5.514275
Epoch 17336, loss 5.374614
Epoch 17337, loss 5.247325
Epoch 17338, loss 5.174844
Epoch 17339, loss 5.129187
Epoch 17340, loss 5.142294
Epoch 17341, loss 5.186487
Epoch 17342, loss 5.238838
Epoch 17343, loss 5.287868
Epoch 17344, loss 5.360127
Epoch 17345, loss 5.431943
Epoch 17346, loss 5.484179
Epoch 17347, loss 5.501190
Epoch 17348, loss 5.477328
Epoch 17349, loss 5.426506
Epoch 17350, loss 5.372592
Epoch 17351, loss 5.323693
Epoch 17352, loss 5.288759
Epoch 17353, loss 5.275596
Epoch 17354, loss 5.279836
Epoch 17355, loss 5.298179
Epoch 17356, loss 5.325150
Epoch 17357, loss 5.352405
Epoch 17358, loss 5.378942
Epoch 17359, loss 5.400092
Epoch 17360, loss 5.415902
Epoch 17361, loss 5.429113
Epoch 17362, loss 5.440642
Epoch 17363, loss 5.452719
Epoch 17364, loss 5.470152
Epoch 17365, loss 5.492363
Epoch 17366, loss 5.521013
Epoch 17367, loss 5.559296
Epoch 17368, loss 5.597955
Epoch 17369, loss 5.641703
Epoch 17370, loss 5.678381
Epoch 17371, loss 5.715195
Epoch 17372, loss 5.736497
Epoch 17373, loss 5.748040
Epoch 17374, loss 5.736427
Epoch 17375, loss 5.712702
Epoch 17376, loss 5.662209
Epoch 17377, loss 5.598254
Epoch 17378, loss 5.517516
Epoch 17379, loss 5.435376
Epoch 17380, loss 5.354755
Epoch 17381, loss 5.286145
Epoch 17382, loss 5.233792
Epoch 17383, loss 5.200279
Epoch 17384, loss 5.184038
Epoch 17385, loss 5.182044
Epoch 17386, loss 5.189881
Epoch 17387, loss 5.202962
Epoch 17388, loss 5.218325
Epoch 17389, loss 5.233086
Epoch 17390, loss 5.246669
Epoch 17391, loss 5.257587
Epoch 17392, loss 5.266496
Epoch 17393, loss 5.272663
Epoch 17394, loss 5.277732
Epoch 17395, loss 5.280061
Epoch 17396, loss 5.281079
Epoch 17397, loss 5.279184
Epoch 17398, loss 5.275838
Epoch 17399, loss 5.270127
Epoch 17400, loss 5.263686
Epoch 17401, loss 5.255681
Epoch 17402, loss 5.247687
Epoch 17403, loss 5.239347
Epoch 17404, loss 5.231953
Epoch 17405, loss 5.225019
Epoch 17406, loss 5.219337
Epoch 17407, loss 5.214397
Epoch 17408, loss 5.210565
Epoch 17409, loss 5.207366
Epoch 17410, loss 5.205214
Epoch 17411, loss 5.203404
Epoch 17412, loss 5.202315
Epoch 17413, loss 5.201316
Epoch 17414, loss 5.201006
Epoch 17415, loss 5.200283
Epoch 17416, loss 5.199859
Epoch 17417, loss 5.198526
Epoch 17418, loss 5.198751
Epoch 17419, loss 5.209895
Epoch 17420, loss 5.238929
Epoch 17421, loss 5.230153
Epoch 17422, loss 5.239729
Epoch 17423, loss 5.255644
Epoch 17424, loss 5.278186
Epoch 17425, loss 5.303022
Epoch 17426, loss 5.336017
Epoch 17427, loss 5.370554
Epoch 17428, loss 5.407687
Epoch 17429, loss 5.461335
Epoch 17430, loss 5.517458
Epoch 17431, loss 5.574342
Epoch 17432, loss 5.628428
Epoch 17433, loss 5.673263
Epoch 17434, loss 5.715980
Epoch 17435, loss 5.734894
Epoch 17436, loss 5.729215
Epoch 17437, loss 5.689607
Epoch 17438, loss 5.624460
Epoch 17439, loss 5.534284
Epoch 17440, loss 5.434525
Epoch 17441, loss 5.335166
Epoch 17442, loss 5.255259
Epoch 17443, loss 5.200749
Epoch 17444, loss 5.173094
Epoch 17445, loss 5.171584
Epoch 17446, loss 5.196477
Epoch 17447, loss 5.242870
Epoch 17448, loss 5.306954
Epoch 17449, loss 5.387426
Epoch 17450, loss 5.486916
Epoch 17451, loss 5.601192
Epoch 17452, loss 5.737679
Epoch 17453, loss 5.891798
Epoch 17454, loss 6.066933
Epoch 17455, loss 6.237929
Epoch 17456, loss 6.399417
Epoch 17457, loss 6.497747
Epoch 17458, loss 6.529437
Epoch 17459, loss 6.453093
Epoch 17460, loss 6.305938
Epoch 17461, loss 6.096662
Epoch 17462, loss 5.888742
Epoch 17463, loss 5.703200
Epoch 17464, loss 5.565592
Epoch 17465, loss 5.470948
Epoch 17466, loss 5.414101
Epoch 17467, loss 5.380593
Epoch 17468, loss 5.365670
Epoch 17469, loss 5.360364
Epoch 17470, loss 5.357941
Epoch 17471, loss 5.351031
Epoch 17472, loss 5.335786
Epoch 17473, loss 5.309166
Epoch 17474, loss 5.274836
Epoch 17475, loss 5.243051
Epoch 17476, loss 5.218950
Epoch 17477, loss 5.211118
Epoch 17478, loss 5.214186
Epoch 17479, loss 5.221414
Epoch 17480, loss 5.217712
Epoch 17481, loss 5.202514
Epoch 17482, loss 5.175146
Epoch 17483, loss 5.144537
Epoch 17484, loss 5.120301
Epoch 17485, loss 5.108499
Epoch 17486, loss 5.111388
Epoch 17487, loss 5.122867
Epoch 17488, loss 5.136300
Epoch 17489, loss 5.143570
Epoch 17490, loss 5.140971
Epoch 17491, loss 5.129106
Epoch 17492, loss 5.111717
Epoch 17493, loss 5.094483
Epoch 17494, loss 5.082194
Epoch 17495, loss 5.077151
Epoch 17496, loss 5.079137
Epoch 17497, loss 5.085077
Epoch 17498, loss 5.091622
Epoch 17499, loss 5.095527
Epoch 17500, loss 5.095618
Epoch 17501, loss 5.092113
Epoch 17502, loss 5.086630
Epoch 17503, loss 5.081351
Epoch 17504, loss 5.077661
Epoch 17505, loss 5.076651
Epoch 17506, loss 5.078100
Epoch 17507, loss 5.081446
Epoch 17508, loss 5.085868
Epoch 17509, loss 5.090553
Epoch 17510, loss 5.095386
Epoch 17511, loss 5.100260
Epoch 17512, loss 5.106270
Epoch 17513, loss 5.113979
Epoch 17514, loss 5.125440
Epoch 17515, loss 5.141466
Epoch 17516, loss 5.164945
Epoch 17517, loss 5.196558
Epoch 17518, loss 5.240661
Epoch 17519, loss 5.298099
Epoch 17520, loss 5.375607
Epoch 17521, loss 5.470784
Epoch 17522, loss 5.591213
Epoch 17523, loss 5.726215
Epoch 17524, loss 5.879561
Epoch 17525, loss 6.019861
Epoch 17526, loss 6.145361
Epoch 17527, loss 6.206577
Epoch 17528, loss 6.201239
Epoch 17529, loss 6.090670
Epoch 17530, loss 5.933179
Epoch 17531, loss 5.741026
Epoch 17532, loss 5.573535
Epoch 17533, loss 5.438798
Epoch 17534, loss 5.367823
Epoch 17535, loss 5.353089
Epoch 17536, loss 5.376865
Epoch 17537, loss 5.407646
Epoch 17538, loss 5.440859
Epoch 17539, loss 5.407166
Epoch 17540, loss 5.359330
Epoch 17541, loss 5.291311
Epoch 17542, loss 5.220491
Epoch 17543, loss 5.161107
Epoch 17544, loss 5.121442
Epoch 17545, loss 5.113952
Epoch 17546, loss 5.105631
Epoch 17547, loss 5.113814
Epoch 17548, loss 5.128263
Epoch 17549, loss 5.134230
Epoch 17550, loss 5.128887
Epoch 17551, loss 5.114332
Epoch 17552, loss 5.098440
Epoch 17553, loss 5.098377
Epoch 17554, loss 5.092329
Epoch 17555, loss 5.113115
Epoch 17556, loss 5.134144
Epoch 17557, loss 5.151040
Epoch 17558, loss 5.159581
Epoch 17559, loss 5.159149
Epoch 17560, loss 5.146498
Epoch 17561, loss 5.129114
Epoch 17562, loss 5.118636
Epoch 17563, loss 5.089423
Epoch 17564, loss 5.077334
Epoch 17565, loss 5.075119
Epoch 17566, loss 5.075940
Epoch 17567, loss 5.078093
Epoch 17568, loss 5.080893
Epoch 17569, loss 5.087357
Epoch 17570, loss 5.090620
Epoch 17571, loss 5.088825
Epoch 17572, loss 5.092123
Epoch 17573, loss 5.091986
Epoch 17574, loss 5.087465
Epoch 17575, loss 5.083462
Epoch 17576, loss 5.085749
Epoch 17577, loss 5.086233
Epoch 17578, loss 5.088154
Epoch 17579, loss 5.096507
Epoch 17580, loss 5.106976
Epoch 17581, loss 5.120351
Epoch 17582, loss 5.139123
Epoch 17583, loss 5.168684
Epoch 17584, loss 5.202026
Epoch 17585, loss 5.251601
Epoch 17586, loss 5.307789
Epoch 17587, loss 5.376054
Epoch 17588, loss 5.453511
Epoch 17589, loss 5.554032
Epoch 17590, loss 5.662274
Epoch 17591, loss 5.790824
Epoch 17592, loss 5.899325
Epoch 17593, loss 5.986929
Epoch 17594, loss 6.016618
Epoch 17595, loss 6.008305
Epoch 17596, loss 5.925676
Epoch 17597, loss 5.795103
Epoch 17598, loss 5.621126
Epoch 17599, loss 5.443508
Epoch 17600, loss 5.287532
Epoch 17601, loss 5.180756
Epoch 17602, loss 5.127624
Epoch 17603, loss 5.123700
Epoch 17604, loss 5.152043
Epoch 17605, loss 5.188942
Epoch 17606, loss 5.220059
Epoch 17607, loss 5.229439
Epoch 17608, loss 5.215955
Epoch 17609, loss 5.181952
Epoch 17610, loss 5.140615
Epoch 17611, loss 5.101751
Epoch 17612, loss 5.075786
Epoch 17613, loss 5.065081
Epoch 17614, loss 5.068195
Epoch 17615, loss 5.080439
Epoch 17616, loss 5.095270
Epoch 17617, loss 5.106957
Epoch 17618, loss 5.111206
Epoch 17619, loss 5.106659
Epoch 17620, loss 5.093719
Epoch 17621, loss 5.075590
Epoch 17622, loss 5.055220
Epoch 17623, loss 5.037264
Epoch 17624, loss 5.024602
Epoch 17625, loss 5.018772
Epoch 17626, loss 5.019544
Epoch 17627, loss 5.025644
Epoch 17628, loss 5.035282
Epoch 17629, loss 5.046822
Epoch 17630, loss 5.059222
Epoch 17631, loss 5.071635
Epoch 17632, loss 5.084559
Epoch 17633, loss 5.098241
Epoch 17634, loss 5.114582
Epoch 17635, loss 5.134595
Epoch 17636, loss 5.161077
Epoch 17637, loss 5.195028
Epoch 17638, loss 5.239587
Epoch 17639, loss 5.294617
Epoch 17640, loss 5.362663
Epoch 17641, loss 5.439845
Epoch 17642, loss 5.525495
Epoch 17643, loss 5.607319
Epoch 17644, loss 5.678787
Epoch 17645, loss 5.719112
Epoch 17646, loss 5.721452
Epoch 17647, loss 5.670213
Epoch 17648, loss 5.576194
Epoch 17649, loss 5.450425
Epoch 17650, loss 5.324127
Epoch 17651, loss 5.223590
Epoch 17652, loss 5.168953
Epoch 17653, loss 5.167117
Epoch 17654, loss 5.209927
Epoch 17655, loss 5.279682
Epoch 17656, loss 5.354312
Epoch 17657, loss 5.410091
Epoch 17658, loss 5.434291
Epoch 17659, loss 5.422733
Epoch 17660, loss 5.387301
Epoch 17661, loss 5.335710
Epoch 17662, loss 5.285980
Epoch 17663, loss 5.251884
Epoch 17664, loss 5.238077
Epoch 17665, loss 5.245024
Epoch 17666, loss 5.264462
Epoch 17667, loss 5.289003
Epoch 17668, loss 5.303907
Epoch 17669, loss 5.293840
Epoch 17670, loss 5.272275
Epoch 17671, loss 5.240091
Epoch 17672, loss 5.208622
Epoch 17673, loss 5.182977
Epoch 17674, loss 5.169214
Epoch 17675, loss 5.157746
Epoch 17676, loss 5.153526
Epoch 17677, loss 5.150849
Epoch 17678, loss 5.146586
Epoch 17679, loss 5.138902
Epoch 17680, loss 5.125552
Epoch 17681, loss 5.105775
Epoch 17682, loss 5.088924
Epoch 17683, loss 5.078135
Epoch 17684, loss 5.073177
Epoch 17685, loss 5.075090
Epoch 17686, loss 5.083238
Epoch 17687, loss 5.095380
Epoch 17688, loss 5.113136
Epoch 17689, loss 5.133478
Epoch 17690, loss 5.157366
Epoch 17691, loss 5.181175
Epoch 17692, loss 5.208005
Epoch 17693, loss 5.240083
Epoch 17694, loss 5.280821
Epoch 17695, loss 5.326822
Epoch 17696, loss 5.375308
Epoch 17697, loss 5.434156
Epoch 17698, loss 5.506622
Epoch 17699, loss 5.578683
Epoch 17700, loss 5.630782
Epoch 17701, loss 5.668827
Epoch 17702, loss 5.680855
Epoch 17703, loss 5.694232
Epoch 17704, loss 5.717504
Epoch 17705, loss 5.717694
Epoch 17706, loss 5.665541
Epoch 17707, loss 5.575416
Epoch 17708, loss 5.456811
Epoch 17709, loss 5.336039
Epoch 17710, loss 5.229670
Epoch 17711, loss 5.153808
Epoch 17712, loss 5.114013
Epoch 17713, loss 5.110425
Epoch 17714, loss 5.125731
Epoch 17715, loss 5.161555
Epoch 17716, loss 5.196953
Epoch 17717, loss 5.221542
Epoch 17718, loss 5.229683
Epoch 17719, loss 5.219620
Epoch 17720, loss 5.194498
Epoch 17721, loss 5.159859
Epoch 17722, loss 5.125745
Epoch 17723, loss 5.084654
Epoch 17724, loss 5.055970
Epoch 17725, loss 5.037408
Epoch 17726, loss 5.028650
Epoch 17727, loss 5.027264
Epoch 17728, loss 5.031878
Epoch 17729, loss 5.040748
Epoch 17730, loss 5.053402
Epoch 17731, loss 5.062225
Epoch 17732, loss 5.070515
Epoch 17733, loss 5.076432
Epoch 17734, loss 5.078357
Epoch 17735, loss 5.076856
Epoch 17736, loss 5.073125
Epoch 17737, loss 5.068657
Epoch 17738, loss 5.063841
Epoch 17739, loss 5.058675
Epoch 17740, loss 5.055980
Epoch 17741, loss 5.054644
Epoch 17742, loss 5.055261
Epoch 17743, loss 5.057879
Epoch 17744, loss 5.064210
Epoch 17745, loss 5.073027
Epoch 17746, loss 5.085631
Epoch 17747, loss 5.102176
Epoch 17748, loss 5.123774
Epoch 17749, loss 5.149809
Epoch 17750, loss 5.183468
Epoch 17751, loss 5.223912
Epoch 17752, loss 5.274484
Epoch 17753, loss 5.332258
Epoch 17754, loss 5.400312
Epoch 17755, loss 5.470813
Epoch 17756, loss 5.546510
Epoch 17757, loss 5.612806
Epoch 17758, loss 5.668841
Epoch 17759, loss 5.693898
Epoch 17760, loss 5.687892
Epoch 17761, loss 5.634670
Epoch 17762, loss 5.547482
Epoch 17763, loss 5.431211
Epoch 17764, loss 5.311047
Epoch 17765, loss 5.200651
Epoch 17766, loss 5.118213
Epoch 17767, loss 5.069491
Epoch 17768, loss 5.054072
Epoch 17769, loss 5.065534
Epoch 17770, loss 5.093316
Epoch 17771, loss 5.127559
Epoch 17772, loss 5.158004
Epoch 17773, loss 5.178609
Epoch 17774, loss 5.185514
Epoch 17775, loss 5.180042
Epoch 17776, loss 5.164111
Epoch 17777, loss 5.143154
Epoch 17778, loss 5.122852
Epoch 17779, loss 5.107764
Epoch 17780, loss 5.101139
Epoch 17781, loss 5.104587
Epoch 17782, loss 5.119936
Epoch 17783, loss 5.146371
Epoch 17784, loss 5.185113
Epoch 17785, loss 5.234167
Epoch 17786, loss 5.296887
Epoch 17787, loss 5.370155
Epoch 17788, loss 5.461126
Epoch 17789, loss 5.563075
Epoch 17790, loss 5.684658
Epoch 17791, loss 5.807039
Epoch 17792, loss 5.934672
Epoch 17793, loss 6.028981
Epoch 17794, loss 6.089752
Epoch 17795, loss 6.066040
Epoch 17796, loss 5.970896
Epoch 17797, loss 5.790557
Epoch 17798, loss 5.578987
Epoch 17799, loss 5.369810
Epoch 17800, loss 5.216757
Epoch 17801, loss 5.142520
Epoch 17802, loss 5.151004
Epoch 17803, loss 5.219788
Epoch 17804, loss 5.311873
Epoch 17805, loss 5.391029
Epoch 17806, loss 5.422512
Epoch 17807, loss 5.398070
Epoch 17808, loss 5.321424
Epoch 17809, loss 5.222773
Epoch 17810, loss 5.130817
Epoch 17811, loss 5.071822
Epoch 17812, loss 5.054383
Epoch 17813, loss 5.072199
Epoch 17814, loss 5.109211
Epoch 17815, loss 5.146701
Epoch 17816, loss 5.171885
Epoch 17817, loss 5.176652
Epoch 17818, loss 5.164156
Epoch 17819, loss 5.139969
Epoch 17820, loss 5.115608
Epoch 17821, loss 5.098798
Epoch 17822, loss 5.095037
Epoch 17823, loss 5.103800
Epoch 17824, loss 5.121606
Epoch 17825, loss 5.142686
Epoch 17826, loss 5.161668
Epoch 17827, loss 5.174930
Epoch 17828, loss 5.181591
Epoch 17829, loss 5.183039
Epoch 17830, loss 5.180832
Epoch 17831, loss 5.177801
Epoch 17832, loss 5.177856
Epoch 17833, loss 5.181814
Epoch 17834, loss 5.187712
Epoch 17835, loss 5.194829
Epoch 17836, loss 5.200775
Epoch 17837, loss 5.202434
Epoch 17838, loss 5.200297
Epoch 17839, loss 5.193148
Epoch 17840, loss 5.183291
Epoch 17841, loss 5.171570
Epoch 17842, loss 5.158222
Epoch 17843, loss 5.149835
Epoch 17844, loss 5.147807
Epoch 17845, loss 5.148970
Epoch 17846, loss 5.155619
Epoch 17847, loss 5.164948
Epoch 17848, loss 5.175296
Epoch 17849, loss 5.191690
Epoch 17850, loss 5.205943
Epoch 17851, loss 5.226193
Epoch 17852, loss 5.245668
Epoch 17853, loss 5.264796
Epoch 17854, loss 5.276978
Epoch 17855, loss 5.285365
Epoch 17856, loss 5.295359
Epoch 17857, loss 5.293256
Epoch 17858, loss 5.294499
Epoch 17859, loss 5.293460
Epoch 17860, loss 5.293006
Epoch 17861, loss 5.292252
Epoch 17862, loss 5.299386
Epoch 17863, loss 5.318075
Epoch 17864, loss 5.343487
Epoch 17865, loss 5.383427
Epoch 17866, loss 5.434836
Epoch 17867, loss 5.488235
Epoch 17868, loss 5.547126
Epoch 17869, loss 5.599978
Epoch 17870, loss 5.640114
Epoch 17871, loss 5.654341
Epoch 17872, loss 5.642078
Epoch 17873, loss 5.585867
Epoch 17874, loss 5.502434
Epoch 17875, loss 5.402984
Epoch 17876, loss 5.295965
Epoch 17877, loss 5.204994
Epoch 17878, loss 5.136313
Epoch 17879, loss 5.091243
Epoch 17880, loss 5.068180
Epoch 17881, loss 5.068126
Epoch 17882, loss 5.095515
Epoch 17883, loss 5.124460
Epoch 17884, loss 5.172974
Epoch 17885, loss 5.197927
Epoch 17886, loss 5.199081
Epoch 17887, loss 5.174756
Epoch 17888, loss 5.135399
Epoch 17889, loss 5.090634
Epoch 17890, loss 5.071865
Epoch 17891, loss 5.036344
Epoch 17892, loss 5.078746
Epoch 17893, loss 5.068053
Epoch 17894, loss 5.127411
Epoch 17895, loss 5.185311
Epoch 17896, loss 5.243914
Epoch 17897, loss 5.287264
Epoch 17898, loss 5.300300
Epoch 17899, loss 5.297901
Epoch 17900, loss 5.278963
Epoch 17901, loss 5.245700
Epoch 17902, loss 5.216629
Epoch 17903, loss 5.193016
Epoch 17904, loss 5.181973
Epoch 17905, loss 5.174739
Epoch 17906, loss 5.191112
Epoch 17907, loss 5.210383
Epoch 17908, loss 5.239559
Epoch 17909, loss 5.269870
Epoch 17910, loss 5.294536
Epoch 17911, loss 5.314979
Epoch 17912, loss 5.329255
Epoch 17913, loss 5.339495
Epoch 17914, loss 5.343477
Epoch 17915, loss 5.351083
Epoch 17916, loss 5.358709
Epoch 17917, loss 5.370458
Epoch 17918, loss 5.385799
Epoch 17919, loss 5.404900
Epoch 17920, loss 5.423300
Epoch 17921, loss 5.441919
Epoch 17922, loss 5.454765
Epoch 17923, loss 5.461323
Epoch 17924, loss 5.458596
Epoch 17925, loss 5.447608
Epoch 17926, loss 5.429896
Epoch 17927, loss 5.409396
Epoch 17928, loss 5.390936
Epoch 17929, loss 5.377630
Epoch 17930, loss 5.374323
Epoch 17931, loss 5.381027
Epoch 17932, loss 5.399869
Epoch 17933, loss 5.424555
Epoch 17934, loss 5.454623
Epoch 17935, loss 5.480768
Epoch 17936, loss 5.503034
Epoch 17937, loss 5.513133
Epoch 17938, loss 5.514539
Epoch 17939, loss 5.502301
Epoch 17940, loss 5.484323
Epoch 17941, loss 5.458255
Epoch 17942, loss 5.432023
Epoch 17943, loss 5.402057
Epoch 17944, loss 5.372291
Epoch 17945, loss 5.337826
Epoch 17946, loss 5.300995
Epoch 17947, loss 5.259136
Epoch 17948, loss 5.216214
Epoch 17949, loss 5.173583
Epoch 17950, loss 5.135866
Epoch 17951, loss 5.105356
Epoch 17952, loss 5.084499
Epoch 17953, loss 5.073435
Epoch 17954, loss 5.071165
Epoch 17955, loss 5.075494
Epoch 17956, loss 5.083874
Epoch 17957, loss 5.093749
Epoch 17958, loss 5.102830
Epoch 17959, loss 5.109849
Epoch 17960, loss 5.113837
Epoch 17961, loss 5.115007
Epoch 17962, loss 5.113462
Epoch 17963, loss 5.110269
Epoch 17964, loss 5.105896
Epoch 17965, loss 5.101463
Epoch 17966, loss 5.097266
Epoch 17967, loss 5.094095
Epoch 17968, loss 5.091939
Epoch 17969, loss 5.091184
Epoch 17970, loss 5.091499
Epoch 17971, loss 5.093153
Epoch 17972, loss 5.095832
Epoch 17973, loss 5.099805
Epoch 17974, loss 5.104823
Epoch 17975, loss 5.111510
Epoch 17976, loss 5.119826
Epoch 17977, loss 5.130813
Epoch 17978, loss 5.144503
Epoch 17979, loss 5.162485
Epoch 17980, loss 5.184939
Epoch 17981, loss 5.214295
Epoch 17982, loss 5.250538
Epoch 17983, loss 5.297008
Epoch 17984, loss 5.351850
Epoch 17985, loss 5.418875
Epoch 17986, loss 5.492473
Epoch 17987, loss 5.576763
Epoch 17988, loss 5.659241
Epoch 17989, loss 5.741282
Epoch 17990, loss 5.799876
Epoch 17991, loss 5.838661
Epoch 17992, loss 5.837886
Epoch 17993, loss 5.802772
Epoch 17994, loss 5.716126
Epoch 17995, loss 5.611799
Epoch 17996, loss 5.497061
Epoch 17997, loss 5.391853
Epoch 17998, loss 5.304244
Epoch 17999, loss 5.250302
Epoch 18000, loss 5.231608
Epoch 18001, loss 5.247796
Epoch 18002, loss 5.293973
Epoch 18003, loss 5.355385
Epoch 18004, loss 5.421598
Epoch 18005, loss 5.472986
Epoch 18006, loss 5.490717
Epoch 18007, loss 5.470449
Epoch 18008, loss 5.421938
Epoch 18009, loss 5.354518
Epoch 18010, loss 5.268124
Epoch 18011, loss 5.186423
Epoch 18012, loss 5.139107
Epoch 18013, loss 5.108319
Epoch 18014, loss 5.114854
Epoch 18015, loss 5.140516
Epoch 18016, loss 5.171289
Epoch 18017, loss 5.195891
Epoch 18018, loss 5.203968
Epoch 18019, loss 5.198742
Epoch 18020, loss 5.174072
Epoch 18021, loss 5.133777
Epoch 18022, loss 5.095975
Epoch 18023, loss 5.066500
Epoch 18024, loss 5.048373
Epoch 18025, loss 5.044536
Epoch 18026, loss 5.054538
Epoch 18027, loss 5.072910
Epoch 18028, loss 5.096545
Epoch 18029, loss 5.119439
Epoch 18030, loss 5.139435
Epoch 18031, loss 5.155865
Epoch 18032, loss 5.178145
Epoch 18033, loss 5.196410
Epoch 18034, loss 5.222084
Epoch 18035, loss 5.261006
Epoch 18036, loss 5.314380
Epoch 18037, loss 5.366922
Epoch 18038, loss 5.429246
Epoch 18039, loss 5.498037
Epoch 18040, loss 5.600825
Epoch 18041, loss 5.715231
Epoch 18042, loss 5.841364
Epoch 18043, loss 5.915924
Epoch 18044, loss 5.956545
Epoch 18045, loss 5.936646
Epoch 18046, loss 5.865129
Epoch 18047, loss 5.728842
Epoch 18048, loss 5.549435
Epoch 18049, loss 5.365599
Epoch 18050, loss 5.214810
Epoch 18051, loss 5.122810
Epoch 18052, loss 5.104640
Epoch 18053, loss 5.143507
Epoch 18054, loss 5.216146
Epoch 18055, loss 5.295019
Epoch 18056, loss 5.353844
Epoch 18057, loss 5.377835
Epoch 18058, loss 5.357970
Epoch 18059, loss 5.303465
Epoch 18060, loss 5.229212
Epoch 18061, loss 5.156532
Epoch 18062, loss 5.100583
Epoch 18063, loss 5.069060
Epoch 18064, loss 5.062208
Epoch 18065, loss 5.073725
Epoch 18066, loss 5.093411
Epoch 18067, loss 5.111003
Epoch 18068, loss 5.119057
Epoch 18069, loss 5.114975
Epoch 18070, loss 5.100099
Epoch 18071, loss 5.077549
Epoch 18072, loss 5.053431
Epoch 18073, loss 5.032695
Epoch 18074, loss 5.019091
Epoch 18075, loss 5.013533
Epoch 18076, loss 5.015034
Epoch 18077, loss 5.022336
Epoch 18078, loss 5.032604
Epoch 18079, loss 5.043554
Epoch 18080, loss 5.053880
Epoch 18081, loss 5.063351
Epoch 18082, loss 5.072175
Epoch 18083, loss 5.082143
Epoch 18084, loss 5.094995
Epoch 18085, loss 5.114288
Epoch 18086, loss 5.142636
Epoch 18087, loss 5.184542
Epoch 18088, loss 5.243086
Epoch 18089, loss 5.324424
Epoch 18090, loss 5.429868
Epoch 18091, loss 5.565789
Epoch 18092, loss 5.725273
Epoch 18093, loss 5.907399
Epoch 18094, loss 6.080129
Epoch 18095, loss 6.223052
Epoch 18096, loss 6.272764
Epoch 18097, loss 6.213170
Epoch 18098, loss 6.015341
Epoch 18099, loss 5.739109
Epoch 18100, loss 5.448307
Epoch 18101, loss 5.232078
Epoch 18102, loss 5.132299
Epoch 18103, loss 5.145394
Epoch 18104, loss 5.225193
Epoch 18105, loss 5.312383
Epoch 18106, loss 5.357190
Epoch 18107, loss 5.337245
Epoch 18108, loss 5.263747
Epoch 18109, loss 5.169237
Epoch 18110, loss 5.093616
Epoch 18111, loss 5.061113
Epoch 18112, loss 5.073741
Epoch 18113, loss 5.112913
Epoch 18114, loss 5.151955
Epoch 18115, loss 5.168036
Epoch 18116, loss 5.151512
Epoch 18117, loss 5.108051
Epoch 18118, loss 5.054374
Epoch 18119, loss 5.009502
Epoch 18120, loss 4.986335
Epoch 18121, loss 4.987205
Epoch 18122, loss 5.004952
Epoch 18123, loss 5.027642
Epoch 18124, loss 5.044237
Epoch 18125, loss 5.048453
Epoch 18126, loss 5.040228
Epoch 18127, loss 5.024274
Epoch 18128, loss 5.007300
Epoch 18129, loss 4.994986
Epoch 18130, loss 4.990026
Epoch 18131, loss 4.991804
Epoch 18132, loss 4.997327
Epoch 18133, loss 5.002952
Epoch 18134, loss 5.005734
Epoch 18135, loss 5.004502
Epoch 18136, loss 4.999673
Epoch 18137, loss 4.992986
Epoch 18138, loss 4.986441
Epoch 18139, loss 4.981718
Epoch 18140, loss 4.979601
Epoch 18141, loss 4.979990
Epoch 18142, loss 4.982110
Epoch 18143, loss 4.984922
Epoch 18144, loss 4.987489
Epoch 18145, loss 4.989252
Epoch 18146, loss 4.990080
Epoch 18147, loss 4.990276
Epoch 18148, loss 4.990390
Epoch 18149, loss 4.991128
Epoch 18150, loss 4.993144
Epoch 18151, loss 4.997178
Epoch 18152, loss 5.003848
Epoch 18153, loss 5.014108
Epoch 18154, loss 5.029071
Epoch 18155, loss 5.050778
Epoch 18156, loss 5.081668
Epoch 18157, loss 5.126709
Epoch 18158, loss 5.191389
Epoch 18159, loss 5.286056
Epoch 18160, loss 5.418547
Epoch 18161, loss 5.604094
Epoch 18162, loss 5.841672
Epoch 18163, loss 6.137862
Epoch 18164, loss 6.449338
Epoch 18165, loss 6.742171
Epoch 18166, loss 6.907028
Epoch 18167, loss 6.913060
Epoch 18168, loss 6.718818
Epoch 18169, loss 6.445202
Epoch 18170, loss 6.203652
Epoch 18171, loss 6.108586
Epoch 18172, loss 6.138405
Epoch 18173, loss 6.190289
Epoch 18174, loss 6.119327
Epoch 18175, loss 5.855757
Epoch 18176, loss 5.475937
Epoch 18177, loss 5.160107
Epoch 18178, loss 5.068671
Epoch 18179, loss 5.211755
Epoch 18180, loss 5.448971
Epoch 18181, loss 5.605564
Epoch 18182, loss 5.575659
Epoch 18183, loss 5.379690
Epoch 18184, loss 5.155404
Epoch 18185, loss 5.027724
Epoch 18186, loss 5.043313
Epoch 18187, loss 5.143612
Epoch 18188, loss 5.230314
Epoch 18189, loss 5.232488
Epoch 18190, loss 5.154783
Epoch 18191, loss 5.062270
Epoch 18192, loss 5.014771
Epoch 18193, loss 5.027045
Epoch 18194, loss 5.065407
Epoch 18195, loss 5.088105
Epoch 18196, loss 5.072946
Epoch 18197, loss 5.031628
Epoch 18198, loss 4.996798
Epoch 18199, loss 4.988247
Epoch 18200, loss 5.007711
Epoch 18201, loss 5.034300
Epoch 18202, loss 5.045867
Epoch 18203, loss 5.034819
Epoch 18204, loss 5.008569
Epoch 18205, loss 4.985302
Epoch 18206, loss 4.975739
Epoch 18207, loss 4.982969
Epoch 18208, loss 4.995605
Epoch 18209, loss 5.003847
Epoch 18210, loss 5.001936
Epoch 18211, loss 4.992784
Epoch 18212, loss 4.984274
Epoch 18213, loss 4.980129
Epoch 18214, loss 4.982501
Epoch 18215, loss 4.987369
Epoch 18216, loss 4.991218
Epoch 18217, loss 4.991481
Epoch 18218, loss 4.988761
Epoch 18219, loss 4.986207
Epoch 18220, loss 4.986099
Epoch 18221, loss 4.990776
Epoch 18222, loss 4.998607
Epoch 18223, loss 5.008659
Epoch 18224, loss 5.019256
Epoch 18225, loss 5.030975
Epoch 18226, loss 5.045510
Epoch 18227, loss 5.065465
Epoch 18228, loss 5.093335
Epoch 18229, loss 5.131914
Epoch 18230, loss 5.182886
Epoch 18231, loss 5.250079
Epoch 18232, loss 5.334440
Epoch 18233, loss 5.441125
Epoch 18234, loss 5.566493
Epoch 18235, loss 5.714658
Epoch 18236, loss 5.867257
Epoch 18237, loss 6.015537
Epoch 18238, loss 6.111177
Epoch 18239, loss 6.141961
Epoch 18240, loss 6.061178
Epoch 18241, loss 5.885320
Epoch 18242, loss 5.625792
Epoch 18243, loss 5.357212
Epoch 18244, loss 5.136069
Epoch 18245, loss 5.006362
Epoch 18246, loss 4.976037
Epoch 18247, loss 5.024206
Epoch 18248, loss 5.113310
Epoch 18249, loss 5.205084
Epoch 18250, loss 5.254629
Epoch 18251, loss 5.251833
Epoch 18252, loss 5.206075
Epoch 18253, loss 5.130071
Epoch 18254, loss 5.052320
Epoch 18255, loss 4.993215
Epoch 18256, loss 4.965444
Epoch 18257, loss 4.967653
Epoch 18258, loss 4.990440
Epoch 18259, loss 5.020758
Epoch 18260, loss 5.046843
Epoch 18261, loss 5.056937
Epoch 18262, loss 5.045811
Epoch 18263, loss 5.022991
Epoch 18264, loss 4.993709
Epoch 18265, loss 4.966301
Epoch 18266, loss 4.946492
Epoch 18267, loss 4.936961
Epoch 18268, loss 4.938314
Epoch 18269, loss 4.947906
Epoch 18270, loss 4.957387
Epoch 18271, loss 4.966487
Epoch 18272, loss 4.971794
Epoch 18273, loss 4.971001
Epoch 18274, loss 4.965106
Epoch 18275, loss 4.957331
Epoch 18276, loss 4.948620
Epoch 18277, loss 4.940344
Epoch 18278, loss 4.934735
Epoch 18279, loss 4.931806
Epoch 18280, loss 4.931044
Epoch 18281, loss 4.932565
Epoch 18282, loss 4.935352
Epoch 18283, loss 4.938211
Epoch 18284, loss 4.941056
Epoch 18285, loss 4.943374
Epoch 18286, loss 4.944751
Epoch 18287, loss 4.945570
Epoch 18288, loss 4.946050
Epoch 18289, loss 4.946616
Epoch 18290, loss 4.948134
Epoch 18291, loss 4.950863
Epoch 18292, loss 4.955372
Epoch 18293, loss 4.962256
Epoch 18294, loss 4.972555
Epoch 18295, loss 4.986986
Epoch 18296, loss 5.007311
Epoch 18297, loss 5.034385
Epoch 18298, loss 5.070545
Epoch 18299, loss 5.117743
Epoch 18300, loss 5.180662
Epoch 18301, loss 5.260714
Epoch 18302, loss 5.360937
Epoch 18303, loss 5.481470
Epoch 18304, loss 5.621089
Epoch 18305, loss 5.767850
Epoch 18306, loss 5.901206
Epoch 18307, loss 6.004940
Epoch 18308, loss 6.053356
Epoch 18309, loss 6.027358
Epoch 18310, loss 5.907218
Epoch 18311, loss 5.726574
Epoch 18312, loss 5.517994
Epoch 18313, loss 5.330892
Epoch 18314, loss 5.192496
Epoch 18315, loss 5.118236
Epoch 18316, loss 5.096626
Epoch 18317, loss 5.120239
Epoch 18318, loss 5.164903
Epoch 18319, loss 5.212193
Epoch 18320, loss 5.252543
Epoch 18321, loss 5.275532
Epoch 18322, loss 5.285218
Epoch 18323, loss 5.283878
Epoch 18324, loss 5.284568
Epoch 18325, loss 5.291222
Epoch 18326, loss 5.302584
Epoch 18327, loss 5.307082
Epoch 18328, loss 5.304631
Epoch 18329, loss 5.289054
Epoch 18330, loss 5.257473
Epoch 18331, loss 5.214782
Epoch 18332, loss 5.166227
Epoch 18333, loss 5.124405
Epoch 18334, loss 5.096203
Epoch 18335, loss 5.082914
Epoch 18336, loss 5.078658
Epoch 18337, loss 5.076993
Epoch 18338, loss 5.068108
Epoch 18339, loss 5.050739
Epoch 18340, loss 5.024731
Epoch 18341, loss 4.995956
Epoch 18342, loss 4.970266
Epoch 18343, loss 4.952613
Epoch 18344, loss 4.945229
Epoch 18345, loss 4.947310
Epoch 18346, loss 4.955762
Epoch 18347, loss 4.965686
Epoch 18348, loss 4.973373
Epoch 18349, loss 4.976294
Epoch 18350, loss 4.975149
Epoch 18351, loss 4.969874
Epoch 18352, loss 4.962691
Epoch 18353, loss 4.954787
Epoch 18354, loss 4.947599
Epoch 18355, loss 4.941860
Epoch 18356, loss 4.937800
Epoch 18357, loss 4.935259
Epoch 18358, loss 4.933879
Epoch 18359, loss 4.933214
Epoch 18360, loss 4.933417
Epoch 18361, loss 4.934872
Epoch 18362, loss 4.938077
Epoch 18363, loss 4.943584
Epoch 18364, loss 4.952164
Epoch 18365, loss 4.964818
Epoch 18366, loss 4.983368
Epoch 18367, loss 5.008026
Epoch 18368, loss 5.040239
Epoch 18369, loss 5.081886
Epoch 18370, loss 5.137612
Epoch 18371, loss 5.205688
Epoch 18372, loss 5.285290
Epoch 18373, loss 5.383874
Epoch 18374, loss 5.511110
Epoch 18375, loss 5.648713
Epoch 18376, loss 5.761139
Epoch 18377, loss 5.846986
Epoch 18378, loss 5.883900
Epoch 18379, loss 5.937328
Epoch 18380, loss 6.022997
Epoch 18381, loss 6.028880
Epoch 18382, loss 5.899647
Epoch 18383, loss 5.679956
Epoch 18384, loss 5.438908
Epoch 18385, loss 5.247743
Epoch 18386, loss 5.151114
Epoch 18387, loss 5.134810
Epoch 18388, loss 5.161833
Epoch 18389, loss 5.208400
Epoch 18390, loss 5.232056
Epoch 18391, loss 5.217869
Epoch 18392, loss 5.173808
Epoch 18393, loss 5.121297
Epoch 18394, loss 5.075046
Epoch 18395, loss 5.046363
Epoch 18396, loss 5.039039
Epoch 18397, loss 5.039368
Epoch 18398, loss 5.045414
Epoch 18399, loss 5.051414
Epoch 18400, loss 5.055142
Epoch 18401, loss 5.048893
Epoch 18402, loss 5.037354
Epoch 18403, loss 5.016469
Epoch 18404, loss 4.999637
Epoch 18405, loss 4.986324
Epoch 18406, loss 4.998247
Epoch 18407, loss 4.993853
Epoch 18408, loss 5.006815
Epoch 18409, loss 5.015406
Epoch 18410, loss 5.020476
Epoch 18411, loss 5.015047
Epoch 18412, loss 5.006268
Epoch 18413, loss 4.999095
Epoch 18414, loss 4.998867
Epoch 18415, loss 5.013583
Epoch 18416, loss 5.040713
Epoch 18417, loss 5.070245
Epoch 18418, loss 5.114549
Epoch 18419, loss 5.156154
Epoch 18420, loss 5.189568
Epoch 18421, loss 5.219739
Epoch 18422, loss 5.258026
Epoch 18423, loss 5.312956
Epoch 18424, loss 5.417267
Epoch 18425, loss 5.510121
Epoch 18426, loss 5.603804
Epoch 18427, loss 5.645429
Epoch 18428, loss 5.630996
Epoch 18429, loss 5.573896
Epoch 18430, loss 5.470235
Epoch 18431, loss 5.346534
Epoch 18432, loss 5.233757
Epoch 18433, loss 5.156370
Epoch 18434, loss 5.116909
Epoch 18435, loss 5.113795
Epoch 18436, loss 5.165878
Epoch 18437, loss 5.192659
Epoch 18438, loss 5.213109
Epoch 18439, loss 5.230630
Epoch 18440, loss 5.224548
Epoch 18441, loss 5.184502
Epoch 18442, loss 5.128272
Epoch 18443, loss 5.081105
Epoch 18444, loss 5.052909
Epoch 18445, loss 5.018340
Epoch 18446, loss 5.014132
Epoch 18447, loss 5.020177
Epoch 18448, loss 5.027392
Epoch 18449, loss 5.030583
Epoch 18450, loss 5.028357
Epoch 18451, loss 5.027132
Epoch 18452, loss 5.018311
Epoch 18453, loss 5.004129
Epoch 18454, loss 4.987335
Epoch 18455, loss 4.977654
Epoch 18456, loss 4.964974
Epoch 18457, loss 4.958076
Epoch 18458, loss 4.952266
Epoch 18459, loss 4.951691
Epoch 18460, loss 4.952102
Epoch 18461, loss 4.954312
Epoch 18462, loss 4.962452
Epoch 18463, loss 4.964884
Epoch 18464, loss 4.972296
Epoch 18465, loss 4.980161
Epoch 18466, loss 4.986919
Epoch 18467, loss 4.996263
Epoch 18468, loss 5.007641
Epoch 18469, loss 5.023348
Epoch 18470, loss 5.048801
Epoch 18471, loss 5.087261
Epoch 18472, loss 5.146099
Epoch 18473, loss 5.216555
Epoch 18474, loss 5.304231
Epoch 18475, loss 5.400311
Epoch 18476, loss 5.502064
Epoch 18477, loss 5.603872
Epoch 18478, loss 5.693756
Epoch 18479, loss 5.771547
Epoch 18480, loss 5.810827
Epoch 18481, loss 5.815190
Epoch 18482, loss 5.762424
Epoch 18483, loss 5.664896
Epoch 18484, loss 5.522939
Epoch 18485, loss 5.371591
Epoch 18486, loss 5.234764
Epoch 18487, loss 5.129650
Epoch 18488, loss 5.056703
Epoch 18489, loss 5.025139
Epoch 18490, loss 5.030349
Epoch 18491, loss 5.054732
Epoch 18492, loss 5.087598
Epoch 18493, loss 5.115014
Epoch 18494, loss 5.127434
Epoch 18495, loss 5.119457
Epoch 18496, loss 5.101294
Epoch 18497, loss 5.073874
Epoch 18498, loss 5.042912
Epoch 18499, loss 5.014896
Epoch 18500, loss 4.987477
Epoch 18501, loss 4.966282
Epoch 18502, loss 4.952908
Epoch 18503, loss 4.948080
Epoch 18504, loss 4.959286
Epoch 18505, loss 4.972768
Epoch 18506, loss 5.002335
Epoch 18507, loss 5.028525
Epoch 18508, loss 5.052434
Epoch 18509, loss 5.067381
Epoch 18510, loss 5.072502
Epoch 18511, loss 5.065871
Epoch 18512, loss 5.053572
Epoch 18513, loss 5.043353
Epoch 18514, loss 5.045109
Epoch 18515, loss 5.046710
Epoch 18516, loss 5.060389
Epoch 18517, loss 5.086172
Epoch 18518, loss 5.117425
Epoch 18519, loss 5.157808
Epoch 18520, loss 5.212541
Epoch 18521, loss 5.283291
Epoch 18522, loss 5.368599
Epoch 18523, loss 5.466431
Epoch 18524, loss 5.571738
Epoch 18525, loss 5.666095
Epoch 18526, loss 5.735227
Epoch 18527, loss 5.758603
Epoch 18528, loss 5.734213
Epoch 18529, loss 5.657579
Epoch 18530, loss 5.547449
Epoch 18531, loss 5.422265
Epoch 18532, loss 5.316237
Epoch 18533, loss 5.301602
Epoch 18534, loss 5.331981
Epoch 18535, loss 5.395616
Epoch 18536, loss 5.425966
Epoch 18537, loss 5.408660
Epoch 18538, loss 5.356511
Epoch 18539, loss 5.293670
Epoch 18540, loss 5.257417
Epoch 18541, loss 5.251504
Epoch 18542, loss 5.270715
Epoch 18543, loss 5.306920
Epoch 18544, loss 5.325232
Epoch 18545, loss 5.318871
Epoch 18546, loss 5.278046
Epoch 18547, loss 5.215709
Epoch 18548, loss 5.156695
Epoch 18549, loss 5.111338
Epoch 18550, loss 5.069250
Epoch 18551, loss 5.073583
Epoch 18552, loss 5.096106
Epoch 18553, loss 5.122010
Epoch 18554, loss 5.140694
Epoch 18555, loss 5.142716
Epoch 18556, loss 5.132623
Epoch 18557, loss 5.118842
Epoch 18558, loss 5.107170
Epoch 18559, loss 5.091101
Epoch 18560, loss 5.083933
Epoch 18561, loss 5.083467
Epoch 18562, loss 5.087740
Epoch 18563, loss 5.092322
Epoch 18564, loss 5.095805
Epoch 18565, loss 5.099109
Epoch 18566, loss 5.102860
Epoch 18567, loss 5.102466
Epoch 18568, loss 5.105753
Epoch 18569, loss 5.112635
Epoch 18570, loss 5.122538
Epoch 18571, loss 5.134347
Epoch 18572, loss 5.150553
Epoch 18573, loss 5.170469
Epoch 18574, loss 5.193050
Epoch 18575, loss 5.220962
Epoch 18576, loss 5.256604
Epoch 18577, loss 5.297022
Epoch 18578, loss 5.346735
Epoch 18579, loss 5.404453
Epoch 18580, loss 5.473103
Epoch 18581, loss 5.544861
Epoch 18582, loss 5.622579
Epoch 18583, loss 5.688999
Epoch 18584, loss 5.746823
Epoch 18585, loss 5.774593
Epoch 18586, loss 5.776217
Epoch 18587, loss 5.730978
Epoch 18588, loss 5.651279
Epoch 18589, loss 5.532403
Epoch 18590, loss 5.397731
Epoch 18591, loss 5.261116
Epoch 18592, loss 5.144781
Epoch 18593, loss 5.058943
Epoch 18594, loss 5.010167
Epoch 18595, loss 4.996003
Epoch 18596, loss 5.008806
Epoch 18597, loss 5.038835
Epoch 18598, loss 5.075707
Epoch 18599, loss 5.110527
Epoch 18600, loss 5.136247
Epoch 18601, loss 5.150328
Epoch 18602, loss 5.150198
Epoch 18603, loss 5.138956
Epoch 18604, loss 5.118070
Epoch 18605, loss 5.092940
Epoch 18606, loss 5.066872
Epoch 18607, loss 5.044414
Epoch 18608, loss 5.027929
Epoch 18609, loss 5.019526
Epoch 18610, loss 5.019720
Epoch 18611, loss 5.028412
Epoch 18612, loss 5.044502
Epoch 18613, loss 5.066490
Epoch 18614, loss 5.093288
Epoch 18615, loss 5.123837
Epoch 18616, loss 5.157588
Epoch 18617, loss 5.192709
Epoch 18618, loss 5.227559
Epoch 18619, loss 5.261861
Epoch 18620, loss 5.294126
Epoch 18621, loss 5.320205
Epoch 18622, loss 5.333523
Epoch 18623, loss 5.328283
Epoch 18624, loss 5.306000
Epoch 18625, loss 5.268621
Epoch 18626, loss 5.219878
Epoch 18627, loss 5.170736
Epoch 18628, loss 5.127513
Epoch 18629, loss 5.089001
Epoch 18630, loss 5.061223
Epoch 18631, loss 5.052066
Epoch 18632, loss 5.055430
Epoch 18633, loss 5.067676
Epoch 18634, loss 5.091744
Epoch 18635, loss 5.118397
Epoch 18636, loss 5.144508
Epoch 18637, loss 5.165182
Epoch 18638, loss 5.182726
Epoch 18639, loss 5.194287
Epoch 18640, loss 5.208420
Epoch 18641, loss 5.227670
Epoch 18642, loss 5.249776
Epoch 18643, loss 5.280044
Epoch 18644, loss 5.320794
Epoch 18645, loss 5.371520
Epoch 18646, loss 5.428597
Epoch 18647, loss 5.489005
Epoch 18648, loss 5.544064
Epoch 18649, loss 5.588799
Epoch 18650, loss 5.612687
Epoch 18651, loss 5.597917
Epoch 18652, loss 5.535905
Epoch 18653, loss 5.445241
Epoch 18654, loss 5.337393
Epoch 18655, loss 5.224358
Epoch 18656, loss 5.124896
Epoch 18657, loss 5.055585
Epoch 18658, loss 5.022078
Epoch 18659, loss 5.017998
Epoch 18660, loss 5.040833
Epoch 18661, loss 5.070372
Epoch 18662, loss 5.101410
Epoch 18663, loss 5.133641
Epoch 18664, loss 5.153506
Epoch 18665, loss 5.157826
Epoch 18666, loss 5.148939
Epoch 18667, loss 5.128030
Epoch 18668, loss 5.099581
Epoch 18669, loss 5.070984
Epoch 18670, loss 5.048765
Epoch 18671, loss 5.036089
Epoch 18672, loss 5.033173
Epoch 18673, loss 5.039422
Epoch 18674, loss 5.052817
Epoch 18675, loss 5.070565
Epoch 18676, loss 5.091091
Epoch 18677, loss 5.112789
Epoch 18678, loss 5.135916
Epoch 18679, loss 5.164117
Epoch 18680, loss 5.184538
Epoch 18681, loss 5.208781
Epoch 18682, loss 5.238337
Epoch 18683, loss 5.270422
Epoch 18684, loss 5.308295
Epoch 18685, loss 5.347516
Epoch 18686, loss 5.388162
Epoch 18687, loss 5.421116
Epoch 18688, loss 5.447624
Epoch 18689, loss 5.465693
Epoch 18690, loss 5.474768
Epoch 18691, loss 5.474619
Epoch 18692, loss 5.459970
Epoch 18693, loss 5.428089
Epoch 18694, loss 5.391981
Epoch 18695, loss 5.352128
Epoch 18696, loss 5.317431
Epoch 18697, loss 5.287338
Epoch 18698, loss 5.270958
Epoch 18699, loss 5.265363
Epoch 18700, loss 5.269331
Epoch 18701, loss 5.287125
Epoch 18702, loss 5.310641
Epoch 18703, loss 5.330428
Epoch 18704, loss 5.346213
Epoch 18705, loss 5.348970
Epoch 18706, loss 5.337089
Epoch 18707, loss 5.304720
Epoch 18708, loss 5.254987
Epoch 18709, loss 5.193399
Epoch 18710, loss 5.131927
Epoch 18711, loss 5.075058
Epoch 18712, loss 5.023159
Epoch 18713, loss 4.988184
Epoch 18714, loss 4.970078
Epoch 18715, loss 4.965180
Epoch 18716, loss 4.970588
Epoch 18717, loss 4.982322
Epoch 18718, loss 4.998536
Epoch 18719, loss 5.015819
Epoch 18720, loss 5.028751
Epoch 18721, loss 5.036982
Epoch 18722, loss 5.041284
Epoch 18723, loss 5.039725
Epoch 18724, loss 5.033281
Epoch 18725, loss 5.022425
Epoch 18726, loss 5.009769
Epoch 18727, loss 4.995856
Epoch 18728, loss 4.981572
Epoch 18729, loss 4.969415
Epoch 18730, loss 4.960093
Epoch 18731, loss 4.952952
Epoch 18732, loss 4.948329
Epoch 18733, loss 4.946269
Epoch 18734, loss 4.946720
Epoch 18735, loss 4.948297
Epoch 18736, loss 4.951399
Epoch 18737, loss 4.955805
Epoch 18738, loss 4.961096
Epoch 18739, loss 4.967363
Epoch 18740, loss 4.975111
Epoch 18741, loss 4.984723
Epoch 18742, loss 4.996184
Epoch 18743, loss 5.010804
Epoch 18744, loss 5.029465
Epoch 18745, loss 5.053512
Epoch 18746, loss 5.084570
Epoch 18747, loss 5.125443
Epoch 18748, loss 5.178492
Epoch 18749, loss 5.248163
Epoch 18750, loss 5.336643
Epoch 18751, loss 5.448660
Epoch 18752, loss 5.582892
Epoch 18753, loss 5.744810
Epoch 18754, loss 5.921601
Epoch 18755, loss 6.110748
Epoch 18756, loss 6.270662
Epoch 18757, loss 6.384544
Epoch 18758, loss 6.399610
Epoch 18759, loss 6.325765
Epoch 18760, loss 6.146200
Epoch 18761, loss 5.918992
Epoch 18762, loss 5.669555
Epoch 18763, loss 5.460173
Epoch 18764, loss 5.324597
Epoch 18765, loss 5.284106
Epoch 18766, loss 5.314990
Epoch 18767, loss 5.377331
Epoch 18768, loss 5.416684
Epoch 18769, loss 5.397298
Epoch 18770, loss 5.313659
Epoch 18771, loss 5.196331
Epoch 18772, loss 5.095930
Epoch 18773, loss 5.041575
Epoch 18774, loss 5.038062
Epoch 18775, loss 5.078448
Epoch 18776, loss 5.129874
Epoch 18777, loss 5.167547
Epoch 18778, loss 5.174068
Epoch 18779, loss 5.145989
Epoch 18780, loss 5.094037
Epoch 18781, loss 5.037655
Epoch 18782, loss 4.996886
Epoch 18783, loss 4.979805
Epoch 18784, loss 4.984917
Epoch 18785, loss 5.001594
Epoch 18786, loss 5.018010
Epoch 18787, loss 5.024525
Epoch 18788, loss 5.019532
Epoch 18789, loss 5.005977
Epoch 18790, loss 4.990091
Epoch 18791, loss 4.977632
Epoch 18792, loss 4.971931
Epoch 18793, loss 4.971937
Epoch 18794, loss 4.975360
Epoch 18795, loss 4.978608
Epoch 18796, loss 4.980269
Epoch 18797, loss 4.980775
Epoch 18798, loss 4.974184
Epoch 18799, loss 4.965710
Epoch 18800, loss 4.960313
Epoch 18801, loss 4.957333
Epoch 18802, loss 4.957363
Epoch 18803, loss 4.960299
Epoch 18804, loss 4.966162
Epoch 18805, loss 4.974041
Epoch 18806, loss 4.983604
Epoch 18807, loss 4.996095
Epoch 18808, loss 5.012771
Epoch 18809, loss 5.030002
Epoch 18810, loss 5.052985
Epoch 18811, loss 5.084015
Epoch 18812, loss 5.123268
Epoch 18813, loss 5.174600
Epoch 18814, loss 5.239800
Epoch 18815, loss 5.322683
Epoch 18816, loss 5.417835
Epoch 18817, loss 5.523212
Epoch 18818, loss 5.626961
Epoch 18819, loss 5.720924
Epoch 18820, loss 5.779135
Epoch 18821, loss 5.793268
Epoch 18822, loss 5.742386
Epoch 18823, loss 5.643389
Epoch 18824, loss 5.511505
Epoch 18825, loss 5.383899
Epoch 18826, loss 5.281476
Epoch 18827, loss 5.224560
Epoch 18828, loss 5.210244
Epoch 18829, loss 5.229546
Epoch 18830, loss 5.261356
Epoch 18831, loss 5.286525
Epoch 18832, loss 5.287381
Epoch 18833, loss 5.258711
Epoch 18834, loss 5.206278
Epoch 18835, loss 5.147477
Epoch 18836, loss 5.094745
Epoch 18837, loss 5.056620
Epoch 18838, loss 5.034052
Epoch 18839, loss 5.024257
Epoch 18840, loss 5.021570
Epoch 18841, loss 5.021738
Epoch 18842, loss 5.021818
Epoch 18843, loss 5.020792
Epoch 18844, loss 5.019632
Epoch 18845, loss 5.020373
Epoch 18846, loss 5.024320
Epoch 18847, loss 5.031891
Epoch 18848, loss 5.042086
Epoch 18849, loss 5.053933
Epoch 18850, loss 5.065884
Epoch 18851, loss 5.076492
Epoch 18852, loss 5.084952
Epoch 18853, loss 5.091807
Epoch 18854, loss 5.100834
Epoch 18855, loss 5.111481
Epoch 18856, loss 5.123237
Epoch 18857, loss 5.141735
Epoch 18858, loss 5.173364
Epoch 18859, loss 5.211416
Epoch 18860, loss 5.244236
Epoch 18861, loss 5.270254
Epoch 18862, loss 5.285826
Epoch 18863, loss 5.291695
Epoch 18864, loss 5.290122
Epoch 18865, loss 5.291720
Epoch 18866, loss 5.305359
Epoch 18867, loss 5.321922
Epoch 18868, loss 5.329574
Epoch 18869, loss 5.329762
Epoch 18870, loss 5.313283
Epoch 18871, loss 5.286340
Epoch 18872, loss 5.246008
Epoch 18873, loss 5.205673
Epoch 18874, loss 5.186456
Epoch 18875, loss 5.169172
Epoch 18876, loss 5.138398
Epoch 18877, loss 5.150080
Epoch 18878, loss 5.168103
Epoch 18879, loss 5.186759
Epoch 18880, loss 5.187600
Epoch 18881, loss 5.175191
Epoch 18882, loss 5.146891
Epoch 18883, loss 5.105524
Epoch 18884, loss 5.060307
Epoch 18885, loss 5.018344
Epoch 18886, loss 4.988705
Epoch 18887, loss 4.981919
Epoch 18888, loss 4.970491
Epoch 18889, loss 4.983790
Epoch 18890, loss 5.010079
Epoch 18891, loss 5.025515
Epoch 18892, loss 5.044286
Epoch 18893, loss 5.076433
Epoch 18894, loss 5.093289
Epoch 18895, loss 5.098651
Epoch 18896, loss 5.093173
Epoch 18897, loss 5.088283
Epoch 18898, loss 5.079545
Epoch 18899, loss 5.061528
Epoch 18900, loss 5.048118
Epoch 18901, loss 5.039877
Epoch 18902, loss 5.032497
Epoch 18903, loss 5.025551
Epoch 18904, loss 5.027146
Epoch 18905, loss 5.031249
Epoch 18906, loss 5.040795
Epoch 18907, loss 5.033326
Epoch 18908, loss 5.035196
Epoch 18909, loss 5.044916
Epoch 18910, loss 5.055358
Epoch 18911, loss 5.071004
Epoch 18912, loss 5.091274
Epoch 18913, loss 5.118059
Epoch 18914, loss 5.151340
Epoch 18915, loss 5.201816
Epoch 18916, loss 5.265283
Epoch 18917, loss 5.343777
Epoch 18918, loss 5.439814
Epoch 18919, loss 5.552430
Epoch 18920, loss 5.673636
Epoch 18921, loss 5.805164
Epoch 18922, loss 5.919501
Epoch 18923, loss 6.021105
Epoch 18924, loss 6.077219
Epoch 18925, loss 6.104926
Epoch 18926, loss 6.079539
Epoch 18927, loss 6.030433
Epoch 18928, loss 5.944286
Epoch 18929, loss 5.847082
Epoch 18930, loss 5.726948
Epoch 18931, loss 5.596236
Epoch 18932, loss 5.462531
Epoch 18933, loss 5.351879
Epoch 18934, loss 5.280884
Epoch 18935, loss 5.246750
Epoch 18936, loss 5.236564
Epoch 18937, loss 5.230315
Epoch 18938, loss 5.213748
Epoch 18939, loss 5.177058
Epoch 18940, loss 5.127100
Epoch 18941, loss 5.076180
Epoch 18942, loss 5.039168
Epoch 18943, loss 5.024609
Epoch 18944, loss 5.032728
Epoch 18945, loss 5.055598
Epoch 18946, loss 5.079514
Epoch 18947, loss 5.092313
Epoch 18948, loss 5.086319
Epoch 18949, loss 5.062307
Epoch 18950, loss 5.026375
Epoch 18951, loss 4.989073
Epoch 18952, loss 4.959915
Epoch 18953, loss 4.944653
Epoch 18954, loss 4.943664
Epoch 18955, loss 4.952918
Epoch 18956, loss 4.966065
Epoch 18957, loss 4.976752
Epoch 18958, loss 4.981093
Epoch 18959, loss 4.977500
Epoch 18960, loss 4.967437
Epoch 18961, loss 4.953801
Epoch 18962, loss 4.940372
Epoch 18963, loss 4.930151
Epoch 18964, loss 4.924774
Epoch 18965, loss 4.924252
Epoch 18966, loss 4.927461
Epoch 18967, loss 4.932626
Epoch 18968, loss 4.937878
Epoch 18969, loss 4.941819
Epoch 18970, loss 4.943644
Epoch 18971, loss 4.943345
Epoch 18972, loss 4.941355
Epoch 18973, loss 4.938629
Epoch 18974, loss 4.935996
Epoch 18975, loss 4.934259
Epoch 18976, loss 4.933947
Epoch 18977, loss 4.935299
Epoch 18978, loss 4.938352
Epoch 18979, loss 4.943046
Epoch 18980, loss 4.949337
Epoch 18981, loss 4.957233
Epoch 18982, loss 4.966949
Epoch 18983, loss 4.978909
Epoch 18984, loss 4.993985
Epoch 18985, loss 5.013086
Epoch 18986, loss 5.037585
Epoch 18987, loss 5.068597
Epoch 18988, loss 5.107444
Epoch 18989, loss 5.155846
Epoch 18990, loss 5.214735
Epoch 18991, loss 5.284028
Epoch 18992, loss 5.359773
Epoch 18993, loss 5.439448
Epoch 18994, loss 5.512682
Epoch 18995, loss 5.573731
Epoch 18996, loss 5.605998
Epoch 18997, loss 5.609424
Epoch 18998, loss 5.574675
Epoch 18999, loss 5.513115
Epoch 19000, loss 5.426969
Epoch 19001, loss 5.342122
Epoch 19002, loss 5.268268
Epoch 19003, loss 5.217094
Epoch 19004, loss 5.187557
Epoch 19005, loss 5.182290
Epoch 19006, loss 5.192931
Epoch 19007, loss 5.214060
Epoch 19008, loss 5.236515
Epoch 19009, loss 5.254617
Epoch 19010, loss 5.262597
Epoch 19011, loss 5.260333
Epoch 19012, loss 5.250290
Epoch 19013, loss 5.238947
Epoch 19014, loss 5.232544
Epoch 19015, loss 5.237160
Epoch 19016, loss 5.254276
Epoch 19017, loss 5.283832
Epoch 19018, loss 5.319640
Epoch 19019, loss 5.356176
Epoch 19020, loss 5.382321
Epoch 19021, loss 5.393473
Epoch 19022, loss 5.380784
Epoch 19023, loss 5.347868
Epoch 19024, loss 5.294158
Epoch 19025, loss 5.230223
Epoch 19026, loss 5.161575
Epoch 19027, loss 5.099525
Epoch 19028, loss 5.048972
Epoch 19029, loss 5.014557
Epoch 19030, loss 4.995112
Epoch 19031, loss 4.988216
Epoch 19032, loss 4.988797
Epoch 19033, loss 4.992277
Epoch 19034, loss 4.994769
Epoch 19035, loss 4.994141
Epoch 19036, loss 4.989680
Epoch 19037, loss 4.981981
Epoch 19038, loss 4.972360
Epoch 19039, loss 4.962372
Epoch 19040, loss 4.953492
Epoch 19041, loss 4.946497
Epoch 19042, loss 4.941868
Epoch 19043, loss 4.939530
Epoch 19044, loss 4.939141
Epoch 19045, loss 4.940242
Epoch 19046, loss 4.942446
Epoch 19047, loss 4.945178
Epoch 19048, loss 4.948169
Epoch 19049, loss 4.950867
Epoch 19050, loss 4.953299
Epoch 19051, loss 4.955279
Epoch 19052, loss 4.957217
Epoch 19053, loss 4.959012
Epoch 19054, loss 4.961022
Epoch 19055, loss 4.963135
Epoch 19056, loss 4.965858
Epoch 19057, loss 4.969118
Epoch 19058, loss 4.973515
Epoch 19059, loss 4.979018
Epoch 19060, loss 4.986344
Epoch 19061, loss 4.995513
Epoch 19062, loss 5.007545
Epoch 19063, loss 5.022809
Epoch 19064, loss 5.042936
Epoch 19065, loss 5.068697
Epoch 19066, loss 5.102354
Epoch 19067, loss 5.144976
Epoch 19068, loss 5.199421
Epoch 19069, loss 5.267408
Epoch 19070, loss 5.351734
Epoch 19071, loss 5.452309
Epoch 19072, loss 5.566761
Epoch 19073, loss 5.690926
Epoch 19074, loss 5.813011
Epoch 19075, loss 5.926722
Epoch 19076, loss 6.014157
Epoch 19077, loss 6.076366
Epoch 19078, loss 6.100094
Epoch 19079, loss 6.126801
Epoch 19080, loss 6.161670
Epoch 19081, loss 6.238361
Epoch 19082, loss 6.324116
Epoch 19083, loss 6.437460
Epoch 19084, loss 6.484743
Epoch 19085, loss 6.434102
Epoch 19086, loss 6.197723
Epoch 19087, loss 5.829243
Epoch 19088, loss 5.409855
Epoch 19089, loss 5.092717
Epoch 19090, loss 4.973293
Epoch 19091, loss 5.050413
Epoch 19092, loss 5.237573
Epoch 19093, loss 5.410670
Epoch 19094, loss 5.481258
Epoch 19095, loss 5.410299
Epoch 19096, loss 5.247441
Epoch 19097, loss 5.072404
Epoch 19098, loss 4.966057
Epoch 19099, loss 4.955811
Epoch 19100, loss 5.014300
Epoch 19101, loss 5.084945
Epoch 19102, loss 5.116754
Epoch 19103, loss 5.094416
Epoch 19104, loss 5.034301
Epoch 19105, loss 4.973779
Epoch 19106, loss 4.941588
Epoch 19107, loss 4.945480
Epoch 19108, loss 4.971067
Epoch 19109, loss 4.994754
Epoch 19110, loss 4.998866
Epoch 19111, loss 4.979275
Epoch 19112, loss 4.946853
Epoch 19113, loss 4.917976
Epoch 19114, loss 4.905300
Epoch 19115, loss 4.910873
Epoch 19116, loss 4.927263
Epoch 19117, loss 4.942846
Epoch 19118, loss 4.948554
Epoch 19119, loss 4.941999
Epoch 19120, loss 4.926830
Epoch 19121, loss 4.910033
Epoch 19122, loss 4.897977
Epoch 19123, loss 4.893736
Epoch 19124, loss 4.896370
Epoch 19125, loss 4.902143
Epoch 19126, loss 4.906958
Epoch 19127, loss 4.908270
Epoch 19128, loss 4.905748
Epoch 19129, loss 4.900910
Epoch 19130, loss 4.896187
Epoch 19131, loss 4.893359
Epoch 19132, loss 4.892926
Epoch 19133, loss 4.894376
Epoch 19134, loss 4.896440
Epoch 19135, loss 4.897856
Epoch 19136, loss 4.897917
Epoch 19137, loss 4.896529
Epoch 19138, loss 4.894178
Epoch 19139, loss 4.891699
Epoch 19140, loss 4.889787
Epoch 19141, loss 4.888817
Epoch 19142, loss 4.888800
Epoch 19143, loss 4.889471
Epoch 19144, loss 4.890360
Epoch 19145, loss 4.891202
Epoch 19146, loss 4.891812
Epoch 19147, loss 4.892201
Epoch 19148, loss 4.892628
Epoch 19149, loss 4.893444
Epoch 19150, loss 4.895053
Epoch 19151, loss 4.897918
Epoch 19152, loss 4.902531
Epoch 19153, loss 4.909673
Epoch 19154, loss 4.920203
Epoch 19155, loss 4.935606
Epoch 19156, loss 4.957908
Epoch 19157, loss 4.990457
Epoch 19158, loss 5.037464
Epoch 19159, loss 5.104959
Epoch 19160, loss 5.200563
Epoch 19161, loss 5.332407
Epoch 19162, loss 5.507191
Epoch 19163, loss 5.722364
Epoch 19164, loss 5.969134
Epoch 19165, loss 6.206263
Epoch 19166, loss 6.378756
Epoch 19167, loss 6.399504
Epoch 19168, loss 6.243233
Epoch 19169, loss 5.922241
Epoch 19170, loss 5.538040
Epoch 19171, loss 5.215383
Epoch 19172, loss 5.053505
Epoch 19173, loss 5.057836
Epoch 19174, loss 5.178646
Epoch 19175, loss 5.333832
Epoch 19176, loss 5.417222
Epoch 19177, loss 5.373344
Epoch 19178, loss 5.225892
Epoch 19179, loss 5.061735
Epoch 19180, loss 4.958898
Epoch 19181, loss 4.946701
Epoch 19182, loss 5.002989
Epoch 19183, loss 5.080921
Epoch 19184, loss 5.137532
Epoch 19185, loss 5.139797
Epoch 19186, loss 5.087328
Epoch 19187, loss 5.006351
Epoch 19188, loss 4.942438
Epoch 19189, loss 4.927347
Epoch 19190, loss 4.961123
Epoch 19191, loss 5.020588
Epoch 19192, loss 5.083389
Epoch 19193, loss 5.129802
Epoch 19194, loss 5.145052
Epoch 19195, loss 5.138609
Epoch 19196, loss 5.133807
Epoch 19197, loss 5.153225
Epoch 19198, loss 5.222374
Epoch 19199, loss 5.364201
Epoch 19200, loss 5.533012
Epoch 19201, loss 5.718794
Epoch 19202, loss 5.860149
Epoch 19203, loss 5.966049
Epoch 19204, loss 6.005831
Epoch 19205, loss 5.984802
Epoch 19206, loss 5.861580
Epoch 19207, loss 5.681397
Epoch 19208, loss 5.468399
Epoch 19209, loss 5.306519
Epoch 19210, loss 5.198173
Epoch 19211, loss 5.144308
Epoch 19212, loss 5.107938
Epoch 19213, loss 5.090666
Epoch 19214, loss 5.085256
Epoch 19215, loss 5.090654
Epoch 19216, loss 5.102617
Epoch 19217, loss 5.111782
Epoch 19218, loss 5.118134
Epoch 19219, loss 5.116435
Epoch 19220, loss 5.108354
Epoch 19221, loss 5.093980
Epoch 19222, loss 5.075397
Epoch 19223, loss 5.051976
Epoch 19224, loss 5.027146
Epoch 19225, loss 5.005592
Epoch 19226, loss 4.989188
Epoch 19227, loss 4.980098
Epoch 19228, loss 4.978545
Epoch 19229, loss 4.983289
Epoch 19230, loss 4.992047
Epoch 19231, loss 5.000373
Epoch 19232, loss 5.004673
Epoch 19233, loss 5.002203
Epoch 19234, loss 4.990673
Epoch 19235, loss 4.971546
Epoch 19236, loss 4.969769
Epoch 19237, loss 4.953828
Epoch 19238, loss 4.946709
Epoch 19239, loss 4.942886
Epoch 19240, loss 4.938273
Epoch 19241, loss 4.932787
Epoch 19242, loss 4.930763
Epoch 19243, loss 4.935862
Epoch 19244, loss 4.938811
Epoch 19245, loss 4.941370
Epoch 19246, loss 4.945999
Epoch 19247, loss 4.948477
Epoch 19248, loss 4.947721
Epoch 19249, loss 4.945580
Epoch 19250, loss 4.944370
Epoch 19251, loss 4.939780
Epoch 19252, loss 4.936970
Epoch 19253, loss 4.936199
Epoch 19254, loss 4.935400
Epoch 19255, loss 4.934631
Epoch 19256, loss 4.935598
Epoch 19257, loss 4.936774
Epoch 19258, loss 4.938177
Epoch 19259, loss 4.940621
Epoch 19260, loss 4.943502
Epoch 19261, loss 4.946349
Epoch 19262, loss 4.950840
Epoch 19263, loss 4.957697
Epoch 19264, loss 4.967470
Epoch 19265, loss 4.981967
Epoch 19266, loss 5.002780
Epoch 19267, loss 5.032712
Epoch 19268, loss 5.072727
Epoch 19269, loss 5.122913
Epoch 19270, loss 5.190431
Epoch 19271, loss 5.279109
Epoch 19272, loss 5.389457
Epoch 19273, loss 5.517584
Epoch 19274, loss 5.656739
Epoch 19275, loss 5.789232
Epoch 19276, loss 5.892903
Epoch 19277, loss 5.938593
Epoch 19278, loss 5.908446
Epoch 19279, loss 5.794700
Epoch 19280, loss 5.633124
Epoch 19281, loss 5.463682
Epoch 19282, loss 5.331185
Epoch 19283, loss 5.257687
Epoch 19284, loss 5.251898
Epoch 19285, loss 5.291223
Epoch 19286, loss 5.354903
Epoch 19287, loss 5.411251
Epoch 19288, loss 5.436858
Epoch 19289, loss 5.420367
Epoch 19290, loss 5.369923
Epoch 19291, loss 5.290165
Epoch 19292, loss 5.211542
Epoch 19293, loss 5.144996
Epoch 19294, loss 5.101958
Epoch 19295, loss 5.078017
Epoch 19296, loss 5.066188
Epoch 19297, loss 5.047417
Epoch 19298, loss 5.027607
Epoch 19299, loss 5.003258
Epoch 19300, loss 4.978067
Epoch 19301, loss 4.955177
Epoch 19302, loss 4.939634
Epoch 19303, loss 4.933517
Epoch 19304, loss 4.932488
Epoch 19305, loss 4.936639
Epoch 19306, loss 4.943591
Epoch 19307, loss 4.948333
Epoch 19308, loss 4.950337
Epoch 19309, loss 4.949212
Epoch 19310, loss 4.946377
Epoch 19311, loss 4.941451
Epoch 19312, loss 4.937959
Epoch 19313, loss 4.936230
Epoch 19314, loss 4.936770
Epoch 19315, loss 4.939687
Epoch 19316, loss 4.945103
Epoch 19317, loss 4.951232
Epoch 19318, loss 4.957516
Epoch 19319, loss 4.963999
Epoch 19320, loss 4.970934
Epoch 19321, loss 4.979089
Epoch 19322, loss 4.989876
Epoch 19323, loss 5.004459
Epoch 19324, loss 5.022915
Epoch 19325, loss 5.046578
Epoch 19326, loss 5.075604
Epoch 19327, loss 5.111550
Epoch 19328, loss 5.154201
Epoch 19329, loss 5.206164
Epoch 19330, loss 5.264256
Epoch 19331, loss 5.332950
Epoch 19332, loss 5.406154
Epoch 19333, loss 5.487747
Epoch 19334, loss 5.565468
Epoch 19335, loss 5.643769
Epoch 19336, loss 5.699222
Epoch 19337, loss 5.735688
Epoch 19338, loss 5.729074
Epoch 19339, loss 5.689925
Epoch 19340, loss 5.601101
Epoch 19341, loss 5.484486
Epoch 19342, loss 5.344056
Epoch 19343, loss 5.206903
Epoch 19344, loss 5.085702
Epoch 19345, loss 4.996663
Epoch 19346, loss 4.944900
Epoch 19347, loss 4.929754
Epoch 19348, loss 4.943929
Epoch 19349, loss 4.976423
Epoch 19350, loss 5.015626
Epoch 19351, loss 5.050575
Epoch 19352, loss 5.074607
Epoch 19353, loss 5.082606
Epoch 19354, loss 5.075688
Epoch 19355, loss 5.054890
Epoch 19356, loss 5.025845
Epoch 19357, loss 4.992789
Epoch 19358, loss 4.961272
Epoch 19359, loss 4.934543
Epoch 19360, loss 4.914774
Epoch 19361, loss 4.902418
Epoch 19362, loss 4.896795
Epoch 19363, loss 4.896587
Epoch 19364, loss 4.900058
Epoch 19365, loss 4.905613
Epoch 19366, loss 4.911814
Epoch 19367, loss 4.917739
Epoch 19368, loss 4.922576
Epoch 19369, loss 4.926182
Epoch 19370, loss 4.928305
Epoch 19371, loss 4.929227
Epoch 19372, loss 4.928929
Epoch 19373, loss 4.927847
Epoch 19374, loss 4.926139
Epoch 19375, loss 4.924323
Epoch 19376, loss 4.922657
Epoch 19377, loss 4.921521
Epoch 19378, loss 4.921125
Epoch 19379, loss 4.921725
Epoch 19380, loss 4.923568
Epoch 19381, loss 4.927009
Epoch 19382, loss 4.932618
Epoch 19383, loss 4.940917
Epoch 19384, loss 4.952898
Epoch 19385, loss 4.969501
Epoch 19386, loss 4.992372
Epoch 19387, loss 5.023162
Epoch 19388, loss 5.064602
Epoch 19389, loss 5.119625
Epoch 19390, loss 5.192111
Epoch 19391, loss 5.284498
Epoch 19392, loss 5.399071
Epoch 19393, loss 5.534701
Epoch 19394, loss 5.685435
Epoch 19395, loss 5.831369
Epoch 19396, loss 5.947413
Epoch 19397, loss 5.999606
Epoch 19398, loss 5.961154
Epoch 19399, loss 5.813312
Epoch 19400, loss 5.586572
Epoch 19401, loss 5.335631
Epoch 19402, loss 5.127920
Epoch 19403, loss 5.010949
Epoch 19404, loss 5.001855
Epoch 19405, loss 5.079899
Epoch 19406, loss 5.201098
Epoch 19407, loss 5.307795
Epoch 19408, loss 5.348463
Epoch 19409, loss 5.310996
Epoch 19410, loss 5.218947
Epoch 19411, loss 5.114247
Epoch 19412, loss 5.038920
Epoch 19413, loss 5.016763
Epoch 19414, loss 5.048048
Epoch 19415, loss 5.113777
Epoch 19416, loss 5.186730
Epoch 19417, loss 5.242175
Epoch 19418, loss 5.269196
Epoch 19419, loss 5.265270
Epoch 19420, loss 5.244362
Epoch 19421, loss 5.220619
Epoch 19422, loss 5.209029
Epoch 19423, loss 5.212874
Epoch 19424, loss 5.223672
Epoch 19425, loss 5.224544
Epoch 19426, loss 5.205289
Epoch 19427, loss 5.162639
Epoch 19428, loss 5.101739
Epoch 19429, loss 5.034200
Epoch 19430, loss 4.971909
Epoch 19431, loss 4.924506
Epoch 19432, loss 4.896740
Epoch 19433, loss 4.886950
Epoch 19434, loss 4.889575
Epoch 19435, loss 4.898259
Epoch 19436, loss 4.907718
Epoch 19437, loss 4.914908
Epoch 19438, loss 4.919223
Epoch 19439, loss 4.922046
Epoch 19440, loss 4.924230
Epoch 19441, loss 4.927418
Epoch 19442, loss 4.932158
Epoch 19443, loss 4.938055
Epoch 19444, loss 4.944286
Epoch 19445, loss 4.949890
Epoch 19446, loss 4.954019
Epoch 19447, loss 4.956796
Epoch 19448, loss 4.958538
Epoch 19449, loss 4.960771
Epoch 19450, loss 4.964674
Epoch 19451, loss 4.972560
Epoch 19452, loss 4.986018
Epoch 19453, loss 5.008427
Epoch 19454, loss 5.040975
Epoch 19455, loss 5.088134
Epoch 19456, loss 5.152598
Epoch 19457, loss 5.245006
Epoch 19458, loss 5.365510
Epoch 19459, loss 5.527111
Epoch 19460, loss 5.728368
Epoch 19461, loss 5.988716
Epoch 19462, loss 6.264093
Epoch 19463, loss 6.535643
Epoch 19464, loss 6.704041
Epoch 19465, loss 6.738837
Epoch 19466, loss 6.632588
Epoch 19467, loss 6.451702
Epoch 19468, loss 6.082578
Epoch 19469, loss 5.676750
Epoch 19470, loss 5.270199
Epoch 19471, loss 5.065116
Epoch 19472, loss 5.075044
Epoch 19473, loss 5.234718
Epoch 19474, loss 5.408512
Epoch 19475, loss 5.492948
Epoch 19476, loss 5.459209
Epoch 19477, loss 5.328531
Epoch 19478, loss 5.172069
Epoch 19479, loss 5.045877
Epoch 19480, loss 5.001481
Epoch 19481, loss 5.031974
Epoch 19482, loss 5.103997
Epoch 19483, loss 5.157357
Epoch 19484, loss 5.153790
Epoch 19485, loss 5.097524
Epoch 19486, loss 5.023529
Epoch 19487, loss 4.971098
Epoch 19488, loss 4.956647
Epoch 19489, loss 4.973326
Epoch 19490, loss 5.001894
Epoch 19491, loss 5.023944
Epoch 19492, loss 5.025349
Epoch 19493, loss 5.002032
Epoch 19494, loss 4.964916
Epoch 19495, loss 4.932567
Epoch 19496, loss 4.918961
Epoch 19497, loss 4.926396
Epoch 19498, loss 4.944102
Epoch 19499, loss 4.960120
Epoch 19500, loss 4.965413
Epoch 19501, loss 4.958893
Epoch 19502, loss 4.943901
Epoch 19503, loss 4.927192
Epoch 19504, loss 4.914793
Epoch 19505, loss 4.910368
Epoch 19506, loss 4.913634
Epoch 19507, loss 4.921703
Epoch 19508, loss 4.929584
Epoch 19509, loss 4.933176
Epoch 19510, loss 4.931440
Epoch 19511, loss 4.926269
Epoch 19512, loss 4.920683
Epoch 19513, loss 4.916840
Epoch 19514, loss 4.915851
Epoch 19515, loss 4.918281
Epoch 19516, loss 4.923718
Epoch 19517, loss 4.931692
Epoch 19518, loss 4.941087
Epoch 19519, loss 4.952377
Epoch 19520, loss 4.966636
Epoch 19521, loss 4.986900
Epoch 19522, loss 5.016921
Epoch 19523, loss 5.062139
Epoch 19524, loss 5.127983
Epoch 19525, loss 5.221018
Epoch 19526, loss 5.349499
Epoch 19527, loss 5.521104
Epoch 19528, loss 5.737302
Epoch 19529, loss 5.981092
Epoch 19530, loss 6.222606
Epoch 19531, loss 6.393497
Epoch 19532, loss 6.425493
Epoch 19533, loss 6.257123
Epoch 19534, loss 5.923932
Epoch 19535, loss 5.523409
Epoch 19536, loss 5.198421
Epoch 19537, loss 5.040091
Epoch 19538, loss 5.054044
Epoch 19539, loss 5.169289
Epoch 19540, loss 5.290391
Epoch 19541, loss 5.339409
Epoch 19542, loss 5.292544
Epoch 19543, loss 5.181970
Epoch 19544, loss 5.071544
Epoch 19545, loss 5.012910
Epoch 19546, loss 5.016127
Epoch 19547, loss 5.054239
Epoch 19548, loss 5.086020
Epoch 19549, loss 5.085086
Epoch 19550, loss 5.049674
Epoch 19551, loss 5.001415
Epoch 19552, loss 4.965159
Epoch 19553, loss 4.954697
Epoch 19554, loss 4.965018
Epoch 19555, loss 4.979720
Epoch 19556, loss 4.983683
Epoch 19557, loss 4.972791
Epoch 19558, loss 4.951669
Epoch 19559, loss 4.931399
Epoch 19560, loss 4.924594
Epoch 19561, loss 4.929122
Epoch 19562, loss 4.938363
Epoch 19563, loss 4.942660
Epoch 19564, loss 4.937930
Epoch 19565, loss 4.924471
Epoch 19566, loss 4.909283
Epoch 19567, loss 4.899825
Epoch 19568, loss 4.896975
Epoch 19569, loss 4.901807
Epoch 19570, loss 4.910408
Epoch 19571, loss 4.917355
Epoch 19572, loss 4.918561
Epoch 19573, loss 4.914664
Epoch 19574, loss 4.908625
Epoch 19575, loss 4.902793
Epoch 19576, loss 4.898994
Epoch 19577, loss 4.899180
Epoch 19578, loss 4.901742
Epoch 19579, loss 4.904657
Epoch 19580, loss 4.906777
Epoch 19581, loss 4.907891
Epoch 19582, loss 4.907588
Epoch 19583, loss 4.906850
Epoch 19584, loss 4.907273
Epoch 19585, loss 4.909254
Epoch 19586, loss 4.912920
Epoch 19587, loss 4.918844
Epoch 19588, loss 4.926961
Epoch 19589, loss 4.937028
Epoch 19590, loss 4.950183
Epoch 19591, loss 4.967692
Epoch 19592, loss 4.991187
Epoch 19593, loss 5.023255
Epoch 19594, loss 5.066500
Epoch 19595, loss 5.123338
Epoch 19596, loss 5.196351
Epoch 19597, loss 5.285396
Epoch 19598, loss 5.392228
Epoch 19599, loss 5.509754
Epoch 19600, loss 5.632410
Epoch 19601, loss 5.736141
Epoch 19602, loss 5.811135
Epoch 19603, loss 5.827526
Epoch 19604, loss 5.792356
Epoch 19605, loss 5.700489
Epoch 19606, loss 5.592149
Epoch 19607, loss 5.486241
Epoch 19608, loss 5.422264
Epoch 19609, loss 5.401861
Epoch 19610, loss 5.426159
Epoch 19611, loss 5.460309
Epoch 19612, loss 5.481748
Epoch 19613, loss 5.454327
Epoch 19614, loss 5.381178
Epoch 19615, loss 5.270666
Epoch 19616, loss 5.154338
Epoch 19617, loss 5.058725
Epoch 19618, loss 5.001122
Epoch 19619, loss 4.982753
Epoch 19620, loss 4.991887
Epoch 19621, loss 5.009352
Epoch 19622, loss 5.019922
Epoch 19623, loss 5.015956
Epoch 19624, loss 4.999970
Epoch 19625, loss 4.977987
Epoch 19626, loss 4.959741
Epoch 19627, loss 4.947683
Epoch 19628, loss 4.947033
Epoch 19629, loss 4.953872
Epoch 19630, loss 4.965681
Epoch 19631, loss 4.978349
Epoch 19632, loss 4.982808
Epoch 19633, loss 4.976441
Epoch 19634, loss 4.966893
Epoch 19635, loss 4.954308
Epoch 19636, loss 4.942452
Epoch 19637, loss 4.932116
Epoch 19638, loss 4.927504
Epoch 19639, loss 4.927023
Epoch 19640, loss 4.925330
Epoch 19641, loss 4.922100
Epoch 19642, loss 4.919374
Epoch 19643, loss 4.914733
Epoch 19644, loss 4.909236
Epoch 19645, loss 4.903671
Epoch 19646, loss 4.900208
Epoch 19647, loss 4.898469
Epoch 19648, loss 4.897553
Epoch 19649, loss 4.898117
Epoch 19650, loss 4.899671
Epoch 19651, loss 4.901393
Epoch 19652, loss 4.902722
Epoch 19653, loss 4.904382
Epoch 19654, loss 4.906548
Epoch 19655, loss 4.909413
Epoch 19656, loss 4.913264
Epoch 19657, loss 4.919263
Epoch 19658, loss 4.927451
Epoch 19659, loss 4.938496
Epoch 19660, loss 4.953500
Epoch 19661, loss 4.973487
Epoch 19662, loss 4.999804
Epoch 19663, loss 5.034582
Epoch 19664, loss 5.080319
Epoch 19665, loss 5.140518
Epoch 19666, loss 5.218054
Epoch 19667, loss 5.318549
Epoch 19668, loss 5.442783
Epoch 19669, loss 5.594829
Epoch 19670, loss 5.761346
Epoch 19671, loss 5.941905
Epoch 19672, loss 6.100938
Epoch 19673, loss 6.224028
Epoch 19674, loss 6.246598
Epoch 19675, loss 6.173927
Epoch 19676, loss 5.981339
Epoch 19677, loss 5.722770
Epoch 19678, loss 5.438201
Epoch 19679, loss 5.206155
Epoch 19680, loss 5.064576
Epoch 19681, loss 5.029213
Epoch 19682, loss 5.080579
Epoch 19683, loss 5.184598
Epoch 19684, loss 5.290136
Epoch 19685, loss 5.353100
Epoch 19686, loss 5.356359
Epoch 19687, loss 5.306851
Epoch 19688, loss 5.220149
Epoch 19689, loss 5.119386
Epoch 19690, loss 5.038507
Epoch 19691, loss 4.993745
Epoch 19692, loss 4.978734
Epoch 19693, loss 4.988134
Epoch 19694, loss 5.004081
Epoch 19695, loss 5.015089
Epoch 19696, loss 5.013026
Epoch 19697, loss 4.998890
Epoch 19698, loss 4.975137
Epoch 19699, loss 4.951348
Epoch 19700, loss 4.929846
Epoch 19701, loss 4.919197
Epoch 19702, loss 4.914492
Epoch 19703, loss 4.916464
Epoch 19704, loss 4.919702
Epoch 19705, loss 4.921973
Epoch 19706, loss 4.922766
Epoch 19707, loss 4.920322
Epoch 19708, loss 4.917280
Epoch 19709, loss 4.913141
Epoch 19710, loss 4.910839
Epoch 19711, loss 4.909851
Epoch 19712, loss 4.911276
Epoch 19713, loss 4.914784
Epoch 19714, loss 4.919598
Epoch 19715, loss 4.926023
Epoch 19716, loss 4.933330
Epoch 19717, loss 4.942085
Epoch 19718, loss 4.951473
Epoch 19719, loss 4.963837
Epoch 19720, loss 4.981445
Epoch 19721, loss 5.003902
Epoch 19722, loss 5.030185
Epoch 19723, loss 5.068112
Epoch 19724, loss 5.124671
Epoch 19725, loss 5.195384
Epoch 19726, loss 5.272003
Epoch 19727, loss 5.351263
Epoch 19728, loss 5.433688
Epoch 19729, loss 5.503525
Epoch 19730, loss 5.552130
Epoch 19731, loss 5.773272
Epoch 19732, loss 6.414300
Epoch 19733, loss 7.323760
Epoch 19734, loss 8.075236
Epoch 19735, loss 8.040363
Epoch 19736, loss 7.228672
Epoch 19737, loss 6.030532
Epoch 19738, loss 5.358443
Epoch 19739, loss 5.577499
Epoch 19740, loss 6.273888
Epoch 19741, loss 6.645385
Epoch 19742, loss 6.214707
Epoch 19743, loss 5.392082
Epoch 19744, loss 4.995604
Epoch 19745, loss 5.304239
Epoch 19746, loss 5.797634
Epoch 19747, loss 5.957313
Epoch 19748, loss 5.719400
Epoch 19749, loss 5.724663
Epoch 19750, loss 6.291566
Epoch 19751, loss 7.127333
Epoch 19752, loss 7.347220
Epoch 19753, loss 6.772365
Epoch 19754, loss 5.789955
Epoch 19755, loss 5.215150
Epoch 19756, loss 5.402432
Epoch 19757, loss 5.922403
Epoch 19758, loss 6.141931
Epoch 19759, loss 5.844004
Epoch 19760, loss 5.407512
Epoch 19761, loss 5.202311
Epoch 19762, loss 5.305745
Epoch 19763, loss 5.540092
Epoch 19764, loss 5.578802
Epoch 19765, loss 5.383054
Epoch 19766, loss 5.163407
Epoch 19767, loss 5.116370
Epoch 19768, loss 5.261077
Epoch 19769, loss 5.432225
Epoch 19770, loss 5.451245
Epoch 19771, loss 5.349169
Epoch 19772, loss 5.212994
Epoch 19773, loss 5.195009
Epoch 19774, loss 5.255282
Epoch 19775, loss 5.304973
Epoch 19776, loss 5.295783
Epoch 19777, loss 5.236507
Epoch 19778, loss 5.193800
Epoch 19779, loss 5.192837
Epoch 19780, loss 5.220720
Epoch 19781, loss 5.235582
Epoch 19782, loss 5.213854
Epoch 19783, loss 5.177379
Epoch 19784, loss 5.156613
Epoch 19785, loss 5.158360
Epoch 19786, loss 5.176340
Epoch 19787, loss 5.181871
Epoch 19788, loss 5.162237
Epoch 19789, loss 5.137883
Epoch 19790, loss 5.130408
Epoch 19791, loss 5.139075
Epoch 19792, loss 5.145197
Epoch 19793, loss 5.136965
Epoch 19794, loss 5.119601
Epoch 19795, loss 5.106542
Epoch 19796, loss 5.105317
Epoch 19797, loss 5.109876
Epoch 19798, loss 5.107075
Epoch 19799, loss 5.093635
Epoch 19800, loss 5.075095
Epoch 19801, loss 5.059411
Epoch 19802, loss 5.050011
Epoch 19803, loss 5.045067
Epoch 19804, loss 5.042951
Epoch 19805, loss 5.024425
Epoch 19806, loss 5.027414
Epoch 19807, loss 5.038221
Epoch 19808, loss 5.030442
Epoch 19809, loss 5.027580
Epoch 19810, loss 5.034597
Epoch 19811, loss 5.037360
Epoch 19812, loss 5.037047
Epoch 19813, loss 5.032668
Epoch 19814, loss 5.030536
Epoch 19815, loss 5.030318
Epoch 19816, loss 5.024534
Epoch 19817, loss 5.018454
Epoch 19818, loss 5.012525
Epoch 19819, loss 5.005978
Epoch 19820, loss 5.009816
Epoch 19821, loss 5.011724
Epoch 19822, loss 5.014392
Epoch 19823, loss 5.006877
Epoch 19824, loss 5.011825
Epoch 19825, loss 5.012110
Epoch 19826, loss 5.010099
Epoch 19827, loss 5.007324
Epoch 19828, loss 5.006691
Epoch 19829, loss 5.006253
Epoch 19830, loss 5.002406
Epoch 19831, loss 5.000156
Epoch 19832, loss 5.004949
Epoch 19833, loss 5.030035
Epoch 19834, loss 5.043651
Epoch 19835, loss 5.053882
Epoch 19836, loss 5.057746
Epoch 19837, loss 5.053717
Epoch 19838, loss 5.051590
Epoch 19839, loss 5.055080
Epoch 19840, loss 5.060153
Epoch 19841, loss 5.065836
Epoch 19842, loss 5.070365
Epoch 19843, loss 5.063098
Epoch 19844, loss 5.052572
Epoch 19845, loss 5.058946
Epoch 19846, loss 5.042475
Epoch 19847, loss 5.038610
Epoch 19848, loss 5.032850
Epoch 19849, loss 5.026460
Epoch 19850, loss 5.020908
Epoch 19851, loss 5.019704
Epoch 19852, loss 5.018039
Epoch 19853, loss 5.013306
Epoch 19854, loss 5.013942
Epoch 19855, loss 5.014270
Epoch 19856, loss 5.011770
Epoch 19857, loss 5.015350
Epoch 19858, loss 5.015720
Epoch 19859, loss 5.019632
Epoch 19860, loss 5.023633
Epoch 19861, loss 5.029050
Epoch 19862, loss 5.038986
Epoch 19863, loss 5.055452
Epoch 19864, loss 5.078009
Epoch 19865, loss 5.103357
Epoch 19866, loss 5.222736
Epoch 19867, loss 5.660914
Epoch 19868, loss 6.418862
Epoch 19869, loss 7.176953
Epoch 19870, loss 7.625611
Epoch 19871, loss 7.609940
Epoch 19872, loss 7.422326
Epoch 19873, loss 7.162251
Epoch 19874, loss 6.977173
Epoch 19875, loss 6.731765
Epoch 19876, loss 6.298700
Epoch 19877, loss 5.743006
Epoch 19878, loss 5.351508
Epoch 19879, loss 5.319130
Epoch 19880, loss 5.607298
Epoch 19881, loss 5.920147
Epoch 19882, loss 5.986497
Epoch 19883, loss 5.755382
Epoch 19884, loss 5.358422
Epoch 19885, loss 5.141590
Epoch 19886, loss 5.162816
Epoch 19887, loss 5.315609
Epoch 19888, loss 5.416047
Epoch 19889, loss 5.393209
Epoch 19890, loss 5.313245
Epoch 19891, loss 5.236730
Epoch 19892, loss 5.180872
Epoch 19893, loss 5.131938
Epoch 19894, loss 5.099271
Epoch 19895, loss 5.114330
Epoch 19896, loss 5.159714
Epoch 19897, loss 5.176805
Epoch 19898, loss 5.158453
Epoch 19899, loss 5.113027
Epoch 19900, loss 5.068182
Epoch 19901, loss 5.047804
Epoch 19902, loss 5.056599
Epoch 19903, loss 5.074911
Epoch 19904, loss 5.083459
Epoch 19905, loss 5.075530
Epoch 19906, loss 5.059215
Epoch 19907, loss 5.047622
Epoch 19908, loss 5.039164
Epoch 19909, loss 5.031879
Epoch 19910, loss 5.027258
Epoch 19911, loss 5.025210
Epoch 19912, loss 5.027687
Epoch 19913, loss 5.033897
Epoch 19914, loss 5.037064
Epoch 19915, loss 5.031368
Epoch 19916, loss 5.018649
Epoch 19917, loss 5.008593
Epoch 19918, loss 5.006656
Epoch 19919, loss 5.010934
Epoch 19920, loss 5.016474
Epoch 19921, loss 5.017824
Epoch 19922, loss 5.014672
Epoch 19923, loss 5.010130
Epoch 19924, loss 5.007282
Epoch 19925, loss 5.006653
Epoch 19926, loss 5.006566
Epoch 19927, loss 5.005737
Epoch 19928, loss 5.003867
Epoch 19929, loss 5.002641
Epoch 19930, loss 5.003074
Epoch 19931, loss 5.004439
Epoch 19932, loss 5.005227
Epoch 19933, loss 5.004377
Epoch 19934, loss 5.002319
Epoch 19935, loss 5.000217
Epoch 19936, loss 4.999184
Epoch 19937, loss 4.999297
Epoch 19938, loss 4.999924
Epoch 19939, loss 5.000431
Epoch 19940, loss 5.000352
Epoch 19941, loss 4.999743
Epoch 19942, loss 4.999096
Epoch 19943, loss 4.998759
Epoch 19944, loss 4.998668
Epoch 19945, loss 4.998577
Epoch 19946, loss 4.998157
Epoch 19947, loss 4.997566
Epoch 19948, loss 4.997168
Epoch 19949, loss 4.997069
Epoch 19950, loss 4.997121
Epoch 19951, loss 4.997153
Epoch 19952, loss 4.997131
Epoch 19953, loss 4.997030
Epoch 19954, loss 4.996829
Epoch 19955, loss 4.996579
Epoch 19956, loss 4.996353
Epoch 19957, loss 4.996192
Epoch 19958, loss 4.996054
Epoch 19959, loss 4.995894
Epoch 19960, loss 4.995746
Epoch 19961, loss 4.995638
Epoch 19962, loss 4.995585
Epoch 19963, loss 4.995578
Epoch 19964, loss 4.995629
Epoch 19965, loss 4.995732
Epoch 19966, loss 4.995878
Epoch 19967, loss 4.996100
Epoch 19968, loss 4.996485
Epoch 19969, loss 4.997137
Epoch 19970, loss 4.998168
Epoch 19971, loss 4.999743
Epoch 19972, loss 5.002158
Epoch 19973, loss 5.005864
Epoch 19974, loss 5.011577
Epoch 19975, loss 5.020409
Epoch 19976, loss 5.034114
Epoch 19977, loss 5.055377
Epoch 19978, loss 5.088366
Epoch 19979, loss 5.139264
Epoch 19980, loss 5.217176
Epoch 19981, loss 5.334058
Epoch 19982, loss 5.504101
Epoch 19983, loss 5.737471
Epoch 19984, loss 6.029671
Epoch 19985, loss 6.337087
Epoch 19986, loss 6.566322
Epoch 19987, loss 6.585513
Epoch 19988, loss 6.329201
Epoch 19989, loss 5.881878
Epoch 19990, loss 5.486565
Epoch 19991, loss 5.348892
Epoch 19992, loss 5.495236
Epoch 19993, loss 5.754338
Epoch 19994, loss 5.903322
Epoch 19995, loss 5.799101
Epoch 19996, loss 5.508636
Epoch 19997, loss 5.224036
Epoch 19998, loss 5.112855
Epoch 19999, loss 5.174218
Epoch 20000, loss 5.276998
Epoch 20001, loss 5.290518
Epoch 20002, loss 5.193806
Epoch 20003, loss 5.074482
Epoch 20004, loss 5.032564
Epoch 20005, loss 5.087687
Epoch 20006, loss 5.173420
Epoch 20007, loss 5.208658
Epoch 20008, loss 5.167569
Epoch 20009, loss 5.093364
Epoch 20010, loss 5.047682
Epoch 20011, loss 5.055222
Epoch 20012, loss 5.088937
Epoch 20013, loss 5.104738
Epoch 20014, loss 5.082242
Epoch 20015, loss 5.039341
Epoch 20016, loss 5.008844
Epoch 20017, loss 5.008245
Epoch 20018, loss 5.027392
Epoch 20019, loss 5.042777
Epoch 20020, loss 5.039690
Epoch 20021, loss 5.022625
Epoch 20022, loss 5.007104
Epoch 20023, loss 5.004194
Epoch 20024, loss 5.011887
Epoch 20025, loss 5.019531
Epoch 20026, loss 5.018512
Epoch 20027, loss 5.009228
Epoch 20028, loss 4.999040
Epoch 20029, loss 4.994936
Epoch 20030, loss 4.997901
Epoch 20031, loss 5.003285
Epoch 20032, loss 5.005648
Epoch 20033, loss 5.003177
Epoch 20034, loss 4.998442
Epoch 20035, loss 4.995445
Epoch 20036, loss 4.996296
Epoch 20037, loss 4.999965
Epoch 20038, loss 5.003797
Epoch 20039, loss 5.005868
Epoch 20040, loss 5.006432
Epoch 20041, loss 5.007296
Epoch 20042, loss 5.010423
Epoch 20043, loss 5.016499
Epoch 20044, loss 5.025183
Epoch 20045, loss 5.035691
Epoch 20046, loss 5.048430
Epoch 20047, loss 5.064639
Epoch 20048, loss 5.087339
Epoch 20049, loss 5.118966
Epoch 20050, loss 5.163707
Epoch 20051, loss 5.223709
Epoch 20052, loss 5.305721
Epoch 20053, loss 5.411864
Epoch 20054, loss 5.553965
Epoch 20055, loss 5.728682
Epoch 20056, loss 5.949274
Epoch 20057, loss 6.187011
Epoch 20058, loss 6.443322
Epoch 20059, loss 6.636736
Epoch 20060, loss 6.754833
Epoch 20061, loss 6.693158
Epoch 20062, loss 6.489766
Epoch 20063, loss 6.142685
Epoch 20064, loss 5.781355
Epoch 20065, loss 5.489322
Epoch 20066, loss 5.341070
Epoch 20067, loss 5.334699
Epoch 20068, loss 5.417770
Epoch 20069, loss 5.518171
Epoch 20070, loss 5.561574
Epoch 20071, loss 5.524942
Epoch 20072, loss 5.409080
Epoch 20073, loss 5.268013
Epoch 20074, loss 5.149958
Epoch 20075, loss 5.092422
Epoch 20076, loss 5.097356
Epoch 20077, loss 5.140497
Epoch 20078, loss 5.187303
Epoch 20079, loss 5.208033
Epoch 20080, loss 5.194224
Epoch 20081, loss 5.151980
Epoch 20082, loss 5.102664
Epoch 20083, loss 5.064126
Epoch 20084, loss 5.046626
Epoch 20085, loss 5.047661
Epoch 20086, loss 5.057117
Epoch 20087, loss 5.064172
Epoch 20088, loss 5.062221
Epoch 20089, loss 5.051790
Epoch 20090, loss 5.037287
Epoch 20091, loss 5.025074
Epoch 20092, loss 5.018989
Epoch 20093, loss 5.019560
Epoch 20094, loss 5.023855
Epoch 20095, loss 5.027645
Epoch 20096, loss 5.027609
Epoch 20097, loss 5.022453
Epoch 20098, loss 5.013486
Epoch 20099, loss 5.003368
Epoch 20100, loss 4.995129
Epoch 20101, loss 4.990731
Epoch 20102, loss 4.990700
Epoch 20103, loss 4.994022
Epoch 20104, loss 4.998755
Epoch 20105, loss 5.002806
Epoch 20106, loss 5.004650
Epoch 20107, loss 5.003743
Epoch 20108, loss 5.000462
Epoch 20109, loss 4.995905
Epoch 20110, loss 4.991374
Epoch 20111, loss 4.987919
Epoch 20112, loss 4.986108
Epoch 20113, loss 4.985933
Epoch 20114, loss 4.986962
Epoch 20115, loss 4.988541
Epoch 20116, loss 4.990035
Epoch 20117, loss 4.990987
Epoch 20118, loss 4.991193
Epoch 20119, loss 4.990677
Epoch 20120, loss 4.989644
Epoch 20121, loss 4.988369
Epoch 20122, loss 4.987114
Epoch 20123, loss 4.986075
Epoch 20124, loss 4.985358
Epoch 20125, loss 4.984985
Epoch 20126, loss 4.984903
Epoch 20127, loss 4.985025
Epoch 20128, loss 4.985248
Epoch 20129, loss 4.985492
Epoch 20130, loss 4.985700
Epoch 20131, loss 4.985860
Epoch 20132, loss 4.985987
Epoch 20133, loss 4.986130
Epoch 20134, loss 4.986351
Epoch 20135, loss 4.986741
Epoch 20136, loss 4.987395
Epoch 20137, loss 4.988434
Epoch 20138, loss 4.990004
Epoch 20139, loss 4.992312
Epoch 20140, loss 4.995631
Epoch 20141, loss 5.000376
Epoch 20142, loss 5.007128
Epoch 20143, loss 5.016787
Epoch 20144, loss 5.030597
Epoch 20145, loss 5.050477
Epoch 20146, loss 5.079040
Epoch 20147, loss 5.120241
Epoch 20148, loss 5.179187
Epoch 20149, loss 5.263355
Epoch 20150, loss 5.380730
Epoch 20151, loss 5.541902
Epoch 20152, loss 5.751479
Epoch 20153, loss 6.011526
Epoch 20154, loss 6.295773
Epoch 20155, loss 6.567884
Epoch 20156, loss 6.740745
Epoch 20157, loss 6.765448
Epoch 20158, loss 6.591109
Epoch 20159, loss 6.303293
Epoch 20160, loss 5.988831
Epoch 20161, loss 5.776345
Epoch 20162, loss 5.679088
Epoch 20163, loss 5.668413
Epoch 20164, loss 5.651780
Epoch 20165, loss 5.578997
Epoch 20166, loss 5.438452
Epoch 20167, loss 5.287607
Epoch 20168, loss 5.195082
Epoch 20169, loss 5.194113
Epoch 20170, loss 5.257922
Epoch 20171, loss 5.318834
Epoch 20172, loss 5.322078
Epoch 20173, loss 5.252626
Epoch 20174, loss 5.151773
Epoch 20175, loss 5.075271
Epoch 20176, loss 5.060416
Epoch 20177, loss 5.100294
Epoch 20178, loss 5.156114
Epoch 20179, loss 5.184314
Epoch 20180, loss 5.163871
Epoch 20181, loss 5.105591
Epoch 20182, loss 5.040900
Epoch 20183, loss 5.000124
Epoch 20184, loss 4.994551
Epoch 20185, loss 5.014178
Epoch 20186, loss 5.038436
Epoch 20187, loss 5.050729
Epoch 20188, loss 5.046796
Epoch 20189, loss 5.033804
Epoch 20190, loss 5.022285
Epoch 20191, loss 5.018332
Epoch 20192, loss 5.020440
Epoch 20193, loss 5.022616
Epoch 20194, loss 5.019467
Epoch 20195, loss 5.010197
Epoch 20196, loss 4.998291
Epoch 20197, loss 4.989013
Epoch 20198, loss 4.985774
Epoch 20199, loss 4.988495
Epoch 20200, loss 4.994046
Epoch 20201, loss 4.998442
Epoch 20202, loss 4.999032
Epoch 20203, loss 4.995653
Epoch 20204, loss 4.990164
Epoch 20205, loss 4.985112
Epoch 20206, loss 4.982279
Epoch 20207, loss 4.981958
Epoch 20208, loss 4.983202
Epoch 20209, loss 4.984643
Epoch 20210, loss 4.985321
Epoch 20211, loss 4.985053
Epoch 20212, loss 4.984327
Epoch 20213, loss 4.983847
Epoch 20214, loss 4.984120
Epoch 20215, loss 4.985212
Epoch 20216, loss 4.986831
Epoch 20217, loss 4.988510
Epoch 20218, loss 4.989949
Epoch 20219, loss 4.991096
Epoch 20220, loss 4.992280
Epoch 20221, loss 4.993972
Epoch 20222, loss 4.996794
Epoch 20223, loss 5.001218
Epoch 20224, loss 5.007789
Epoch 20225, loss 5.016942
Epoch 20226, loss 5.029536
Epoch 20227, loss 5.046540
Epoch 20228, loss 5.070030
Epoch 20229, loss 5.102088
Epoch 20230, loss 5.146979
Epoch 20231, loss 5.208168
Epoch 20232, loss 5.293347
Epoch 20233, loss 5.406269
Epoch 20234, loss 5.558358
Epoch 20235, loss 5.746013
Epoch 20236, loss 5.977638
Epoch 20237, loss 6.218037
Epoch 20238, loss 6.453338
Epoch 20239, loss 6.590075
Epoch 20240, loss 6.603057
Epoch 20241, loss 6.412346
Epoch 20242, loss 6.088199
Epoch 20243, loss 5.698228
Epoch 20244, loss 5.388477
Epoch 20245, loss 5.236532
Epoch 20246, loss 5.261306
Epoch 20247, loss 5.407704
Epoch 20248, loss 5.590280
Epoch 20249, loss 5.722427
Epoch 20250, loss 5.749169
Epoch 20251, loss 5.667961
Epoch 20252, loss 5.523395
Epoch 20253, loss 5.379339
Epoch 20254, loss 5.288611
Epoch 20255, loss 5.261411
Epoch 20256, loss 5.275313
Epoch 20257, loss 5.288489
Epoch 20258, loss 5.273819
Epoch 20259, loss 5.222044
Epoch 20260, loss 5.151941
Epoch 20261, loss 5.087379
Epoch 20262, loss 5.048122
Epoch 20263, loss 5.037901
Epoch 20264, loss 5.047358
Epoch 20265, loss 5.062074
Epoch 20266, loss 5.070296
Epoch 20267, loss 5.068448
Epoch 20268, loss 5.059102
Epoch 20269, loss 5.048690
Epoch 20270, loss 5.041624
Epoch 20271, loss 5.039409
Epoch 20272, loss 5.040266
Epoch 20273, loss 5.041537
Epoch 20274, loss 5.041039
Epoch 20275, loss 5.038235
Epoch 20276, loss 5.033857
Epoch 20277, loss 5.029591
Epoch 20278, loss 5.025930
Epoch 20279, loss 5.023046
Epoch 20280, loss 5.020262
Epoch 20281, loss 5.017517
Epoch 20282, loss 5.014745
Epoch 20283, loss 5.012726
Epoch 20284, loss 5.011856
Epoch 20285, loss 5.012602
Epoch 20286, loss 5.014617
Epoch 20287, loss 5.017496
Epoch 20288, loss 5.020405
Epoch 20289, loss 5.023117
Epoch 20290, loss 5.025528
Epoch 20291, loss 5.028439
Epoch 20292, loss 5.032479
Epoch 20293, loss 5.038939
Epoch 20294, loss 5.048327
Epoch 20295, loss 5.061758
Epoch 20296, loss 5.078996
Epoch 20297, loss 5.101337
Epoch 20298, loss 5.128205
Epoch 20299, loss 5.162103
Epoch 20300, loss 5.202452
Epoch 20301, loss 5.253720
Epoch 20302, loss 5.314029
Epoch 20303, loss 5.389159
Epoch 20304, loss 5.472751
Epoch 20305, loss 5.570133
Epoch 20306, loss 5.665681
Epoch 20307, loss 5.761763
Epoch 20308, loss 5.830252
Epoch 20309, loss 5.871910
Epoch 20310, loss 5.853333
Epoch 20311, loss 5.784640
Epoch 20312, loss 5.652201
Epoch 20313, loss 5.488641
Epoch 20314, loss 5.311443
Epoch 20315, loss 5.157854
Epoch 20316, loss 5.046843
Epoch 20317, loss 4.989730
Epoch 20318, loss 4.982803
Epoch 20319, loss 5.013304
Epoch 20320, loss 5.064197
Epoch 20321, loss 5.117709
Epoch 20322, loss 5.160975
Epoch 20323, loss 5.183264
Epoch 20324, loss 5.183839
Epoch 20325, loss 5.162413
Epoch 20326, loss 5.127576
Epoch 20327, loss 5.085397
Epoch 20328, loss 5.045201
Epoch 20329, loss 5.012324
Epoch 20330, loss 4.990595
Epoch 20331, loss 4.980575
Epoch 20332, loss 4.980716
Epoch 20333, loss 4.988116
Epoch 20334, loss 4.999357
Epoch 20335, loss 5.011310
Epoch 20336, loss 5.021306
Epoch 20337, loss 5.027973
Epoch 20338, loss 5.030354
Epoch 20339, loss 5.028916
Epoch 20340, loss 5.023954
Epoch 20341, loss 5.016811
Epoch 20342, loss 5.008325
Epoch 20343, loss 4.999759
Epoch 20344, loss 4.991838
Epoch 20345, loss 4.985274
Epoch 20346, loss 4.980344
Epoch 20347, loss 4.977181
Epoch 20348, loss 4.975699
Epoch 20349, loss 4.975725
Epoch 20350, loss 4.977047
Epoch 20351, loss 4.979479
Epoch 20352, loss 4.982913
Epoch 20353, loss 4.987349
Epoch 20354, loss 4.992953
Epoch 20355, loss 5.000026
Epoch 20356, loss 5.009217
Epoch 20357, loss 5.021323
Epoch 20358, loss 5.037808
Epoch 20359, loss 5.060435
Epoch 20360, loss 5.092164
Epoch 20361, loss 5.136451
Epoch 20362, loss 5.198806
Epoch 20363, loss 5.284912
Epoch 20364, loss 5.403055
Epoch 20365, loss 5.558421
Epoch 20366, loss 5.755528
Epoch 20367, loss 5.983292
Epoch 20368, loss 6.217964
Epoch 20369, loss 6.401852
Epoch 20370, loss 6.469167
Epoch 20371, loss 6.354778
Epoch 20372, loss 6.062226
Epoch 20373, loss 5.671259
Epoch 20374, loss 5.321505
Epoch 20375, loss 5.125502
Epoch 20376, loss 5.114470
Epoch 20377, loss 5.232826
Epoch 20378, loss 5.376911
Epoch 20379, loss 5.451880
Epoch 20380, loss 5.411068
Epoch 20381, loss 5.278707
Epoch 20382, loss 5.125931
Epoch 20383, loss 5.028372
Epoch 20384, loss 5.021010
Epoch 20385, loss 5.084807
Epoch 20386, loss 5.165977
Epoch 20387, loss 5.210074
Epoch 20388, loss 5.191640
Epoch 20389, loss 5.122893
Epoch 20390, loss 5.041815
Epoch 20391, loss 4.987104
Epoch 20392, loss 4.977156
Epoch 20393, loss 5.003753
Epoch 20394, loss 5.041803
Epoch 20395, loss 5.066101
Epoch 20396, loss 5.064040
Epoch 20397, loss 5.039750
Epoch 20398, loss 5.008653
Epoch 20399, loss 4.987056
Epoch 20400, loss 4.983000
Epoch 20401, loss 4.993836
Epoch 20402, loss 5.009800
Epoch 20403, loss 5.020398
Epoch 20404, loss 5.019791
Epoch 20405, loss 5.009192
Epoch 20406, loss 4.994597
Epoch 20407, loss 4.982942
Epoch 20408, loss 4.978617
Epoch 20409, loss 4.981929
Epoch 20410, loss 4.989936
Epoch 20411, loss 4.998418
Epoch 20412, loss 5.004321
Epoch 20413, loss 5.006942
Epoch 20414, loss 5.007927
Epoch 20415, loss 5.010168
Epoch 20416, loss 5.016624
Epoch 20417, loss 5.029250
Epoch 20418, loss 5.048900
Epoch 20419, loss 5.075688
Epoch 20420, loss 5.110012
Epoch 20421, loss 5.152784
Epoch 20422, loss 5.206198
Epoch 20423, loss 5.272463
Epoch 20424, loss 5.353387
Epoch 20425, loss 5.448033
Epoch 20426, loss 5.550457
Epoch 20427, loss 5.649173
Epoch 20428, loss 5.723330
Epoch 20429, loss 5.752526
Epoch 20430, loss 5.715485
Epoch 20431, loss 5.615078
Epoch 20432, loss 5.468013
Epoch 20433, loss 5.319314
Epoch 20434, loss 5.208243
Epoch 20435, loss 5.166517
Epoch 20436, loss 5.197676
Epoch 20437, loss 5.289890
Epoch 20438, loss 5.413612
Epoch 20439, loss 5.546775
Epoch 20440, loss 5.661824
Epoch 20441, loss 5.765906
Epoch 20442, loss 5.857194
Epoch 20443, loss 5.978219
Epoch 20444, loss 6.128573
Epoch 20445, loss 6.337273
Epoch 20446, loss 6.542129
Epoch 20447, loss 6.715455
Epoch 20448, loss 6.726065
Epoch 20449, loss 6.552930
Epoch 20450, loss 6.162247
Epoch 20451, loss 5.688531
Epoch 20452, loss 5.275286
Epoch 20453, loss 5.058359
Epoch 20454, loss 5.063119
Epoch 20455, loss 5.215038
Epoch 20456, loss 5.392986
Epoch 20457, loss 5.488826
Epoch 20458, loss 5.466536
Epoch 20459, loss 5.350019
Epoch 20460, loss 5.217306
Epoch 20461, loss 5.129628
Epoch 20462, loss 5.109499
Epoch 20463, loss 5.130297
Epoch 20464, loss 5.149508
Epoch 20465, loss 5.138560
Epoch 20466, loss 5.099021
Epoch 20467, loss 5.055628
Epoch 20468, loss 5.033695
Epoch 20469, loss 5.042049
Epoch 20470, loss 5.067134
Epoch 20471, loss 5.086383
Epoch 20472, loss 5.082810
Epoch 20473, loss 5.056789
Epoch 20474, loss 5.022034
Epoch 20475, loss 4.996168
Epoch 20476, loss 4.988600
Epoch 20477, loss 4.996606
Epoch 20478, loss 5.009299
Epoch 20479, loss 5.015573
Epoch 20480, loss 5.010758
Epoch 20481, loss 4.997951
Epoch 20482, loss 4.984810
Epoch 20483, loss 4.977939
Epoch 20484, loss 4.979297
Epoch 20485, loss 4.985861
Epoch 20486, loss 4.992407
Epoch 20487, loss 4.994648
Epoch 20488, loss 4.991440
Epoch 20489, loss 4.984575
Epoch 20490, loss 4.977325
Epoch 20491, loss 4.972289
Epoch 20492, loss 4.970310
Epoch 20493, loss 4.970559
Epoch 20494, loss 4.971448
Epoch 20495, loss 4.971698
Epoch 20496, loss 4.970918
Epoch 20497, loss 4.969576
Epoch 20498, loss 4.968478
Epoch 20499, loss 4.968213
Epoch 20500, loss 4.968828
Epoch 20501, loss 4.969894
Epoch 20502, loss 4.970797
Epoch 20503, loss 4.971078
Epoch 20504, loss 4.970623
Epoch 20505, loss 4.969659
Epoch 20506, loss 4.968590
Epoch 20507, loss 4.967793
Epoch 20508, loss 4.967438
Epoch 20509, loss 4.967485
Epoch 20510, loss 4.967739
Epoch 20511, loss 4.968004
Epoch 20512, loss 4.968136
Epoch 20513, loss 4.968118
Epoch 20514, loss 4.968040
Epoch 20515, loss 4.968045
Epoch 20516, loss 4.968260
Epoch 20517, loss 4.968752
Epoch 20518, loss 4.969543
Epoch 20519, loss 4.970622
Epoch 20520, loss 4.971968
Epoch 20521, loss 4.973620
Epoch 20522, loss 4.975668
Epoch 20523, loss 4.978329
Epoch 20524, loss 4.981871
Epoch 20525, loss 4.986726
Epoch 20526, loss 4.993363
Epoch 20527, loss 5.002579
Epoch 20528, loss 5.015175
Epoch 20529, loss 5.032731
Epoch 20530, loss 5.056697
Epoch 20531, loss 5.090243
Epoch 20532, loss 5.135952
Epoch 20533, loss 5.199935
Epoch 20534, loss 5.285785
Epoch 20535, loss 5.404143
Epoch 20536, loss 5.555916
Epoch 20537, loss 5.754873
Epoch 20538, loss 5.983634
Epoch 20539, loss 6.247055
Epoch 20540, loss 6.475725
Epoch 20541, loss 6.652618
Epoch 20542, loss 6.661024
Epoch 20543, loss 6.522015
Epoch 20544, loss 6.210062
Epoch 20545, loss 5.868382
Epoch 20546, loss 5.588332
Epoch 20547, loss 5.468368
Epoch 20548, loss 5.496684
Epoch 20549, loss 5.607891
Epoch 20550, loss 5.699991
Epoch 20551, loss 5.687925
Epoch 20552, loss 5.554915
Epoch 20553, loss 5.341652
Epoch 20554, loss 5.144834
Epoch 20555, loss 5.039543
Epoch 20556, loss 5.045500
Epoch 20557, loss 5.124863
Epoch 20558, loss 5.212734
Epoch 20559, loss 5.255482
Epoch 20560, loss 5.233200
Epoch 20561, loss 5.166635
Epoch 20562, loss 5.097705
Epoch 20563, loss 5.058109
Epoch 20564, loss 5.056797
Epoch 20565, loss 5.077257
Epoch 20566, loss 5.093694
Epoch 20567, loss 5.088050
Epoch 20568, loss 5.058996
Epoch 20569, loss 5.019907
Epoch 20570, loss 4.989013
Epoch 20571, loss 4.978207
Epoch 20572, loss 4.987025
Epoch 20573, loss 5.005545
Epoch 20574, loss 5.021032
Epoch 20575, loss 5.025402
Epoch 20576, loss 5.017664
Epoch 20577, loss 5.003601
Epoch 20578, loss 4.990767
Epoch 20579, loss 4.984397
Epoch 20580, loss 4.985170
Epoch 20581, loss 4.990155
Epoch 20582, loss 4.994733
Epoch 20583, loss 4.995454
Epoch 20584, loss 4.991558
Epoch 20585, loss 4.984562
Epoch 20586, loss 4.977156
Epoch 20587, loss 4.972191
Epoch 20588, loss 4.970304
Epoch 20589, loss 4.970856
Epoch 20590, loss 4.972461
Epoch 20591, loss 4.973406
Epoch 20592, loss 4.972831
Epoch 20593, loss 4.970834
Epoch 20594, loss 4.968256
Epoch 20595, loss 4.966018
Epoch 20596, loss 4.964907
Epoch 20597, loss 4.965013
Epoch 20598, loss 4.966085
Epoch 20599, loss 4.967514
Epoch 20600, loss 4.968871
Epoch 20601, loss 4.969813
Epoch 20602, loss 4.970359
Epoch 20603, loss 4.970855
Epoch 20604, loss 4.971668
Epoch 20605, loss 4.973248
Epoch 20606, loss 4.976131
Epoch 20607, loss 4.980642
Epoch 20608, loss 4.987043
Epoch 20609, loss 4.995646
Epoch 20610, loss 5.006994
Epoch 20611, loss 5.021542
Epoch 20612, loss 5.040809
Epoch 20613, loss 5.066696
Epoch 20614, loss 5.102114
Epoch 20615, loss 5.148864
Epoch 20616, loss 5.210297
Epoch 20617, loss 5.286852
Epoch 20618, loss 5.380710
Epoch 20619, loss 5.491695
Epoch 20620, loss 5.620452
Epoch 20621, loss 5.749710
Epoch 20622, loss 5.862903
Epoch 20623, loss 5.929682
Epoch 20624, loss 5.946554
Epoch 20625, loss 5.901627
Epoch 20626, loss 5.823762
Epoch 20627, loss 5.731957
Epoch 20628, loss 5.679399
Epoch 20629, loss 5.691802
Epoch 20630, loss 5.797100
Epoch 20631, loss 5.964376
Epoch 20632, loss 6.170408
Epoch 20633, loss 6.325958
Epoch 20634, loss 6.372589
Epoch 20635, loss 6.227033
Epoch 20636, loss 5.934396
Epoch 20637, loss 5.575853
Epoch 20638, loss 5.291472
Epoch 20639, loss 5.162759
Epoch 20640, loss 5.168726
Epoch 20641, loss 5.220005
Epoch 20642, loss 5.274047
Epoch 20643, loss 5.287707
Epoch 20644, loss 5.254597
Epoch 20645, loss 5.199940
Epoch 20646, loss 5.156899
Epoch 20647, loss 5.144564
Epoch 20648, loss 5.158869
Epoch 20649, loss 5.194813
Epoch 20650, loss 5.205779
Epoch 20651, loss 5.199896
Epoch 20652, loss 5.160865
Epoch 20653, loss 5.111862
Epoch 20654, loss 5.076030
Epoch 20655, loss 5.065098
Epoch 20656, loss 5.071222
Epoch 20657, loss 5.075989
Epoch 20658, loss 5.072622
Epoch 20659, loss 5.063836
Epoch 20660, loss 5.062699
Epoch 20661, loss 5.066938
Epoch 20662, loss 5.104807
Epoch 20663, loss 5.191995
Epoch 20664, loss 5.279055
Epoch 20665, loss 5.292232
Epoch 20666, loss 5.236983
Epoch 20667, loss 5.178438
Epoch 20668, loss 5.135878
Epoch 20669, loss 5.124127
Epoch 20670, loss 5.155477
Epoch 20671, loss 5.185566
Epoch 20672, loss 5.195768
Epoch 20673, loss 5.183287
Epoch 20674, loss 5.151850
Epoch 20675, loss 5.116662
Epoch 20676, loss 5.101550
Epoch 20677, loss 5.100665
Epoch 20678, loss 5.110985
Epoch 20679, loss 5.121680
Epoch 20680, loss 5.123614
Epoch 20681, loss 5.116305
Epoch 20682, loss 5.103730
Epoch 20683, loss 5.092130
Epoch 20684, loss 5.087631
Epoch 20685, loss 5.087747
Epoch 20686, loss 5.090496
Epoch 20687, loss 5.094145
Epoch 20688, loss 5.092192
Epoch 20689, loss 5.086605
Epoch 20690, loss 5.079765
Epoch 20691, loss 5.071968
Epoch 20692, loss 5.065419
Epoch 20693, loss 5.062377
Epoch 20694, loss 5.059363
Epoch 20695, loss 5.056265
Epoch 20696, loss 5.051608
Epoch 20697, loss 5.043433
Epoch 20698, loss 5.032021
Epoch 20699, loss 5.019882
Epoch 20700, loss 5.007504
Epoch 20701, loss 4.998601
Epoch 20702, loss 4.998305
Epoch 20703, loss 4.989952
Epoch 20704, loss 5.000483
Epoch 20705, loss 5.026222
Epoch 20706, loss 5.037937
Epoch 20707, loss 5.040747
Epoch 20708, loss 5.087269
Epoch 20709, loss 5.123400
Epoch 20710, loss 5.160416
Epoch 20711, loss 5.185979
Epoch 20712, loss 5.208089
Epoch 20713, loss 5.242210
Epoch 20714, loss 5.284268
Epoch 20715, loss 5.343130
Epoch 20716, loss 5.419192
Epoch 20717, loss 5.507863
Epoch 20718, loss 5.599763
Epoch 20719, loss 5.685223
Epoch 20720, loss 5.745087
Epoch 20721, loss 5.768242
Epoch 20722, loss 5.752779
Epoch 20723, loss 5.709455
Epoch 20724, loss 5.617649
Epoch 20725, loss 5.532785
Epoch 20726, loss 5.497584
Epoch 20727, loss 5.539604
Epoch 20728, loss 5.650694
Epoch 20729, loss 5.820728
Epoch 20730, loss 6.002808
Epoch 20731, loss 6.167318
Epoch 20732, loss 6.233832
Epoch 20733, loss 6.205279
Epoch 20734, loss 6.049876
Epoch 20735, loss 5.837335
Epoch 20736, loss 5.622000
Epoch 20737, loss 5.478943
Epoch 20738, loss 5.406783
Epoch 20739, loss 5.382526
Epoch 20740, loss 5.350936
Epoch 20741, loss 5.286077
Epoch 20742, loss 5.199128
Epoch 20743, loss 5.122989
Epoch 20744, loss 5.095116
Epoch 20745, loss 5.121258
Epoch 20746, loss 5.174576
Epoch 20747, loss 5.216214
Epoch 20748, loss 5.216462
Epoch 20749, loss 5.168836
Epoch 20750, loss 5.096986
Epoch 20751, loss 5.033518
Epoch 20752, loss 5.002816
Epoch 20753, loss 5.008014
Epoch 20754, loss 5.031576
Epoch 20755, loss 5.050327
Epoch 20756, loss 5.051226
Epoch 20757, loss 5.034873
Epoch 20758, loss 5.012876
Epoch 20759, loss 4.998438
Epoch 20760, loss 4.996323
Epoch 20761, loss 5.002697
Epoch 20762, loss 5.009347
Epoch 20763, loss 5.009398
Epoch 20764, loss 5.000665
Epoch 20765, loss 4.986976
Epoch 20766, loss 4.973723
Epoch 20767, loss 4.965733
Epoch 20768, loss 4.964507
Epoch 20769, loss 4.967980
Epoch 20770, loss 4.972609
Epoch 20771, loss 4.975412
Epoch 20772, loss 4.975200
Epoch 20773, loss 4.972888
Epoch 20774, loss 4.970364
Epoch 20775, loss 4.968916
Epoch 20776, loss 4.969032
Epoch 20777, loss 4.970023
Epoch 20778, loss 4.970674
Epoch 20779, loss 4.970093
Epoch 20780, loss 4.968124
Epoch 20781, loss 4.965232
Epoch 20782, loss 4.962374
Epoch 20783, loss 4.960278
Epoch 20784, loss 4.959166
Epoch 20785, loss 4.958852
Epoch 20786, loss 4.958919
Epoch 20787, loss 4.958898
Epoch 20788, loss 4.958569
Epoch 20789, loss 4.957875
Epoch 20790, loss 4.956955
Epoch 20791, loss 4.956077
Epoch 20792, loss 4.955471
Epoch 20793, loss 4.955189
Epoch 20794, loss 4.955193
Epoch 20795, loss 4.955354
Epoch 20796, loss 4.955549
Epoch 20797, loss 4.955714
Epoch 20798, loss 4.955850
Epoch 20799, loss 4.956033
Epoch 20800, loss 4.956410
Epoch 20801, loss 4.957110
Epoch 20802, loss 4.958241
Epoch 20803, loss 4.959906
Epoch 20804, loss 4.962253
Epoch 20805, loss 4.965453
Epoch 20806, loss 4.969838
Epoch 20807, loss 4.975830
Epoch 20808, loss 4.984214
Epoch 20809, loss 4.995927
Epoch 20810, loss 5.012651
Epoch 20811, loss 5.036307
Epoch 20812, loss 5.070462
Epoch 20813, loss 5.118873
Epoch 20814, loss 5.188876
Epoch 20815, loss 5.286949
Epoch 20816, loss 5.426841
Epoch 20817, loss 5.615336
Epoch 20818, loss 5.871459
Epoch 20819, loss 6.183300
Epoch 20820, loss 6.554353
Epoch 20821, loss 6.898334
Epoch 20822, loss 7.164796
Epoch 20823, loss 7.180289
Epoch 20824, loss 6.933234
Epoch 20825, loss 6.408649
Epoch 20826, loss 5.824922
Epoch 20827, loss 5.375683
Epoch 20828, loss 5.206793
Epoch 20829, loss 5.300171
Epoch 20830, loss 5.522685
Epoch 20831, loss 5.706068
Epoch 20832, loss 5.727680
Epoch 20833, loss 5.583878
Epoch 20834, loss 5.365619
Epoch 20835, loss 5.203937
Epoch 20836, loss 5.173844
Epoch 20837, loss 5.253548
Epoch 20838, loss 5.358780
Epoch 20839, loss 5.395589
Epoch 20840, loss 5.337234
Epoch 20841, loss 5.213372
Epoch 20842, loss 5.103170
Epoch 20843, loss 5.061288
Epoch 20844, loss 5.094711
Epoch 20845, loss 5.160421
Epoch 20846, loss 5.204309
Epoch 20847, loss 5.193688
Epoch 20848, loss 5.135934
Epoch 20849, loss 5.066259
Epoch 20850, loss 5.021822
Epoch 20851, loss 5.016872
Epoch 20852, loss 5.040108
Epoch 20853, loss 5.065498
Epoch 20854, loss 5.073286
Epoch 20855, loss 5.058138
Epoch 20856, loss 5.032116
Epoch 20857, loss 5.010638
Epoch 20858, loss 5.004585
Epoch 20859, loss 5.012653
Epoch 20860, loss 5.026211
Epoch 20861, loss 5.034818
Epoch 20862, loss 5.034349
Epoch 20863, loss 5.026927
Epoch 20864, loss 5.020210
Epoch 20865, loss 5.020308
Epoch 20866, loss 5.030546
Epoch 20867, loss 5.048254
Epoch 20868, loss 5.070024
Epoch 20869, loss 5.091185
Epoch 20870, loss 5.112614
Epoch 20871, loss 5.134789
Epoch 20872, loss 5.164030
Epoch 20873, loss 5.200944
Epoch 20874, loss 5.250972
Epoch 20875, loss 5.308512
Epoch 20876, loss 5.376603
Epoch 20877, loss 5.443611
Epoch 20878, loss 5.513255
Epoch 20879, loss 5.568797
Epoch 20880, loss 5.615268
Epoch 20881, loss 5.631236
Epoch 20882, loss 5.624359
Epoch 20883, loss 5.575348
Epoch 20884, loss 5.499649
Epoch 20885, loss 5.392691
Epoch 20886, loss 5.278053
Epoch 20887, loss 5.164510
Epoch 20888, loss 5.070799
Epoch 20889, loss 5.003904
Epoch 20890, loss 4.967635
Epoch 20891, loss 4.958913
Epoch 20892, loss 4.971024
Epoch 20893, loss 4.995636
Epoch 20894, loss 5.024375
Epoch 20895, loss 5.051262
Epoch 20896, loss 5.071041
Epoch 20897, loss 5.082804
Epoch 20898, loss 5.084657
Epoch 20899, loss 5.079195
Epoch 20900, loss 5.066408
Epoch 20901, loss 5.049792
Epoch 20902, loss 5.030556
Epoch 20903, loss 5.011717
Epoch 20904, loss 4.994349
Epoch 20905, loss 4.979936
Epoch 20906, loss 4.968829
Epoch 20907, loss 4.961155
Epoch 20908, loss 4.956554
Epoch 20909, loss 4.954485
Epoch 20910, loss 4.954318
Epoch 20911, loss 4.955450
Epoch 20912, loss 4.957407
Epoch 20913, loss 4.959800
Epoch 20914, loss 4.962433
Epoch 20915, loss 4.965091
Epoch 20916, loss 4.967785
Epoch 20917, loss 4.970350
Epoch 20918, loss 4.972917
Epoch 20919, loss 4.975359
Epoch 20920, loss 4.977884
Epoch 20921, loss 4.980369
Epoch 20922, loss 4.983088
Epoch 20923, loss 4.985961
Epoch 20924, loss 4.989318
Epoch 20925, loss 4.993067
Epoch 20926, loss 4.997687
Epoch 20927, loss 5.003126
Epoch 20928, loss 5.010013
Epoch 20929, loss 5.018312
Epoch 20930, loss 5.028971
Epoch 20931, loss 5.041942
Epoch 20932, loss 5.058648
Epoch 20933, loss 5.079109
Epoch 20934, loss 5.105523
Epoch 20935, loss 5.137841
Epoch 20936, loss 5.179161
Epoch 20937, loss 5.228549
Epoch 20938, loss 5.288994
Epoch 20939, loss 5.356900
Epoch 20940, loss 5.433446
Epoch 20941, loss 5.508023
Epoch 20942, loss 5.576181
Epoch 20943, loss 5.618175
Epoch 20944, loss 5.626015
Epoch 20945, loss 5.583867
Epoch 20946, loss 5.497778
Epoch 20947, loss 5.379586
Epoch 20948, loss 5.259521
Epoch 20949, loss 5.169078
Epoch 20950, loss 5.132393
Epoch 20951, loss 5.160214
Epoch 20952, loss 5.245758
Epoch 20953, loss 5.376950
Epoch 20954, loss 5.525947
Epoch 20955, loss 5.679941
Epoch 20956, loss 5.807018
Epoch 20957, loss 5.912925
Epoch 20958, loss 5.967977
Epoch 20959, loss 5.993120
Epoch 20960, loss 5.964730
Epoch 20961, loss 5.908028
Epoch 20962, loss 5.806735
Epoch 20963, loss 5.682806
Epoch 20964, loss 5.532341
Epoch 20965, loss 5.375835
Epoch 20966, loss 5.225897
Epoch 20967, loss 5.104524
Epoch 20968, loss 5.029363
Epoch 20969, loss 5.008720
Epoch 20970, loss 5.036922
Epoch 20971, loss 5.094169
Epoch 20972, loss 5.155907
Epoch 20973, loss 5.197478
Epoch 20974, loss 5.206248
Epoch 20975, loss 5.178802
Epoch 20976, loss 5.126583
Epoch 20977, loss 5.065373
Epoch 20978, loss 5.013112
Epoch 20979, loss 4.980701
Epoch 20980, loss 4.971098
Epoch 20981, loss 4.979396
Epoch 20982, loss 4.996358
Epoch 20983, loss 5.012348
Epoch 20984, loss 5.020493
Epoch 20985, loss 5.018788
Epoch 20986, loss 5.009091
Epoch 20987, loss 4.995952
Epoch 20988, loss 4.983297
Epoch 20989, loss 4.973996
Epoch 20990, loss 4.968614
Epoch 20991, loss 4.966538
Epoch 20992, loss 4.966101
Epoch 20993, loss 4.965848
Epoch 20994, loss 4.964746
Epoch 20995, loss 4.962644
Epoch 20996, loss 4.959950
Epoch 20997, loss 4.957454
Epoch 20998, loss 4.955870
Epoch 20999, loss 4.955544
Epoch 21000, loss 4.956366
Epoch 21001, loss 4.957829
Epoch 21002, loss 4.959365
Epoch 21003, loss 4.960415
Epoch 21004, loss 4.960753
Epoch 21005, loss 4.960305
Epoch 21006, loss 4.959320
Epoch 21007, loss 4.958057
Epoch 21008, loss 4.956919
Epoch 21009, loss 4.956207
Epoch 21010, loss 4.956192
Epoch 21011, loss 4.956986
Epoch 21012, loss 4.958645
Epoch 21013, loss 4.961154
Epoch 21014, loss 4.964523
Epoch 21015, loss 4.968798
Epoch 21016, loss 4.974174
Epoch 21017, loss 4.980964
Epoch 21018, loss 4.989609
Epoch 21019, loss 5.000764
Epoch 21020, loss 5.015200
Epoch 21021, loss 5.033975
Epoch 21022, loss 5.058216
Epoch 21023, loss 5.089358
Epoch 21024, loss 5.128629
Epoch 21025, loss 5.177343
Epoch 21026, loss 5.235707
Epoch 21027, loss 5.303208
Epoch 21028, loss 5.376254
Epoch 21029, loss 5.449903
Epoch 21030, loss 5.514289
Epoch 21031, loss 5.561184
Epoch 21032, loss 5.579800
Epoch 21033, loss 5.570471
Epoch 21034, loss 5.535371
Epoch 21035, loss 5.492703
Epoch 21036, loss 5.455601
Epoch 21037, loss 5.443418
Epoch 21038, loss 5.456724
Epoch 21039, loss 5.496063
Epoch 21040, loss 5.540290
Epoch 21041, loss 5.578110
Epoch 21042, loss 5.583469
Epoch 21043, loss 5.557487
Epoch 21044, loss 5.495825
Epoch 21045, loss 5.425847
Epoch 21046, loss 5.363993
Epoch 21047, loss 5.336296
Epoch 21048, loss 5.342953
Epoch 21049, loss 5.378309
Epoch 21050, loss 5.414630
Epoch 21051, loss 5.430120
Epoch 21052, loss 5.401170
Epoch 21053, loss 5.329204
Epoch 21054, loss 5.226613
Epoch 21055, loss 5.124064
Epoch 21056, loss 5.047590
Epoch 21057, loss 5.013602
Epoch 21058, loss 5.019855
Epoch 21059, loss 5.051548
Epoch 21060, loss 5.088009
Epoch 21061, loss 5.112516
Epoch 21062, loss 5.116378
Epoch 21063, loss 5.100932
Epoch 21064, loss 5.074290
Epoch 21065, loss 5.046315
Epoch 21066, loss 5.024726
Epoch 21067, loss 5.011796
Epoch 21068, loss 5.005926
Epoch 21069, loss 5.002738
Epoch 21070, loss 4.998726
Epoch 21071, loss 4.991962
Epoch 21072, loss 4.983217
Epoch 21073, loss 4.974322
Epoch 21074, loss 4.967484
Epoch 21075, loss 4.963716
Epoch 21076, loss 4.962748
Epoch 21077, loss 4.963179
Epoch 21078, loss 4.963340
Epoch 21079, loss 4.961987
Epoch 21080, loss 4.958761
Epoch 21081, loss 4.954209
Epoch 21082, loss 4.949418
Epoch 21083, loss 4.945531
Epoch 21084, loss 4.943347
Epoch 21085, loss 4.943076
Epoch 21086, loss 4.944412
Epoch 21087, loss 4.946693
Epoch 21088, loss 4.949182
Epoch 21089, loss 4.951300
Epoch 21090, loss 4.952748
Epoch 21091, loss 4.953541
Epoch 21092, loss 4.953919
Epoch 21093, loss 4.954284
Epoch 21094, loss 4.955028
Epoch 21095, loss 4.956525
Epoch 21096, loss 4.959052
Epoch 21097, loss 4.962909
Epoch 21098, loss 4.968377
Epoch 21099, loss 4.975952
Epoch 21100, loss 4.986293
Epoch 21101, loss 5.000625
Epoch 21102, loss 5.020434
Epoch 21103, loss 5.048396
Epoch 21104, loss 5.087533
Epoch 21105, loss 5.143289
Epoch 21106, loss 5.220891
Epoch 21107, loss 5.329902
Epoch 21108, loss 5.476251
Epoch 21109, loss 5.672884
Epoch 21110, loss 5.914422
Epoch 21111, loss 6.202789
Epoch 21112, loss 6.484496
Epoch 21113, loss 6.726109
Epoch 21114, loss 6.807750
Epoch 21115, loss 6.712131
Epoch 21116, loss 6.395887
Epoch 21117, loss 6.009021
Epoch 21118, loss 5.679582
Epoch 21119, loss 5.556171
Epoch 21120, loss 5.647628
Epoch 21121, loss 5.861081
Epoch 21122, loss 6.013481
Epoch 21123, loss 5.964281
Epoch 21124, loss 5.708449
Epoch 21125, loss 5.390530
Epoch 21126, loss 5.184501
Epoch 21127, loss 5.178625
Epoch 21128, loss 5.296344
Epoch 21129, loss 5.436419
Epoch 21130, loss 5.485799
Epoch 21131, loss 5.425110
Epoch 21132, loss 5.277790
Epoch 21133, loss 5.148756
Epoch 21134, loss 5.096054
Epoch 21135, loss 5.116712
Epoch 21136, loss 5.157307
Epoch 21137, loss 5.155443
Epoch 21138, loss 5.120488
Epoch 21139, loss 5.039750
Epoch 21140, loss 5.002043
Epoch 21141, loss 4.994679
Epoch 21142, loss 5.024508
Epoch 21143, loss 5.047328
Epoch 21144, loss 5.043004
Epoch 21145, loss 5.015539
Epoch 21146, loss 4.985260
Epoch 21147, loss 4.963313
Epoch 21148, loss 4.971124
Epoch 21149, loss 4.975063
Epoch 21150, loss 4.983730
Epoch 21151, loss 4.983567
Epoch 21152, loss 4.984277
Epoch 21153, loss 4.983246
Epoch 21154, loss 4.982442
Epoch 21155, loss 4.984179
Epoch 21156, loss 4.990940
Epoch 21157, loss 4.996104
Epoch 21158, loss 4.994273
Epoch 21159, loss 4.995410
Epoch 21160, loss 5.005571
Epoch 21161, loss 5.017057
Epoch 21162, loss 5.033087
Epoch 21163, loss 5.052352
Epoch 21164, loss 5.076787
Epoch 21165, loss 5.106733
Epoch 21166, loss 5.148128
Epoch 21167, loss 5.191513
Epoch 21168, loss 5.247934
Epoch 21169, loss 5.318543
Epoch 21170, loss 5.405634
Epoch 21171, loss 5.497540
Epoch 21172, loss 5.595965
Epoch 21173, loss 5.683139
Epoch 21174, loss 5.766418
Epoch 21175, loss 5.811413
Epoch 21176, loss 5.817134
Epoch 21177, loss 5.758787
Epoch 21178, loss 5.655528
Epoch 21179, loss 5.502935
Epoch 21180, loss 5.337912
Epoch 21181, loss 5.181363
Epoch 21182, loss 5.063064
Epoch 21183, loss 4.992430
Epoch 21184, loss 4.968167
Epoch 21185, loss 4.981991
Epoch 21186, loss 5.018392
Epoch 21187, loss 5.061305
Epoch 21188, loss 5.096434
Epoch 21189, loss 5.116749
Epoch 21190, loss 5.117805
Epoch 21191, loss 5.104232
Epoch 21192, loss 5.078265
Epoch 21193, loss 5.048477
Epoch 21194, loss 5.019539
Epoch 21195, loss 4.996401
Epoch 21196, loss 4.980372
Epoch 21197, loss 4.971621
Epoch 21198, loss 4.968900
Epoch 21199, loss 4.969770
Epoch 21200, loss 4.971850
Epoch 21201, loss 4.973612
Epoch 21202, loss 4.974104
Epoch 21203, loss 4.972496
Epoch 21204, loss 4.969308
Epoch 21205, loss 4.964911
Epoch 21206, loss 4.960406
Epoch 21207, loss 4.956178
Epoch 21208, loss 4.952941
Epoch 21209, loss 4.950862
Epoch 21210, loss 4.949971
Epoch 21211, loss 4.949901
Epoch 21212, loss 4.950388
Epoch 21213, loss 4.951101
Epoch 21214, loss 4.951887
Epoch 21215, loss 4.952390
Epoch 21216, loss 4.952497
Epoch 21217, loss 4.952208
Epoch 21218, loss 4.951578
Epoch 21219, loss 4.950632
Epoch 21220, loss 4.949478
Epoch 21221, loss 4.948293
Epoch 21222, loss 4.947190
Epoch 21223, loss 4.946239
Epoch 21224, loss 4.945556
Epoch 21225, loss 4.945260
Epoch 21226, loss 4.945457
Epoch 21227, loss 4.946248
Epoch 21228, loss 4.947761
Epoch 21229, loss 4.950189
Epoch 21230, loss 4.953775
Epoch 21231, loss 4.958820
Epoch 21232, loss 4.965758
Epoch 21233, loss 4.975197
Epoch 21234, loss 4.987917
Epoch 21235, loss 5.004987
Epoch 21236, loss 5.027721
Epoch 21237, loss 5.057862
Epoch 21238, loss 5.097246
Epoch 21239, loss 5.148051
Epoch 21240, loss 5.211663
Epoch 21241, loss 5.288862
Epoch 21242, loss 5.376985
Epoch 21243, loss 5.470451
Epoch 21244, loss 5.556782
Epoch 21245, loss 5.620560
Epoch 21246, loss 5.643831
Epoch 21247, loss 5.616361
Epoch 21248, loss 5.542602
Epoch 21249, loss 5.442142
Epoch 21250, loss 5.350594
Epoch 21251, loss 5.297137
Epoch 21252, loss 5.307588
Epoch 21253, loss 5.379711
Epoch 21254, loss 5.508154
Epoch 21255, loss 5.656048
Epoch 21256, loss 5.806024
Epoch 21257, loss 5.905340
Epoch 21258, loss 5.954380
Epoch 21259, loss 5.918000
Epoch 21260, loss 5.836498
Epoch 21261, loss 5.709880
Epoch 21262, loss 5.589753
Epoch 21263, loss 5.478588
Epoch 21264, loss 5.392394
Epoch 21265, loss 5.315316
Epoch 21266, loss 5.243578
Epoch 21267, loss 5.171906
Epoch 21268, loss 5.108464
Epoch 21269, loss 5.064367
Epoch 21270, loss 5.048564
Epoch 21271, loss 5.062025
Epoch 21272, loss 5.093855
Epoch 21273, loss 5.128142
Epoch 21274, loss 5.146539
Epoch 21275, loss 5.140530
Epoch 21276, loss 5.108860
Epoch 21277, loss 5.062741
Epoch 21278, loss 5.015127
Epoch 21279, loss 4.978765
Epoch 21280, loss 4.958711
Epoch 21281, loss 4.953742
Epoch 21282, loss 4.957940
Epoch 21283, loss 4.964940
Epoch 21284, loss 4.970349
Epoch 21285, loss 4.972728
Epoch 21286, loss 4.973014
Epoch 21287, loss 4.972928
Epoch 21288, loss 4.974075
Epoch 21289, loss 4.976467
Epoch 21290, loss 4.979437
Epoch 21291, loss 4.980921
Epoch 21292, loss 4.979808
Epoch 21293, loss 4.975054
Epoch 21294, loss 4.967669
Epoch 21295, loss 4.958987
Epoch 21296, loss 4.951148
Epoch 21297, loss 4.945594
Epoch 21298, loss 4.943132
Epoch 21299, loss 4.943670
Epoch 21300, loss 4.946592
Epoch 21301, loss 4.951159
Epoch 21302, loss 4.956731
Epoch 21303, loss 4.963169
Epoch 21304, loss 4.970505
Epoch 21305, loss 4.979471
Epoch 21306, loss 4.990753
Epoch 21307, loss 5.005737
Epoch 21308, loss 5.025288
Epoch 21309, loss 5.051215
Epoch 21310, loss 5.084360
Epoch 21311, loss 5.127154
Epoch 21312, loss 5.179994
Epoch 21313, loss 5.245921
Epoch 21314, loss 5.323346
Epoch 21315, loss 5.414453
Epoch 21316, loss 5.511070
Epoch 21317, loss 5.610537
Epoch 21318, loss 5.692142
Epoch 21319, loss 5.746908
Epoch 21320, loss 5.746570
Epoch 21321, loss 5.690555
Epoch 21322, loss 5.570371
Epoch 21323, loss 5.415334
Epoch 21324, loss 5.250350
Epoch 21325, loss 5.115349
Epoch 21326, loss 5.031476
Epoch 21327, loss 5.007756
Epoch 21328, loss 5.033404
Epoch 21329, loss 5.088815
Epoch 21330, loss 5.148806
Epoch 21331, loss 5.193070
Epoch 21332, loss 5.206954
Epoch 21333, loss 5.187980
Epoch 21334, loss 5.142303
Epoch 21335, loss 5.084804
Epoch 21336, loss 5.030975
Epoch 21337, loss 4.994114
Epoch 21338, loss 4.979266
Epoch 21339, loss 4.985181
Epoch 21340, loss 5.004243
Epoch 21341, loss 5.027890
Epoch 21342, loss 5.047268
Epoch 21343, loss 5.058183
Epoch 21344, loss 5.058344
Epoch 21345, loss 5.051217
Epoch 21346, loss 5.040140
Epoch 21347, loss 5.031433
Epoch 21348, loss 5.028168
Epoch 21349, loss 5.034094
Epoch 21350, loss 5.048282
Epoch 21351, loss 5.071301
Epoch 21352, loss 5.099678
Epoch 21353, loss 5.133864
Epoch 21354, loss 5.169576
Epoch 21355, loss 5.209031
Epoch 21356, loss 5.248032
Epoch 21357, loss 5.290808
Epoch 21358, loss 5.331403
Epoch 21359, loss 5.374745
Epoch 21360, loss 5.410999
Epoch 21361, loss 5.443789
Epoch 21362, loss 5.459665
Epoch 21363, loss 5.462917
Epoch 21364, loss 5.439343
Epoch 21365, loss 5.396856
Epoch 21366, loss 5.330356
Epoch 21367, loss 5.254147
Epoch 21368, loss 5.171396
Epoch 21369, loss 5.096292
Epoch 21370, loss 5.034220
Epoch 21371, loss 4.992025
Epoch 21372, loss 4.970350
Epoch 21373, loss 4.968035
Epoch 21374, loss 4.980881
Epoch 21375, loss 5.004041
Epoch 21376, loss 5.032130
Epoch 21377, loss 5.060712
Epoch 21378, loss 5.086075
Epoch 21379, loss 5.105489
Epoch 21380, loss 5.117717
Epoch 21381, loss 5.123244
Epoch 21382, loss 5.124208
Epoch 21383, loss 5.123874
Epoch 21384, loss 5.124587
Epoch 21385, loss 5.130439
Epoch 21386, loss 5.145623
Epoch 21387, loss 5.176239
Epoch 21388, loss 5.222226
Epoch 21389, loss 5.288533
Epoch 21390, loss 5.371009
Epoch 21391, loss 5.475870
Epoch 21392, loss 5.591682
Epoch 21393, loss 5.719906
Epoch 21394, loss 5.832981
Epoch 21395, loss 5.928548
Epoch 21396, loss 5.961177
Epoch 21397, loss 5.934259
Epoch 21398, loss 5.815969
Epoch 21399, loss 5.640637
Epoch 21400, loss 5.423024
Epoch 21401, loss 5.218925
Epoch 21402, loss 5.061024
Epoch 21403, loss 4.975154
Epoch 21404, loss 4.960729
Epoch 21405, loss 4.999909
Epoch 21406, loss 5.066010
Epoch 21407, loss 5.130663
Epoch 21408, loss 5.174369
Epoch 21409, loss 5.183910
Epoch 21410, loss 5.162961
Epoch 21411, loss 5.117905
Epoch 21412, loss 5.065231
Epoch 21413, loss 5.016690
Epoch 21414, loss 4.982736
Epoch 21415, loss 4.966263
Epoch 21416, loss 4.965641
Epoch 21417, loss 4.975153
Epoch 21418, loss 4.988102
Epoch 21419, loss 4.998877
Epoch 21420, loss 5.003350
Epoch 21421, loss 5.000973
Epoch 21422, loss 4.992390
Epoch 21423, loss 4.980747
Epoch 21424, loss 4.968350
Epoch 21425, loss 4.957967
Epoch 21426, loss 4.950773
Epoch 21427, loss 4.947477
Epoch 21428, loss 4.947783
Epoch 21429, loss 4.950872
Epoch 21430, loss 4.955791
Epoch 21431, loss 4.961556
Epoch 21432, loss 4.967502
Epoch 21433, loss 4.972901
Epoch 21434, loss 4.977982
Epoch 21435, loss 4.983260
Epoch 21436, loss 4.990061
Epoch 21437, loss 4.998572
Epoch 21438, loss 5.009679
Epoch 21439, loss 5.023592
Epoch 21440, loss 5.042678
Epoch 21441, loss 5.067578
Epoch 21442, loss 5.100557
Epoch 21443, loss 5.139405
Epoch 21444, loss 5.182409
Epoch 21445, loss 5.228349
Epoch 21446, loss 5.278822
Epoch 21447, loss 5.324264
Epoch 21448, loss 5.359804
Epoch 21449, loss 5.372127
Epoch 21450, loss 5.365605
Epoch 21451, loss 5.338273
Epoch 21452, loss 5.298274
Epoch 21453, loss 5.245007
Epoch 21454, loss 5.185843
Epoch 21455, loss 5.130079
Epoch 21456, loss 5.085624
Epoch 21457, loss 5.054102
Epoch 21458, loss 5.037995
Epoch 21459, loss 5.036204
Epoch 21460, loss 5.048993
Epoch 21461, loss 5.074000
Epoch 21462, loss 5.108859
Epoch 21463, loss 5.148881
Epoch 21464, loss 5.189607
Epoch 21465, loss 5.224688
Epoch 21466, loss 5.248909
Epoch 21467, loss 5.259107
Epoch 21468, loss 5.254067
Epoch 21469, loss 5.234833
Epoch 21470, loss 5.204728
Epoch 21471, loss 5.169380
Epoch 21472, loss 5.133452
Epoch 21473, loss 5.101813
Epoch 21474, loss 5.076492
Epoch 21475, loss 5.058879
Epoch 21476, loss 5.047395
Epoch 21477, loss 5.040541
Epoch 21478, loss 5.036083
Epoch 21479, loss 5.032891
Epoch 21480, loss 5.029665
Epoch 21481, loss 5.025810
Epoch 21482, loss 5.020651
Epoch 21483, loss 5.015456
Epoch 21484, loss 5.010570
Epoch 21485, loss 5.006233
Epoch 21486, loss 5.002232
Epoch 21487, loss 5.000673
Epoch 21488, loss 5.002657
Epoch 21489, loss 5.009265
Epoch 21490, loss 5.021270
Epoch 21491, loss 5.040008
Epoch 21492, loss 5.065387
Epoch 21493, loss 5.099297
Epoch 21494, loss 5.140601
Epoch 21495, loss 5.192024
Epoch 21496, loss 5.250989
Epoch 21497, loss 5.321600
Epoch 21498, loss 5.398102
Epoch 21499, loss 5.485779
Epoch 21500, loss 5.572129
Epoch 21501, loss 5.662283
Epoch 21502, loss 5.733855
Epoch 21503, loss 5.792011
Epoch 21504, loss 5.805790
Epoch 21505, loss 5.784628
Epoch 21506, loss 5.704842
Epoch 21507, loss 5.589832
Epoch 21508, loss 5.438826
Epoch 21509, loss 5.286490
Epoch 21510, loss 5.147804
Epoch 21511, loss 5.046410
Epoch 21512, loss 4.988826
Epoch 21513, loss 4.974720
Epoch 21514, loss 4.993724
Epoch 21515, loss 5.031406
Epoch 21516, loss 5.073271
Epoch 21517, loss 5.105972
Epoch 21518, loss 5.122698
Epoch 21519, loss 5.118768
Epoch 21520, loss 5.098000
Epoch 21521, loss 5.064095
Epoch 21522, loss 5.026000
Epoch 21523, loss 4.989866
Epoch 21524, loss 4.961943
Epoch 21525, loss 4.944685
Epoch 21526, loss 4.938609
Epoch 21527, loss 4.941796
Epoch 21528, loss 4.951356
Epoch 21529, loss 4.963965
Epoch 21530, loss 4.976723
Epoch 21531, loss 4.987603
Epoch 21532, loss 4.995362
Epoch 21533, loss 4.999990
Epoch 21534, loss 5.001974
Epoch 21535, loss 5.002899
Epoch 21536, loss 5.004137
Epoch 21537, loss 5.007699
Epoch 21538, loss 5.015059
Epoch 21539, loss 5.027886
Epoch 21540, loss 5.047383
Epoch 21541, loss 5.075100
Epoch 21542, loss 5.112433
Epoch 21543, loss 5.160443
Epoch 21544, loss 5.219721
Epoch 21545, loss 5.289274
Epoch 21546, loss 5.367818
Epoch 21547, loss 5.450408
Epoch 21548, loss 5.530023
Epoch 21549, loss 5.591706
Epoch 21550, loss 5.623352
Epoch 21551, loss 5.613033
Epoch 21552, loss 5.557059
Epoch 21553, loss 5.451522
Epoch 21554, loss 5.319622
Epoch 21555, loss 5.188611
Epoch 21556, loss 5.084483
Epoch 21557, loss 5.016065
Epoch 21558, loss 4.990818
Epoch 21559, loss 5.005721
Epoch 21560, loss 5.040749
Epoch 21561, loss 5.086130
Epoch 21562, loss 5.121514
Epoch 21563, loss 5.139884
Epoch 21564, loss 5.136278
Epoch 21565, loss 5.114350
Epoch 21566, loss 5.080268
Epoch 21567, loss 5.046040
Epoch 21568, loss 5.017865
Epoch 21569, loss 5.004323
Epoch 21570, loss 5.005402
Epoch 21571, loss 5.020745
Epoch 21572, loss 5.045544
Epoch 21573, loss 5.071193
Epoch 21574, loss 5.093931
Epoch 21575, loss 5.112425
Epoch 21576, loss 5.123363
Epoch 21577, loss 5.123502
Epoch 21578, loss 5.114332
Epoch 21579, loss 5.105150
Epoch 21580, loss 5.095497
Epoch 21581, loss 5.086371
Epoch 21582, loss 5.075489
Epoch 21583, loss 5.071686
Epoch 21584, loss 5.067943
Epoch 21585, loss 5.069391
Epoch 21586, loss 5.068001
Epoch 21587, loss 5.069869
Epoch 21588, loss 5.075839
Epoch 21589, loss 5.089030
Epoch 21590, loss 5.113254
Epoch 21591, loss 5.148821
Epoch 21592, loss 5.197308
Epoch 21593, loss 5.272156
Epoch 21594, loss 5.360769
Epoch 21595, loss 5.481809
Epoch 21596, loss 5.618100
Epoch 21597, loss 5.764960
Epoch 21598, loss 5.890379
Epoch 21599, loss 5.992517
Epoch 21600, loss 6.036817
Epoch 21601, loss 6.004733
Epoch 21602, loss 5.878389
Epoch 21603, loss 5.666684
Epoch 21604, loss 5.423111
Epoch 21605, loss 5.216567
Epoch 21606, loss 5.081580
Epoch 21607, loss 5.027442
Epoch 21608, loss 5.047113
Epoch 21609, loss 5.118453
Epoch 21610, loss 5.196476
Epoch 21611, loss 5.240386
Epoch 21612, loss 5.240671
Epoch 21613, loss 5.193524
Epoch 21614, loss 5.113947
Epoch 21615, loss 5.031076
Epoch 21616, loss 4.972658
Epoch 21617, loss 4.948790
Epoch 21618, loss 4.952925
Epoch 21619, loss 4.977942
Epoch 21620, loss 5.004880
Epoch 21621, loss 5.020083
Epoch 21622, loss 5.021404
Epoch 21623, loss 5.010403
Epoch 21624, loss 4.988762
Epoch 21625, loss 4.966850
Epoch 21626, loss 4.952508
Epoch 21627, loss 4.946149
Epoch 21628, loss 4.947868
Epoch 21629, loss 4.955952
Epoch 21630, loss 4.965572
Epoch 21631, loss 4.971969
Epoch 21632, loss 4.975184
Epoch 21633, loss 4.974258
Epoch 21634, loss 4.969978
Epoch 21635, loss 4.965332
Epoch 21636, loss 4.963576
Epoch 21637, loss 4.965010
Epoch 21638, loss 4.971566
Epoch 21639, loss 4.983548
Epoch 21640, loss 5.000087
Epoch 21641, loss 5.020060
Epoch 21642, loss 5.044293
Epoch 21643, loss 5.072907
Epoch 21644, loss 5.108706
Epoch 21645, loss 5.151702
Epoch 21646, loss 5.204100
Epoch 21647, loss 5.261647
Epoch 21648, loss 5.326787
Epoch 21649, loss 5.394225
Epoch 21650, loss 5.466006
Epoch 21651, loss 5.519211
Epoch 21652, loss 5.543106
Epoch 21653, loss 5.520110
Epoch 21654, loss 5.463246
Epoch 21655, loss 5.369724
Epoch 21656, loss 5.258243
Epoch 21657, loss 5.141456
Epoch 21658, loss 5.048028
Epoch 21659, loss 4.987996
Epoch 21660, loss 4.966394
Epoch 21661, loss 4.977836
Epoch 21662, loss 5.013521
Epoch 21663, loss 5.061384
Epoch 21664, loss 5.110733
Epoch 21665, loss 5.155569
Epoch 21666, loss 5.189973
Epoch 21667, loss 5.216963
Epoch 21668, loss 5.237097
Epoch 21669, loss 5.259621
Epoch 21670, loss 5.286881
Epoch 21671, loss 5.328561
Epoch 21672, loss 5.381586
Epoch 21673, loss 5.447793
Epoch 21674, loss 5.513273
Epoch 21675, loss 5.571579
Epoch 21676, loss 5.598624
Epoch 21677, loss 5.584260
Epoch 21678, loss 5.512907
Epoch 21679, loss 5.397209
Epoch 21680, loss 5.254589
Epoch 21681, loss 5.120096
Epoch 21682, loss 5.017840
Epoch 21683, loss 4.959700
Epoch 21684, loss 4.944854
Epoch 21685, loss 4.961845
Epoch 21686, loss 4.993963
Epoch 21687, loss 5.025966
Epoch 21688, loss 5.046416
Epoch 21689, loss 5.050903
Epoch 21690, loss 5.038157
Epoch 21691, loss 5.013886
Epoch 21692, loss 4.988045
Epoch 21693, loss 4.966516
Epoch 21694, loss 4.951673
Epoch 21695, loss 4.943341
Epoch 21696, loss 4.939656
Epoch 21697, loss 4.938297
Epoch 21698, loss 4.937158
Epoch 21699, loss 4.935068
Epoch 21700, loss 4.931857
Epoch 21701, loss 4.928045
Epoch 21702, loss 4.924206
Epoch 21703, loss 4.921327
Epoch 21704, loss 4.920114
Epoch 21705, loss 4.920432
Epoch 21706, loss 4.922242
Epoch 21707, loss 4.925016
Epoch 21708, loss 4.928305
Epoch 21709, loss 4.931716
Epoch 21710, loss 4.935128
Epoch 21711, loss 4.938532
Epoch 21712, loss 4.942423
Epoch 21713, loss 4.947294
Epoch 21714, loss 4.954174
Epoch 21715, loss 4.963739
Epoch 21716, loss 4.977598
Epoch 21717, loss 4.997052
Epoch 21718, loss 5.025575
Epoch 21719, loss 5.064880
Epoch 21720, loss 5.120018
Epoch 21721, loss 5.191891
Epoch 21722, loss 5.287951
Epoch 21723, loss 5.406423
Epoch 21724, loss 5.556748
Epoch 21725, loss 5.721354
Epoch 21726, loss 5.899674
Epoch 21727, loss 6.045793
Epoch 21728, loss 6.149428
Epoch 21729, loss 6.140498
Epoch 21730, loss 6.021905
Epoch 21731, loss 5.780121
Epoch 21732, loss 5.495964
Epoch 21733, loss 5.223564
Epoch 21734, loss 5.031676
Epoch 21735, loss 4.949632
Epoch 21736, loss 4.969436
Epoch 21737, loss 5.052328
Epoch 21738, loss 5.151245
Epoch 21739, loss 5.226030
Epoch 21740, loss 5.248342
Epoch 21741, loss 5.217769
Epoch 21742, loss 5.146786
Epoch 21743, loss 5.071000
Epoch 21744, loss 5.010489
Epoch 21745, loss 4.976198
Epoch 21746, loss 4.970296
Epoch 21747, loss 4.983303
Epoch 21748, loss 5.005381
Epoch 21749, loss 5.025399
Epoch 21750, loss 5.038880
Epoch 21751, loss 5.042732
Epoch 21752, loss 5.043017
Epoch 21753, loss 5.041876
Epoch 21754, loss 5.045684
Epoch 21755, loss 5.055302
Epoch 21756, loss 5.072339
Epoch 21757, loss 5.094954
Epoch 21758, loss 5.122791
Epoch 21759, loss 5.152951
Epoch 21760, loss 5.184543
Epoch 21761, loss 5.213591
Epoch 21762, loss 5.237761
Epoch 21763, loss 5.251259
Epoch 21764, loss 5.252467
Epoch 21765, loss 5.236806
Epoch 21766, loss 5.207640
Epoch 21767, loss 5.166397
Epoch 21768, loss 5.122527
Epoch 21769, loss 5.080629
Epoch 21770, loss 5.048552
Epoch 21771, loss 5.025490
Epoch 21772, loss 5.012571
Epoch 21773, loss 5.007112
Epoch 21774, loss 5.008240
Epoch 21775, loss 5.005640
Epoch 21776, loss 4.999261
Epoch 21777, loss 4.988716
Epoch 21778, loss 4.979561
Epoch 21779, loss 4.968453
Epoch 21780, loss 4.961530
Epoch 21781, loss 4.959557
Epoch 21782, loss 4.964840
Epoch 21783, loss 4.973454
Epoch 21784, loss 4.988043
Epoch 21785, loss 5.004476
Epoch 21786, loss 5.026083
Epoch 21787, loss 5.048558
Epoch 21788, loss 5.078445
Epoch 21789, loss 5.113058
Epoch 21790, loss 5.157473
Epoch 21791, loss 5.208896
Epoch 21792, loss 5.276165
Epoch 21793, loss 5.352612
Epoch 21794, loss 5.438583
Epoch 21795, loss 5.523075
Epoch 21796, loss 5.613281
Epoch 21797, loss 5.679987
Epoch 21798, loss 5.731234
Epoch 21799, loss 5.731568
Epoch 21800, loss 5.710107
Epoch 21801, loss 5.629795
Epoch 21802, loss 5.531936
Epoch 21803, loss 5.401372
Epoch 21804, loss 5.281227
Epoch 21805, loss 5.160862
Epoch 21806, loss 5.077038
Epoch 21807, loss 5.015329
Epoch 21808, loss 4.991473
Epoch 21809, loss 4.985088
Epoch 21810, loss 5.001405
Epoch 21811, loss 5.026714
Epoch 21812, loss 5.050967
Epoch 21813, loss 5.069179
Epoch 21814, loss 5.084500
Epoch 21815, loss 5.087741
Epoch 21816, loss 5.079341
Epoch 21817, loss 5.054191
Epoch 21818, loss 5.017145
Epoch 21819, loss 4.976905
Epoch 21820, loss 4.941221
Epoch 21821, loss 4.918040
Epoch 21822, loss 4.922502
Epoch 21823, loss 4.914401
Epoch 21824, loss 4.923648
Epoch 21825, loss 4.930935
Epoch 21826, loss 4.938384
Epoch 21827, loss 4.943847
Epoch 21828, loss 4.947024
Epoch 21829, loss 4.948569
Epoch 21830, loss 4.948579
Epoch 21831, loss 4.948237
Epoch 21832, loss 4.947652
Epoch 21833, loss 4.951595
Epoch 21834, loss 4.973790
Epoch 21835, loss 4.977745
Epoch 21836, loss 5.009952
Epoch 21837, loss 5.050795
Epoch 21838, loss 5.098678
Epoch 21839, loss 5.144173
Epoch 21840, loss 5.187777
Epoch 21841, loss 5.219123
Epoch 21842, loss 5.247132
Epoch 21843, loss 5.272818
Epoch 21844, loss 5.297886
Epoch 21845, loss 5.313081
Epoch 21846, loss 5.312019
Epoch 21847, loss 5.278906
Epoch 21848, loss 5.223263
Epoch 21849, loss 5.166758
Epoch 21850, loss 5.148513
Epoch 21851, loss 5.114375
Epoch 21852, loss 5.109668
Epoch 21853, loss 5.094400
Epoch 21854, loss 5.086237
Epoch 21855, loss 5.073906
Epoch 21856, loss 5.065944
Epoch 21857, loss 5.071262
Epoch 21858, loss 5.075523
Epoch 21859, loss 5.078074
Epoch 21860, loss 5.078581
Epoch 21861, loss 5.069873
Epoch 21862, loss 5.049954
Epoch 21863, loss 5.025754
Epoch 21864, loss 5.003811
Epoch 21865, loss 5.064354
Epoch 21866, loss 5.192504
Epoch 21867, loss 5.353923
Epoch 21868, loss 5.558532
Epoch 21869, loss 5.779217
Epoch 21870, loss 6.011096
Epoch 21871, loss 6.079447
Epoch 21872, loss 6.033731
Epoch 21873, loss 5.929323
Epoch 21874, loss 5.719320
Epoch 21875, loss 5.502332
Epoch 21876, loss 5.356706
Epoch 21877, loss 5.289925
Epoch 21878, loss 5.296242
Epoch 21879, loss 5.361180
Epoch 21880, loss 5.417457
Epoch 21881, loss 5.426744
Epoch 21882, loss 5.377926
Epoch 21883, loss 5.290770
Epoch 21884, loss 5.204554
Epoch 21885, loss 5.148594
Epoch 21886, loss 5.141900
Epoch 21887, loss 5.178528
Epoch 21888, loss 5.221408
Epoch 21889, loss 5.241536
Epoch 21890, loss 5.237204
Epoch 21891, loss 5.196283
Epoch 21892, loss 5.137982
Epoch 21893, loss 5.096683
Epoch 21894, loss 5.075481
Epoch 21895, loss 5.072153
Epoch 21896, loss 5.091347
Epoch 21897, loss 5.114033
Epoch 21898, loss 5.123033
Epoch 21899, loss 5.123760
Epoch 21900, loss 5.114585
Epoch 21901, loss 5.095681
Epoch 21902, loss 5.079959
Epoch 21903, loss 5.072543
Epoch 21904, loss 5.070233
Epoch 21905, loss 5.075361
Epoch 21906, loss 5.085612
Epoch 21907, loss 5.093760
Epoch 21908, loss 5.099339
Epoch 21909, loss 5.104740
Epoch 21910, loss 5.108642
Epoch 21911, loss 5.115718
Epoch 21912, loss 5.130395
Epoch 21913, loss 5.154407
Epoch 21914, loss 5.188900
Epoch 21915, loss 5.237477
Epoch 21916, loss 5.299711
Epoch 21917, loss 5.380941
Epoch 21918, loss 5.482054
Epoch 21919, loss 5.613994
Epoch 21920, loss 5.772841
Epoch 21921, loss 5.972364
Epoch 21922, loss 6.188117
Epoch 21923, loss 6.426960
Epoch 21924, loss 6.620225
Epoch 21925, loss 6.763296
Epoch 21926, loss 6.756593
Epoch 21927, loss 6.625618
Epoch 21928, loss 6.334896
Epoch 21929, loss 5.992296
Epoch 21930, loss 5.664483
Epoch 21931, loss 5.453004
Epoch 21932, loss 5.387938
Epoch 21933, loss 5.449383
Epoch 21934, loss 5.568172
Epoch 21935, loss 5.656576
Epoch 21936, loss 5.659375
Epoch 21937, loss 5.551903
Epoch 21938, loss 5.380807
Epoch 21939, loss 5.206849
Epoch 21940, loss 5.095463
Epoch 21941, loss 5.072775
Epoch 21942, loss 5.124919
Epoch 21943, loss 5.209066
Epoch 21944, loss 5.276258
Epoch 21945, loss 5.294474
Epoch 21946, loss 5.254713
Epoch 21947, loss 5.178290
Epoch 21948, loss 5.097306
Epoch 21949, loss 5.041981
Epoch 21950, loss 5.025031
Epoch 21951, loss 5.040965
Epoch 21952, loss 5.071190
Epoch 21953, loss 5.096984
Epoch 21954, loss 5.106522
Epoch 21955, loss 5.101768
Epoch 21956, loss 5.073444
Epoch 21957, loss 5.067209
Epoch 21958, loss 5.063190
Epoch 21959, loss 5.081138
Epoch 21960, loss 5.097331
Epoch 21961, loss 5.110330
Epoch 21962, loss 5.115921
Epoch 21963, loss 5.113679
Epoch 21964, loss 5.107242
Epoch 21965, loss 5.097597
Epoch 21966, loss 5.089289
Epoch 21967, loss 5.084975
Epoch 21968, loss 5.081386
Epoch 21969, loss 5.077891
Epoch 21970, loss 5.075212
Epoch 21971, loss 5.072217
Epoch 21972, loss 5.068546
Epoch 21973, loss 5.065454
Epoch 21974, loss 5.062684
Epoch 21975, loss 5.061305
Epoch 21976, loss 5.061121
Epoch 21977, loss 5.060823
Epoch 21978, loss 5.060430
Epoch 21979, loss 5.060087
Epoch 21980, loss 5.059120
Epoch 21981, loss 5.057463
Epoch 21982, loss 5.055354
Epoch 21983, loss 5.052871
Epoch 21984, loss 5.050418
Epoch 21985, loss 5.048096
Epoch 21986, loss 5.045777
Epoch 21987, loss 5.043817
Epoch 21988, loss 5.042482
Epoch 21989, loss 5.041440
Epoch 21990, loss 5.040634
Epoch 21991, loss 5.039995
Epoch 21992, loss 5.039384
Epoch 21993, loss 5.038769
Epoch 21994, loss 5.038162
Epoch 21995, loss 5.037535
Epoch 21996, loss 5.037144
Epoch 21997, loss 5.037277
Epoch 21998, loss 5.038077
Epoch 21999, loss 5.039760
Epoch 22000, loss 5.042751
Epoch 22001, loss 5.047415
Epoch 22002, loss 5.054298
Epoch 22003, loss 5.064138
Epoch 22004, loss 5.078075
Epoch 22005, loss 5.097628
Epoch 22006, loss 5.125493
Epoch 22007, loss 5.164398
Epoch 22008, loss 5.219453
Epoch 22009, loss 5.295431
Epoch 22010, loss 5.401245
Epoch 22011, loss 5.542104
Epoch 22012, loss 5.729332
Epoch 22013, loss 5.957799
Epoch 22014, loss 6.227178
Epoch 22015, loss 6.493309
Epoch 22016, loss 6.721829
Epoch 22017, loss 6.814531
Epoch 22018, loss 6.739057
Epoch 22019, loss 6.455109
Epoch 22020, loss 6.062364
Epoch 22021, loss 5.673478
Epoch 22022, loss 5.434580
Epoch 22023, loss 5.400636
Epoch 22024, loss 5.542795
Epoch 22025, loss 5.752105
Epoch 22026, loss 5.897911
Epoch 22027, loss 5.884331
Epoch 22028, loss 5.694985
Epoch 22029, loss 5.414189
Epoch 22030, loss 5.165969
Epoch 22031, loss 5.048729
Epoch 22032, loss 5.073717
Epoch 22033, loss 5.178417
Epoch 22034, loss 5.272684
Epoch 22035, loss 5.294739
Epoch 22036, loss 5.235204
Epoch 22037, loss 5.133710
Epoch 22038, loss 5.046142
Epoch 22039, loss 5.009696
Epoch 22040, loss 5.025036
Epoch 22041, loss 5.063591
Epoch 22042, loss 5.089668
Epoch 22043, loss 5.082332
Epoch 22044, loss 5.045307
Epoch 22045, loss 5.001031
Epoch 22046, loss 4.972849
Epoch 22047, loss 4.970048
Epoch 22048, loss 4.985690
Epoch 22049, loss 5.003848
Epoch 22050, loss 5.010856
Epoch 22051, loss 5.001917
Epoch 22052, loss 4.982274
Epoch 22053, loss 4.961704
Epoch 22054, loss 4.948216
Epoch 22055, loss 4.944629
Epoch 22056, loss 4.948643
Epoch 22057, loss 4.954912
Epoch 22058, loss 4.958273
Epoch 22059, loss 4.956393
Epoch 22060, loss 4.950397
Epoch 22061, loss 4.943493
Epoch 22062, loss 4.938663
Epoch 22063, loss 4.937064
Epoch 22064, loss 4.937818
Epoch 22065, loss 4.939065
Epoch 22066, loss 4.939141
Epoch 22067, loss 4.937432
Epoch 22068, loss 4.934324
Epoch 22069, loss 4.930888
Epoch 22070, loss 4.928166
Epoch 22071, loss 4.926688
Epoch 22072, loss 4.926340
Epoch 22073, loss 4.926522
Epoch 22074, loss 4.926530
Epoch 22075, loss 4.925912
Epoch 22076, loss 4.924599
Epoch 22077, loss 4.922894
Epoch 22078, loss 4.921170
Epoch 22079, loss 4.919866
Epoch 22080, loss 4.919213
Epoch 22081, loss 4.919181
Epoch 22082, loss 4.919514
Epoch 22083, loss 4.919960
Epoch 22084, loss 4.920332
Epoch 22085, loss 4.920613
Epoch 22086, loss 4.921007
Epoch 22087, loss 4.921794
Epoch 22088, loss 4.923370
Epoch 22089, loss 4.926070
Epoch 22090, loss 4.930378
Epoch 22091, loss 4.936927
Epoch 22092, loss 4.946613
Epoch 22093, loss 4.960459
Epoch 22094, loss 4.979907
Epoch 22095, loss 5.007482
Epoch 22096, loss 5.046518
Epoch 22097, loss 5.100959
Epoch 22098, loss 5.174669
Epoch 22099, loss 5.275220
Epoch 22100, loss 5.407782
Epoch 22101, loss 5.572783
Epoch 22102, loss 5.750212
Epoch 22103, loss 5.932908
Epoch 22104, loss 6.090493
Epoch 22105, loss 6.171552
Epoch 22106, loss 6.086418
Epoch 22107, loss 5.854993
Epoch 22108, loss 5.550472
Epoch 22109, loss 5.318684
Epoch 22110, loss 5.186459
Epoch 22111, loss 5.194182
Epoch 22112, loss 5.244997
Epoch 22113, loss 5.312799
Epoch 22114, loss 5.357269
Epoch 22115, loss 5.349022
Epoch 22116, loss 5.291778
Epoch 22117, loss 5.213006
Epoch 22118, loss 5.143418
Epoch 22119, loss 5.105690
Epoch 22120, loss 5.104810
Epoch 22121, loss 5.125041
Epoch 22122, loss 5.150392
Epoch 22123, loss 5.138549
Epoch 22124, loss 5.093020
Epoch 22125, loss 5.077042
Epoch 22126, loss 5.127116
Epoch 22127, loss 5.106984
Epoch 22128, loss 5.144915
Epoch 22129, loss 5.194749
Epoch 22130, loss 5.251958
Epoch 22131, loss 5.316666
Epoch 22132, loss 5.391441
Epoch 22133, loss 5.493174
Epoch 22134, loss 5.614903
Epoch 22135, loss 5.749434
Epoch 22136, loss 5.877857
Epoch 22137, loss 6.002320
Epoch 22138, loss 6.064018
Epoch 22139, loss 6.064276
Epoch 22140, loss 5.952859
Epoch 22141, loss 5.762075
Epoch 22142, loss 5.512174
Epoch 22143, loss 5.316295
Epoch 22144, loss 5.115417
Epoch 22145, loss 5.029306
Epoch 22146, loss 5.019714
Epoch 22147, loss 5.070602
Epoch 22148, loss 5.129191
Epoch 22149, loss 5.177939
Epoch 22150, loss 5.214938
Epoch 22151, loss 5.207924
Epoch 22152, loss 5.165561
Epoch 22153, loss 5.110175
Epoch 22154, loss 5.055192
Epoch 22155, loss 5.014281
Epoch 22156, loss 4.998628
Epoch 22157, loss 4.998290
Epoch 22158, loss 5.001259
Epoch 22159, loss 5.005801
Epoch 22160, loss 5.003694
Epoch 22161, loss 4.994587
Epoch 22162, loss 4.983911
Epoch 22163, loss 4.995036
Epoch 22164, loss 4.997124
Epoch 22165, loss 5.007350
Epoch 22166, loss 5.054067
Epoch 22167, loss 5.082063
Epoch 22168, loss 5.084572
Epoch 22169, loss 5.061008
Epoch 22170, loss 5.031292
Epoch 22171, loss 5.008810
Epoch 22172, loss 4.991747
Epoch 22173, loss 4.985886
Epoch 22174, loss 4.988023
Epoch 22175, loss 4.988782
Epoch 22176, loss 4.988460
Epoch 22177, loss 4.997166
Epoch 22178, loss 4.988796
Epoch 22179, loss 4.956283
Epoch 22180, loss 4.937547
Epoch 22181, loss 4.931205
Epoch 22182, loss 4.932836
Epoch 22183, loss 4.946503
Epoch 22184, loss 4.937501
Epoch 22185, loss 4.930343
Epoch 22186, loss 4.973104
Epoch 22187, loss 4.964649
Epoch 22188, loss 5.004647
Epoch 22189, loss 5.032735
Epoch 22190, loss 5.042131
Epoch 22191, loss 5.038624
Epoch 22192, loss 5.030083
Epoch 22193, loss 5.020814
Epoch 22194, loss 5.019890
Epoch 22195, loss 5.032471
Epoch 22196, loss 5.070075
Epoch 22197, loss 5.137066
Epoch 22198, loss 5.176547
Epoch 22199, loss 5.268636
Epoch 22200, loss 5.364331
Epoch 22201, loss 5.444513
Epoch 22202, loss 5.535880
Epoch 22203, loss 5.617666
Epoch 22204, loss 5.676246
Epoch 22205, loss 5.690661
Epoch 22206, loss 5.661086
Epoch 22207, loss 5.592613
Epoch 22208, loss 5.518791
Epoch 22209, loss 5.455148
Epoch 22210, loss 5.409387
Epoch 22211, loss 5.395450
Epoch 22212, loss 5.422517
Epoch 22213, loss 5.446231
Epoch 22214, loss 5.449476
Epoch 22215, loss 5.410502
Epoch 22216, loss 5.329828
Epoch 22217, loss 5.229266
Epoch 22218, loss 5.115299
Epoch 22219, loss 5.031612
Epoch 22220, loss 4.978821
Epoch 22221, loss 4.959477
Epoch 22222, loss 4.971687
Epoch 22223, loss 5.004778
Epoch 22224, loss 5.036468
Epoch 22225, loss 5.053000
Epoch 22226, loss 5.051080
Epoch 22227, loss 5.036090
Epoch 22228, loss 5.015379
Epoch 22229, loss 4.996344
Epoch 22230, loss 4.985649
Epoch 22231, loss 4.986009
Epoch 22232, loss 4.991718
Epoch 22233, loss 4.997832
Epoch 22234, loss 5.001526
Epoch 22235, loss 4.999448
Epoch 22236, loss 4.990567
Epoch 22237, loss 4.977214
Epoch 22238, loss 4.963223
Epoch 22239, loss 4.952242
Epoch 22240, loss 4.945803
Epoch 22241, loss 4.945172
Epoch 22242, loss 4.949540
Epoch 22243, loss 4.955557
Epoch 22244, loss 4.959125
Epoch 22245, loss 4.962211
Epoch 22246, loss 4.965952
Epoch 22247, loss 4.971436
Epoch 22248, loss 4.979955
Epoch 22249, loss 4.992265
Epoch 22250, loss 5.009403
Epoch 22251, loss 5.032147
Epoch 22252, loss 5.061751
Epoch 22253, loss 5.097704
Epoch 22254, loss 5.141937
Epoch 22255, loss 5.192898
Epoch 22256, loss 5.252244
Epoch 22257, loss 5.316116
Epoch 22258, loss 5.383534
Epoch 22259, loss 5.443708
Epoch 22260, loss 5.496751
Epoch 22261, loss 5.526525
Epoch 22262, loss 5.532469
Epoch 22263, loss 5.498534
Epoch 22264, loss 5.435013
Epoch 22265, loss 5.340762
Epoch 22266, loss 5.237895
Epoch 22267, loss 5.137594
Epoch 22268, loss 5.058018
Epoch 22269, loss 5.005227
Epoch 22270, loss 4.984180
Epoch 22271, loss 4.990184
Epoch 22272, loss 5.015800
Epoch 22273, loss 5.051089
Epoch 22274, loss 5.088205
Epoch 22275, loss 5.118581
Epoch 22276, loss 5.137972
Epoch 22277, loss 5.143534
Epoch 22278, loss 5.137241
Epoch 22279, loss 5.120699
Epoch 22280, loss 5.100463
Epoch 22281, loss 5.081223
Epoch 22282, loss 5.068903
Epoch 22283, loss 5.065079
Epoch 22284, loss 5.072474
Epoch 22285, loss 5.087952
Epoch 22286, loss 5.110769
Epoch 22287, loss 5.135705
Epoch 22288, loss 5.161697
Epoch 22289, loss 5.182951
Epoch 22290, loss 5.200803
Epoch 22291, loss 5.210668
Epoch 22292, loss 5.217771
Epoch 22293, loss 5.218423
Epoch 22294, loss 5.218871
Epoch 22295, loss 5.214995
Epoch 22296, loss 5.212039
Epoch 22297, loss 5.205842
Epoch 22298, loss 5.200853
Epoch 22299, loss 5.191502
Epoch 22300, loss 5.180860
Epoch 22301, loss 5.163651
Epoch 22302, loss 5.142789
Epoch 22303, loss 5.115483
Epoch 22304, loss 5.085166
Epoch 22305, loss 5.051324
Epoch 22306, loss 5.017535
Epoch 22307, loss 4.984758
Epoch 22308, loss 4.955755
Epoch 22309, loss 4.931341
Epoch 22310, loss 4.912678
Epoch 22311, loss 4.899557
Epoch 22312, loss 4.891663
Epoch 22313, loss 4.888106
Epoch 22314, loss 4.887891
Epoch 22315, loss 4.890032
Epoch 22316, loss 4.893607
Epoch 22317, loss 4.897945
Epoch 22318, loss 4.902524
Epoch 22319, loss 4.907071
Epoch 22320, loss 4.911417
Epoch 22321, loss 4.915636
Epoch 22322, loss 4.919796
Epoch 22323, loss 4.924239
Epoch 22324, loss 4.929100
Epoch 22325, loss 4.934927
Epoch 22326, loss 4.941911
Epoch 22327, loss 4.950812
Epoch 22328, loss 4.961870
Epoch 22329, loss 4.976231
Epoch 22330, loss 4.994167
Epoch 22331, loss 5.017458
Epoch 22332, loss 5.046423
Epoch 22333, loss 5.083766
Epoch 22334, loss 5.129457
Epoch 22335, loss 5.187449
Epoch 22336, loss 5.255954
Epoch 22337, loss 5.339772
Epoch 22338, loss 5.432164
Epoch 22339, loss 5.536790
Epoch 22340, loss 5.636244
Epoch 22341, loss 5.730482
Epoch 22342, loss 5.788661
Epoch 22343, loss 5.810310
Epoch 22344, loss 5.765398
Epoch 22345, loss 5.669792
Epoch 22346, loss 5.522267
Epoch 22347, loss 5.361771
Epoch 22348, loss 5.212968
Epoch 22349, loss 5.108177
Epoch 22350, loss 5.059303
Epoch 22351, loss 5.066397
Epoch 22352, loss 5.114827
Epoch 22353, loss 5.183829
Epoch 22354, loss 5.251048
Epoch 22355, loss 5.296519
Epoch 22356, loss 5.309840
Epoch 22357, loss 5.288521
Epoch 22358, loss 5.243930
Epoch 22359, loss 5.194161
Epoch 22360, loss 5.153682
Epoch 22361, loss 5.135667
Epoch 22362, loss 5.151517
Epoch 22363, loss 5.203300
Epoch 22364, loss 5.273018
Epoch 22365, loss 5.339547
Epoch 22366, loss 5.387158
Epoch 22367, loss 5.418895
Epoch 22368, loss 5.418430
Epoch 22369, loss 5.394554
Epoch 22370, loss 5.488307
Epoch 22371, loss 5.763060
Epoch 22372, loss 6.154540
Epoch 22373, loss 6.504170
Epoch 22374, loss 6.628785
Epoch 22375, loss 6.514922
Epoch 22376, loss 6.147552
Epoch 22377, loss 5.660472
Epoch 22378, loss 5.250956
Epoch 22379, loss 5.069290
Epoch 22380, loss 5.124523
Epoch 22381, loss 5.282840
Epoch 22382, loss 5.455745
Epoch 22383, loss 5.523093
Epoch 22384, loss 5.454363
Epoch 22385, loss 5.272790
Epoch 22386, loss 5.105777
Epoch 22387, loss 5.045705
Epoch 22388, loss 5.049805
Epoch 22389, loss 5.085745
Epoch 22390, loss 5.095439
Epoch 22391, loss 5.074916
Epoch 22392, loss 5.044366
Epoch 22393, loss 5.021422
Epoch 22394, loss 5.007509
Epoch 22395, loss 4.990046
Epoch 22396, loss 4.974595
Epoch 22397, loss 4.956442
Epoch 22398, loss 4.941937
Epoch 22399, loss 4.941174
Epoch 22400, loss 4.958155
Epoch 22401, loss 4.974008
Epoch 22402, loss 4.971156
Epoch 22403, loss 4.958660
Epoch 22404, loss 4.940788
Epoch 22405, loss 4.922250
Epoch 22406, loss 4.910075
Epoch 22407, loss 4.911515
Epoch 22408, loss 4.920859
Epoch 22409, loss 4.926144
Epoch 22410, loss 4.930448
Epoch 22411, loss 4.927788
Epoch 22412, loss 4.919802
Epoch 22413, loss 4.912702
Epoch 22414, loss 4.909135
Epoch 22415, loss 4.908533
Epoch 22416, loss 4.909219
Epoch 22417, loss 4.911474
Epoch 22418, loss 4.912194
Epoch 22419, loss 4.910600
Epoch 22420, loss 4.908848
Epoch 22421, loss 4.908879
Epoch 22422, loss 4.908887
Epoch 22423, loss 4.908863
Epoch 22424, loss 4.908333
Epoch 22425, loss 4.906994
Epoch 22426, loss 4.905486
Epoch 22427, loss 4.903969
Epoch 22428, loss 4.903564
Epoch 22429, loss 4.903870
Epoch 22430, loss 4.904598
Epoch 22431, loss 4.905355
Epoch 22432, loss 4.905557
Epoch 22433, loss 4.905193
Epoch 22434, loss 4.904616
Epoch 22435, loss 4.904145
Epoch 22436, loss 4.903765
Epoch 22437, loss 4.903794
Epoch 22438, loss 4.904379
Epoch 22439, loss 4.905489
Epoch 22440, loss 4.906851
Epoch 22441, loss 4.908519
Epoch 22442, loss 4.910688
Epoch 22443, loss 4.913437
Epoch 22444, loss 4.917182
Epoch 22445, loss 4.922326
Epoch 22446, loss 4.929515
Epoch 22447, loss 4.939486
Epoch 22448, loss 4.953403
Epoch 22449, loss 4.972680
Epoch 22450, loss 4.999698
Epoch 22451, loss 5.037199
Epoch 22452, loss 5.089715
Epoch 22453, loss 5.161502
Epoch 22454, loss 5.259562
Epoch 22455, loss 5.387489
Epoch 22456, loss 5.551516
Epoch 22457, loss 5.742400
Epoch 22458, loss 5.950360
Epoch 22459, loss 6.127597
Epoch 22460, loss 6.235300
Epoch 22461, loss 6.200796
Epoch 22462, loss 6.023055
Epoch 22463, loss 5.722221
Epoch 22464, loss 5.412303
Epoch 22465, loss 5.191802
Epoch 22466, loss 5.130231
Epoch 22467, loss 5.212845
Epoch 22468, loss 5.371648
Epoch 22469, loss 5.509603
Epoch 22470, loss 5.555569
Epoch 22471, loss 5.480336
Epoch 22472, loss 5.322163
Epoch 22473, loss 5.151925
Epoch 22474, loss 5.040738
Epoch 22475, loss 5.015079
Epoch 22476, loss 5.055085
Epoch 22477, loss 5.110835
Epoch 22478, loss 5.137101
Epoch 22479, loss 5.112815
Epoch 22480, loss 5.052182
Epoch 22481, loss 4.988006
Epoch 22482, loss 4.952892
Epoch 22483, loss 4.960032
Epoch 22484, loss 5.000288
Epoch 22485, loss 5.050985
Epoch 22486, loss 5.089643
Epoch 22487, loss 5.106014
Epoch 22488, loss 5.103645
Epoch 22489, loss 5.097480
Epoch 22490, loss 5.102100
Epoch 22491, loss 5.126179
Epoch 22492, loss 5.166922
Epoch 22493, loss 5.214816
Epoch 22494, loss 5.257112
Epoch 22495, loss 5.284887
Epoch 22496, loss 5.294143
Epoch 22497, loss 5.286584
Epoch 22498, loss 5.266507
Epoch 22499, loss 5.238049
Epoch 22500, loss 5.203010
Epoch 22501, loss 5.161695
Epoch 22502, loss 5.114949
Epoch 22503, loss 5.065089
Epoch 22504, loss 5.017297
Epoch 22505, loss 4.977369
Epoch 22506, loss 4.950573
Epoch 22507, loss 4.938664
Epoch 22508, loss 4.940033
Epoch 22509, loss 4.949942
Epoch 22510, loss 4.962963
Epoch 22511, loss 4.973941
Epoch 22512, loss 4.980371
Epoch 22513, loss 4.981213
Epoch 22514, loss 4.978102
Epoch 22515, loss 4.972514
Epoch 22516, loss 4.966754
Epoch 22517, loss 4.961592
Epoch 22518, loss 4.957947
Epoch 22519, loss 4.955572
Epoch 22520, loss 4.954815
Epoch 22521, loss 4.955611
Epoch 22522, loss 4.958684
Epoch 22523, loss 4.964358
Epoch 22524, loss 4.973619
Epoch 22525, loss 4.986691
Epoch 22526, loss 5.004602
Epoch 22527, loss 5.027340
Epoch 22528, loss 5.056577
Epoch 22529, loss 5.092453
Epoch 22530, loss 5.138350
Epoch 22531, loss 5.194315
Epoch 22532, loss 5.265740
Epoch 22533, loss 5.350283
Epoch 22534, loss 5.454041
Epoch 22535, loss 5.566810
Epoch 22536, loss 5.691893
Epoch 22537, loss 5.802081
Epoch 22538, loss 5.894640
Epoch 22539, loss 5.925083
Epoch 22540, loss 5.895576
Epoch 22541, loss 5.775306
Epoch 22542, loss 5.598896
Epoch 22543, loss 5.383989
Epoch 22544, loss 5.187318
Epoch 22545, loss 5.041453
Epoch 22546, loss 4.969664
Epoch 22547, loss 4.967628
Epoch 22548, loss 5.015027
Epoch 22549, loss 5.082227
Epoch 22550, loss 5.140328
Epoch 22551, loss 5.170654
Epoch 22552, loss 5.163718
Epoch 22553, loss 5.126531
Epoch 22554, loss 5.070063
Epoch 22555, loss 5.012177
Epoch 22556, loss 4.965143
Epoch 22557, loss 4.936872
Epoch 22558, loss 4.927853
Epoch 22559, loss 4.933718
Epoch 22560, loss 4.947433
Epoch 22561, loss 4.961816
Epoch 22562, loss 4.971774
Epoch 22563, loss 4.974476
Epoch 22564, loss 4.970303
Epoch 22565, loss 4.960799
Epoch 22566, loss 4.948996
Epoch 22567, loss 4.937363
Epoch 22568, loss 4.928015
Epoch 22569, loss 4.921907
Epoch 22570, loss 4.919195
Epoch 22571, loss 4.919317
Epoch 22572, loss 4.921400
Epoch 22573, loss 4.924530
Epoch 22574, loss 4.927842
Epoch 22575, loss 4.930820
Epoch 22576, loss 4.933098
Epoch 22577, loss 4.934727
Epoch 22578, loss 4.935815
Epoch 22579, loss 4.936826
Epoch 22580, loss 4.938164
Epoch 22581, loss 4.940543
Epoch 22582, loss 4.944523
Epoch 22583, loss 4.951036
Epoch 22584, loss 4.960872
Epoch 22585, loss 4.975295
Epoch 22586, loss 4.995333
Epoch 22587, loss 5.022746
Epoch 22588, loss 5.058990
Epoch 22589, loss 5.106663
Epoch 22590, loss 5.167408
Epoch 22591, loss 5.243959
Epoch 22592, loss 5.335951
Epoch 22593, loss 5.442899
Epoch 22594, loss 5.556876
Epoch 22595, loss 5.667623
Epoch 22596, loss 5.753072
Epoch 22597, loss 5.793154
Epoch 22598, loss 5.763629
Epoch 22599, loss 5.662865
Epoch 22600, loss 5.502297
Epoch 22601, loss 5.324348
Epoch 22602, loss 5.170088
Epoch 22603, loss 5.077661
Epoch 22604, loss 5.056315
Epoch 22605, loss 5.095319
Epoch 22606, loss 5.164348
Epoch 22607, loss 5.233508
Epoch 22608, loss 5.272819
Epoch 22609, loss 5.273323
Epoch 22610, loss 5.233549
Epoch 22611, loss 5.174988
Epoch 22612, loss 5.118251
Epoch 22613, loss 5.087253
Epoch 22614, loss 5.089773
Epoch 22615, loss 5.125085
Epoch 22616, loss 5.176446
Epoch 22617, loss 5.229435
Epoch 22618, loss 5.263514
Epoch 22619, loss 5.274207
Epoch 22620, loss 5.256774
Epoch 22621, loss 5.224669
Epoch 22622, loss 5.184599
Epoch 22623, loss 5.151866
Epoch 22624, loss 5.128888
Epoch 22625, loss 5.119236
Epoch 22626, loss 5.115084
Epoch 22627, loss 5.112439
Epoch 22628, loss 5.103119
Epoch 22629, loss 5.087198
Epoch 22630, loss 5.063855
Epoch 22631, loss 5.038806
Epoch 22632, loss 5.015022
Epoch 22633, loss 4.996874
Epoch 22634, loss 4.984366
Epoch 22635, loss 4.976899
Epoch 22636, loss 4.971382
Epoch 22637, loss 4.965661
Epoch 22638, loss 4.957669
Epoch 22639, loss 4.947413
Epoch 22640, loss 4.935558
Epoch 22641, loss 4.923927
Epoch 22642, loss 4.914100
Epoch 22643, loss 4.907344
Epoch 22644, loss 4.903986
Epoch 22645, loss 4.903717
Epoch 22646, loss 4.905645
Epoch 22647, loss 4.908796
Epoch 22648, loss 4.912282
Epoch 22649, loss 4.915655
Epoch 22650, loss 4.918773
Epoch 22651, loss 4.922039
Epoch 22652, loss 4.925932
Epoch 22653, loss 4.931262
Epoch 22654, loss 4.938675
Epoch 22655, loss 4.949158
Epoch 22656, loss 4.963308
Epoch 22657, loss 4.982425
Epoch 22658, loss 5.007208
Epoch 22659, loss 5.039915
Epoch 22660, loss 5.081557
Epoch 22661, loss 5.136038
Epoch 22662, loss 5.203758
Epoch 22663, loss 5.289911
Epoch 22664, loss 5.391535
Epoch 22665, loss 5.513141
Epoch 22666, loss 5.639557
Epoch 22667, loss 5.767724
Epoch 22668, loss 5.862945
Epoch 22669, loss 5.917125
Epoch 22670, loss 5.887938
Epoch 22671, loss 5.788655
Epoch 22672, loss 5.616705
Epoch 22673, loss 5.430540
Epoch 22674, loss 5.269018
Epoch 22675, loss 5.183486
Epoch 22676, loss 5.185132
Epoch 22677, loss 5.266781
Epoch 22678, loss 5.390459
Epoch 22679, loss 5.514558
Epoch 22680, loss 5.590240
Epoch 22681, loss 5.593714
Epoch 22682, loss 5.517273
Epoch 22683, loss 5.393816
Epoch 22684, loss 5.262703
Epoch 22685, loss 5.169341
Epoch 22686, loss 5.127511
Epoch 22687, loss 5.130218
Epoch 22688, loss 5.146023
Epoch 22689, loss 5.148544
Epoch 22690, loss 5.118600
Epoch 22691, loss 5.061777
Epoch 22692, loss 4.994511
Epoch 22693, loss 4.940358
Epoch 22694, loss 4.914319
Epoch 22695, loss 4.918351
Epoch 22696, loss 4.942250
Epoch 22697, loss 4.970155
Epoch 22698, loss 4.989143
Epoch 22699, loss 4.992563
Epoch 22700, loss 4.983573
Epoch 22701, loss 4.968896
Epoch 22702, loss 4.957598
Epoch 22703, loss 4.953932
Epoch 22704, loss 4.958552
Epoch 22705, loss 4.967033
Epoch 22706, loss 4.974512
Epoch 22707, loss 4.976266
Epoch 22708, loss 4.971312
Epoch 22709, loss 4.960773
Epoch 22710, loss 4.948515
Epoch 22711, loss 4.937906
Epoch 22712, loss 4.931780
Epoch 22713, loss 4.930407
Epoch 22714, loss 4.932958
Epoch 22715, loss 4.937101
Epoch 22716, loss 4.941324
Epoch 22717, loss 4.944228
Epoch 22718, loss 4.946332
Epoch 22719, loss 4.948287
Epoch 22720, loss 4.952048
Epoch 22721, loss 4.958669
Epoch 22722, loss 4.969743
Epoch 22723, loss 4.985467
Epoch 22724, loss 5.006756
Epoch 22725, loss 5.033130
Epoch 22726, loss 5.065668
Epoch 22727, loss 5.103427
Epoch 22728, loss 5.147672
Epoch 22729, loss 5.195856
Epoch 22730, loss 5.247601
Epoch 22731, loss 5.295627
Epoch 22732, loss 5.336147
Epoch 22733, loss 5.357453
Epoch 22734, loss 5.355826
Epoch 22735, loss 5.323345
Epoch 22736, loss 5.266103
Epoch 22737, loss 5.189555
Epoch 22738, loss 5.110082
Epoch 22739, loss 5.040645
Epoch 22740, loss 4.993514
Epoch 22741, loss 4.972115
Epoch 22742, loss 4.974635
Epoch 22743, loss 4.994740
Epoch 22744, loss 5.023977
Epoch 22745, loss 5.055225
Epoch 22746, loss 5.082090
Epoch 22747, loss 5.103007
Epoch 22748, loss 5.117178
Epoch 22749, loss 5.129935
Epoch 22750, loss 5.145083
Epoch 22751, loss 5.172082
Epoch 22752, loss 5.215075
Epoch 22753, loss 5.283758
Epoch 22754, loss 5.378516
Epoch 22755, loss 5.508056
Epoch 22756, loss 5.663579
Epoch 22757, loss 5.851342
Epoch 22758, loss 6.042175
Epoch 22759, loss 6.235463
Epoch 22760, loss 6.369633
Epoch 22761, loss 6.442098
Epoch 22762, loss 6.381359
Epoch 22763, loss 6.222114
Epoch 22764, loss 5.953922
Epoch 22765, loss 5.670256
Epoch 22766, loss 5.420266
Epoch 22767, loss 5.268745
Epoch 22768, loss 5.217135
Epoch 22769, loss 5.238990
Epoch 22770, loss 5.283374
Epoch 22771, loss 5.303620
Epoch 22772, loss 5.282259
Epoch 22773, loss 5.220365
Epoch 22774, loss 5.147442
Epoch 22775, loss 5.085562
Epoch 22776, loss 5.052934
Epoch 22777, loss 5.046718
Epoch 22778, loss 5.056625
Epoch 22779, loss 5.065878
Epoch 22780, loss 5.063436
Epoch 22781, loss 5.046079
Epoch 22782, loss 5.017782
Epoch 22783, loss 4.987976
Epoch 22784, loss 4.963602
Epoch 22785, loss 4.949419
Epoch 22786, loss 4.944958
Epoch 22787, loss 4.947421
Epoch 22788, loss 4.952050
Epoch 22789, loss 4.955228
Epoch 22790, loss 4.954590
Epoch 22791, loss 4.949721
Epoch 22792, loss 4.941471
Epoch 22793, loss 4.931527
Epoch 22794, loss 4.921959
Epoch 22795, loss 4.914193
Epoch 22796, loss 4.909063
Epoch 22797, loss 4.906485
Epoch 22798, loss 4.905831
Epoch 22799, loss 4.906153
Epoch 22800, loss 4.906504
Epoch 22801, loss 4.906245
Epoch 22802, loss 4.905156
Epoch 22803, loss 4.903399
Epoch 22804, loss 4.901373
Epoch 22805, loss 4.899548
Epoch 22806, loss 4.898214
Epoch 22807, loss 4.897424
Epoch 22808, loss 4.896989
Epoch 22809, loss 4.896637
Epoch 22810, loss 4.896122
Epoch 22811, loss 4.895315
Epoch 22812, loss 4.894264
Epoch 22813, loss 4.893117
Epoch 22814, loss 4.892077
Epoch 22815, loss 4.891288
Epoch 22816, loss 4.890818
Epoch 22817, loss 4.890625
Epoch 22818, loss 4.890597
Epoch 22819, loss 4.890578
Epoch 22820, loss 4.890435
Epoch 22821, loss 4.890085
Epoch 22822, loss 4.889510
Epoch 22823, loss 4.888768
Epoch 22824, loss 4.887952
Epoch 22825, loss 4.887186
Epoch 22826, loss 4.886567
Epoch 22827, loss 4.886178
Epoch 22828, loss 4.886052
Epoch 22829, loss 4.886200
Epoch 22830, loss 4.886600
Epoch 22831, loss 4.887240
Epoch 22832, loss 4.888117
Epoch 22833, loss 4.889256
Epoch 22834, loss 4.890739
Epoch 22835, loss 4.892686
Epoch 22836, loss 4.895335
Epoch 22837, loss 4.898985
Epoch 22838, loss 4.904143
Epoch 22839, loss 4.911405
Epoch 22840, loss 4.921869
Epoch 22841, loss 4.936823
Epoch 22842, loss 4.958659
Epoch 22843, loss 4.990072
Epoch 22844, loss 5.036174
Epoch 22845, loss 5.101980
Epoch 22846, loss 5.197455
Epoch 22847, loss 5.330441
Epoch 22848, loss 5.516914
Epoch 22849, loss 5.760102
Epoch 22850, loss 6.068503
Epoch 22851, loss 6.408090
Epoch 22852, loss 6.740039
Epoch 22853, loss 6.945009
Epoch 22854, loss 6.940845
Epoch 22855, loss 6.642091
Epoch 22856, loss 6.139480
Epoch 22857, loss 5.582497
Epoch 22858, loss 5.186154
Epoch 22859, loss 5.055266
Epoch 22860, loss 5.166399
Epoch 22861, loss 5.390727
Epoch 22862, loss 5.575778
Epoch 22863, loss 5.612249
Epoch 22864, loss 5.484647
Epoch 22865, loss 5.270801
Epoch 22866, loss 5.081147
Epoch 22867, loss 4.988665
Epoch 22868, loss 4.997579
Epoch 22869, loss 5.059372
Epoch 22870, loss 5.114669
Epoch 22871, loss 5.125606
Epoch 22872, loss 5.092158
Epoch 22873, loss 5.037792
Epoch 22874, loss 4.990588
Epoch 22875, loss 4.964733
Epoch 22876, loss 4.958926
Epoch 22877, loss 4.963847
Epoch 22878, loss 4.970388
Epoch 22879, loss 4.974245
Epoch 22880, loss 4.973778
Epoch 22881, loss 4.969051
Epoch 22882, loss 4.959030
Epoch 22883, loss 4.944571
Epoch 22884, loss 4.928491
Epoch 22885, loss 4.916026
Epoch 22886, loss 4.911383
Epoch 22887, loss 4.915179
Epoch 22888, loss 4.923404
Epoch 22889, loss 4.929750
Epoch 22890, loss 4.929116
Epoch 22891, loss 4.920784
Epoch 22892, loss 4.908358
Epoch 22893, loss 4.897736
Epoch 22894, loss 4.893497
Epoch 22895, loss 4.896659
Epoch 22896, loss 4.904407
Epoch 22897, loss 4.912253
Epoch 22898, loss 4.916441
Epoch 22899, loss 4.916027
Epoch 22900, loss 4.912567
Epoch 22901, loss 4.909522
Epoch 22902, loss 4.909890
Epoch 22903, loss 4.915477
Epoch 22904, loss 4.926043
Epoch 22905, loss 4.940813
Epoch 22906, loss 4.958540
Epoch 22907, loss 4.979866
Epoch 22908, loss 5.005774
Epoch 22909, loss 5.040310
Epoch 22910, loss 5.085927
Epoch 22911, loss 5.148993
Epoch 22912, loss 5.230456
Epoch 22913, loss 5.338534
Epoch 22914, loss 5.467843
Epoch 22915, loss 5.627080
Epoch 22916, loss 5.793045
Epoch 22917, loss 5.969035
Epoch 22918, loss 6.097235
Epoch 22919, loss 6.173347
Epoch 22920, loss 6.125003
Epoch 22921, loss 5.978749
Epoch 22922, loss 5.720235
Epoch 22923, loss 5.434682
Epoch 22924, loss 5.178418
Epoch 22925, loss 5.019978
Epoch 22926, loss 4.979284
Epoch 22927, loss 5.040566
Epoch 22928, loss 5.159491
Epoch 22929, loss 5.279508
Epoch 22930, loss 5.355973
Epoch 22931, loss 5.357001
Epoch 22932, loss 5.290726
Epoch 22933, loss 5.179277
Epoch 22934, loss 5.067349
Epoch 22935, loss 4.988339
Epoch 22936, loss 4.959774
Epoch 22937, loss 4.975986
Epoch 22938, loss 5.015624
Epoch 22939, loss 5.054674
Epoch 22940, loss 5.072244
Epoch 22941, loss 5.062775
Epoch 22942, loss 5.028209
Epoch 22943, loss 4.983422
Epoch 22944, loss 4.941914
Epoch 22945, loss 4.915534
Epoch 22946, loss 4.907532
Epoch 22947, loss 4.914438
Epoch 22948, loss 4.928384
Epoch 22949, loss 4.940742
Epoch 22950, loss 4.945847
Epoch 22951, loss 4.941555
Epoch 22952, loss 4.930077
Epoch 22953, loss 4.915234
Epoch 22954, loss 4.901603
Epoch 22955, loss 4.892175
Epoch 22956, loss 4.888190
Epoch 22957, loss 4.889034
Epoch 22958, loss 4.892945
Epoch 22959, loss 4.897813
Epoch 22960, loss 4.901779
Epoch 22961, loss 4.903845
Epoch 22962, loss 4.903693
Epoch 22963, loss 4.901961
Epoch 22964, loss 4.899536
Epoch 22965, loss 4.897608
Epoch 22966, loss 4.896927
Epoch 22967, loss 4.898081
Epoch 22968, loss 4.901241
Epoch 22969, loss 4.906473
Epoch 22970, loss 4.913764
Epoch 22971, loss 4.923284
Epoch 22972, loss 4.935552
Epoch 22973, loss 4.951417
Epoch 22974, loss 4.972129
Epoch 22975, loss 4.999269
Epoch 22976, loss 5.034964
Epoch 22977, loss 5.080893
Epoch 22978, loss 5.138854
Epoch 22979, loss 5.208978
Epoch 22980, loss 5.289562
Epoch 22981, loss 5.374858
Epoch 22982, loss 5.454504
Epoch 22983, loss 5.515373
Epoch 22984, loss 5.542559
Epoch 22985, loss 5.529977
Epoch 22986, loss 5.480126
Epoch 22987, loss 5.413363
Epoch 22988, loss 5.354223
Epoch 22989, loss 5.330457
Epoch 22990, loss 5.355438
Epoch 22991, loss 5.433072
Epoch 22992, loss 5.547678
Epoch 22993, loss 5.678190
Epoch 22994, loss 5.783805
Epoch 22995, loss 5.834712
Epoch 22996, loss 5.797473
Epoch 22997, loss 5.683471
Epoch 22998, loss 5.509644
Epoch 22999, loss 5.330498
Epoch 23000, loss 5.182868
Epoch 23001, loss 5.095142
Epoch 23002, loss 5.063805
Epoch 23003, loss 5.072609
Epoch 23004, loss 5.094563
Epoch 23005, loss 5.108189
Epoch 23006, loss 5.102232
Epoch 23007, loss 5.076810
Epoch 23008, loss 5.041769
Epoch 23009, loss 5.008161
Epoch 23010, loss 4.985229
Epoch 23011, loss 4.973724
Epoch 23012, loss 4.970729
Epoch 23013, loss 4.969962
Epoch 23014, loss 4.968191
Epoch 23015, loss 4.963684
Epoch 23016, loss 4.957857
Epoch 23017, loss 4.951737
Epoch 23018, loss 4.946058
Epoch 23019, loss 4.939974
Epoch 23020, loss 4.932264
Epoch 23021, loss 4.922607
Epoch 23022, loss 4.911367
Epoch 23023, loss 4.900715
Epoch 23024, loss 4.892283
Epoch 23025, loss 4.887924
Epoch 23026, loss 4.887645
Epoch 23027, loss 4.891453
Epoch 23028, loss 4.897295
Epoch 23029, loss 4.903637
Epoch 23030, loss 4.908175
Epoch 23031, loss 4.909994
Epoch 23032, loss 4.908490
Epoch 23033, loss 4.904514
Epoch 23034, loss 4.899380
Epoch 23035, loss 4.894612
Epoch 23036, loss 4.891308
Epoch 23037, loss 4.890098
Epoch 23038, loss 4.890976
Epoch 23039, loss 4.893623
Epoch 23040, loss 4.897454
Epoch 23041, loss 4.902151
Epoch 23042, loss 4.907337
Epoch 23043, loss 4.913317
Epoch 23044, loss 4.920165
Epoch 23045, loss 4.929034
Epoch 23046, loss 4.940398
Epoch 23047, loss 4.956422
Epoch 23048, loss 4.977746
Epoch 23049, loss 5.007815
Epoch 23050, loss 5.047509
Epoch 23051, loss 5.102458
Epoch 23052, loss 5.173254
Epoch 23053, loss 5.267306
Epoch 23054, loss 5.382542
Epoch 23055, loss 5.526131
Epoch 23056, loss 5.683130
Epoch 23057, loss 5.851172
Epoch 23058, loss 5.988330
Epoch 23059, loss 6.077202
Epoch 23060, loss 6.060344
Epoch 23061, loss 5.942031
Epoch 23062, loss 5.713865
Epoch 23063, loss 5.444573
Epoch 23064, loss 5.192939
Epoch 23065, loss 5.026338
Epoch 23066, loss 4.965203
Epoch 23067, loss 4.998217
Epoch 23068, loss 5.085655
Epoch 23069, loss 5.180109
Epoch 23070, loss 5.242033
Epoch 23071, loss 5.249371
Epoch 23072, loss 5.205414
Epoch 23073, loss 5.130769
Epoch 23074, loss 5.055672
Epoch 23075, loss 5.004279
Epoch 23076, loss 4.987462
Epoch 23077, loss 5.001372
Epoch 23078, loss 5.030870
Epoch 23079, loss 5.059743
Epoch 23080, loss 5.074629
Epoch 23081, loss 5.074228
Epoch 23082, loss 5.061243
Epoch 23083, loss 5.047443
Epoch 23084, loss 5.039674
Epoch 23085, loss 5.044779
Epoch 23086, loss 5.060093
Epoch 23087, loss 5.082555
Epoch 23088, loss 5.103420
Epoch 23089, loss 5.119692
Epoch 23090, loss 5.127316
Epoch 23091, loss 5.130430
Epoch 23092, loss 5.130761
Epoch 23093, loss 5.134589
Epoch 23094, loss 5.141400
Epoch 23095, loss 5.152500
Epoch 23096, loss 5.161403
Epoch 23097, loss 5.166234
Epoch 23098, loss 5.160231
Epoch 23099, loss 5.145118
Epoch 23100, loss 5.119388
Epoch 23101, loss 5.089586
Epoch 23102, loss 5.057492
Epoch 23103, loss 5.028928
Epoch 23104, loss 5.004041
Epoch 23105, loss 4.984338
Epoch 23106, loss 4.967395
Epoch 23107, loss 4.952500
Epoch 23108, loss 4.937663
Epoch 23109, loss 4.923044
Epoch 23110, loss 4.908674
Epoch 23111, loss 4.895789
Epoch 23112, loss 4.885236
Epoch 23113, loss 4.877686
Epoch 23114, loss 4.873224
Epoch 23115, loss 4.871436
Epoch 23116, loss 4.871625
Epoch 23117, loss 4.872941
Epoch 23118, loss 4.874763
Epoch 23119, loss 4.876597
Epoch 23120, loss 4.878230
Epoch 23121, loss 4.879644
Epoch 23122, loss 4.880959
Epoch 23123, loss 4.882351
Epoch 23124, loss 4.884092
Epoch 23125, loss 4.886321
Epoch 23126, loss 4.889363
Epoch 23127, loss 4.893333
Epoch 23128, loss 4.898611
Epoch 23129, loss 4.905363
Epoch 23130, loss 4.914200
Epoch 23131, loss 4.925442
Epoch 23132, loss 4.940194
Epoch 23133, loss 4.959054
Epoch 23134, loss 4.984084
Epoch 23135, loss 5.016234
Epoch 23136, loss 5.059161
Epoch 23137, loss 5.114029
Epoch 23138, loss 5.186997
Epoch 23139, loss 5.277948
Epoch 23140, loss 5.395981
Epoch 23141, loss 5.535014
Epoch 23142, loss 5.704515
Epoch 23143, loss 5.881044
Epoch 23144, loss 6.067950
Epoch 23145, loss 6.207976
Epoch 23146, loss 6.297210
Epoch 23147, loss 6.260475
Epoch 23148, loss 6.120049
Epoch 23149, loss 5.852518
Epoch 23150, loss 5.538528
Epoch 23151, loss 5.237144
Epoch 23152, loss 5.019182
Epoch 23153, loss 4.919922
Epoch 23154, loss 4.930032
Epoch 23155, loss 5.014320
Epoch 23156, loss 5.125495
Epoch 23157, loss 5.219352
Epoch 23158, loss 5.252677
Epoch 23159, loss 5.229701
Epoch 23160, loss 5.153928
Epoch 23161, loss 5.057137
Epoch 23162, loss 4.969072
Epoch 23163, loss 4.916792
Epoch 23164, loss 4.902675
Epoch 23165, loss 4.924737
Epoch 23166, loss 4.964860
Epoch 23167, loss 5.002351
Epoch 23168, loss 5.024670
Epoch 23169, loss 5.025188
Epoch 23170, loss 5.005593
Epoch 23171, loss 4.977070
Epoch 23172, loss 4.950198
Epoch 23173, loss 4.934730
Epoch 23174, loss 4.936413
Epoch 23175, loss 4.953248
Epoch 23176, loss 4.981794
Epoch 23177, loss 5.016345
Epoch 23178, loss 5.052354
Epoch 23179, loss 5.084876
Epoch 23180, loss 5.107840
Epoch 23181, loss 5.126209
Epoch 23182, loss 5.142042
Epoch 23183, loss 5.154320
Epoch 23184, loss 5.159666
Epoch 23185, loss 5.158745
Epoch 23186, loss 5.152307
Epoch 23187, loss 5.136360
Epoch 23188, loss 5.110356
Epoch 23189, loss 5.076559
Epoch 23190, loss 5.038032
Epoch 23191, loss 4.997989
Epoch 23192, loss 4.959929
Epoch 23193, loss 4.928569
Epoch 23194, loss 4.905009
Epoch 23195, loss 4.890530
Epoch 23196, loss 4.884080
Epoch 23197, loss 4.884631
Epoch 23198, loss 4.890530
Epoch 23199, loss 4.899458
Epoch 23200, loss 4.909660
Epoch 23201, loss 4.919149
Epoch 23202, loss 4.926945
Epoch 23203, loss 4.932343
Epoch 23204, loss 4.935307
Epoch 23205, loss 4.936423
Epoch 23206, loss 4.936387
Epoch 23207, loss 4.936503
Epoch 23208, loss 4.937469
Epoch 23209, loss 4.940677
Epoch 23210, loss 4.946714
Epoch 23211, loss 4.957114
Epoch 23212, loss 4.972228
Epoch 23213, loss 4.994003
Epoch 23214, loss 5.022614
Epoch 23215, loss 5.060754
Epoch 23216, loss 5.108450
Epoch 23217, loss 5.169361
Epoch 23218, loss 5.241722
Epoch 23219, loss 5.329084
Epoch 23220, loss 5.423067
Epoch 23221, loss 5.522974
Epoch 23222, loss 5.609664
Epoch 23223, loss 5.678619
Epoch 23224, loss 5.701299
Epoch 23225, loss 5.677762
Epoch 23226, loss 5.594963
Epoch 23227, loss 5.477895
Epoch 23228, loss 5.341543
Epoch 23229, loss 5.222451
Epoch 23230, loss 5.138979
Epoch 23231, loss 5.102181
Epoch 23232, loss 5.104015
Epoch 23233, loss 5.128495
Epoch 23234, loss 5.155821
Epoch 23235, loss 5.167807
Epoch 23236, loss 5.156729
Epoch 23237, loss 5.121623
Epoch 23238, loss 5.073738
Epoch 23239, loss 5.024793
Epoch 23240, loss 4.988957
Epoch 23241, loss 4.972886
Epoch 23242, loss 4.977734
Epoch 23243, loss 4.997309
Epoch 23244, loss 5.023377
Epoch 23245, loss 5.047210
Epoch 23246, loss 5.062255
Epoch 23247, loss 5.065563
Epoch 23248, loss 5.058249
Epoch 23249, loss 5.044533
Epoch 23250, loss 5.029769
Epoch 23251, loss 5.019186
Epoch 23252, loss 5.015591
Epoch 23253, loss 5.019861
Epoch 23254, loss 5.029474
Epoch 23255, loss 5.040899
Epoch 23256, loss 5.049621
Epoch 23257, loss 5.053177
Epoch 23258, loss 5.049460
Epoch 23259, loss 5.038975
Epoch 23260, loss 5.022972
Epoch 23261, loss 5.004875
Epoch 23262, loss 4.987154
Epoch 23263, loss 4.972260
Epoch 23264, loss 4.960749
Epoch 23265, loss 4.953239
Epoch 23266, loss 4.948683
Epoch 23267, loss 4.945930
Epoch 23268, loss 4.943551
Epoch 23269, loss 4.940375
Epoch 23270, loss 4.936044
Epoch 23271, loss 4.930241
Epoch 23272, loss 4.923500
Epoch 23273, loss 4.916196
Epoch 23274, loss 4.909182
Epoch 23275, loss 4.902783
Epoch 23276, loss 4.897512
Epoch 23277, loss 4.893293
Epoch 23278, loss 4.890180
Epoch 23279, loss 4.887877
Epoch 23280, loss 4.886216
Epoch 23281, loss 4.884895
Epoch 23282, loss 4.883818
Epoch 23283, loss 4.882836
Epoch 23284, loss 4.882003
Epoch 23285, loss 4.881382
Epoch 23286, loss 4.881146
Epoch 23287, loss 4.881428
Epoch 23288, loss 4.882514
Epoch 23289, loss 4.884540
Epoch 23290, loss 4.887866
Epoch 23291, loss 4.892799
Epoch 23292, loss 4.899800
Epoch 23293, loss 4.909431
Epoch 23294, loss 4.922583
Epoch 23295, loss 4.940266
Epoch 23296, loss 4.963823
Epoch 23297, loss 4.995387
Epoch 23298, loss 5.037494
Epoch 23299, loss 5.093558
Epoch 23300, loss 5.166648
Epoch 23301, loss 5.261931
Epoch 23302, loss 5.382325
Epoch 23303, loss 5.530588
Epoch 23304, loss 5.700254
Epoch 23305, loss 5.886106
Epoch 23306, loss 6.061722
Epoch 23307, loss 6.199077
Epoch 23308, loss 6.246728
Epoch 23309, loss 6.196617
Epoch 23310, loss 6.037231
Epoch 23311, loss 5.818833
Epoch 23312, loss 5.596589
Epoch 23313, loss 5.455941
Epoch 23314, loss 5.419123
Epoch 23315, loss 5.485392
Epoch 23316, loss 5.599627
Epoch 23317, loss 5.705721
Epoch 23318, loss 5.728287
Epoch 23319, loss 5.647878
Epoch 23320, loss 5.472751
Epoch 23321, loss 5.275701
Epoch 23322, loss 5.123958
Epoch 23323, loss 5.065403
Epoch 23324, loss 5.092750
Epoch 23325, loss 5.155296
Epoch 23326, loss 5.192735
Epoch 23327, loss 5.167035
Epoch 23328, loss 5.083317
Epoch 23329, loss 4.978478
Epoch 23330, loss 4.900903
Epoch 23331, loss 4.877114
Epoch 23332, loss 4.905390
Epoch 23333, loss 4.957198
Epoch 23334, loss 5.000003
Epoch 23335, loss 5.010358
Epoch 23336, loss 4.987340
Epoch 23337, loss 4.944882
Epoch 23338, loss 4.904648
Epoch 23339, loss 4.881733
Epoch 23340, loss 4.880808
Epoch 23341, loss 4.894359
Epoch 23342, loss 4.910655
Epoch 23343, loss 4.918475
Epoch 23344, loss 4.914158
Epoch 23345, loss 4.899775
Epoch 23346, loss 4.882692
Epoch 23347, loss 4.869581
Epoch 23348, loss 4.864600
Epoch 23349, loss 4.867116
Epoch 23350, loss 4.873693
Epoch 23351, loss 4.879239
Epoch 23352, loss 4.880861
Epoch 23353, loss 4.877686
Epoch 23354, loss 4.871675
Epoch 23355, loss 4.865551
Epoch 23356, loss 4.862377
Epoch 23357, loss 4.863306
Epoch 23358, loss 4.868310
Epoch 23359, loss 4.875914
Epoch 23360, loss 4.884709
Epoch 23361, loss 4.893534
Epoch 23362, loss 4.902762
Epoch 23363, loss 4.913077
Epoch 23364, loss 4.926817
Epoch 23365, loss 4.945605
Epoch 23366, loss 4.972656
Epoch 23367, loss 5.009369
Epoch 23368, loss 5.059738
Epoch 23369, loss 5.124392
Epoch 23370, loss 5.209223
Epoch 23371, loss 5.311967
Epoch 23372, loss 5.439883
Epoch 23373, loss 5.580253
Epoch 23374, loss 5.737174
Epoch 23375, loss 5.873837
Epoch 23376, loss 5.987001
Epoch 23377, loss 6.017171
Epoch 23378, loss 5.974038
Epoch 23379, loss 5.824560
Epoch 23380, loss 5.627262
Epoch 23381, loss 5.411983
Epoch 23382, loss 5.250525
Epoch 23383, loss 5.168858
Epoch 23384, loss 5.174366
Epoch 23385, loss 5.232683
Epoch 23386, loss 5.294283
Epoch 23387, loss 5.310400
Epoch 23388, loss 5.254177
Epoch 23389, loss 5.140270
Epoch 23390, loss 5.008775
Epoch 23391, loss 4.910512
Epoch 23392, loss 4.874233
Epoch 23393, loss 4.898055
Epoch 23394, loss 4.954303
Epoch 23395, loss 5.007197
Epoch 23396, loss 5.029815
Epoch 23397, loss 5.013249
Epoch 23398, loss 4.968739
Epoch 23399, loss 4.918029
Epoch 23400, loss 4.881859
Epoch 23401, loss 4.869739
Epoch 23402, loss 4.877805
Epoch 23403, loss 4.894107
Epoch 23404, loss 4.905663
Epoch 23405, loss 4.905520
Epoch 23406, loss 4.893773
Epoch 23407, loss 4.876800
Epoch 23408, loss 4.862043
Epoch 23409, loss 4.854702
Epoch 23410, loss 4.855544
Epoch 23411, loss 4.861631
Epoch 23412, loss 4.868446
Epoch 23413, loss 4.872216
Epoch 23414, loss 4.871561
Epoch 23415, loss 4.867301
Epoch 23416, loss 4.861842
Epoch 23417, loss 4.857543
Epoch 23418, loss 4.855849
Epoch 23419, loss 4.856820
Epoch 23420, loss 4.859489
Epoch 23421, loss 4.862445
Epoch 23422, loss 4.864685
Epoch 23423, loss 4.865855
Epoch 23424, loss 4.866407
Epoch 23425, loss 4.867255
Epoch 23426, loss 4.869476
Epoch 23427, loss 4.873991
Epoch 23428, loss 4.881422
Epoch 23429, loss 4.892107
Epoch 23430, loss 4.906445
Epoch 23431, loss 4.924817
Epoch 23432, loss 4.948194
Epoch 23433, loss 4.977331
Epoch 23434, loss 5.013738
Epoch 23435, loss 5.058124
Epoch 23436, loss 5.111052
Epoch 23437, loss 5.170149
Epoch 23438, loss 5.230903
Epoch 23439, loss 5.285911
Epoch 23440, loss 5.324736
Epoch 23441, loss 5.336394
Epoch 23442, loss 5.311379
Epoch 23443, loss 5.252528
Epoch 23444, loss 5.169505
Epoch 23445, loss 5.081027
Epoch 23446, loss 5.006895
Epoch 23447, loss 4.964121
Epoch 23448, loss 4.960959
Epoch 23449, loss 4.997628
Epoch 23450, loss 5.067679
Epoch 23451, loss 5.163015
Epoch 23452, loss 5.272848
Epoch 23453, loss 5.388909
Epoch 23454, loss 5.499932
Epoch 23455, loss 5.601376
Epoch 23456, loss 5.679093
Epoch 23457, loss 5.728686
Epoch 23458, loss 5.729985
Epoch 23459, loss 5.680980
Epoch 23460, loss 5.568789
Epoch 23461, loss 5.412098
Epoch 23462, loss 5.231226
Epoch 23463, loss 5.068477
Epoch 23464, loss 4.954994
Epoch 23465, loss 4.908291
Epoch 23466, loss 4.921831
Epoch 23467, loss 4.972596
Epoch 23468, loss 5.031042
Epoch 23469, loss 5.070968
Epoch 23470, loss 5.077807
Epoch 23471, loss 5.049126
Epoch 23472, loss 4.996873
Epoch 23473, loss 4.938081
Epoch 23474, loss 4.890954
Epoch 23475, loss 4.866374
Epoch 23476, loss 4.866089
Epoch 23477, loss 4.883864
Epoch 23478, loss 4.908605
Epoch 23479, loss 4.929772
Epoch 23480, loss 4.939552
Epoch 23481, loss 4.936967
Epoch 23482, loss 4.925095
Epoch 23483, loss 4.912232
Epoch 23484, loss 4.906348
Epoch 23485, loss 4.915407
Epoch 23486, loss 4.943710
Epoch 23487, loss 4.995408
Epoch 23488, loss 5.071947
Epoch 23489, loss 5.180792
Epoch 23490, loss 5.325638
Epoch 23491, loss 5.525059
Epoch 23492, loss 5.779551
Epoch 23493, loss 6.112914
Epoch 23494, loss 6.486607
Epoch 23495, loss 6.896175
Epoch 23496, loss 7.191667
Epoch 23497, loss 7.318166
Epoch 23498, loss 7.081718
Epoch 23499, loss 6.564282
Epoch 23500, loss 5.855521
Epoch 23501, loss 5.250674
Epoch 23502, loss 4.938086
Epoch 23503, loss 4.969360
Epoch 23504, loss 5.228908
Epoch 23505, loss 5.513778
Epoch 23506, loss 5.654440
Epoch 23507, loss 5.563184
Epoch 23508, loss 5.318612
Epoch 23509, loss 5.054255
Epoch 23510, loss 4.907900
Epoch 23511, loss 4.920230
Epoch 23512, loss 5.036076
Epoch 23513, loss 5.153487
Epoch 23514, loss 5.184660
Epoch 23515, loss 5.115786
Epoch 23516, loss 4.989809
Epoch 23517, loss 4.884683
Epoch 23518, loss 4.849835
Epoch 23519, loss 4.886622
Epoch 23520, loss 4.953487
Epoch 23521, loss 4.999059
Epoch 23522, loss 4.994644
Epoch 23523, loss 4.944675
Epoch 23524, loss 4.881885
Epoch 23525, loss 4.839799
Epoch 23526, loss 4.834665
Epoch 23527, loss 4.858641
Epoch 23528, loss 4.889225
Epoch 23529, loss 4.905391
Epoch 23530, loss 4.898191
Epoch 23531, loss 4.874668
Epoch 23532, loss 4.849064
Epoch 23533, loss 4.834440
Epoch 23534, loss 4.834905
Epoch 23535, loss 4.845472
Epoch 23536, loss 4.856728
Epoch 23537, loss 4.860891
Epoch 23538, loss 4.855889
Epoch 23539, loss 4.844950
Epoch 23540, loss 4.834169
Epoch 23541, loss 4.828388
Epoch 23542, loss 4.829021
Epoch 23543, loss 4.833952
Epoch 23544, loss 4.839427
Epoch 23545, loss 4.842149
Epoch 23546, loss 4.840860
Epoch 23547, loss 4.836533
Epoch 23548, loss 4.831384
Epoch 23549, loss 4.827627
Epoch 23550, loss 4.826264
Epoch 23551, loss 4.827209
Epoch 23552, loss 4.829109
Epoch 23553, loss 4.830811
Epoch 23554, loss 4.831248
Epoch 23555, loss 4.830323
Epoch 23556, loss 4.828477
Epoch 23557, loss 4.826523
Epoch 23558, loss 4.825112
Epoch 23559, loss 4.824588
Epoch 23560, loss 4.824829
Epoch 23561, loss 4.825478
Epoch 23562, loss 4.826121
Epoch 23563, loss 4.826409
Epoch 23564, loss 4.826215
Epoch 23565, loss 4.825652
Epoch 23566, loss 4.824902
Epoch 23567, loss 4.824230
Epoch 23568, loss 4.823747
Epoch 23569, loss 4.823533
Epoch 23570, loss 4.823555
Epoch 23571, loss 4.823690
Epoch 23572, loss 4.823864
Epoch 23573, loss 4.823933
Epoch 23574, loss 4.823919
Epoch 23575, loss 4.823828
Epoch 23576, loss 4.823648
Epoch 23577, loss 4.823554
Epoch 23578, loss 4.823452
Epoch 23579, loss 4.823540
Epoch 23580, loss 4.823728
Epoch 23581, loss 4.824116
Epoch 23582, loss 4.824759
Epoch 23583, loss 4.825595
Epoch 23584, loss 4.826848
Epoch 23585, loss 4.828523
Epoch 23586, loss 4.830898
Epoch 23587, loss 4.834224
Epoch 23588, loss 4.838909
Epoch 23589, loss 4.845571
Epoch 23590, loss 4.855070
Epoch 23591, loss 4.868647
Epoch 23592, loss 4.888125
Epoch 23593, loss 4.915864
Epoch 23594, loss 4.955430
Epoch 23595, loss 5.011012
Epoch 23596, loss 5.088102
Epoch 23597, loss 5.191289
Epoch 23598, loss 5.324343
Epoch 23599, loss 5.482069
Epoch 23600, loss 5.650881
Epoch 23601, loss 5.793897
Epoch 23602, loss 5.869050
Epoch 23603, loss 5.826728
Epoch 23604, loss 5.665816
Epoch 23605, loss 5.423596
Epoch 23606, loss 5.191336
Epoch 23607, loss 5.043469
Epoch 23608, loss 5.014629
Epoch 23609, loss 5.075801
Epoch 23610, loss 5.166177
Epoch 23611, loss 5.219400
Epoch 23612, loss 5.203861
Epoch 23613, loss 5.125547
Epoch 23614, loss 5.025676
Epoch 23615, loss 4.948890
Epoch 23616, loss 4.919106
Epoch 23617, loss 4.929732
Epoch 23618, loss 4.954400
Epoch 23619, loss 4.966902
Epoch 23620, loss 4.955300
Epoch 23621, loss 4.927088
Epoch 23622, loss 4.899982
Epoch 23623, loss 4.889894
Epoch 23624, loss 4.900136
Epoch 23625, loss 4.922256
Epoch 23626, loss 4.941122
Epoch 23627, loss 4.946621
Epoch 23628, loss 4.936607
Epoch 23629, loss 4.919978
Epoch 23630, loss 4.907754
Epoch 23631, loss 4.909256
Epoch 23632, loss 4.924604
Epoch 23633, loss 4.949031
Epoch 23634, loss 4.973349
Epoch 23635, loss 4.993198
Epoch 23636, loss 5.006501
Epoch 23637, loss 5.019449
Epoch 23638, loss 5.036615
Epoch 23639, loss 5.064993
Epoch 23640, loss 5.103635
Epoch 23641, loss 5.152491
Epoch 23642, loss 5.203974
Epoch 23643, loss 5.255837
Epoch 23644, loss 5.300831
Epoch 23645, loss 5.338666
Epoch 23646, loss 5.362931
Epoch 23647, loss 5.371520
Epoch 23648, loss 5.357160
Epoch 23649, loss 5.317009
Epoch 23650, loss 5.251140
Epoch 23651, loss 5.166223
Epoch 23652, loss 5.076564
Epoch 23653, loss 4.996576
Epoch 23654, loss 4.940614
Epoch 23655, loss 4.914193
Epoch 23656, loss 4.918341
Epoch 23657, loss 4.946754
Epoch 23658, loss 4.992901
Epoch 23659, loss 5.046455
Epoch 23660, loss 5.103380
Epoch 23661, loss 5.154393
Epoch 23662, loss 5.201276
Epoch 23663, loss 5.235848
Epoch 23664, loss 5.265641
Epoch 23665, loss 5.283943
Epoch 23666, loss 5.301820
Epoch 23667, loss 5.312832
Epoch 23668, loss 5.327828
Epoch 23669, loss 5.336659
Epoch 23670, loss 5.345400
Epoch 23671, loss 5.339511
Epoch 23672, loss 5.321937
Epoch 23673, loss 5.279867
Epoch 23674, loss 5.219806
Epoch 23675, loss 5.140564
Epoch 23676, loss 5.056379
Epoch 23677, loss 4.976667
Epoch 23678, loss 4.914444
Epoch 23679, loss 4.875943
Epoch 23680, loss 4.862789
Epoch 23681, loss 4.870879
Epoch 23682, loss 4.892670
Epoch 23683, loss 4.919570
Epoch 23684, loss 4.943195
Epoch 23685, loss 4.957538
Epoch 23686, loss 4.958781
Epoch 23687, loss 4.947279
Epoch 23688, loss 4.925265
Epoch 23689, loss 4.897395
Epoch 23690, loss 4.869006
Epoch 23691, loss 4.844442
Epoch 23692, loss 4.827266
Epoch 23693, loss 4.817892
Epoch 23694, loss 4.816228
Epoch 23695, loss 4.819674
Epoch 23696, loss 4.826548
Epoch 23697, loss 4.834133
Epoch 23698, loss 4.841119
Epoch 23699, loss 4.846084
Epoch 23700, loss 4.848961
Epoch 23701, loss 4.849769
Epoch 23702, loss 4.849205
Epoch 23703, loss 4.847973
Epoch 23704, loss 4.846989
Epoch 23705, loss 4.847042
Epoch 23706, loss 4.848968
Epoch 23707, loss 4.853328
Epoch 23708, loss 4.861241
Epoch 23709, loss 4.873122
Epoch 23710, loss 4.891101
Epoch 23711, loss 4.915752
Epoch 23712, loss 4.950805
Epoch 23713, loss 4.998348
Epoch 23714, loss 5.065154
Epoch 23715, loss 5.152939
Epoch 23716, loss 5.271865
Epoch 23717, loss 5.421523
Epoch 23718, loss 5.613665
Epoch 23719, loss 5.822629
Epoch 23720, loss 6.039629
Epoch 23721, loss 6.212376
Epoch 23722, loss 6.317118
Epoch 23723, loss 6.266080
Epoch 23724, loss 6.053253
Epoch 23725, loss 5.705970
Epoch 23726, loss 5.356332
Epoch 23727, loss 5.103311
Epoch 23728, loss 5.006152
Epoch 23729, loss 5.047987
Epoch 23730, loss 5.159273
Epoch 23731, loss 5.255978
Epoch 23732, loss 5.280706
Epoch 23733, loss 5.232554
Epoch 23734, loss 5.134167
Epoch 23735, loss 5.029593
Epoch 23736, loss 4.964257
Epoch 23737, loss 4.961762
Epoch 23738, loss 5.007157
Epoch 23739, loss 5.063837
Epoch 23740, loss 5.095110
Epoch 23741, loss 5.080419
Epoch 23742, loss 5.032383
Epoch 23743, loss 4.972954
Epoch 23744, loss 4.915803
Epoch 23745, loss 4.893448
Epoch 23746, loss 4.902541
Epoch 23747, loss 4.933696
Epoch 23748, loss 4.961141
Epoch 23749, loss 4.969010
Epoch 23750, loss 4.954378
Epoch 23751, loss 4.924512
Epoch 23752, loss 4.889824
Epoch 23753, loss 4.859456
Epoch 23754, loss 4.843740
Epoch 23755, loss 4.843022
Epoch 23756, loss 4.850208
Epoch 23757, loss 4.857869
Epoch 23758, loss 4.860921
Epoch 23759, loss 4.857832
Epoch 23760, loss 4.851773
Epoch 23761, loss 4.845001
Epoch 23762, loss 4.840294
Epoch 23763, loss 4.840907
Epoch 23764, loss 4.846355
Epoch 23765, loss 4.853004
Epoch 23766, loss 4.859253
Epoch 23767, loss 4.864608
Epoch 23768, loss 4.869022
Epoch 23769, loss 4.873311
Epoch 23770, loss 4.879303
Epoch 23771, loss 4.888790
Epoch 23772, loss 4.903645
Epoch 23773, loss 4.923923
Epoch 23774, loss 4.951123
Epoch 23775, loss 4.984383
Epoch 23776, loss 5.025575
Epoch 23777, loss 5.072406
Epoch 23778, loss 5.127730
Epoch 23779, loss 5.187905
Epoch 23780, loss 5.256500
Epoch 23781, loss 5.323663
Epoch 23782, loss 5.390152
Epoch 23783, loss 5.438360
Epoch 23784, loss 5.466129
Epoch 23785, loss 5.454087
Epoch 23786, loss 5.407914
Epoch 23787, loss 5.318712
Epoch 23788, loss 5.205208
Epoch 23789, loss 5.079482
Epoch 23790, loss 4.966187
Epoch 23791, loss 4.878860
Epoch 23792, loss 4.826843
Epoch 23793, loss 4.809344
Epoch 23794, loss 4.819504
Epoch 23795, loss 4.847276
Epoch 23796, loss 4.881619
Epoch 23797, loss 4.913778
Epoch 23798, loss 4.936591
Epoch 23799, loss 4.947819
Epoch 23800, loss 4.945396
Epoch 23801, loss 4.932550
Epoch 23802, loss 4.911583
Epoch 23803, loss 4.887596
Epoch 23804, loss 4.863529
Epoch 23805, loss 4.843028
Epoch 23806, loss 4.828035
Epoch 23807, loss 4.819371
Epoch 23808, loss 4.817030
Epoch 23809, loss 4.820211
Epoch 23810, loss 4.828003
Epoch 23811, loss 4.839242
Epoch 23812, loss 4.853085
Epoch 23813, loss 4.868795
Epoch 23814, loss 4.886624
Epoch 23815, loss 4.906369
Epoch 23816, loss 4.929558
Epoch 23817, loss 4.956780
Epoch 23818, loss 4.991116
Epoch 23819, loss 5.033295
Epoch 23820, loss 5.087459
Epoch 23821, loss 5.152785
Epoch 23822, loss 5.232874
Epoch 23823, loss 5.321566
Epoch 23824, loss 5.417829
Epoch 23825, loss 5.503992
Epoch 23826, loss 5.570393
Epoch 23827, loss 5.589878
Epoch 23828, loss 5.555108
Epoch 23829, loss 5.455473
Epoch 23830, loss 5.313324
Epoch 23831, loss 5.156428
Epoch 23832, loss 5.026117
Epoch 23833, loss 4.950778
Epoch 23834, loss 4.943436
Epoch 23835, loss 4.996605
Epoch 23836, loss 5.090401
Epoch 23837, loss 5.198871
Epoch 23838, loss 5.301174
Epoch 23839, loss 5.381497
Epoch 23840, loss 5.442295
Epoch 23841, loss 5.487548
Epoch 23842, loss 5.542310
Epoch 23843, loss 5.607274
Epoch 23844, loss 5.695056
Epoch 23845, loss 5.765135
Epoch 23846, loss 5.800814
Epoch 23847, loss 5.741071
Epoch 23848, loss 5.596991
Epoch 23849, loss 5.372556
Epoch 23850, loss 5.140659
Epoch 23851, loss 4.955097
Epoch 23852, loss 4.859138
Epoch 23853, loss 4.853338
Epoch 23854, loss 4.908894
Epoch 23855, loss 4.983440
Epoch 23856, loss 5.037240
Epoch 23857, loss 5.050718
Epoch 23858, loss 5.020401
Epoch 23859, loss 4.966656
Epoch 23860, loss 4.910960
Epoch 23861, loss 4.874121
Epoch 23862, loss 4.861661
Epoch 23863, loss 4.868181
Epoch 23864, loss 4.880185
Epoch 23865, loss 4.884803
Epoch 23866, loss 4.875845
Epoch 23867, loss 4.855421
Epoch 23868, loss 4.831764
Epoch 23869, loss 4.813144
Epoch 23870, loss 4.804733
Epoch 23871, loss 4.806171
Epoch 23872, loss 4.813607
Epoch 23873, loss 4.820996
Epoch 23874, loss 4.824125
Epoch 23875, loss 4.821794
Epoch 23876, loss 4.815250
Epoch 23877, loss 4.807027
Epoch 23878, loss 4.799846
Epoch 23879, loss 4.795529
Epoch 23880, loss 4.794064
Epoch 23881, loss 4.794284
Epoch 23882, loss 4.794841
Epoch 23883, loss 4.794372
Epoch 23884, loss 4.792218
Epoch 23885, loss 4.788636
Epoch 23886, loss 4.784597
Epoch 23887, loss 4.781065
Epoch 23888, loss 4.778825
Epoch 23889, loss 4.778238
Epoch 23890, loss 4.779115
Epoch 23891, loss 4.780777
Epoch 23892, loss 4.782519
Epoch 23893, loss 4.783758
Epoch 23894, loss 4.784247
Epoch 23895, loss 4.783982
Epoch 23896, loss 4.783270
Epoch 23897, loss 4.782448
Epoch 23898, loss 4.781825
Epoch 23899, loss 4.781671
Epoch 23900, loss 4.782165
Epoch 23901, loss 4.783282
Epoch 23902, loss 4.785014
Epoch 23903, loss 4.787343
Epoch 23904, loss 4.790217
Epoch 23905, loss 4.793813
Epoch 23906, loss 4.798344
Epoch 23907, loss 4.804241
Epoch 23908, loss 4.812019
Epoch 23909, loss 4.822341
Epoch 23910, loss 4.836013
Epoch 23911, loss 4.854319
Epoch 23912, loss 4.878700
Epoch 23913, loss 4.911022
Epoch 23914, loss 4.953174
Epoch 23915, loss 5.007733
Epoch 23916, loss 5.076496
Epoch 23917, loss 5.160407
Epoch 23918, loss 5.257172
Epoch 23919, loss 5.361324
Epoch 23920, loss 5.461190
Epoch 23921, loss 5.537811
Epoch 23922, loss 5.568654
Epoch 23923, loss 5.537075
Epoch 23924, loss 5.443335
Epoch 23925, loss 5.298610
Epoch 23926, loss 5.137902
Epoch 23927, loss 5.002116
Epoch 23928, loss 4.921225
Epoch 23929, loss 4.905064
Epoch 23930, loss 4.944817
Epoch 23931, loss 5.016449
Epoch 23932, loss 5.096438
Epoch 23933, loss 5.165537
Epoch 23934, loss 5.215387
Epoch 23935, loss 5.246096
Epoch 23936, loss 5.278027
Epoch 23937, loss 5.326256
Epoch 23938, loss 5.412867
Epoch 23939, loss 5.533501
Epoch 23940, loss 5.682401
Epoch 23941, loss 5.820883
Epoch 23942, loss 5.926991
Epoch 23943, loss 5.950189
Epoch 23944, loss 5.896951
Epoch 23945, loss 5.768432
Epoch 23946, loss 5.633626
Epoch 23947, loss 5.525652
Epoch 23948, loss 5.484896
Epoch 23949, loss 5.476211
Epoch 23950, loss 5.478270
Epoch 23951, loss 5.444218
Epoch 23952, loss 5.352523
Epoch 23953, loss 5.201922
Epoch 23954, loss 5.047264
Epoch 23955, loss 4.937879
Epoch 23956, loss 4.897592
Epoch 23957, loss 4.922371
Epoch 23958, loss 4.977573
Epoch 23959, loss 5.017796
Epoch 23960, loss 5.021578
Epoch 23961, loss 4.987364
Epoch 23962, loss 4.930420
Epoch 23963, loss 4.881448
Epoch 23964, loss 4.859552
Epoch 23965, loss 4.860947
Epoch 23966, loss 4.875377
Epoch 23967, loss 4.886195
Epoch 23968, loss 4.876146
Epoch 23969, loss 4.846436
Epoch 23970, loss 4.810121
Epoch 23971, loss 4.791193
Epoch 23972, loss 4.775791
Epoch 23973, loss 4.784199
Epoch 23974, loss 4.799825
Epoch 23975, loss 4.809372
Epoch 23976, loss 4.809313
Epoch 23977, loss 4.806963
Epoch 23978, loss 4.791725
Epoch 23979, loss 4.781571
Epoch 23980, loss 4.774339
Epoch 23981, loss 4.769636
Epoch 23982, loss 4.768894
Epoch 23983, loss 4.775470
Epoch 23984, loss 4.775155
Epoch 23985, loss 4.776173
Epoch 23986, loss 4.776661
Epoch 23987, loss 4.774146
Epoch 23988, loss 4.772136
Epoch 23989, loss 4.774809
Epoch 23990, loss 4.775644
Epoch 23991, loss 4.780577
Epoch 23992, loss 4.784341
Epoch 23993, loss 4.784638
Epoch 23994, loss 4.784272
Epoch 23995, loss 4.783283
Epoch 23996, loss 4.780202
Epoch 23997, loss 4.780008
Epoch 23998, loss 4.778725
Epoch 23999, loss 4.776961
Epoch 24000, loss 4.778759
Epoch 24001, loss 4.779927
Epoch 24002, loss 4.781605
Epoch 24003, loss 4.785044
Epoch 24004, loss 4.786617
Epoch 24005, loss 4.789112
Epoch 24006, loss 4.793670
Epoch 24007, loss 4.799575
Epoch 24008, loss 4.807655
Epoch 24009, loss 4.819164
Epoch 24010, loss 4.833697
Epoch 24011, loss 4.852677
Epoch 24012, loss 4.877460
Epoch 24013, loss 4.913540
Epoch 24014, loss 4.967950
Epoch 24015, loss 5.039151
Epoch 24016, loss 5.115576
Epoch 24017, loss 5.207601
Epoch 24018, loss 5.313723
Epoch 24019, loss 5.434502
Epoch 24020, loss 5.538450
Epoch 24021, loss 5.625674
Epoch 24022, loss 5.664145
Epoch 24023, loss 5.715292
Epoch 24024, loss 5.709515
Epoch 24025, loss 10.159908
Epoch 24026, loss 31.049803
Epoch 24027, loss 51.993569
Epoch 24028, loss 29.812925
Epoch 24029, loss 13.277145
Epoch 24030, loss 27.435572
Epoch 24031, loss 19.086269
Epoch 24032, loss 16.501786
Epoch 24033, loss 17.756692
Epoch 24034, loss 13.411360
Epoch 24035, loss 15.596551
Epoch 24036, loss 11.911052
Epoch 24037, loss 12.288563
Epoch 24038, loss 11.834839
Epoch 24039, loss 9.784712
Epoch 24040, loss 11.032367
Epoch 24041, loss 8.857588
Epoch 24042, loss 9.345586
Epoch 24043, loss 8.739692
Epoch 24044, loss 8.174660
Epoch 24045, loss 7.784530
Epoch 24046, loss 8.226316
Epoch 24047, loss 6.520847
Epoch 24048, loss 8.133037
Epoch 24049, loss 6.067961
Epoch 24050, loss 7.398691
Epoch 24051, loss 6.127773
Epoch 24052, loss 6.682399
Epoch 24053, loss 6.129036
Epoch 24054, loss 6.156808
Epoch 24055, loss 6.124628
Epoch 24056, loss 5.704493
Epoch 24057, loss 6.137981
Epoch 24058, loss 5.354599
Epoch 24059, loss 6.084502
Epoch 24060, loss 5.220241
Epoch 24061, loss 5.851014
Epoch 24062, loss 5.257531
Epoch 24063, loss 5.617422
Epoch 24064, loss 5.267355
Epoch 24065, loss 5.468863
Epoch 24066, loss 5.253557
Epoch 24067, loss 5.345449
Epoch 24068, loss 5.229072
Epoch 24069, loss 5.259891
Epoch 24070, loss 5.201296
Epoch 24071, loss 5.197371
Epoch 24072, loss 5.164524
Epoch 24073, loss 5.164904
Epoch 24074, loss 5.133374
Epoch 24075, loss 5.123814
Epoch 24076, loss 5.118645
Epoch 24077, loss 5.079284
Epoch 24078, loss 5.124718
Epoch 24079, loss 5.039264
Epoch 24080, loss 5.103712
Epoch 24081, loss 5.021030
Epoch 24082, loss 5.083919
Epoch 24083, loss 5.020058
Epoch 24084, loss 5.057607
Epoch 24085, loss 5.024725
Epoch 24086, loss 5.034859
Epoch 24087, loss 5.017652
Epoch 24088, loss 5.022436
Epoch 24089, loss 5.015495
Epoch 24090, loss 5.006406
Epoch 24091, loss 5.011707
Epoch 24092, loss 5.004890
Epoch 24093, loss 5.004466
Epoch 24094, loss 4.995455
Epoch 24095, loss 4.998883
Epoch 24096, loss 4.994800
Epoch 24097, loss 4.997059
Epoch 24098, loss 4.981736
Epoch 24099, loss 4.996871
Epoch 24100, loss 4.983839
Epoch 24101, loss 4.992630
Epoch 24102, loss 4.977487
Epoch 24103, loss 4.986652
Epoch 24104, loss 4.975312
Epoch 24105, loss 4.977817
Epoch 24106, loss 4.975897
Epoch 24107, loss 4.970202
Epoch 24108, loss 4.976584
Epoch 24109, loss 4.969802
Epoch 24110, loss 4.972108
Epoch 24111, loss 4.964839
Epoch 24112, loss 4.968699
Epoch 24113, loss 4.965997
Epoch 24114, loss 4.966840
Epoch 24115, loss 4.963363
Epoch 24116, loss 4.964309
Epoch 24117, loss 4.961476
Epoch 24118, loss 4.960861
Epoch 24119, loss 4.961222
Epoch 24120, loss 4.957089
Epoch 24121, loss 4.960017
Epoch 24122, loss 4.955879
Epoch 24123, loss 4.957307
Epoch 24124, loss 4.954210
Epoch 24125, loss 4.956036
Epoch 24126, loss 4.953694
Epoch 24127, loss 4.954106
Epoch 24128, loss 4.951662
Epoch 24129, loss 4.953151
Epoch 24130, loss 4.950654
Epoch 24131, loss 4.951266
Epoch 24132, loss 4.949203
Epoch 24133, loss 4.950031
Epoch 24134, loss 4.947915
Epoch 24135, loss 4.948515
Epoch 24136, loss 4.946768
Epoch 24137, loss 4.947560
Epoch 24138, loss 4.946162
Epoch 24139, loss 4.946137
Epoch 24140, loss 4.944897
Epoch 24141, loss 4.944858
Epoch 24142, loss 4.944124
Epoch 24143, loss 4.943880
Epoch 24144, loss 4.943026
Epoch 24145, loss 4.942834
Epoch 24146, loss 4.942149
Epoch 24147, loss 4.941742
Epoch 24148, loss 4.941398
Epoch 24149, loss 4.940739
Epoch 24150, loss 4.940554
Epoch 24151, loss 4.939914
Epoch 24152, loss 4.939581
Epoch 24153, loss 4.939096
Epoch 24154, loss 4.938736
Epoch 24155, loss 4.938330
Epoch 24156, loss 4.937898
Epoch 24157, loss 4.937553
Epoch 24158, loss 4.937147
Epoch 24159, loss 4.936798
Epoch 24160, loss 4.936426
Epoch 24161, loss 4.936043
Epoch 24162, loss 4.935709
Epoch 24163, loss 4.935323
Epoch 24164, loss 4.934981
Epoch 24165, loss 4.934634
Epoch 24166, loss 4.934264
Epoch 24167, loss 4.933946
Epoch 24168, loss 4.933599
Epoch 24169, loss 4.933218
Epoch 24170, loss 4.932877
Epoch 24171, loss 4.932560
Epoch 24172, loss 4.932193
Epoch 24173, loss 4.931873
Epoch 24174, loss 4.931518
Epoch 24175, loss 4.931220
Epoch 24176, loss 4.930879
Epoch 24177, loss 4.930561
Epoch 24178, loss 4.930228
Epoch 24179, loss 4.929911
Epoch 24180, loss 4.929583
Epoch 24181, loss 4.929272
Epoch 24182, loss 4.928971
Epoch 24183, loss 4.928647
Epoch 24184, loss 4.928331
Epoch 24185, loss 4.928021
Epoch 24186, loss 4.927726
Epoch 24187, loss 4.927408
Epoch 24188, loss 4.927114
Epoch 24189, loss 4.926814
Epoch 24190, loss 4.926517
Epoch 24191, loss 4.926223
Epoch 24192, loss 4.925945
Epoch 24193, loss 4.925679
Epoch 24194, loss 4.925413
Epoch 24195, loss 4.925106
Epoch 24196, loss 4.924815
Epoch 24197, loss 4.924550
Epoch 24198, loss 4.924293
Epoch 24199, loss 4.924049
Epoch 24200, loss 4.923798
Epoch 24201, loss 4.923530
Epoch 24202, loss 4.923234
Epoch 24203, loss 4.922953
Epoch 24204, loss 4.922674
Epoch 24205, loss 4.922415
Epoch 24206, loss 4.922186
Epoch 24207, loss 4.921936
Epoch 24208, loss 4.921657
Epoch 24209, loss 4.921390
Epoch 24210, loss 4.921156
Epoch 24211, loss 4.920962
Epoch 24212, loss 4.920743
Epoch 24213, loss 4.920505
Epoch 24214, loss 4.920188
Epoch 24215, loss 4.919889
Epoch 24216, loss 4.919637
Epoch 24217, loss 4.919416
Epoch 24218, loss 4.919198
Epoch 24219, loss 4.918947
Epoch 24220, loss 4.918685
Epoch 24221, loss 4.918420
Epoch 24222, loss 4.918176
Epoch 24223, loss 4.917942
Epoch 24224, loss 4.917711
Epoch 24225, loss 4.917477
Epoch 24226, loss 4.917244
Epoch 24227, loss 4.917011
Epoch 24228, loss 4.916783
Epoch 24229, loss 4.916561
Epoch 24230, loss 4.916341
Epoch 24231, loss 4.916111
Epoch 24232, loss 4.915884
Epoch 24233, loss 4.915660
Epoch 24234, loss 4.915451
Epoch 24235, loss 4.915268
Epoch 24236, loss 4.915096
Epoch 24237, loss 4.914871
Epoch 24238, loss 4.914666
Epoch 24239, loss 4.914418
Epoch 24240, loss 4.914176
Epoch 24241, loss 4.913930
Epoch 24242, loss 4.913711
Epoch 24243, loss 4.913570
Epoch 24244, loss 4.913601
Epoch 24245, loss 4.914132
Epoch 24246, loss 4.914882
Epoch 24247, loss 4.917781
Epoch 24248, loss 4.915699
Epoch 24249, loss 4.914486
Epoch 24250, loss 4.913129
Epoch 24251, loss 4.913115
Epoch 24252, loss 4.914049
Epoch 24253, loss 4.913658
Epoch 24254, loss 4.914416
Epoch 24255, loss 4.914503
Epoch 24256, loss 4.915775
Epoch 24257, loss 4.914366
Epoch 24258, loss 4.913884
Epoch 24259, loss 4.911146
Epoch 24260, loss 4.911980
Epoch 24261, loss 4.913487
Epoch 24262, loss 4.911234
Epoch 24263, loss 4.911659
Epoch 24264, loss 4.913862
Epoch 24265, loss 4.912496
Epoch 24266, loss 4.912684
Epoch 24267, loss 4.911927
Epoch 24268, loss 4.912089
Epoch 24269, loss 4.911396
Epoch 24270, loss 4.909571
Epoch 24271, loss 4.909154
Epoch 24272, loss 4.909651
Epoch 24273, loss 4.909482
Epoch 24274, loss 4.909035
Epoch 24275, loss 4.909061
Epoch 24276, loss 4.908893
Epoch 24277, loss 4.908597
Epoch 24278, loss 4.907880
Epoch 24279, loss 4.907805
Epoch 24280, loss 4.907775
Epoch 24281, loss 4.907589
Epoch 24282, loss 4.906839
Epoch 24283, loss 4.906317
Epoch 24284, loss 4.906540
Epoch 24285, loss 4.906594
Epoch 24286, loss 4.906037
Epoch 24287, loss 4.905437
Epoch 24288, loss 4.905212
Epoch 24289, loss 4.905012
Epoch 24290, loss 4.904414
Epoch 24291, loss 4.903596
Epoch 24292, loss 4.904022
Epoch 24293, loss 4.903242
Epoch 24294, loss 4.902512
Epoch 24295, loss 4.902304
Epoch 24296, loss 4.902253
Epoch 24297, loss 4.902104
Epoch 24298, loss 4.901753
Epoch 24299, loss 4.901179
Epoch 24300, loss 4.901026
Epoch 24301, loss 4.901149
Epoch 24302, loss 4.900986
Epoch 24303, loss 4.900333
Epoch 24304, loss 4.899722
Epoch 24305, loss 4.899010
Epoch 24306, loss 4.898244
Epoch 24307, loss 4.897626
Epoch 24308, loss 4.897401
Epoch 24309, loss 4.897659
Epoch 24310, loss 4.897927
Epoch 24311, loss 4.898796
Epoch 24312, loss 4.899294
Epoch 24313, loss 4.901692
Epoch 24314, loss 4.899376
Epoch 24315, loss 4.897601
Epoch 24316, loss 4.896334
Epoch 24317, loss 4.895348
Epoch 24318, loss 4.895014
Epoch 24319, loss 4.895584
Epoch 24320, loss 4.898711
Epoch 24321, loss 4.902093
Epoch 24322, loss 4.913594
Epoch 24323, loss 4.901867
Epoch 24324, loss 4.908819
Epoch 24325, loss 4.903668
Epoch 24326, loss 4.903707
Epoch 24327, loss 4.900034
Epoch 24328, loss 4.899191
Epoch 24329, loss 4.902321
Epoch 24330, loss 4.896831
Epoch 24331, loss 4.908882
Epoch 24332, loss 4.922879
Epoch 24333, loss 4.898504
Epoch 24334, loss 4.933308
Epoch 24335, loss 4.919557
Epoch 24336, loss 4.936338
Epoch 24337, loss 4.919368
Epoch 24338, loss 4.925299
Epoch 24339, loss 4.930962
Epoch 24340, loss 4.918398
Epoch 24341, loss 4.911688
Epoch 24342, loss 4.916396
Epoch 24343, loss 4.913632
Epoch 24344, loss 4.902246
Epoch 24345, loss 4.912152
Epoch 24346, loss 4.901445
Epoch 24347, loss 4.904686
Epoch 24348, loss 4.906617
Epoch 24349, loss 4.902800
Epoch 24350, loss 4.901087
Epoch 24351, loss 4.902261
Epoch 24352, loss 4.895816
Epoch 24353, loss 4.898903
Epoch 24354, loss 4.896210
Epoch 24355, loss 4.895008
Epoch 24356, loss 4.896976
Epoch 24357, loss 4.893529
Epoch 24358, loss 4.890537
Epoch 24359, loss 4.889956
Epoch 24360, loss 4.890233
Epoch 24361, loss 4.891425
Epoch 24362, loss 4.889511
Epoch 24363, loss 4.889848
Epoch 24364, loss 4.888297
Epoch 24365, loss 4.886217
Epoch 24366, loss 4.886251
Epoch 24367, loss 4.886935
Epoch 24368, loss 4.886969
Epoch 24369, loss 4.885879
Epoch 24370, loss 4.886041
Epoch 24371, loss 4.884962
Epoch 24372, loss 4.884255
Epoch 24373, loss 4.884494
Epoch 24374, loss 4.884734
Epoch 24375, loss 4.884378
Epoch 24376, loss 4.883587
Epoch 24377, loss 4.883421
Epoch 24378, loss 4.882953
Epoch 24379, loss 4.882655
Epoch 24380, loss 4.882693
Epoch 24381, loss 4.882658
Epoch 24382, loss 4.882348
Epoch 24383, loss 4.881831
Epoch 24384, loss 4.881711
Epoch 24385, loss 4.881500
Epoch 24386, loss 4.881296
Epoch 24387, loss 4.881244
Epoch 24388, loss 4.881036
Epoch 24389, loss 4.880735
Epoch 24390, loss 4.880446
Epoch 24391, loss 4.880301
Epoch 24392, loss 4.880134
Epoch 24393, loss 4.879963
Epoch 24394, loss 4.879784
Epoch 24395, loss 4.879601
Epoch 24396, loss 4.879372
Epoch 24397, loss 4.879102
Epoch 24398, loss 4.878968
Epoch 24399, loss 4.878800
Epoch 24400, loss 4.878586
Epoch 24401, loss 4.878416
Epoch 24402, loss 4.878200
Epoch 24403, loss 4.877991
Epoch 24404, loss 4.877731
Epoch 24405, loss 4.877507
Epoch 24406, loss 4.877266
Epoch 24407, loss 4.876995
Epoch 24408, loss 4.876717
Epoch 24409, loss 4.876446
Epoch 24410, loss 4.876175
Epoch 24411, loss 4.875886
Epoch 24412, loss 4.875610
Epoch 24413, loss 4.875328
Epoch 24414, loss 4.875031
Epoch 24415, loss 4.874720
Epoch 24416, loss 4.874386
Epoch 24417, loss 4.874029
Epoch 24418, loss 4.873623
Epoch 24419, loss 4.873171
Epoch 24420, loss 4.872695
Epoch 24421, loss 4.872129
Epoch 24422, loss 4.871450
Epoch 24423, loss 4.870560
Epoch 24424, loss 4.869410
Epoch 24425, loss 4.867886
Epoch 24426, loss 4.866000
Epoch 24427, loss 4.863690
Epoch 24428, loss 4.860614
Epoch 24429, loss 4.856633
Epoch 24430, loss 4.851208
Epoch 24431, loss 4.844283
Epoch 24432, loss 4.839995
Epoch 24433, loss 4.845095
Epoch 24434, loss 4.853606
Epoch 24435, loss 4.844326
Epoch 24436, loss 4.839933
Epoch 24437, loss 4.842086
Epoch 24438, loss 4.846331
Epoch 24439, loss 4.849596
Epoch 24440, loss 4.851859
Epoch 24441, loss 4.853757
Epoch 24442, loss 4.856874
Epoch 24443, loss 4.864249
Epoch 24444, loss 4.880004
Epoch 24445, loss 4.905735
Epoch 24446, loss 4.938383
Epoch 24447, loss 4.986949
Epoch 24448, loss 5.062159
Epoch 24449, loss 5.169627
Epoch 24450, loss 5.309874
Epoch 24451, loss 5.477506
Epoch 24452, loss 5.642222
Epoch 24453, loss 5.756911
Epoch 24454, loss 5.751657
Epoch 24455, loss 5.594047
Epoch 24456, loss 5.314091
Epoch 24457, loss 5.028364
Epoch 24458, loss 4.857328
Epoch 24459, loss 4.849714
Epoch 24460, loss 4.962878
Epoch 24461, loss 5.101702
Epoch 24462, loss 5.176942
Epoch 24463, loss 5.142155
Epoch 24464, loss 5.026299
Epoch 24465, loss 4.900066
Epoch 24466, loss 4.833645
Epoch 24467, loss 4.848420
Epoch 24468, loss 4.912075
Epoch 24469, loss 4.969983
Epoch 24470, loss 4.981592
Epoch 24471, loss 4.942936
Epoch 24472, loss 4.881887
Epoch 24473, loss 4.836505
Epoch 24474, loss 4.827838
Epoch 24475, loss 4.851300
Epoch 24476, loss 4.882674
Epoch 24477, loss 4.898020
Epoch 24478, loss 4.888612
Epoch 24479, loss 4.862338
Epoch 24480, loss 4.836096
Epoch 24481, loss 4.823581
Epoch 24482, loss 4.828115
Epoch 24483, loss 4.841926
Epoch 24484, loss 4.853902
Epoch 24485, loss 4.855696
Epoch 24486, loss 4.847292
Epoch 24487, loss 4.834545
Epoch 24488, loss 4.824531
Epoch 24489, loss 4.821498
Epoch 24490, loss 4.825037
Epoch 24491, loss 4.831274
Epoch 24492, loss 4.835523
Epoch 24493, loss 4.835396
Epoch 24494, loss 4.831191
Epoch 24495, loss 4.825623
Epoch 24496, loss 4.821357
Epoch 24497, loss 4.820096
Epoch 24498, loss 4.821460
Epoch 24499, loss 4.824053
Epoch 24500, loss 4.825946
Epoch 24501, loss 4.826166
Epoch 24502, loss 4.824582
Epoch 24503, loss 4.822184
Epoch 24504, loss 4.820028
Epoch 24505, loss 4.818928
Epoch 24506, loss 4.818969
Epoch 24507, loss 4.819797
Epoch 24508, loss 4.820734
Epoch 24509, loss 4.821197
Epoch 24510, loss 4.820950
Epoch 24511, loss 4.820102
Epoch 24512, loss 4.819054
Epoch 24513, loss 4.818163
Epoch 24514, loss 4.817668
Epoch 24515, loss 4.817577
Epoch 24516, loss 4.817822
Epoch 24517, loss 4.818156
Epoch 24518, loss 4.818298
Epoch 24519, loss 4.818248
Epoch 24520, loss 4.817951
Epoch 24521, loss 4.817490
Epoch 24522, loss 4.817051
Epoch 24523, loss 4.816685
Epoch 24524, loss 4.816422
Epoch 24525, loss 4.816324
Epoch 24526, loss 4.816324
Epoch 24527, loss 4.816340
Epoch 24528, loss 4.816321
Epoch 24529, loss 4.816264
Epoch 24530, loss 4.816112
Epoch 24531, loss 4.815914
Epoch 24532, loss 4.815689
Epoch 24533, loss 4.815471
Epoch 24534, loss 4.815265
Epoch 24535, loss 4.815106
Epoch 24536, loss 4.814977
Epoch 24537, loss 4.814877
Epoch 24538, loss 4.814796
Epoch 24539, loss 4.814710
Epoch 24540, loss 4.814621
Epoch 24541, loss 4.814522
Epoch 24542, loss 4.814409
Epoch 24543, loss 4.814281
Epoch 24544, loss 4.814149
Epoch 24545, loss 4.814011
Epoch 24546, loss 4.813870
Epoch 24547, loss 4.813739
Epoch 24548, loss 4.813610
Epoch 24549, loss 4.813485
Epoch 24550, loss 4.813369
Epoch 24551, loss 4.813255
Epoch 24552, loss 4.813145
Epoch 24553, loss 4.813039
Epoch 24554, loss 4.812934
Epoch 24555, loss 4.812831
Epoch 24556, loss 4.812727
Epoch 24557, loss 4.812624
Epoch 24558, loss 4.812522
Epoch 24559, loss 4.812421
Epoch 24560, loss 4.812322
Epoch 24561, loss 4.812223
Epoch 24562, loss 4.812126
Epoch 24563, loss 4.812036
Epoch 24564, loss 4.811960
Epoch 24565, loss 4.811895
Epoch 24566, loss 4.811858
Epoch 24567, loss 4.811854
Epoch 24568, loss 4.811915
Epoch 24569, loss 4.812059
Epoch 24570, loss 4.812338
Epoch 24571, loss 4.812831
Epoch 24572, loss 4.813668
Epoch 24573, loss 4.815120
Epoch 24574, loss 4.817549
Epoch 24575, loss 4.821641
Epoch 24576, loss 4.828323
Epoch 24577, loss 4.839550
Epoch 24578, loss 4.857966
Epoch 24579, loss 4.888552
Epoch 24580, loss 4.937585
Epoch 24581, loss 5.017392
Epoch 24582, loss 5.143062
Epoch 24583, loss 5.338482
Epoch 24584, loss 5.625545
Epoch 24585, loss 6.022237
Epoch 24586, loss 6.500460
Epoch 24587, loss 6.959761
Epoch 24588, loss 7.198180
Epoch 24589, loss 6.998152
Epoch 24590, loss 6.341463
Epoch 24591, loss 5.535351
Epoch 24592, loss 5.015095
Epoch 24593, loss 4.998170
Epoch 24594, loss 5.339571
Epoch 24595, loss 5.692990
Epoch 24596, loss 5.759933
Epoch 24597, loss 5.481838
Epoch 24598, loss 5.081615
Epoch 24599, loss 4.859356
Epoch 24600, loss 4.940657
Epoch 24601, loss 5.181052
Epoch 24602, loss 5.330343
Epoch 24603, loss 5.253044
Epoch 24604, loss 5.034815
Epoch 24605, loss 4.855715
Epoch 24606, loss 4.839885
Epoch 24607, loss 4.949101
Epoch 24608, loss 5.053328
Epoch 24609, loss 5.047515
Epoch 24610, loss 4.948173
Epoch 24611, loss 4.847921
Epoch 24612, loss 4.825366
Epoch 24613, loss 4.877814
Epoch 24614, loss 4.937402
Epoch 24615, loss 4.945022
Epoch 24616, loss 4.897108
Epoch 24617, loss 4.838122
Epoch 24618, loss 4.814481
Epoch 24619, loss 4.834730
Epoch 24620, loss 4.868003
Epoch 24621, loss 4.880103
Epoch 24622, loss 4.860274
Epoch 24623, loss 4.827769
Epoch 24624, loss 4.809334
Epoch 24625, loss 4.814270
Epoch 24626, loss 4.832293
Epoch 24627, loss 4.844409
Epoch 24628, loss 4.840893
Epoch 24629, loss 4.825610
Epoch 24630, loss 4.812025
Epoch 24631, loss 4.809078
Epoch 24632, loss 4.816010
Epoch 24633, loss 4.824302
Epoch 24634, loss 4.826169
Epoch 24635, loss 4.820346
Epoch 24636, loss 4.811495
Epoch 24637, loss 4.805977
Epoch 24638, loss 4.806301
Epoch 24639, loss 4.810371
Epoch 24640, loss 4.813835
Epoch 24641, loss 4.813802
Epoch 24642, loss 4.810416
Epoch 24643, loss 4.806349
Epoch 24644, loss 4.804237
Epoch 24645, loss 4.804770
Epoch 24646, loss 4.806831
Epoch 24647, loss 4.808368
Epoch 24648, loss 4.808165
Epoch 24649, loss 4.806465
Epoch 24650, loss 4.804456
Epoch 24651, loss 4.803337
Epoch 24652, loss 4.803512
Epoch 24653, loss 4.804414
Epoch 24654, loss 4.805160
Epoch 24655, loss 4.805198
Epoch 24656, loss 4.804472
Epoch 24657, loss 4.803472
Epoch 24658, loss 4.802759
Epoch 24659, loss 4.802602
Epoch 24660, loss 4.802885
Epoch 24661, loss 4.803278
Epoch 24662, loss 4.803402
Epoch 24663, loss 4.803161
Epoch 24664, loss 4.802683
Epoch 24665, loss 4.802198
Epoch 24666, loss 4.801907
Epoch 24667, loss 4.801857
Epoch 24668, loss 4.801973
Epoch 24669, loss 4.802103
Epoch 24670, loss 4.802136
Epoch 24671, loss 4.802021
Epoch 24672, loss 4.801819
Epoch 24673, loss 4.801626
Epoch 24674, loss 4.801544
Epoch 24675, loss 4.801620
Epoch 24676, loss 4.801865
Epoch 24677, loss 4.802262
Epoch 24678, loss 4.802838
Epoch 24679, loss 4.803676
Epoch 24680, loss 4.804977
Epoch 24681, loss 4.807079
Epoch 24682, loss 4.810506
Epoch 24683, loss 4.816107
Epoch 24684, loss 4.825198
Epoch 24685, loss 4.840048
Epoch 24686, loss 4.864091
Epoch 24687, loss 4.903419
Epoch 24688, loss 4.967084
Epoch 24689, loss 5.071466
Epoch 24690, loss 5.236839
Epoch 24691, loss 5.502015
Epoch 24692, loss 5.891442
Epoch 24693, loss 6.456653
Epoch 24694, loss 7.130646
Epoch 24695, loss 7.837875
Epoch 24696, loss 8.172932
Epoch 24697, loss 7.933503
Epoch 24698, loss 6.940390
Epoch 24699, loss 5.753014
Epoch 24700, loss 4.985214
Epoch 24701, loss 4.976841
Epoch 24702, loss 5.496957
Epoch 24703, loss 6.004523
Epoch 24704, loss 6.095853
Epoch 24705, loss 5.686756
Epoch 24706, loss 5.163700
Epoch 24707, loss 4.914894
Epoch 24708, loss 5.047802
Epoch 24709, loss 5.333270
Epoch 24710, loss 5.452977
Epoch 24711, loss 5.294122
Epoch 24712, loss 5.009822
Epoch 24713, loss 4.858787
Epoch 24714, loss 4.928535
Epoch 24715, loss 5.096233
Epoch 24716, loss 5.177666
Epoch 24717, loss 5.085242
Epoch 24718, loss 4.912955
Epoch 24719, loss 4.815808
Epoch 24720, loss 4.860121
Epoch 24721, loss 4.968374
Epoch 24722, loss 5.021119
Epoch 24723, loss 4.977405
Epoch 24724, loss 4.885071
Epoch 24725, loss 4.821417
Epoch 24726, loss 4.831032
Epoch 24727, loss 4.881404
Epoch 24728, loss 4.908111
Epoch 24729, loss 4.909914
Epoch 24730, loss 4.880119
Epoch 24731, loss 4.866288
Epoch 24732, loss 4.859650
Epoch 24733, loss 4.873591
Epoch 24734, loss 4.891798
Epoch 24735, loss 4.895364
Epoch 24736, loss 4.879595
Epoch 24737, loss 4.854316
Epoch 24738, loss 4.837819
Epoch 24739, loss 4.833900
Epoch 24740, loss 4.832034
Epoch 24741, loss 4.830882
Epoch 24742, loss 4.857096
Epoch 24743, loss 4.834621
Epoch 24744, loss 4.904370
Epoch 24745, loss 4.964641
Epoch 24746, loss 4.988382
Epoch 24747, loss 4.954158
Epoch 24748, loss 4.903177
Epoch 24749, loss 4.879567
Epoch 24750, loss 4.868826
Epoch 24751, loss 4.875885
Epoch 24752, loss 4.888858
Epoch 24753, loss 4.880245
Epoch 24754, loss 4.848417
Epoch 24755, loss 4.844581
Epoch 24756, loss 4.846342
Epoch 24757, loss 4.853247
Epoch 24758, loss 4.863348
Epoch 24759, loss 4.867371
Epoch 24760, loss 4.864665
Epoch 24761, loss 4.854815
Epoch 24762, loss 4.842576
Epoch 24763, loss 4.832629
Epoch 24764, loss 4.829760
Epoch 24765, loss 4.854027
Epoch 24766, loss 4.845501
Epoch 24767, loss 4.847140
Epoch 24768, loss 4.842815
Epoch 24769, loss 4.833363
Epoch 24770, loss 4.825617
Epoch 24771, loss 4.821338
Epoch 24772, loss 4.819443
Epoch 24773, loss 4.818565
Epoch 24774, loss 4.818851
Epoch 24775, loss 4.817266
Epoch 24776, loss 4.807488
Epoch 24777, loss 4.801573
Epoch 24778, loss 4.801324
Epoch 24779, loss 4.803710
Epoch 24780, loss 4.805798
Epoch 24781, loss 4.805168
Epoch 24782, loss 4.802318
Epoch 24783, loss 4.800540
Epoch 24784, loss 4.800747
Epoch 24785, loss 4.800496
Epoch 24786, loss 4.801138
Epoch 24787, loss 4.802732
Epoch 24788, loss 4.804345
Epoch 24789, loss 4.804689
Epoch 24790, loss 4.803855
Epoch 24791, loss 4.802903
Epoch 24792, loss 4.803403
Epoch 24793, loss 4.804949
Epoch 24794, loss 4.806445
Epoch 24795, loss 4.808314
Epoch 24796, loss 4.810998
Epoch 24797, loss 4.814071
Epoch 24798, loss 4.817486
Epoch 24799, loss 4.821873
Epoch 24800, loss 4.828178
Epoch 24801, loss 4.836924
Epoch 24802, loss 4.848067
Epoch 24803, loss 4.862420
Epoch 24804, loss 4.880923
Epoch 24805, loss 4.904433
Epoch 24806, loss 4.933033
Epoch 24807, loss 4.967354
Epoch 24808, loss 5.006573
Epoch 24809, loss 5.049615
Epoch 24810, loss 5.092212
Epoch 24811, loss 5.129048
Epoch 24812, loss 5.151437
Epoch 24813, loss 5.153646
Epoch 24814, loss 5.130155
Epoch 24815, loss 5.080961
Epoch 24816, loss 5.011608
Epoch 24817, loss 4.937675
Epoch 24818, loss 4.872646
Epoch 24819, loss 4.828113
Epoch 24820, loss 4.806536
Epoch 24821, loss 4.807157
Epoch 24822, loss 4.821185
Epoch 24823, loss 4.841888
Epoch 24824, loss 4.860940
Epoch 24825, loss 4.873690
Epoch 24826, loss 4.877968
Epoch 24827, loss 4.873514
Epoch 24828, loss 4.862951
Epoch 24829, loss 4.848582
Epoch 24830, loss 4.835386
Epoch 24831, loss 4.824660
Epoch 24832, loss 4.818290
Epoch 24833, loss 4.814877
Epoch 24834, loss 4.814713
Epoch 24835, loss 4.815274
Epoch 24836, loss 4.816627
Epoch 24837, loss 4.817094
Epoch 24838, loss 4.817464
Epoch 24839, loss 4.817569
Epoch 24840, loss 4.818526
Epoch 24841, loss 4.820863
Epoch 24842, loss 4.825507
Epoch 24843, loss 4.833375
Epoch 24844, loss 4.845089
Epoch 24845, loss 4.861946
Epoch 24846, loss 4.885055
Epoch 24847, loss 4.916676
Epoch 24848, loss 4.959263
Epoch 24849, loss 5.016480
Epoch 24850, loss 5.092027
Epoch 24851, loss 5.189802
Epoch 24852, loss 5.310871
Epoch 24853, loss 5.452394
Epoch 24854, loss 5.600102
Epoch 24855, loss 5.729971
Epoch 24856, loss 5.801543
Epoch 24857, loss 5.779864
Epoch 24858, loss 5.642822
Epoch 24859, loss 5.418125
Epoch 24860, loss 5.166724
Epoch 24861, loss 4.968750
Epoch 24862, loss 4.875580
Epoch 24863, loss 4.892022
Epoch 24864, loss 4.979023
Epoch 24865, loss 5.078141
Epoch 24866, loss 5.135350
Epoch 24867, loss 5.122683
Epoch 24868, loss 5.045504
Epoch 24869, loss 4.938259
Epoch 24870, loss 4.844765
Epoch 24871, loss 4.796913
Epoch 24872, loss 4.801688
Epoch 24873, loss 4.842548
Epoch 24874, loss 4.891528
Epoch 24875, loss 4.922897
Epoch 24876, loss 4.923883
Epoch 24877, loss 4.897210
Epoch 24878, loss 4.857581
Epoch 24879, loss 4.822629
Epoch 24880, loss 4.804876
Epoch 24881, loss 4.807045
Epoch 24882, loss 4.822917
Epoch 24883, loss 4.841706
Epoch 24884, loss 4.853728
Epoch 24885, loss 4.853944
Epoch 24886, loss 4.843361
Epoch 24887, loss 4.827176
Epoch 24888, loss 4.812000
Epoch 24889, loss 4.802914
Epoch 24890, loss 4.801561
Epoch 24891, loss 4.806459
Epoch 24892, loss 4.814060
Epoch 24893, loss 4.820660
Epoch 24894, loss 4.823835
Epoch 24895, loss 4.822996
Epoch 24896, loss 4.819310
Epoch 24897, loss 4.814844
Epoch 24898, loss 4.811787
Epoch 24899, loss 4.811567
Epoch 24900, loss 4.814746
Epoch 24901, loss 4.820905
Epoch 24902, loss 4.829372
Epoch 24903, loss 4.839272
Epoch 24904, loss 4.850452
Epoch 24905, loss 4.863152
Epoch 24906, loss 4.878454
Epoch 24907, loss 4.897759
Epoch 24908, loss 4.923088
Epoch 24909, loss 4.955981
Epoch 24910, loss 4.998932
Epoch 24911, loss 5.052496
Epoch 24912, loss 5.118471
Epoch 24913, loss 5.194476
Epoch 24914, loss 5.280501
Epoch 24915, loss 5.367437
Epoch 24916, loss 5.452197
Epoch 24917, loss 5.516942
Epoch 24918, loss 5.558731
Epoch 24919, loss 5.558265
Epoch 24920, loss 5.524169
Epoch 24921, loss 5.448753
Epoch 24922, loss 5.355248
Epoch 24923, loss 5.249835
Epoch 24924, loss 5.155845
Epoch 24925, loss 5.078126
Epoch 24926, loss 5.026332
Epoch 24927, loss 4.995921
Epoch 24928, loss 4.983256
Epoch 24929, loss 4.974835
Epoch 24930, loss 4.963746
Epoch 24931, loss 4.943505
Epoch 24932, loss 4.916268
Epoch 24933, loss 4.888671
Epoch 24934, loss 4.866994
Epoch 24935, loss 4.856530
Epoch 24936, loss 4.857636
Epoch 24937, loss 4.867789
Epoch 24938, loss 4.881418
Epoch 24939, loss 4.893967
Epoch 24940, loss 4.900297
Epoch 24941, loss 4.899385
Epoch 24942, loss 4.889948
Epoch 24943, loss 4.874461
Epoch 24944, loss 4.855230
Epoch 24945, loss 4.836515
Epoch 24946, loss 4.820818
Epoch 24947, loss 4.810251
Epoch 24948, loss 4.804968
Epoch 24949, loss 4.804434
Epoch 24950, loss 4.806691
Epoch 24951, loss 4.810107
Epoch 24952, loss 4.813035
Epoch 24953, loss 4.814476
Epoch 24954, loss 4.814080
Epoch 24955, loss 4.811888
Epoch 24956, loss 4.808560
Epoch 24957, loss 4.804591
Epoch 24958, loss 4.800928
Epoch 24959, loss 4.797943
Epoch 24960, loss 4.796103
Epoch 24961, loss 4.795351
Epoch 24962, loss 4.795757
Epoch 24963, loss 4.796988
Epoch 24964, loss 4.798898
Epoch 24965, loss 4.801209
Epoch 24966, loss 4.803801
Epoch 24967, loss 4.806553
Epoch 24968, loss 4.809503
Epoch 24969, loss 4.812708
Epoch 24970, loss 4.816427
Epoch 24971, loss 4.820873
Epoch 24972, loss 4.826508
Epoch 24973, loss 4.833698
Epoch 24974, loss 4.843135
Epoch 24975, loss 4.855330
Epoch 24976, loss 4.871360
Epoch 24977, loss 4.891909
Epoch 24978, loss 4.918606
Epoch 24979, loss 4.952067
Epoch 24980, loss 4.994650
Epoch 24981, loss 5.046228
Epoch 24982, loss 5.109264
Epoch 24983, loss 5.180689
Epoch 24984, loss 5.261904
Epoch 24985, loss 5.342969
Epoch 24986, loss 5.422447
Epoch 24987, loss 5.481312
Epoch 24988, loss 5.518940
Epoch 24989, loss 5.515383
Epoch 24990, loss 5.481426
Epoch 24991, loss 5.410924
Epoch 24992, loss 5.329609
Epoch 24993, loss 5.243788
Epoch 24994, loss 5.176620
Epoch 24995, loss 5.129281
Epoch 24996, loss 5.106857
Epoch 24997, loss 5.097818
Epoch 24998, loss 5.094329
Epoch 24999, loss 5.083351
Epoch 25000, loss 5.060413
Epoch 25001, loss 5.024096
Epoch 25002, loss 4.981741
Epoch 25003, loss 4.943117
Epoch 25004, loss 4.918621
Epoch 25005, loss 4.913973
Epoch 25006, loss 4.929446
Epoch 25007, loss 4.960316
Epoch 25008, loss 4.998810
Epoch 25009, loss 5.037077
Epoch 25010, loss 5.070394
Epoch 25011, loss 5.096099
Epoch 25012, loss 5.117442
Epoch 25013, loss 5.136914
Epoch 25014, loss 5.161653
Epoch 25015, loss 5.191656
Epoch 25016, loss 5.230070
Epoch 25017, loss 5.267165
Epoch 25018, loss 5.299635
Epoch 25019, loss 5.309627
Epoch 25020, loss 5.295139
Epoch 25021, loss 5.244604
Epoch 25022, loss 5.170656
Epoch 25023, loss 5.080560
Epoch 25024, loss 4.996820
Epoch 25025, loss 4.931098
Epoch 25026, loss 4.893027
Epoch 25027, loss 4.880100
Epoch 25028, loss 4.885308
Epoch 25029, loss 4.897347
Epoch 25030, loss 4.906798
Epoch 25031, loss 4.906883
Epoch 25032, loss 4.895781
Epoch 25033, loss 4.875812
Epoch 25034, loss 4.851830
Epoch 25035, loss 4.829649
Epoch 25036, loss 4.813426
Epoch 25037, loss 4.805243
Epoch 25038, loss 4.804543
Epoch 25039, loss 4.809199
Epoch 25040, loss 4.816291
Epoch 25041, loss 4.823387
Epoch 25042, loss 4.828578
Epoch 25043, loss 4.831297
Epoch 25044, loss 4.831520
Epoch 25045, loss 4.830102
Epoch 25046, loss 4.827622
Epoch 25047, loss 4.825070
Epoch 25048, loss 4.822564
Epoch 25049, loss 4.820481
Epoch 25050, loss 4.818632
Epoch 25051, loss 4.817443
Epoch 25052, loss 4.816660
Epoch 25053, loss 4.815638
Epoch 25054, loss 4.813936
Epoch 25055, loss 4.813655
Epoch 25056, loss 4.814407
Epoch 25057, loss 4.816292
Epoch 25058, loss 4.819220
Epoch 25059, loss 4.824242
Epoch 25060, loss 4.832238
Epoch 25061, loss 4.842587
Epoch 25062, loss 4.855501
Epoch 25063, loss 4.872966
Epoch 25064, loss 4.893835
Epoch 25065, loss 4.919495
Epoch 25066, loss 4.950351
Epoch 25067, loss 4.988621
Epoch 25068, loss 5.032142
Epoch 25069, loss 5.084317
Epoch 25070, loss 5.141521
Epoch 25071, loss 5.205903
Epoch 25072, loss 5.268493
Epoch 25073, loss 5.330305
Epoch 25074, loss 5.376525
Epoch 25075, loss 5.408264
Epoch 25076, loss 5.406418
Epoch 25077, loss 5.374662
Epoch 25078, loss 5.305585
Epoch 25079, loss 5.215085
Epoch 25080, loss 5.107826
Epoch 25081, loss 5.002581
Epoch 25082, loss 4.914536
Epoch 25083, loss 4.851917
Epoch 25084, loss 4.820188
Epoch 25085, loss 4.814488
Epoch 25086, loss 4.830617
Epoch 25087, loss 4.858504
Epoch 25088, loss 4.890556
Epoch 25089, loss 4.918293
Epoch 25090, loss 4.936328
Epoch 25091, loss 4.945834
Epoch 25092, loss 4.947046
Epoch 25093, loss 4.943937
Epoch 25094, loss 4.935587
Epoch 25095, loss 4.932445
Epoch 25096, loss 4.935986
Epoch 25097, loss 4.951787
Epoch 25098, loss 4.979453
Epoch 25099, loss 5.021872
Epoch 25100, loss 5.076916
Epoch 25101, loss 5.146709
Epoch 25102, loss 5.224490
Epoch 25103, loss 5.313696
Epoch 25104, loss 5.402252
Epoch 25105, loss 5.493851
Epoch 25106, loss 5.565551
Epoch 25107, loss 5.619321
Epoch 25108, loss 5.623968
Epoch 25109, loss 5.586054
Epoch 25110, loss 5.485328
Epoch 25111, loss 5.343967
Epoch 25112, loss 5.172439
Epoch 25113, loss 5.010135
Epoch 25114, loss 4.881030
Epoch 25115, loss 4.805774
Epoch 25116, loss 4.785613
Epoch 25117, loss 4.811749
Epoch 25118, loss 4.864634
Epoch 25119, loss 4.924827
Epoch 25120, loss 4.975008
Epoch 25121, loss 5.002351
Epoch 25122, loss 5.005056
Epoch 25123, loss 4.982318
Epoch 25124, loss 4.944817
Epoch 25125, loss 4.899643
Epoch 25126, loss 4.859971
Epoch 25127, loss 4.830741
Epoch 25128, loss 4.816832
Epoch 25129, loss 4.816466
Epoch 25130, loss 4.827065
Epoch 25131, loss 4.843268
Epoch 25132, loss 4.860944
Epoch 25133, loss 4.876733
Epoch 25134, loss 4.888514
Epoch 25135, loss 4.896636
Epoch 25136, loss 4.901723
Epoch 25137, loss 4.906362
Epoch 25138, loss 4.911256
Epoch 25139, loss 4.918724
Epoch 25140, loss 4.929234
Epoch 25141, loss 4.944592
Epoch 25142, loss 4.963269
Epoch 25143, loss 4.984979
Epoch 25144, loss 5.008725
Epoch 25145, loss 5.033957
Epoch 25146, loss 5.057786
Epoch 25147, loss 5.076193
Epoch 25148, loss 5.089550
Epoch 25149, loss 5.096275
Epoch 25150, loss 5.093498
Epoch 25151, loss 5.076033
Epoch 25152, loss 5.050416
Epoch 25153, loss 5.018871
Epoch 25154, loss 4.981842
Epoch 25155, loss 4.937734
Epoch 25156, loss 4.895131
Epoch 25157, loss 4.857656
Epoch 25158, loss 4.826888
Epoch 25159, loss 4.803582
Epoch 25160, loss 4.787588
Epoch 25161, loss 4.778363
Epoch 25162, loss 4.775377
Epoch 25163, loss 4.776742
Epoch 25164, loss 4.781527
Epoch 25165, loss 4.788225
Epoch 25166, loss 4.795749
Epoch 25167, loss 4.803464
Epoch 25168, loss 4.810816
Epoch 25169, loss 4.817282
Epoch 25170, loss 4.822139
Epoch 25171, loss 4.825463
Epoch 25172, loss 4.827391
Epoch 25173, loss 4.828060
Epoch 25174, loss 4.827547
Epoch 25175, loss 4.825993
Epoch 25176, loss 4.823635
Epoch 25177, loss 4.820940
Epoch 25178, loss 4.818161
Epoch 25179, loss 4.815422
Epoch 25180, loss 4.812659
Epoch 25181, loss 4.810336
Epoch 25182, loss 4.808583
Epoch 25183, loss 4.807504
Epoch 25184, loss 4.807048
Epoch 25185, loss 4.807476
Epoch 25186, loss 4.808990
Epoch 25187, loss 4.811758
Epoch 25188, loss 4.815997
Epoch 25189, loss 4.822031
Epoch 25190, loss 4.830422
Epoch 25191, loss 4.841623
Epoch 25192, loss 4.856407
Epoch 25193, loss 4.875707
Epoch 25194, loss 4.900763
Epoch 25195, loss 4.933525
Epoch 25196, loss 4.975479
Epoch 25197, loss 5.029460
Epoch 25198, loss 5.096776
Epoch 25199, loss 5.180887
Epoch 25200, loss 5.280319
Epoch 25201, loss 5.396016
Epoch 25202, loss 5.516451
Epoch 25203, loss 5.633985
Epoch 25204, loss 5.719144
Epoch 25205, loss 5.756706
Epoch 25206, loss 5.712443
Epoch 25207, loss 5.592840
Epoch 25208, loss 5.404635
Epoch 25209, loss 5.201627
Epoch 25210, loss 5.029437
Epoch 25211, loss 4.934193
Epoch 25212, loss 4.928622
Epoch 25213, loss 5.001407
Epoch 25214, loss 5.116543
Epoch 25215, loss 5.234554
Epoch 25216, loss 5.313624
Epoch 25217, loss 5.333444
Epoch 25218, loss 5.287842
Epoch 25219, loss 5.202101
Epoch 25220, loss 5.106261
Epoch 25221, loss 5.038397
Epoch 25222, loss 5.014188
Epoch 25223, loss 5.033731
Epoch 25224, loss 5.073193
Epoch 25225, loss 5.108353
Epoch 25226, loss 5.113997
Epoch 25227, loss 5.086336
Epoch 25228, loss 5.030605
Epoch 25229, loss 4.968350
Epoch 25230, loss 4.918187
Epoch 25231, loss 4.893701
Epoch 25232, loss 4.894616
Epoch 25233, loss 4.911504
Epoch 25234, loss 4.930588
Epoch 25235, loss 4.939899
Epoch 25236, loss 4.935402
Epoch 25237, loss 4.918662
Epoch 25238, loss 4.897759
Epoch 25239, loss 4.879595
Epoch 25240, loss 4.870051
Epoch 25241, loss 4.868990
Epoch 25242, loss 4.873984
Epoch 25243, loss 4.878476
Epoch 25244, loss 4.878213
Epoch 25245, loss 4.871295
Epoch 25246, loss 4.859259
Epoch 25247, loss 4.843201
Epoch 25248, loss 4.825575
Epoch 25249, loss 4.811763
Epoch 25250, loss 4.801994
Epoch 25251, loss 4.796465
Epoch 25252, loss 4.792093
Epoch 25253, loss 4.788689
Epoch 25254, loss 4.784800
Epoch 25255, loss 4.779562
Epoch 25256, loss 4.773968
Epoch 25257, loss 4.768073
Epoch 25258, loss 4.763666
Epoch 25259, loss 4.760982
Epoch 25260, loss 4.760698
Epoch 25261, loss 4.762605
Epoch 25262, loss 4.766445
Epoch 25263, loss 4.772067
Epoch 25264, loss 4.779319
Epoch 25265, loss 4.788768
Epoch 25266, loss 4.801354
Epoch 25267, loss 4.819149
Epoch 25268, loss 4.844884
Epoch 25269, loss 4.881988
Epoch 25270, loss 4.935491
Epoch 25271, loss 5.009905
Epoch 25272, loss 5.113747
Epoch 25273, loss 5.252303
Epoch 25274, loss 5.429997
Epoch 25275, loss 5.628720
Epoch 25276, loss 5.848031
Epoch 25277, loss 6.045878
Epoch 25278, loss 6.175240
Epoch 25279, loss 6.138521
Epoch 25280, loss 5.952304
Epoch 25281, loss 5.654785
Epoch 25282, loss 5.387879
Epoch 25283, loss 5.242088
Epoch 25284, loss 5.266375
Epoch 25285, loss 5.410573
Epoch 25286, loss 5.599740
Epoch 25287, loss 5.670948
Epoch 25288, loss 5.639409
Epoch 25289, loss 5.495426
Epoch 25290, loss 5.280195
Epoch 25291, loss 5.083431
Epoch 25292, loss 4.975127
Epoch 25293, loss 4.956755
Epoch 25294, loss 4.988199
Epoch 25295, loss 5.014547
Epoch 25296, loss 4.994050
Epoch 25297, loss 4.930838
Epoch 25298, loss 4.871200
Epoch 25299, loss 4.842377
Epoch 25300, loss 4.867932
Epoch 25301, loss 4.905569
Epoch 25302, loss 4.929746
Epoch 25303, loss 4.940871
Epoch 25304, loss 4.935104
Epoch 25305, loss 4.919218
Epoch 25306, loss 4.896911
Epoch 25307, loss 4.880684
Epoch 25308, loss 4.867695
Epoch 25309, loss 4.860697
Epoch 25310, loss 4.854400
Epoch 25311, loss 4.838752
Epoch 25312, loss 4.828634
Epoch 25313, loss 4.819294
Epoch 25314, loss 4.815433
Epoch 25315, loss 4.814591
Epoch 25316, loss 4.817569
Epoch 25317, loss 4.823274
Epoch 25318, loss 4.829481
Epoch 25319, loss 4.826675
Epoch 25320, loss 4.827599
Epoch 25321, loss 4.826039
Epoch 25322, loss 4.821971
Epoch 25323, loss 4.815949
Epoch 25324, loss 4.811842
Epoch 25325, loss 4.806800
Epoch 25326, loss 4.801438
Epoch 25327, loss 4.799551
Epoch 25328, loss 4.799217
Epoch 25329, loss 4.800568
Epoch 25330, loss 4.803977
Epoch 25331, loss 4.810657
Epoch 25332, loss 4.821350
Epoch 25333, loss 4.835501
Epoch 25334, loss 4.854895
Epoch 25335, loss 4.885343
Epoch 25336, loss 4.929533
Epoch 25337, loss 4.992679
Epoch 25338, loss 5.083477
Epoch 25339, loss 5.205301
Epoch 25340, loss 5.364710
Epoch 25341, loss 5.558236
Epoch 25342, loss 5.782152
Epoch 25343, loss 5.987654
Epoch 25344, loss 6.125377
Epoch 25345, loss 6.116931
Epoch 25346, loss 5.950954
Epoch 25347, loss 5.640561
Epoch 25348, loss 5.303129
Epoch 25349, loss 5.046189
Epoch 25350, loss 4.948599
Epoch 25351, loss 5.000181
Epoch 25352, loss 5.132921
Epoch 25353, loss 5.254147
Epoch 25354, loss 5.288467
Epoch 25355, loss 5.205192
Epoch 25356, loss 5.055792
Epoch 25357, loss 4.919715
Epoch 25358, loss 4.871443
Epoch 25359, loss 4.878418
Epoch 25360, loss 4.924860
Epoch 25361, loss 4.956456
Epoch 25362, loss 4.948057
Epoch 25363, loss 4.899794
Epoch 25364, loss 4.835180
Epoch 25365, loss 4.784665
Epoch 25366, loss 4.782964
Epoch 25367, loss 4.805652
Epoch 25368, loss 4.859916
Epoch 25369, loss 4.895049
Epoch 25370, loss 4.893213
Epoch 25371, loss 4.858083
Epoch 25372, loss 4.810555
Epoch 25373, loss 4.772897
Epoch 25374, loss 4.767243
Epoch 25375, loss 4.773073
Epoch 25376, loss 4.785864
Epoch 25377, loss 4.800082
Epoch 25378, loss 4.802397
Epoch 25379, loss 4.792577
Epoch 25380, loss 4.777392
Epoch 25381, loss 4.768198
Epoch 25382, loss 4.767816
Epoch 25383, loss 4.770097
Epoch 25384, loss 4.780654
Epoch 25385, loss 4.789469
Epoch 25386, loss 4.792230
Epoch 25387, loss 4.789226
Epoch 25388, loss 4.787861
Epoch 25389, loss 4.786960
Epoch 25390, loss 4.791171
Epoch 25391, loss 4.802004
Epoch 25392, loss 4.818318
Epoch 25393, loss 4.839569
Epoch 25394, loss 4.867546
Epoch 25395, loss 4.900838
Epoch 25396, loss 4.943880
Epoch 25397, loss 4.999080
Epoch 25398, loss 5.072718
Epoch 25399, loss 5.165267
Epoch 25400, loss 5.286657
Epoch 25401, loss 5.428066
Epoch 25402, loss 5.595088
Epoch 25403, loss 5.752234
Epoch 25404, loss 5.895747
Epoch 25405, loss 5.963818
Epoch 25406, loss 5.952374
Epoch 25407, loss 5.810960
Epoch 25408, loss 5.585700
Epoch 25409, loss 5.303472
Epoch 25410, loss 5.047725
Epoch 25411, loss 4.867422
Epoch 25412, loss 4.790586
Epoch 25413, loss 4.806111
Epoch 25414, loss 4.879128
Epoch 25415, loss 4.967651
Epoch 25416, loss 5.033597
Epoch 25417, loss 5.058640
Epoch 25418, loss 5.035652
Epoch 25419, loss 4.980858
Epoch 25420, loss 4.911415
Epoch 25421, loss 4.849558
Epoch 25422, loss 4.807403
Epoch 25423, loss 4.789499
Epoch 25424, loss 4.791837
Epoch 25425, loss 4.805857
Epoch 25426, loss 4.822426
Epoch 25427, loss 4.833781
Epoch 25428, loss 4.836565
Epoch 25429, loss 4.830024
Epoch 25430, loss 4.817251
Epoch 25431, loss 4.801545
Epoch 25432, loss 4.786820
Epoch 25433, loss 4.775455
Epoch 25434, loss 4.768657
Epoch 25435, loss 4.766179
Epoch 25436, loss 4.766825
Epoch 25437, loss 4.769024
Epoch 25438, loss 4.771126
Epoch 25439, loss 4.772108
Epoch 25440, loss 4.771345
Epoch 25441, loss 4.769000
Epoch 25442, loss 4.765518
Epoch 25443, loss 4.761724
Epoch 25444, loss 4.758296
Epoch 25445, loss 4.755772
Epoch 25446, loss 4.754331
Epoch 25447, loss 4.753894
Epoch 25448, loss 4.754154
Epoch 25449, loss 4.754673
Epoch 25450, loss 4.755052
Epoch 25451, loss 4.754967
Epoch 25452, loss 4.754297
Epoch 25453, loss 4.753071
Epoch 25454, loss 4.751465
Epoch 25455, loss 4.749722
Epoch 25456, loss 4.748099
Epoch 25457, loss 4.746813
Epoch 25458, loss 4.746006
Epoch 25459, loss 4.745738
Epoch 25460, loss 4.746001
Epoch 25461, loss 4.746738
Epoch 25462, loss 4.747883
Epoch 25463, loss 4.749381
Epoch 25464, loss 4.751249
Epoch 25465, loss 4.753577
Epoch 25466, loss 4.756579
Epoch 25467, loss 4.760626
Epoch 25468, loss 4.766323
Epoch 25469, loss 4.774551
Epoch 25470, loss 4.786754
Epoch 25471, loss 4.804909
Epoch 25472, loss 4.832188
Epoch 25473, loss 4.872714
Epoch 25474, loss 4.932932
Epoch 25475, loss 5.019536
Epoch 25476, loss 5.142211
Epoch 25477, loss 5.303006
Epoch 25478, loss 5.502247
Epoch 25479, loss 5.707133
Epoch 25480, loss 5.876325
Epoch 25481, loss 5.926352
Epoch 25482, loss 5.824396
Epoch 25483, loss 5.574220
Epoch 25484, loss 5.283044
Epoch 25485, loss 5.060610
Epoch 25486, loss 4.978976
Epoch 25487, loss 5.022186
Epoch 25488, loss 5.122707
Epoch 25489, loss 5.201988
Epoch 25490, loss 5.212260
Epoch 25491, loss 5.154247
Epoch 25492, loss 5.061864
Epoch 25493, loss 4.985101
Epoch 25494, loss 4.950516
Epoch 25495, loss 4.952102
Epoch 25496, loss 4.965301
Epoch 25497, loss 4.965952
Epoch 25498, loss 4.949635
Epoch 25499, loss 4.925487
Epoch 25500, loss 4.908843
Epoch 25501, loss 4.902562
Epoch 25502, loss 4.901238
Epoch 25503, loss 4.896066
Epoch 25504, loss 4.888005
Epoch 25505, loss 4.885987
Epoch 25506, loss 4.901345
Epoch 25507, loss 4.938054
Epoch 25508, loss 4.990936
Epoch 25509, loss 5.049756
Epoch 25510, loss 5.105713
Epoch 25511, loss 5.157575
Epoch 25512, loss 5.218007
Epoch 25513, loss 5.297536
Epoch 25514, loss 5.402795
Epoch 25515, loss 5.514359
Epoch 25516, loss 5.627130
Epoch 25517, loss 5.706917
Epoch 25518, loss 5.741640
Epoch 25519, loss 5.692856
Epoch 25520, loss 5.586989
Epoch 25521, loss 5.427953
Epoch 25522, loss 5.266432
Epoch 25523, loss 5.118170
Epoch 25524, loss 5.004938
Epoch 25525, loss 4.919245
Epoch 25526, loss 4.873470
Epoch 25527, loss 4.867192
Epoch 25528, loss 4.890222
Epoch 25529, loss 4.924493
Epoch 25530, loss 4.949991
Epoch 25531, loss 4.953640
Epoch 25532, loss 4.930264
Epoch 25533, loss 4.898415
Epoch 25534, loss 4.862925
Epoch 25535, loss 4.822312
Epoch 25536, loss 4.796553
Epoch 25537, loss 4.785813
Epoch 25538, loss 4.784310
Epoch 25539, loss 4.788263
Epoch 25540, loss 4.794851
Epoch 25541, loss 4.803274
Epoch 25542, loss 4.814575
Epoch 25543, loss 4.819449
Epoch 25544, loss 4.829866
Epoch 25545, loss 4.832647
Epoch 25546, loss 4.828647
Epoch 25547, loss 4.819092
Epoch 25548, loss 4.807673
Epoch 25549, loss 4.799770
Epoch 25550, loss 4.800036
Epoch 25551, loss 4.792914
Epoch 25552, loss 4.800689
Epoch 25553, loss 4.805201
Epoch 25554, loss 4.807123
Epoch 25555, loss 4.806102
Epoch 25556, loss 4.803970
Epoch 25557, loss 4.799614
Epoch 25558, loss 4.794291
Epoch 25559, loss 4.792775
Epoch 25560, loss 4.808631
Epoch 25561, loss 4.806301
Epoch 25562, loss 4.826402
Epoch 25563, loss 4.848811
Epoch 25564, loss 4.868085
Epoch 25565, loss 4.886078
Epoch 25566, loss 4.901954
Epoch 25567, loss 4.915887
Epoch 25568, loss 4.930458
Epoch 25569, loss 4.946628
Epoch 25570, loss 4.965067
Epoch 25571, loss 4.987955
Epoch 25572, loss 5.013043
Epoch 25573, loss 5.042727
Epoch 25574, loss 5.073279
Epoch 25575, loss 5.107208
Epoch 25576, loss 5.139453
Epoch 25577, loss 5.180835
Epoch 25578, loss 5.210049
Epoch 25579, loss 5.225671
Epoch 25580, loss 5.232202
Epoch 25581, loss 5.228421
Epoch 25582, loss 5.205807
Epoch 25583, loss 5.175776
Epoch 25584, loss 5.137676
Epoch 25585, loss 5.106258
Epoch 25586, loss 5.083711
Epoch 25587, loss 5.082113
Epoch 25588, loss 5.084787
Epoch 25589, loss 5.106793
Epoch 25590, loss 5.123202
Epoch 25591, loss 5.127104
Epoch 25592, loss 5.110109
Epoch 25593, loss 5.072765
Epoch 25594, loss 5.018817
Epoch 25595, loss 4.965064
Epoch 25596, loss 4.903567
Epoch 25597, loss 4.861587
Epoch 25598, loss 4.829324
Epoch 25599, loss 4.809225
Epoch 25600, loss 4.799010
Epoch 25601, loss 4.797708
Epoch 25602, loss 4.802016
Epoch 25603, loss 4.821842
Epoch 25604, loss 4.830124
Epoch 25605, loss 4.846617
Epoch 25606, loss 4.854542
Epoch 25607, loss 4.852750
Epoch 25608, loss 4.842157
Epoch 25609, loss 4.826755
Epoch 25610, loss 4.811780
Epoch 25611, loss 4.802358
Epoch 25612, loss 4.786006
Epoch 25613, loss 4.781815
Epoch 25614, loss 4.778527
Epoch 25615, loss 4.776274
Epoch 25616, loss 4.774921
Epoch 25617, loss 4.776150
Epoch 25618, loss 4.782666
Epoch 25619, loss 4.794888
Epoch 25620, loss 4.801679
Epoch 25621, loss 4.820823
Epoch 25622, loss 4.839762
Epoch 25623, loss 4.858860
Epoch 25624, loss 4.877717
Epoch 25625, loss 4.900049
Epoch 25626, loss 4.928215
Epoch 25627, loss 4.969860
Epoch 25628, loss 5.014964
Epoch 25629, loss 5.087263
Epoch 25630, loss 5.161283
Epoch 25631, loss 5.238520
Epoch 25632, loss 5.306925
Epoch 25633, loss 5.365753
Epoch 25634, loss 5.396336
Epoch 25635, loss 5.397969
Epoch 25636, loss 5.355967
Epoch 25637, loss 5.289015
Epoch 25638, loss 5.202059
Epoch 25639, loss 5.105130
Epoch 25640, loss 5.022947
Epoch 25641, loss 4.980129
Epoch 25642, loss 4.968058
Epoch 25643, loss 4.987367
Epoch 25644, loss 5.027576
Epoch 25645, loss 5.079785
Epoch 25646, loss 5.128147
Epoch 25647, loss 5.168335
Epoch 25648, loss 5.189728
Epoch 25649, loss 5.178391
Epoch 25650, loss 5.153157
Epoch 25651, loss 5.115336
Epoch 25652, loss 5.067974
Epoch 25653, loss 5.024644
Epoch 25654, loss 4.986639
Epoch 25655, loss 4.958401
Epoch 25656, loss 4.943137
Epoch 25657, loss 4.925831
Epoch 25658, loss 4.908081
Epoch 25659, loss 4.888228
Epoch 25660, loss 4.864726
Epoch 25661, loss 4.840477
Epoch 25662, loss 4.821531
Epoch 25663, loss 4.812105
Epoch 25664, loss 4.811194
Epoch 25665, loss 4.817364
Epoch 25666, loss 4.831707
Epoch 25667, loss 4.846635
Epoch 25668, loss 4.858848
Epoch 25669, loss 4.866443
Epoch 25670, loss 4.871039
Epoch 25671, loss 4.869822
Epoch 25672, loss 4.867005
Epoch 25673, loss 4.862401
Epoch 25674, loss 4.857924
Epoch 25675, loss 4.854855
Epoch 25676, loss 4.857006
Epoch 25677, loss 4.863213
Epoch 25678, loss 4.874145
Epoch 25679, loss 4.887764
Epoch 25680, loss 4.903375
Epoch 25681, loss 4.919705
Epoch 25682, loss 4.938639
Epoch 25683, loss 4.959262
Epoch 25684, loss 4.982273
Epoch 25685, loss 5.005190
Epoch 25686, loss 5.028817
Epoch 25687, loss 5.050677
Epoch 25688, loss 5.072570
Epoch 25689, loss 5.090923
Epoch 25690, loss 5.105748
Epoch 25691, loss 5.111088
Epoch 25692, loss 5.109342
Epoch 25693, loss 5.096947
Epoch 25694, loss 5.078697
Epoch 25695, loss 5.052893
Epoch 25696, loss 5.025370
Epoch 25697, loss 4.995854
Epoch 25698, loss 4.971256
Epoch 25699, loss 4.952431
Epoch 25700, loss 4.944281
Epoch 25701, loss 4.946272
Epoch 25702, loss 4.960812
Epoch 25703, loss 4.985192
Epoch 25704, loss 5.019597
Epoch 25705, loss 5.058902
Epoch 25706, loss 5.101750
Epoch 25707, loss 5.139765
Epoch 25708, loss 5.170787
Epoch 25709, loss 5.184455
Epoch 25710, loss 5.180441
Epoch 25711, loss 5.152096
Epoch 25712, loss 5.106283
Epoch 25713, loss 5.044821
Epoch 25714, loss 4.980569
Epoch 25715, loss 4.920882
Epoch 25716, loss 4.876251
Epoch 25717, loss 4.850081
Epoch 25718, loss 4.843951
Epoch 25719, loss 4.853984
Epoch 25720, loss 4.875686
Epoch 25721, loss 4.902095
Epoch 25722, loss 4.928491
Epoch 25723, loss 4.949704
Epoch 25724, loss 4.964365
Epoch 25725, loss 4.970665
Epoch 25726, loss 4.970672
Epoch 25727, loss 4.964936
Epoch 25728, loss 4.957473
Epoch 25729, loss 4.948928
Epoch 25730, loss 4.942714
Epoch 25731, loss 4.937846
Epoch 25732, loss 4.935998
Epoch 25733, loss 4.934267
Epoch 25734, loss 4.933153
Epoch 25735, loss 4.929160
Epoch 25736, loss 4.922934
Epoch 25737, loss 4.911854
Epoch 25738, loss 4.897658
Epoch 25739, loss 4.879401
Epoch 25740, loss 4.859684
Epoch 25741, loss 4.838894
Epoch 25742, loss 4.819586
Epoch 25743, loss 4.802510
Epoch 25744, loss 4.789206
Epoch 25745, loss 4.779937
Epoch 25746, loss 4.775102
Epoch 25747, loss 4.774349
Epoch 25748, loss 4.777425
Epoch 25749, loss 4.783748
Epoch 25750, loss 4.793061
Epoch 25751, loss 4.804977
Epoch 25752, loss 4.819655
Epoch 25753, loss 4.837069
Epoch 25754, loss 4.858052
Epoch 25755, loss 4.882957
Epoch 25756, loss 4.913335
Epoch 25757, loss 4.949526
Epoch 25758, loss 4.994120
Epoch 25759, loss 5.046571
Epoch 25760, loss 5.110340
Epoch 25761, loss 5.182451
Epoch 25762, loss 5.267866
Epoch 25763, loss 5.357643
Epoch 25764, loss 5.456692
Epoch 25765, loss 5.545644
Epoch 25766, loss 5.629943
Epoch 25767, loss 5.679247
Epoch 25768, loss 5.702807
Epoch 25769, loss 5.668736
Epoch 25770, loss 5.598188
Epoch 25771, loss 5.478323
Epoch 25772, loss 5.346782
Epoch 25773, loss 5.213700
Epoch 25774, loss 5.110238
Epoch 25775, loss 5.041964
Epoch 25776, loss 5.011978
Epoch 25777, loss 5.007389
Epoch 25778, loss 5.013183
Epoch 25779, loss 5.014730
Epoch 25780, loss 5.001865
Epoch 25781, loss 4.973968
Epoch 25782, loss 4.932710
Epoch 25783, loss 4.888385
Epoch 25784, loss 4.848938
Epoch 25785, loss 4.822799
Epoch 25786, loss 4.812568
Epoch 25787, loss 4.817136
Epoch 25788, loss 4.830840
Epoch 25789, loss 4.846325
Epoch 25790, loss 4.856820
Epoch 25791, loss 4.857745
Epoch 25792, loss 4.848259
Epoch 25793, loss 4.830094
Epoch 25794, loss 4.807745
Epoch 25795, loss 4.785697
Epoch 25796, loss 4.767892
Epoch 25797, loss 4.756475
Epoch 25798, loss 4.751938
Epoch 25799, loss 4.753155
Epoch 25800, loss 4.758184
Epoch 25801, loss 4.764705
Epoch 25802, loss 4.770802
Epoch 25803, loss 4.775146
Epoch 25804, loss 4.777314
Epoch 25805, loss 4.777510
Epoch 25806, loss 4.776459
Epoch 25807, loss 4.775211
Epoch 25808, loss 4.774887
Epoch 25809, loss 4.776508
Epoch 25810, loss 4.781086
Epoch 25811, loss 4.789324
Epoch 25812, loss 4.802300
Epoch 25813, loss 4.820725
Epoch 25814, loss 4.846330
Epoch 25815, loss 4.880186
Epoch 25816, loss 4.925559
Epoch 25817, loss 4.983864
Epoch 25818, loss 5.060589
Epoch 25819, loss 5.155720
Epoch 25820, loss 5.275688
Epoch 25821, loss 5.411992
Epoch 25822, loss 5.565477
Epoch 25823, loss 5.704688
Epoch 25824, loss 5.815365
Epoch 25825, loss 5.842407
Epoch 25826, loss 5.777123
Epoch 25827, loss 5.595869
Epoch 25828, loss 5.350842
Epoch 25829, loss 5.096340
Epoch 25830, loss 4.908261
Epoch 25831, loss 4.824369
Epoch 25832, loss 4.845480
Epoch 25833, loss 4.936332
Epoch 25834, loss 5.044576
Epoch 25835, loss 5.122063
Epoch 25836, loss 5.135016
Epoch 25837, loss 5.082576
Epoch 25838, loss 4.985099
Epoch 25839, loss 4.882720
Epoch 25840, loss 4.808382
Epoch 25841, loss 4.780277
Epoch 25842, loss 4.794560
Epoch 25843, loss 4.831516
Epoch 25844, loss 4.867867
Epoch 25845, loss 4.884377
Epoch 25846, loss 4.875477
Epoch 25847, loss 4.844993
Epoch 25848, loss 4.806765
Epoch 25849, loss 4.773909
Epoch 25850, loss 4.756179
Epoch 25851, loss 4.755590
Epoch 25852, loss 4.768024
Epoch 25853, loss 4.785783
Epoch 25854, loss 4.801040
Epoch 25855, loss 4.809015
Epoch 25856, loss 4.808358
Epoch 25857, loss 4.801867
Epoch 25858, loss 4.793790
Epoch 25859, loss 4.788998
Epoch 25860, loss 4.790587
Epoch 25861, loss 4.799852
Epoch 25862, loss 4.816663
Epoch 25863, loss 4.839332
Epoch 25864, loss 4.867282
Epoch 25865, loss 4.899157
Epoch 25866, loss 4.937260
Epoch 25867, loss 4.982048
Epoch 25868, loss 5.039472
Epoch 25869, loss 5.109716
Epoch 25870, loss 5.199942
Epoch 25871, loss 5.304349
Epoch 25872, loss 5.427444
Epoch 25873, loss 5.550318
Epoch 25874, loss 5.668885
Epoch 25875, loss 5.744091
Epoch 25876, loss 5.771563
Epoch 25877, loss 5.714331
Epoch 25878, loss 5.587844
Epoch 25879, loss 5.392621
Epoch 25880, loss 5.181933
Epoch 25881, loss 4.989706
Epoch 25882, loss 4.853668
Epoch 25883, loss 4.786552
Epoch 25884, loss 4.784420
Epoch 25885, loss 4.828299
Epoch 25886, loss 4.892857
Epoch 25887, loss 4.953709
Epoch 25888, loss 4.990736
Epoch 25889, loss 4.996993
Epoch 25890, loss 4.970652
Epoch 25891, loss 4.923835
Epoch 25892, loss 4.867221
Epoch 25893, loss 4.815675
Epoch 25894, loss 4.777816
Epoch 25895, loss 4.758745
Epoch 25896, loss 4.757682
Epoch 25897, loss 4.770211
Epoch 25898, loss 4.789871
Epoch 25899, loss 4.809972
Epoch 25900, loss 4.825589
Epoch 25901, loss 4.833369
Epoch 25902, loss 4.833380
Epoch 25903, loss 4.826515
Epoch 25904, loss 4.816325
Epoch 25905, loss 4.805708
Epoch 25906, loss 4.798285
Epoch 25907, loss 4.796210
Epoch 25908, loss 4.801080
Epoch 25909, loss 4.813105
Epoch 25910, loss 4.831923
Epoch 25911, loss 4.857037
Epoch 25912, loss 4.887195
Epoch 25913, loss 4.921950
Epoch 25914, loss 4.959202
Epoch 25915, loss 4.999103
Epoch 25916, loss 5.037859
Epoch 25917, loss 5.075434
Epoch 25918, loss 5.105529
Epoch 25919, loss 5.127475
Epoch 25920, loss 5.135850
Epoch 25921, loss 5.132747
Epoch 25922, loss 5.119525
Epoch 25923, loss 5.104621
Epoch 25924, loss 5.096386
Epoch 25925, loss 5.103465
Epoch 25926, loss 5.131270
Epoch 25927, loss 5.176322
Epoch 25928, loss 5.231842
Epoch 25929, loss 5.278378
Epoch 25930, loss 5.301185
Epoch 25931, loss 5.278526
Epoch 25932, loss 5.209553
Epoch 25933, loss 5.098834
Epoch 25934, loss 4.974367
Epoch 25935, loss 4.864255
Epoch 25936, loss 4.794163
Epoch 25937, loss 4.772926
Epoch 25938, loss 4.793126
Epoch 25939, loss 4.835672
Epoch 25940, loss 4.878171
Epoch 25941, loss 4.903037
Epoch 25942, loss 4.900918
Epoch 25943, loss 4.874642
Epoch 25944, loss 4.833679
Epoch 25945, loss 4.792575
Epoch 25946, loss 4.762618
Epoch 25947, loss 4.749833
Epoch 25948, loss 4.753037
Epoch 25949, loss 4.766254
Epoch 25950, loss 4.781429
Epoch 25951, loss 4.791853
Epoch 25952, loss 4.793777
Epoch 25953, loss 4.787042
Epoch 25954, loss 4.774424
Epoch 25955, loss 4.760091
Epoch 25956, loss 4.748161
Epoch 25957, loss 4.741297
Epoch 25958, loss 4.740345
Epoch 25959, loss 4.744489
Epoch 25960, loss 4.751944
Epoch 25961, loss 4.760667
Epoch 25962, loss 4.769151
Epoch 25963, loss 4.776676
Epoch 25964, loss 4.783540
Epoch 25965, loss 4.790847
Epoch 25966, loss 4.800434
Epoch 25967, loss 4.814633
Epoch 25968, loss 4.836084
Epoch 25969, loss 4.867586
Epoch 25970, loss 4.912345
Epoch 25971, loss 4.973201
Epoch 25972, loss 5.053327
Epoch 25973, loss 5.153564
Epoch 25974, loss 5.272912
Epoch 25975, loss 5.402540
Epoch 25976, loss 5.527289
Epoch 25977, loss 5.620276
Epoch 25978, loss 5.653786
Epoch 25979, loss 5.605002
Epoch 25980, loss 5.475555
Epoch 25981, loss 5.292898
Epoch 25982, loss 5.103738
Epoch 25983, loss 4.953997
Epoch 25984, loss 4.869590
Epoch 25985, loss 4.850618
Epoch 25986, loss 4.876193
Epoch 25987, loss 4.917028
Epoch 25988, loss 4.947058
Epoch 25989, loss 4.951741
Epoch 25990, loss 4.930010
Epoch 25991, loss 4.891542
Epoch 25992, loss 4.850319
Epoch 25993, loss 4.817799
Epoch 25994, loss 4.799601
Epoch 25995, loss 4.794925
Epoch 25996, loss 4.799087
Epoch 25997, loss 4.805970
Epoch 25998, loss 4.810476
Epoch 25999, loss 4.809486
Epoch 26000, loss 4.802524
Epoch 26001, loss 4.791211
Epoch 26002, loss 4.778383
Epoch 26003, loss 4.767140
Epoch 26004, loss 4.759811
Epoch 26005, loss 4.757298
Epoch 26006, loss 4.758919
Epoch 26007, loss 4.762854
Epoch 26008, loss 4.766817
Epoch 26009, loss 4.769237
Epoch 26010, loss 4.769739
Epoch 26011, loss 4.769454
Epoch 26012, loss 4.770762
Epoch 26013, loss 4.776763
Epoch 26014, loss 4.790553
Epoch 26015, loss 4.815537
Epoch 26016, loss 4.854560
Epoch 26017, loss 4.912778
Epoch 26018, loss 4.995173
Epoch 26019, loss 5.113662
Epoch 26020, loss 5.276751
Epoch 26021, loss 5.506506
Epoch 26022, loss 5.803321
Epoch 26023, loss 6.185928
Epoch 26024, loss 6.592857
Epoch 26025, loss 6.991695
Epoch 26026, loss 7.182002
Epoch 26027, loss 7.103812
Epoch 26028, loss 6.622530
Epoch 26029, loss 5.932255
Epoch 26030, loss 5.255177
Epoch 26031, loss 4.882257
Epoch 26032, loss 4.892553
Epoch 26033, loss 5.186544
Epoch 26034, loss 5.544493
Epoch 26035, loss 5.716423
Epoch 26036, loss 5.608699
Epoch 26037, loss 5.282004
Epoch 26038, loss 4.968462
Epoch 26039, loss 4.800312
Epoch 26040, loss 4.812970
Epoch 26041, loss 4.931860
Epoch 26042, loss 5.052287
Epoch 26043, loss 5.092670
Epoch 26044, loss 5.028866
Epoch 26045, loss 4.913008
Epoch 26046, loss 4.815749
Epoch 26047, loss 4.782584
Epoch 26048, loss 4.812241
Epoch 26049, loss 4.863895
Epoch 26050, loss 4.895288
Epoch 26051, loss 4.884296
Epoch 26052, loss 4.843123
Epoch 26053, loss 4.798755
Epoch 26054, loss 4.775985
Epoch 26055, loss 4.781765
Epoch 26056, loss 4.803813
Epoch 26057, loss 4.823694
Epoch 26058, loss 4.827205
Epoch 26059, loss 4.813655
Epoch 26060, loss 4.791631
Epoch 26061, loss 4.773573
Epoch 26062, loss 4.766830
Epoch 26063, loss 4.770928
Epoch 26064, loss 4.779954
Epoch 26065, loss 4.786240
Epoch 26066, loss 4.785866
Epoch 26067, loss 4.779025
Epoch 26068, loss 4.769517
Epoch 26069, loss 4.761527
Epoch 26070, loss 4.757509
Epoch 26071, loss 4.757348
Epoch 26072, loss 4.758988
Epoch 26073, loss 4.759926
Epoch 26074, loss 4.758287
Epoch 26075, loss 4.753807
Epoch 26076, loss 4.747666
Epoch 26077, loss 4.742363
Epoch 26078, loss 4.744587
Epoch 26079, loss 4.748133
Epoch 26080, loss 4.741921
Epoch 26081, loss 4.745388
Epoch 26082, loss 4.750177
Epoch 26083, loss 4.754943
Epoch 26084, loss 4.759595
Epoch 26085, loss 4.764890
Epoch 26086, loss 4.771439
Epoch 26087, loss 4.784291
Epoch 26088, loss 4.805439
Epoch 26089, loss 4.827270
Epoch 26090, loss 4.861383
Epoch 26091, loss 4.912304
Epoch 26092, loss 4.979119
Epoch 26093, loss 5.065361
Epoch 26094, loss 5.177198
Epoch 26095, loss 5.323463
Epoch 26096, loss 5.503012
Epoch 26097, loss 5.697132
Epoch 26098, loss 5.881064
Epoch 26099, loss 5.990572
Epoch 26100, loss 5.994111
Epoch 26101, loss 5.846475
Epoch 26102, loss 5.589995
Epoch 26103, loss 5.276629
Epoch 26104, loss 5.005280
Epoch 26105, loss 4.846801
Epoch 26106, loss 4.822651
Epoch 26107, loss 4.900062
Epoch 26108, loss 5.009128
Epoch 26109, loss 5.093395
Epoch 26110, loss 5.120807
Epoch 26111, loss 5.072192
Epoch 26112, loss 4.972276
Epoch 26113, loss 4.871362
Epoch 26114, loss 4.806166
Epoch 26115, loss 4.790905
Epoch 26116, loss 4.815134
Epoch 26117, loss 4.878342
Epoch 26118, loss 4.929610
Epoch 26119, loss 4.980755
Epoch 26120, loss 4.976695
Epoch 26121, loss 4.926244
Epoch 26122, loss 4.857384
Epoch 26123, loss 4.801310
Epoch 26124, loss 4.778000
Epoch 26125, loss 4.789323
Epoch 26126, loss 4.818543
Epoch 26127, loss 4.847194
Epoch 26128, loss 4.859078
Epoch 26129, loss 4.849850
Epoch 26130, loss 4.826399
Epoch 26131, loss 4.800890
Epoch 26132, loss 4.783903
Epoch 26133, loss 4.780066
Epoch 26134, loss 4.788099
Epoch 26135, loss 4.800711
Epoch 26136, loss 4.810955
Epoch 26137, loss 4.814987
Epoch 26138, loss 4.812187
Epoch 26139, loss 4.806398
Epoch 26140, loss 4.801998
Epoch 26141, loss 4.803143
Epoch 26142, loss 4.811358
Epoch 26143, loss 4.826548
Epoch 26144, loss 4.846664
Epoch 26145, loss 4.869952
Epoch 26146, loss 4.895455
Epoch 26147, loss 4.923632
Epoch 26148, loss 4.955527
Epoch 26149, loss 4.993227
Epoch 26150, loss 5.035650
Epoch 26151, loss 5.081892
Epoch 26152, loss 5.124593
Epoch 26153, loss 5.158549
Epoch 26154, loss 5.171031
Epoch 26155, loss 5.158919
Epoch 26156, loss 5.118297
Epoch 26157, loss 5.058919
Epoch 26158, loss 4.991507
Epoch 26159, loss 4.933381
Epoch 26160, loss 4.895050
Epoch 26161, loss 4.881739
Epoch 26162, loss 4.890602
Epoch 26163, loss 4.914074
Epoch 26164, loss 4.942739
Epoch 26165, loss 4.967234
Epoch 26166, loss 4.980976
Epoch 26167, loss 4.979924
Epoch 26168, loss 4.964412
Epoch 26169, loss 4.937312
Epoch 26170, loss 4.904146
Epoch 26171, loss 4.871044
Epoch 26172, loss 4.843006
Epoch 26173, loss 4.823507
Epoch 26174, loss 4.813272
Epoch 26175, loss 4.811756
Epoch 26176, loss 4.816127
Epoch 26177, loss 4.824246
Epoch 26178, loss 4.832932
Epoch 26179, loss 4.840996
Epoch 26180, loss 4.846608
Epoch 26181, loss 4.850621
Epoch 26182, loss 4.852932
Epoch 26183, loss 4.855495
Epoch 26184, loss 4.858965
Epoch 26185, loss 4.865253
Epoch 26186, loss 4.874777
Epoch 26187, loss 4.888851
Epoch 26188, loss 4.906877
Epoch 26189, loss 4.929439
Epoch 26190, loss 4.954600
Epoch 26191, loss 4.981935
Epoch 26192, loss 5.007882
Epoch 26193, loss 5.031739
Epoch 26194, loss 5.049372
Epoch 26195, loss 5.062737
Epoch 26196, loss 5.070378
Epoch 26197, loss 5.067865
Epoch 26198, loss 5.048488
Epoch 26199, loss 5.038027
Epoch 26200, loss 5.019486
Epoch 26201, loss 4.998246
Epoch 26202, loss 4.973885
Epoch 26203, loss 4.952489
Epoch 26204, loss 4.932291
Epoch 26205, loss 4.916554
Epoch 26206, loss 4.902507
Epoch 26207, loss 4.893423
Epoch 26208, loss 4.892363
Epoch 26209, loss 4.899923
Epoch 26210, loss 4.896118
Epoch 26211, loss 4.907337
Epoch 26212, loss 4.919393
Epoch 26213, loss 4.931624
Epoch 26214, loss 4.942194
Epoch 26215, loss 4.951858
Epoch 26216, loss 4.958487
Epoch 26217, loss 4.965639
Epoch 26218, loss 4.975282
Epoch 26219, loss 4.969614
Epoch 26220, loss 4.964486
Epoch 26221, loss 4.955472
Epoch 26222, loss 4.939242
Epoch 26223, loss 4.919236
Epoch 26224, loss 4.895748
Epoch 26225, loss 4.874629
Epoch 26226, loss 4.858959
Epoch 26227, loss 4.844304
Epoch 26228, loss 4.834976
Epoch 26229, loss 4.833361
Epoch 26230, loss 4.835004
Epoch 26231, loss 4.839476
Epoch 26232, loss 4.845841
Epoch 26233, loss 4.856772
Epoch 26234, loss 4.866996
Epoch 26235, loss 4.878877
Epoch 26236, loss 4.890096
Epoch 26237, loss 4.900501
Epoch 26238, loss 4.908053
Epoch 26239, loss 4.916034
Epoch 26240, loss 4.922782
Epoch 26241, loss 4.930176
Epoch 26242, loss 4.936988
Epoch 26243, loss 4.945440
Epoch 26244, loss 4.952582
Epoch 26245, loss 4.962024
Epoch 26246, loss 4.971979
Epoch 26247, loss 4.984555
Epoch 26248, loss 4.997144
Epoch 26249, loss 5.011508
Epoch 26250, loss 5.024219
Epoch 26251, loss 5.037496
Epoch 26252, loss 5.049201
Epoch 26253, loss 5.060854
Epoch 26254, loss 5.069987
Epoch 26255, loss 5.077456
Epoch 26256, loss 5.082515
Epoch 26257, loss 5.086622
Epoch 26258, loss 5.091488
Epoch 26259, loss 5.097851
Epoch 26260, loss 5.109152
Epoch 26261, loss 5.124546
Epoch 26262, loss 5.149243
Epoch 26263, loss 5.180816
Epoch 26264, loss 5.225932
Epoch 26265, loss 5.276694
Epoch 26266, loss 5.337298
Epoch 26267, loss 5.390796
Epoch 26268, loss 5.437218
Epoch 26269, loss 5.452485
Epoch 26270, loss 5.439897
Epoch 26271, loss 5.382047
Epoch 26272, loss 5.294478
Epoch 26273, loss 5.178935
Epoch 26274, loss 5.060805
Epoch 26275, loss 4.953149
Epoch 26276, loss 4.873099
Epoch 26277, loss 4.825218
Epoch 26278, loss 4.808088
Epoch 26279, loss 4.813629
Epoch 26280, loss 4.830850
Epoch 26281, loss 4.849260
Epoch 26282, loss 4.860449
Epoch 26283, loss 4.861268
Epoch 26284, loss 4.851228
Epoch 26285, loss 4.834751
Epoch 26286, loss 4.815914
Epoch 26287, loss 4.800047
Epoch 26288, loss 4.789356
Epoch 26289, loss 4.785053
Epoch 26290, loss 4.785580
Epoch 26291, loss 4.788818
Epoch 26292, loss 4.791888
Epoch 26293, loss 4.792733
Epoch 26294, loss 4.789837
Epoch 26295, loss 4.783012
Epoch 26296, loss 4.772891
Epoch 26297, loss 4.760925
Epoch 26298, loss 4.748821
Epoch 26299, loss 4.738180
Epoch 26300, loss 4.730070
Epoch 26301, loss 4.725126
Epoch 26302, loss 4.723337
Epoch 26303, loss 4.724303
Epoch 26304, loss 4.727347
Epoch 26305, loss 4.731724
Epoch 26306, loss 4.736803
Epoch 26307, loss 4.742113
Epoch 26308, loss 4.747357
Epoch 26309, loss 4.752643
Epoch 26310, loss 4.758153
Epoch 26311, loss 4.764636
Epoch 26312, loss 4.772777
Epoch 26313, loss 4.783915
Epoch 26314, loss 4.799435
Epoch 26315, loss 4.821556
Epoch 26316, loss 4.852804
Epoch 26317, loss 4.896870
Epoch 26318, loss 4.958326
Epoch 26319, loss 5.042549
Epoch 26320, loss 5.155363
Epoch 26321, loss 5.301403
Epoch 26322, loss 5.480753
Epoch 26323, loss 5.683953
Epoch 26324, loss 5.885231
Epoch 26325, loss 6.040940
Epoch 26326, loss 6.089318
Epoch 26327, loss 5.987842
Epoch 26328, loss 5.731734
Epoch 26329, loss 5.393404
Epoch 26330, loss 5.078267
Epoch 26331, loss 4.886781
Epoch 26332, loss 4.854614
Epoch 26333, loss 4.949587
Epoch 26334, loss 5.093902
Epoch 26335, loss 5.201725
Epoch 26336, loss 5.214403
Epoch 26337, loss 5.123795
Epoch 26338, loss 4.972772
Epoch 26339, loss 4.829802
Epoch 26340, loss 4.750833
Epoch 26341, loss 4.753333
Epoch 26342, loss 4.814165
Epoch 26343, loss 4.889291
Epoch 26344, loss 4.936123
Epoch 26345, loss 4.935778
Epoch 26346, loss 4.893886
Epoch 26347, loss 4.838152
Epoch 26348, loss 4.796868
Epoch 26349, loss 4.788102
Epoch 26350, loss 4.810766
Epoch 26351, loss 4.850428
Epoch 26352, loss 4.887238
Epoch 26353, loss 4.908632
Epoch 26354, loss 4.911138
Epoch 26355, loss 4.904260
Epoch 26356, loss 4.899718
Epoch 26357, loss 4.910462
Epoch 26358, loss 4.939636
Epoch 26359, loss 4.987478
Epoch 26360, loss 5.044180
Epoch 26361, loss 5.106492
Epoch 26362, loss 5.163850
Epoch 26363, loss 5.221822
Epoch 26364, loss 5.272423
Epoch 26365, loss 5.326234
Epoch 26366, loss 5.368474
Epoch 26367, loss 5.405280
Epoch 26368, loss 5.411377
Epoch 26369, loss 5.391866
Epoch 26370, loss 5.327022
Epoch 26371, loss 5.233691
Epoch 26372, loss 5.113705
Epoch 26373, loss 4.993952
Epoch 26374, loss 4.888044
Epoch 26375, loss 4.812084
Epoch 26376, loss 4.769845
Epoch 26377, loss 4.759349
Epoch 26378, loss 4.772639
Epoch 26379, loss 4.800011
Epoch 26380, loss 4.832420
Epoch 26381, loss 4.861882
Epoch 26382, loss 4.884523
Epoch 26383, loss 4.896135
Epoch 26384, loss 4.897938
Epoch 26385, loss 4.888824
Epoch 26386, loss 4.872968
Epoch 26387, loss 4.851617
Epoch 26388, loss 4.829173
Epoch 26389, loss 4.807549
Epoch 26390, loss 4.789833
Epoch 26391, loss 4.777396
Epoch 26392, loss 4.770853
Epoch 26393, loss 4.769887
Epoch 26394, loss 4.773430
Epoch 26395, loss 4.780212
Epoch 26396, loss 4.788559
Epoch 26397, loss 4.797423
Epoch 26398, loss 4.805981
Epoch 26399, loss 4.814633
Epoch 26400, loss 4.822890
Epoch 26401, loss 4.831659
Epoch 26402, loss 4.841101
Epoch 26403, loss 4.852366
Epoch 26404, loss 4.864903
Epoch 26405, loss 4.879451
Epoch 26406, loss 4.895243
Epoch 26407, loss 4.912815
Epoch 26408, loss 4.930317
Epoch 26409, loss 4.947178
Epoch 26410, loss 4.961107
Epoch 26411, loss 4.971209
Epoch 26412, loss 4.974564
Epoch 26413, loss 4.969981
Epoch 26414, loss 4.956358
Epoch 26415, loss 4.934748
Epoch 26416, loss 4.906326
Epoch 26417, loss 4.873847
Epoch 26418, loss 4.840426
Epoch 26419, loss 4.809666
Epoch 26420, loss 4.783787
Epoch 26421, loss 4.764701
Epoch 26422, loss 4.753109
Epoch 26423, loss 4.749037
Epoch 26424, loss 4.751730
Epoch 26425, loss 4.760273
Epoch 26426, loss 4.773699
Epoch 26427, loss 4.791355
Epoch 26428, loss 4.812843
Epoch 26429, loss 4.838122
Epoch 26430, loss 4.867446
Epoch 26431, loss 4.901184
Epoch 26432, loss 4.940027
Epoch 26433, loss 4.983864
Epoch 26434, loss 5.032610
Epoch 26435, loss 5.083762
Epoch 26436, loss 5.134963
Epoch 26437, loss 5.179495
Epoch 26438, loss 5.213074
Epoch 26439, loss 5.227179
Epoch 26440, loss 5.221884
Epoch 26441, loss 5.195026
Epoch 26442, loss 5.157692
Epoch 26443, loss 5.116232
Epoch 26444, loss 5.086364
Epoch 26445, loss 5.070647
Epoch 26446, loss 5.076202
Epoch 26447, loss 5.093281
Epoch 26448, loss 5.120239
Epoch 26449, loss 5.141895
Epoch 26450, loss 5.158399
Epoch 26451, loss 5.160027
Epoch 26452, loss 5.155816
Epoch 26453, loss 5.144056
Epoch 26454, loss 5.137388
Epoch 26455, loss 5.134727
Epoch 26456, loss 5.143126
Epoch 26457, loss 5.153789
Epoch 26458, loss 5.165476
Epoch 26459, loss 5.163207
Epoch 26460, loss 5.144343
Epoch 26461, loss 5.099637
Epoch 26462, loss 5.036006
Epoch 26463, loss 4.958461
Epoch 26464, loss 4.881872
Epoch 26465, loss 4.816723
Epoch 26466, loss 4.772452
Epoch 26467, loss 4.751755
Epoch 26468, loss 4.752611
Epoch 26469, loss 4.769121
Epoch 26470, loss 4.793869
Epoch 26471, loss 4.819698
Epoch 26472, loss 4.840469
Epoch 26473, loss 4.852961
Epoch 26474, loss 4.855642
Epoch 26475, loss 4.850312
Epoch 26476, loss 4.839340
Epoch 26477, loss 4.827249
Epoch 26478, loss 4.817019
Epoch 26479, loss 4.811732
Epoch 26480, loss 4.811461
Epoch 26481, loss 4.816448
Epoch 26482, loss 4.824563
Epoch 26483, loss 4.834924
Epoch 26484, loss 4.845285
Epoch 26485, loss 4.854610
Epoch 26486, loss 4.861645
Epoch 26487, loss 4.867009
Epoch 26488, loss 4.869893
Epoch 26489, loss 4.870758
Epoch 26490, loss 4.869221
Epoch 26491, loss 4.866271
Epoch 26492, loss 4.861481
Epoch 26493, loss 4.863071
Epoch 26494, loss 4.866963
Epoch 26495, loss 4.874236
Epoch 26496, loss 4.878354
Epoch 26497, loss 4.879066
Epoch 26498, loss 4.875387
Epoch 26499, loss 4.869690
Epoch 26500, loss 4.861489
Epoch 26501, loss 4.852472
Epoch 26502, loss 4.843873
Epoch 26503, loss 4.834429
Epoch 26504, loss 4.823179
Epoch 26505, loss 4.810965
Epoch 26506, loss 4.799892
Epoch 26507, loss 4.789782
Epoch 26508, loss 4.781676
Epoch 26509, loss 4.774432
Epoch 26510, loss 4.767912
Epoch 26511, loss 4.762267
Epoch 26512, loss 4.758058
Epoch 26513, loss 4.755385
Epoch 26514, loss 4.753768
Epoch 26515, loss 4.754173
Epoch 26516, loss 4.756434
Epoch 26517, loss 4.760976
Epoch 26518, loss 4.767905
Epoch 26519, loss 4.778301
Epoch 26520, loss 4.792375
Epoch 26521, loss 4.813674
Epoch 26522, loss 4.850033
Epoch 26523, loss 4.891544
Epoch 26524, loss 4.965203
Epoch 26525, loss 5.074590
Epoch 26526, loss 5.217382
Epoch 26527, loss 5.400194
Epoch 26528, loss 5.617656
Epoch 26529, loss 5.879554
Epoch 26530, loss 6.144788
Epoch 26531, loss 6.417868
Epoch 26532, loss 6.582995
Epoch 26533, loss 6.618633
Epoch 26534, loss 6.450868
Epoch 26535, loss 6.182028
Epoch 26536, loss 5.871998
Epoch 26537, loss 5.635547
Epoch 26538, loss 5.490270
Epoch 26539, loss 5.425991
Epoch 26540, loss 5.384527
Epoch 26541, loss 5.304558
Epoch 26542, loss 5.282496
Epoch 26543, loss 5.558502
Epoch 26544, loss 6.806290
Epoch 26545, loss 8.396903
Epoch 26546, loss 8.716913
Epoch 26547, loss 7.678932
Epoch 26548, loss 6.459451
Epoch 26549, loss 6.156490
Epoch 26550, loss 6.605254
Epoch 26551, loss 6.786470
Epoch 26552, loss 6.108123
Epoch 26553, loss 5.394881
Epoch 26554, loss 5.510454
Epoch 26555, loss 6.013445
Epoch 26556, loss 6.059370
Epoch 26557, loss 5.537373
Epoch 26558, loss 5.105883
Epoch 26559, loss 5.231919
Epoch 26560, loss 5.573055
Epoch 26561, loss 5.485092
Epoch 26562, loss 5.155497
Epoch 26563, loss 5.056760
Epoch 26564, loss 5.177855
Epoch 26565, loss 5.191824
Epoch 26566, loss 5.043613
Epoch 26567, loss 4.956922
Epoch 26568, loss 5.040254
Epoch 26569, loss 5.117345
Epoch 26570, loss 5.032948
Epoch 26571, loss 4.876549
Epoch 26572, loss 4.868884
Epoch 26573, loss 4.966087
Epoch 26574, loss 4.996368
Epoch 26575, loss 4.918154
Epoch 26576, loss 4.845958
Epoch 26577, loss 4.855010
Epoch 26578, loss 4.905711
Epoch 26579, loss 4.895437
Epoch 26580, loss 4.836759
Epoch 26581, loss 4.817509
Epoch 26582, loss 4.859575
Epoch 26583, loss 4.874747
Epoch 26584, loss 4.833190
Epoch 26585, loss 4.795052
Epoch 26586, loss 4.806365
Epoch 26587, loss 4.835850
Epoch 26588, loss 4.837867
Epoch 26589, loss 4.810052
Epoch 26590, loss 4.792423
Epoch 26591, loss 4.800089
Epoch 26592, loss 4.813418
Epoch 26593, loss 4.809866
Epoch 26594, loss 4.796626
Epoch 26595, loss 4.791611
Epoch 26596, loss 4.796473
Epoch 26597, loss 4.799312
Epoch 26598, loss 4.794395
Epoch 26599, loss 4.787360
Epoch 26600, loss 4.787865
Epoch 26601, loss 4.792760
Epoch 26602, loss 4.793384
Epoch 26603, loss 4.787884
Epoch 26604, loss 4.784108
Epoch 26605, loss 4.785319
Epoch 26606, loss 4.787537
Epoch 26607, loss 4.786141
Epoch 26608, loss 4.783301
Epoch 26609, loss 4.782584
Epoch 26610, loss 4.784207
Epoch 26611, loss 4.785045
Epoch 26612, loss 4.783158
Epoch 26613, loss 4.780941
Epoch 26614, loss 4.780785
Epoch 26615, loss 4.781683
Epoch 26616, loss 4.782136
Epoch 26617, loss 4.781264
Epoch 26618, loss 4.779923
Epoch 26619, loss 4.779608
Epoch 26620, loss 4.780195
Epoch 26621, loss 4.780416
Epoch 26622, loss 4.779784
Epoch 26623, loss 4.778877
Epoch 26624, loss 4.778744
Epoch 26625, loss 4.779122
Epoch 26626, loss 4.779192
Epoch 26627, loss 4.778761
Epoch 26628, loss 4.778133
Epoch 26629, loss 4.777900
Epoch 26630, loss 4.778070
Epoch 26631, loss 4.778106
Epoch 26632, loss 4.777840
Epoch 26633, loss 4.777522
Epoch 26634, loss 4.777349
Epoch 26635, loss 4.777372
Epoch 26636, loss 4.777345
Epoch 26637, loss 4.777186
Epoch 26638, loss 4.776944
Epoch 26639, loss 4.776768
Epoch 26640, loss 4.776699
Epoch 26641, loss 4.776667
Epoch 26642, loss 4.776542
Epoch 26643, loss 4.776386
Epoch 26644, loss 4.776239
Epoch 26645, loss 4.776175
Epoch 26646, loss 4.776112
Epoch 26647, loss 4.776014
Epoch 26648, loss 4.775874
Epoch 26649, loss 4.775725
Epoch 26650, loss 4.775641
Epoch 26651, loss 4.775584
Epoch 26652, loss 4.775495
Epoch 26653, loss 4.775400
Epoch 26654, loss 4.775277
Epoch 26655, loss 4.775203
Epoch 26656, loss 4.775107
Epoch 26657, loss 4.775063
Epoch 26658, loss 4.774959
Epoch 26659, loss 4.774878
Epoch 26660, loss 4.774765
Epoch 26661, loss 4.774678
Epoch 26662, loss 4.774604
Epoch 26663, loss 4.774530
Epoch 26664, loss 4.774455
Epoch 26665, loss 4.774354
Epoch 26666, loss 4.774276
Epoch 26667, loss 4.774201
Epoch 26668, loss 4.774135
Epoch 26669, loss 4.774053
Epoch 26670, loss 4.773981
Epoch 26671, loss 4.773912
Epoch 26672, loss 4.773851
Epoch 26673, loss 4.773790
Epoch 26674, loss 4.773756
Epoch 26675, loss 4.773702
Epoch 26676, loss 4.773687
Epoch 26677, loss 4.773676
Epoch 26678, loss 4.773703
Epoch 26679, loss 4.773785
Epoch 26680, loss 4.773917
Epoch 26681, loss 4.774157
Epoch 26682, loss 4.774539
Epoch 26683, loss 4.775141
Epoch 26684, loss 4.776086
Epoch 26685, loss 4.777519
Epoch 26686, loss 4.779732
Epoch 26687, loss 4.783120
Epoch 26688, loss 4.788357
Epoch 26689, loss 4.796421
Epoch 26690, loss 4.808939
Epoch 26691, loss 4.828486
Epoch 26692, loss 4.858909
Epoch 26693, loss 4.906716
Epoch 26694, loss 4.980731
Epoch 26695, loss 5.096331
Epoch 26696, loss 5.270822
Epoch 26697, loss 5.533088
Epoch 26698, loss 5.896739
Epoch 26699, loss 6.379934
Epoch 26700, loss 6.900358
Epoch 26701, loss 7.351514
Epoch 26702, loss 7.432959
Epoch 26703, loss 7.033253
Epoch 26704, loss 6.164455
Epoch 26705, loss 5.284790
Epoch 26706, loss 4.826138
Epoch 26707, loss 4.941273
Epoch 26708, loss 5.393486
Epoch 26709, loss 5.768573
Epoch 26710, loss 5.781757
Epoch 26711, loss 5.423129
Epoch 26712, loss 4.991573
Epoch 26713, loss 4.792353
Epoch 26714, loss 4.905193
Epoch 26715, loss 5.152226
Epoch 26716, loss 5.282567
Epoch 26717, loss 5.191150
Epoch 26718, loss 4.968089
Epoch 26719, loss 4.806064
Epoch 26720, loss 4.810617
Epoch 26721, loss 4.929262
Epoch 26722, loss 5.025937
Epoch 26723, loss 5.007863
Epoch 26724, loss 4.900649
Epoch 26725, loss 4.800296
Epoch 26726, loss 4.781835
Epoch 26727, loss 4.837014
Epoch 26728, loss 4.897435
Epoch 26729, loss 4.904318
Epoch 26730, loss 4.854621
Epoch 26731, loss 4.795325
Epoch 26732, loss 4.772910
Epoch 26733, loss 4.794939
Epoch 26734, loss 4.830908
Epoch 26735, loss 4.844786
Epoch 26736, loss 4.825987
Epoch 26737, loss 4.792562
Epoch 26738, loss 4.771580
Epoch 26739, loss 4.775047
Epoch 26740, loss 4.793369
Epoch 26741, loss 4.807244
Epoch 26742, loss 4.804751
Epoch 26743, loss 4.789369
Epoch 26744, loss 4.774175
Epoch 26745, loss 4.769612
Epoch 26746, loss 4.775985
Epoch 26747, loss 4.785218
Epoch 26748, loss 4.788885
Epoch 26749, loss 4.784440
Epoch 26750, loss 4.776133
Epoch 26751, loss 4.770211
Epoch 26752, loss 4.770021
Epoch 26753, loss 4.774001
Epoch 26754, loss 4.777909
Epoch 26755, loss 4.778475
Epoch 26756, loss 4.775505
Epoch 26757, loss 4.771461
Epoch 26758, loss 4.769089
Epoch 26759, loss 4.769476
Epoch 26760, loss 4.771531
Epoch 26761, loss 4.773328
Epoch 26762, loss 4.773479
Epoch 26763, loss 4.772004
Epoch 26764, loss 4.770067
Epoch 26765, loss 4.768926
Epoch 26766, loss 4.769102
Epoch 26767, loss 4.770259
Epoch 26768, loss 4.771505
Epoch 26769, loss 4.772067
Epoch 26770, loss 4.772051
Epoch 26771, loss 4.771669
Epoch 26772, loss 4.771871
Epoch 26773, loss 4.772929
Epoch 26774, loss 4.775130
Epoch 26775, loss 4.778147
Epoch 26776, loss 4.782251
Epoch 26777, loss 4.787436
Epoch 26778, loss 4.794853
Epoch 26779, loss 4.805535
Epoch 26780, loss 4.821653
Epoch 26781, loss 4.845368
Epoch 26782, loss 4.880584
Epoch 26783, loss 4.931102
Epoch 26784, loss 5.004402
Epoch 26785, loss 5.107155
Epoch 26786, loss 5.252350
Epoch 26787, loss 5.442663
Epoch 26788, loss 5.683788
Epoch 26789, loss 5.951474
Epoch 26790, loss 6.218989
Epoch 26791, loss 6.387910
Epoch 26792, loss 6.391497
Epoch 26793, loss 6.178349
Epoch 26794, loss 5.831776
Epoch 26795, loss 5.465246
Epoch 26796, loss 5.244322
Epoch 26797, loss 5.240243
Epoch 26798, loss 5.430742
Epoch 26799, loss 5.700614
Epoch 26800, loss 5.886953
Epoch 26801, loss 5.826228
Epoch 26802, loss 5.550013
Epoch 26803, loss 5.207099
Epoch 26804, loss 4.985930
Epoch 26805, loss 4.958339
Epoch 26806, loss 5.059150
Epoch 26807, loss 5.152664
Epoch 26808, loss 5.146387
Epoch 26809, loss 5.041772
Epoch 26810, loss 4.918009
Epoch 26811, loss 4.854870
Epoch 26812, loss 4.876457
Epoch 26813, loss 4.949345
Epoch 26814, loss 4.960299
Epoch 26815, loss 4.943995
Epoch 26816, loss 4.909849
Epoch 26817, loss 4.880854
Epoch 26818, loss 4.872056
Epoch 26819, loss 4.880669
Epoch 26820, loss 4.887750
Epoch 26821, loss 4.880425
Epoch 26822, loss 4.857232
Epoch 26823, loss 4.842002
Epoch 26824, loss 4.813600
Epoch 26825, loss 4.803261
Epoch 26826, loss 4.800602
Epoch 26827, loss 4.801146
Epoch 26828, loss 4.801246
Epoch 26829, loss 4.796423
Epoch 26830, loss 4.786623
Epoch 26831, loss 4.777638
Epoch 26832, loss 4.784778
Epoch 26833, loss 4.774575
Epoch 26834, loss 4.781036
Epoch 26835, loss 4.789746
Epoch 26836, loss 4.795436
Epoch 26837, loss 4.797198
Epoch 26838, loss 4.795569
Epoch 26839, loss 4.795301
Epoch 26840, loss 4.801728
Epoch 26841, loss 4.802801
Epoch 26842, loss 4.813357
Epoch 26843, loss 4.823592
Epoch 26844, loss 4.829597
Epoch 26845, loss 4.835972
Epoch 26846, loss 4.841757
Epoch 26847, loss 4.854936
Epoch 26848, loss 4.863353
Epoch 26849, loss 4.874596
Epoch 26850, loss 4.896385
Epoch 26851, loss 4.914005
Epoch 26852, loss 4.933591
Epoch 26853, loss 4.951679
Epoch 26854, loss 4.977280
Epoch 26855, loss 5.010055
Epoch 26856, loss 5.046203
Epoch 26857, loss 5.089001
Epoch 26858, loss 5.135410
Epoch 26859, loss 5.175889
Epoch 26860, loss 5.215846
Epoch 26861, loss 5.245412
Epoch 26862, loss 5.277431
Epoch 26863, loss 5.298985
Epoch 26864, loss 5.317609
Epoch 26865, loss 5.304629
Epoch 26866, loss 5.267942
Epoch 26867, loss 5.201330
Epoch 26868, loss 5.119972
Epoch 26869, loss 5.028097
Epoch 26870, loss 4.954966
Epoch 26871, loss 4.885801
Epoch 26872, loss 4.838563
Epoch 26873, loss 4.805485
Epoch 26874, loss 4.786329
Epoch 26875, loss 4.778076
Epoch 26876, loss 4.782207
Epoch 26877, loss 4.794750
Epoch 26878, loss 4.807764
Epoch 26879, loss 4.825357
Epoch 26880, loss 4.840561
Epoch 26881, loss 4.851212
Epoch 26882, loss 4.855475
Epoch 26883, loss 4.858052
Epoch 26884, loss 4.854804
Epoch 26885, loss 4.849170
Epoch 26886, loss 4.840987
Epoch 26887, loss 4.830961
Epoch 26888, loss 4.820124
Epoch 26889, loss 4.810370
Epoch 26890, loss 4.801279
Epoch 26891, loss 4.792976
Epoch 26892, loss 4.786542
Epoch 26893, loss 4.780875
Epoch 26894, loss 4.776904
Epoch 26895, loss 4.774256
Epoch 26896, loss 4.772637
Epoch 26897, loss 4.771745
Epoch 26898, loss 4.772043
Epoch 26899, loss 4.772352
Epoch 26900, loss 4.773517
Epoch 26901, loss 4.775052
Epoch 26902, loss 4.777233
Epoch 26903, loss 4.779725
Epoch 26904, loss 4.783304
Epoch 26905, loss 4.787485
Epoch 26906, loss 4.793073
Epoch 26907, loss 4.799900
Epoch 26908, loss 4.808833
Epoch 26909, loss 4.820223
Epoch 26910, loss 4.835176
Epoch 26911, loss 4.854299
Epoch 26912, loss 4.879524
Epoch 26913, loss 4.911870
Epoch 26914, loss 4.953838
Epoch 26915, loss 5.006566
Epoch 26916, loss 5.072830
Epoch 26917, loss 5.151653
Epoch 26918, loss 5.243754
Epoch 26919, loss 5.341106
Epoch 26920, loss 5.437390
Epoch 26921, loss 5.512240
Epoch 26922, loss 5.553066
Epoch 26923, loss 5.536627
Epoch 26924, loss 5.463693
Epoch 26925, loss 5.338156
Epoch 26926, loss 5.193455
Epoch 26927, loss 5.061418
Epoch 26928, loss 4.976484
Epoch 26929, loss 4.951697
Epoch 26930, loss 4.983577
Epoch 26931, loss 5.049428
Epoch 26932, loss 5.121761
Epoch 26933, loss 5.172432
Epoch 26934, loss 5.186488
Epoch 26935, loss 5.160705
Epoch 26936, loss 5.111652
Epoch 26937, loss 5.063149
Epoch 26938, loss 5.040813
Epoch 26939, loss 5.055581
Epoch 26940, loss 5.105288
Epoch 26941, loss 5.172421
Epoch 26942, loss 5.237565
Epoch 26943, loss 5.277953
Epoch 26944, loss 5.289470
Epoch 26945, loss 5.268322
Epoch 26946, loss 5.231672
Epoch 26947, loss 5.187100
Epoch 26948, loss 5.148826
Epoch 26949, loss 5.113377
Epoch 26950, loss 5.080011
Epoch 26951, loss 5.037552
Epoch 26952, loss 4.985032
Epoch 26953, loss 4.922386
Epoch 26954, loss 4.860033
Epoch 26955, loss 4.807376
Epoch 26956, loss 4.773648
Epoch 26957, loss 4.761192
Epoch 26958, loss 4.766976
Epoch 26959, loss 4.783449
Epoch 26960, loss 4.802758
Epoch 26961, loss 4.818762
Epoch 26962, loss 4.828462
Epoch 26963, loss 4.832673
Epoch 26964, loss 4.833212
Epoch 26965, loss 4.833132
Epoch 26966, loss 4.833735
Epoch 26967, loss 4.835863
Epoch 26968, loss 4.837999
Epoch 26969, loss 4.839184
Epoch 26970, loss 4.837743
Epoch 26971, loss 4.833742
Epoch 26972, loss 4.827389
Epoch 26973, loss 4.820248
Epoch 26974, loss 4.813375
Epoch 26975, loss 4.808046
Epoch 26976, loss 4.804526
Epoch 26977, loss 4.802876
Epoch 26978, loss 4.802381
Epoch 26979, loss 4.802621
Epoch 26980, loss 4.803043
Epoch 26981, loss 4.803579
Epoch 26982, loss 4.804247
Epoch 26983, loss 4.805333
Epoch 26984, loss 4.807480
Epoch 26985, loss 4.811046
Epoch 26986, loss 4.816549
Epoch 26987, loss 4.824115
Epoch 26988, loss 4.834450
Epoch 26989, loss 4.847383
Epoch 26990, loss 4.864034
Epoch 26991, loss 4.884543
Epoch 26992, loss 4.909998
Epoch 26993, loss 4.941846
Epoch 26994, loss 4.981097
Epoch 26995, loss 5.030006
Epoch 26996, loss 5.088843
Epoch 26997, loss 5.160616
Epoch 26998, loss 5.242455
Epoch 26999, loss 5.336487
Epoch 27000, loss 5.433564
Epoch 27001, loss 5.532072
Epoch 27002, loss 5.610842
Epoch 27003, loss 5.665611
Epoch 27004, loss 5.669586
Epoch 27005, loss 5.624017
Epoch 27006, loss 5.514933
Epoch 27007, loss 5.366801
Epoch 27008, loss 5.195519
Epoch 27009, loss 5.036816
Epoch 27010, loss 4.912989
Epoch 27011, loss 4.841516
Epoch 27012, loss 4.823181
Epoch 27013, loss 4.848446
Epoch 27014, loss 4.899596
Epoch 27015, loss 4.957056
Epoch 27016, loss 5.002992
Epoch 27017, loss 5.024337
Epoch 27018, loss 5.015970
Epoch 27019, loss 4.980108
Epoch 27020, loss 4.926159
Epoch 27021, loss 4.867224
Epoch 27022, loss 4.816052
Epoch 27023, loss 4.781827
Epoch 27024, loss 4.767735
Epoch 27025, loss 4.771459
Epoch 27026, loss 4.786897
Epoch 27027, loss 4.806642
Epoch 27028, loss 4.824035
Epoch 27029, loss 4.834793
Epoch 27030, loss 4.837033
Epoch 27031, loss 4.831354
Epoch 27032, loss 4.819985
Epoch 27033, loss 4.805713
Epoch 27034, loss 4.792074
Epoch 27035, loss 4.781088
Epoch 27036, loss 4.774454
Epoch 27037, loss 4.772079
Epoch 27038, loss 4.774115
Epoch 27039, loss 4.779416
Epoch 27040, loss 4.787025
Epoch 27041, loss 4.796592
Epoch 27042, loss 4.807105
Epoch 27043, loss 4.819087
Epoch 27044, loss 4.832571
Epoch 27045, loss 4.849014
Epoch 27046, loss 4.869270
Epoch 27047, loss 4.895986
Epoch 27048, loss 4.930468
Epoch 27049, loss 4.976595
Epoch 27050, loss 5.035582
Epoch 27051, loss 5.112711
Epoch 27052, loss 5.206553
Epoch 27053, loss 5.322227
Epoch 27054, loss 5.449041
Epoch 27055, loss 5.587394
Epoch 27056, loss 5.709260
Epoch 27057, loss 5.806884
Epoch 27058, loss 5.836898
Epoch 27059, loss 5.800969
Epoch 27060, loss 5.677868
Epoch 27061, loss 5.505280
Epoch 27062, loss 5.306071
Epoch 27063, loss 5.135578
Epoch 27064, loss 5.022573
Epoch 27065, loss 4.988588
Epoch 27066, loss 5.028321
Epoch 27067, loss 5.124250
Epoch 27068, loss 5.247286
Epoch 27069, loss 5.366677
Epoch 27070, loss 5.458845
Epoch 27071, loss 5.507672
Epoch 27072, loss 5.512109
Epoch 27073, loss 5.483043
Epoch 27074, loss 5.425119
Epoch 27075, loss 5.348949
Epoch 27076, loss 5.258429
Epoch 27077, loss 5.164999
Epoch 27078, loss 5.069776
Epoch 27079, loss 4.986679
Epoch 27080, loss 4.924094
Epoch 27081, loss 4.888642
Epoch 27082, loss 4.878931
Epoch 27083, loss 4.888428
Epoch 27084, loss 4.904439
Epoch 27085, loss 4.917234
Epoch 27086, loss 4.920925
Epoch 27087, loss 4.911084
Epoch 27088, loss 4.890474
Epoch 27089, loss 4.863862
Epoch 27090, loss 4.838533
Epoch 27091, loss 4.819280
Epoch 27092, loss 4.808629
Epoch 27093, loss 4.805811
Epoch 27094, loss 4.807755
Epoch 27095, loss 4.810585
Epoch 27096, loss 4.811712
Epoch 27097, loss 4.809724
Epoch 27098, loss 4.804018
Epoch 27099, loss 4.795901
Epoch 27100, loss 4.786943
Epoch 27101, loss 4.779218
Epoch 27102, loss 4.773712
Epoch 27103, loss 4.771008
Epoch 27104, loss 4.770438
Epoch 27105, loss 4.771279
Epoch 27106, loss 4.772366
Epoch 27107, loss 4.772922
Epoch 27108, loss 4.772598
Epoch 27109, loss 4.771157
Epoch 27110, loss 4.769034
Epoch 27111, loss 4.766558
Epoch 27112, loss 4.764456
Epoch 27113, loss 4.762946
Epoch 27114, loss 4.762312
Epoch 27115, loss 4.762354
Epoch 27116, loss 4.762881
Epoch 27117, loss 4.763558
Epoch 27118, loss 4.764089
Epoch 27119, loss 4.764295
Epoch 27120, loss 4.764086
Epoch 27121, loss 4.763550
Epoch 27122, loss 4.762857
Epoch 27123, loss 4.762214
Epoch 27124, loss 4.761863
Epoch 27125, loss 4.762033
Epoch 27126, loss 4.762890
Epoch 27127, loss 4.764599
Epoch 27128, loss 4.767291
Epoch 27129, loss 4.771232
Epoch 27130, loss 4.776624
Epoch 27131, loss 4.783958
Epoch 27132, loss 4.793618
Epoch 27133, loss 4.806764
Epoch 27134, loss 4.824328
Epoch 27135, loss 4.848332
Epoch 27136, loss 4.880336
Epoch 27137, loss 4.924418
Epoch 27138, loss 4.982871
Epoch 27139, loss 5.063088
Epoch 27140, loss 5.166481
Epoch 27141, loss 5.303932
Epoch 27142, loss 5.468762
Epoch 27143, loss 5.670804
Epoch 27144, loss 5.874513
Epoch 27145, loss 6.076659
Epoch 27146, loss 6.191121
Epoch 27147, loss 6.207869
Epoch 27148, loss 6.049560
Epoch 27149, loss 5.779455
Epoch 27150, loss 5.428786
Epoch 27151, loss 5.115386
Epoch 27152, loss 4.916806
Epoch 27153, loss 4.876505
Epoch 27154, loss 4.966269
Epoch 27155, loss 5.102370
Epoch 27156, loss 5.221115
Epoch 27157, loss 5.256215
Epoch 27158, loss 5.201412
Epoch 27159, loss 5.079656
Epoch 27160, loss 4.950206
Epoch 27161, loss 4.864066
Epoch 27162, loss 4.849421
Epoch 27163, loss 4.881405
Epoch 27164, loss 4.950380
Epoch 27165, loss 5.006613
Epoch 27166, loss 5.021413
Epoch 27167, loss 4.991156
Epoch 27168, loss 4.927850
Epoch 27169, loss 4.860760
Epoch 27170, loss 4.816939
Epoch 27171, loss 4.801944
Epoch 27172, loss 4.810110
Epoch 27173, loss 4.833969
Epoch 27174, loss 4.853992
Epoch 27175, loss 4.859462
Epoch 27176, loss 4.849212
Epoch 27177, loss 4.828838
Epoch 27178, loss 4.808512
Epoch 27179, loss 4.793867
Epoch 27180, loss 4.790889
Epoch 27181, loss 4.799002
Epoch 27182, loss 4.812072
Epoch 27183, loss 4.823588
Epoch 27184, loss 4.831158
Epoch 27185, loss 4.835377
Epoch 27186, loss 4.836207
Epoch 27187, loss 4.838114
Epoch 27188, loss 4.844877
Epoch 27189, loss 4.857919
Epoch 27190, loss 4.877448
Epoch 27191, loss 4.904461
Epoch 27192, loss 4.937317
Epoch 27193, loss 4.974009
Epoch 27194, loss 5.014261
Epoch 27195, loss 5.056210
Epoch 27196, loss 5.096800
Epoch 27197, loss 5.135597
Epoch 27198, loss 5.168203
Epoch 27199, loss 5.191074
Epoch 27200, loss 5.198511
Epoch 27201, loss 5.188390
Epoch 27202, loss 5.156014
Epoch 27203, loss 5.107368
Epoch 27204, loss 5.046765
Epoch 27205, loss 4.983801
Epoch 27206, loss 4.926640
Epoch 27207, loss 4.883078
Epoch 27208, loss 4.856913
Epoch 27209, loss 4.846853
Epoch 27210, loss 4.849378
Epoch 27211, loss 4.859135
Epoch 27212, loss 4.871460
Epoch 27213, loss 4.880963
Epoch 27214, loss 4.884747
Epoch 27215, loss 4.881445
Epoch 27216, loss 4.872587
Epoch 27217, loss 4.860426
Epoch 27218, loss 4.849135
Epoch 27219, loss 4.842118
Epoch 27220, loss 4.843180
Epoch 27221, loss 4.854826
Epoch 27222, loss 4.879683
Epoch 27223, loss 4.918823
Epoch 27224, loss 4.974593
Epoch 27225, loss 5.047380
Epoch 27226, loss 5.139014
Epoch 27227, loss 5.245839
Epoch 27228, loss 5.363736
Epoch 27229, loss 5.475052
Epoch 27230, loss 5.562075
Epoch 27231, loss 5.591939
Epoch 27232, loss 5.550798
Epoch 27233, loss 5.430150
Epoch 27234, loss 5.262161
Epoch 27235, loss 5.086001
Epoch 27236, loss 4.950520
Epoch 27237, loss 4.879704
Epoch 27238, loss 4.874149
Epoch 27239, loss 4.910729
Epoch 27240, loss 4.959340
Epoch 27241, loss 4.994385
Epoch 27242, loss 5.001810
Epoch 27243, loss 4.982503
Epoch 27244, loss 4.944866
Epoch 27245, loss 4.904808
Epoch 27246, loss 4.872738
Epoch 27247, loss 4.856446
Epoch 27248, loss 4.854795
Epoch 27249, loss 4.864215
Epoch 27250, loss 4.877699
Epoch 27251, loss 4.889919
Epoch 27252, loss 4.896656
Epoch 27253, loss 4.896625
Epoch 27254, loss 4.889810
Epoch 27255, loss 4.878241
Epoch 27256, loss 4.864364
Epoch 27257, loss 4.851539
Epoch 27258, loss 4.842711
Epoch 27259, loss 4.840152
Epoch 27260, loss 4.844477
Epoch 27261, loss 4.854207
Epoch 27262, loss 4.865907
Epoch 27263, loss 4.877466
Epoch 27264, loss 4.887671
Epoch 27265, loss 4.893338
Epoch 27266, loss 4.888402
Epoch 27267, loss 4.877698
Epoch 27268, loss 4.871536
Epoch 27269, loss 4.855985
Epoch 27270, loss 4.852194
Epoch 27271, loss 4.851845
Epoch 27272, loss 4.850695
Epoch 27273, loss 4.846458
Epoch 27274, loss 4.841443
Epoch 27275, loss 4.831506
Epoch 27276, loss 4.816828
Epoch 27277, loss 4.805974
Epoch 27278, loss 4.795924
Epoch 27279, loss 4.788058
Epoch 27280, loss 4.783960
Epoch 27281, loss 4.785893
Epoch 27282, loss 4.789637
Epoch 27283, loss 4.791526
Epoch 27284, loss 4.794827
Epoch 27285, loss 4.798482
Epoch 27286, loss 4.801864
Epoch 27287, loss 4.807493
Epoch 27288, loss 4.817769
Epoch 27289, loss 4.836302
Epoch 27290, loss 4.861788
Epoch 27291, loss 4.904207
Epoch 27292, loss 4.964528
Epoch 27293, loss 5.046945
Epoch 27294, loss 5.162957
Epoch 27295, loss 5.325962
Epoch 27296, loss 5.542880
Epoch 27297, loss 5.810009
Epoch 27298, loss 6.129040
Epoch 27299, loss 6.449892
Epoch 27300, loss 6.716589
Epoch 27301, loss 6.790136
Epoch 27302, loss 6.642129
Epoch 27303, loss 6.236650
Epoch 27304, loss 5.719966
Epoch 27305, loss 5.253631
Epoch 27306, loss 5.003029
Epoch 27307, loss 5.002355
Epoch 27308, loss 5.184050
Epoch 27309, loss 5.410247
Epoch 27310, loss 5.538393
Epoch 27311, loss 5.493683
Epoch 27312, loss 5.286179
Epoch 27313, loss 5.026373
Epoch 27314, loss 4.841237
Epoch 27315, loss 4.800180
Epoch 27316, loss 4.883098
Epoch 27317, loss 5.012801
Epoch 27318, loss 5.098453
Epoch 27319, loss 5.087644
Epoch 27320, loss 4.995110
Epoch 27321, loss 4.874386
Epoch 27322, loss 4.787359
Epoch 27323, loss 4.768585
Epoch 27324, loss 4.809209
Epoch 27325, loss 4.870362
Epoch 27326, loss 4.908509
Epoch 27327, loss 4.901463
Epoch 27328, loss 4.854945
Epoch 27329, loss 4.798202
Epoch 27330, loss 4.760010
Epoch 27331, loss 4.752721
Epoch 27332, loss 4.771647
Epoch 27333, loss 4.798621
Epoch 27334, loss 4.816583
Epoch 27335, loss 4.816785
Epoch 27336, loss 4.800300
Epoch 27337, loss 4.776923
Epoch 27338, loss 4.756644
Epoch 27339, loss 4.748334
Epoch 27340, loss 4.750063
Epoch 27341, loss 4.758985
Epoch 27342, loss 4.767672
Epoch 27343, loss 4.771411
Epoch 27344, loss 4.768947
Epoch 27345, loss 4.762204
Epoch 27346, loss 4.754307
Epoch 27347, loss 4.748764
Epoch 27348, loss 4.747308
Epoch 27349, loss 4.749324
Epoch 27350, loss 4.753467
Epoch 27351, loss 4.757063
Epoch 27352, loss 4.759220
Epoch 27353, loss 4.758813
Epoch 27354, loss 4.756712
Epoch 27355, loss 4.754069
Epoch 27356, loss 4.752428
Epoch 27357, loss 4.752456
Epoch 27358, loss 4.754516
Epoch 27359, loss 4.758160
Epoch 27360, loss 4.763154
Epoch 27361, loss 4.768970
Epoch 27362, loss 4.776108
Epoch 27363, loss 4.784523
Epoch 27364, loss 4.795911
Epoch 27365, loss 4.811489
Epoch 27366, loss 4.834204
Epoch 27367, loss 4.865442
Epoch 27368, loss 4.908786
Epoch 27369, loss 4.970639
Epoch 27370, loss 5.059152
Epoch 27371, loss 5.176994
Epoch 27372, loss 5.322402
Epoch 27373, loss 5.489834
Epoch 27374, loss 5.676403
Epoch 27375, loss 5.848147
Epoch 27376, loss 5.981642
Epoch 27377, loss 6.020848
Epoch 27378, loss 5.956518
Epoch 27379, loss 5.761385
Epoch 27380, loss 5.517731
Epoch 27381, loss 5.283281
Epoch 27382, loss 5.126775
Epoch 27383, loss 5.067738
Epoch 27384, loss 5.089578
Epoch 27385, loss 5.137763
Epoch 27386, loss 5.161459
Epoch 27387, loss 5.128107
Epoch 27388, loss 5.045340
Epoch 27389, loss 4.948950
Epoch 27390, loss 4.868581
Epoch 27391, loss 4.836480
Epoch 27392, loss 4.852147
Epoch 27393, loss 4.889302
Epoch 27394, loss 4.916719
Epoch 27395, loss 4.915224
Epoch 27396, loss 4.883696
Epoch 27397, loss 4.838614
Epoch 27398, loss 4.801576
Epoch 27399, loss 4.787065
Epoch 27400, loss 4.794090
Epoch 27401, loss 4.813035
Epoch 27402, loss 4.831867
Epoch 27403, loss 4.837712
Epoch 27404, loss 4.826559
Epoch 27405, loss 4.804368
Epoch 27406, loss 4.781013
Epoch 27407, loss 4.766112
Epoch 27408, loss 4.763231
Epoch 27409, loss 4.768545
Epoch 27410, loss 4.777569
Epoch 27411, loss 4.784329
Epoch 27412, loss 4.785880
Epoch 27413, loss 4.782305
Epoch 27414, loss 4.775877
Epoch 27415, loss 4.770284
Epoch 27416, loss 4.767070
Epoch 27417, loss 4.767153
Epoch 27418, loss 4.769732
Epoch 27419, loss 4.771890
Epoch 27420, loss 4.772900
Epoch 27421, loss 4.772368
Epoch 27422, loss 4.770723
Epoch 27423, loss 4.769286
Epoch 27424, loss 4.769132
Epoch 27425, loss 4.771478
Epoch 27426, loss 4.776562
Epoch 27427, loss 4.784380
Epoch 27428, loss 4.794377
Epoch 27429, loss 4.806815
Epoch 27430, loss 4.821943
Epoch 27431, loss 4.841062
Epoch 27432, loss 4.865201
Epoch 27433, loss 4.897181
Epoch 27434, loss 4.938255
Epoch 27435, loss 4.992598
Epoch 27436, loss 5.060031
Epoch 27437, loss 5.145961
Epoch 27438, loss 5.245509
Epoch 27439, loss 5.363892
Epoch 27440, loss 5.484365
Epoch 27441, loss 5.608928
Epoch 27442, loss 5.702212
Epoch 27443, loss 5.765376
Epoch 27444, loss 5.756143
Epoch 27445, loss 5.695053
Epoch 27446, loss 5.571144
Epoch 27447, loss 5.438287
Epoch 27448, loss 5.317788
Epoch 27449, loss 5.250880
Epoch 27450, loss 5.246240
Epoch 27451, loss 5.295063
Epoch 27452, loss 5.359417
Epoch 27453, loss 5.387408
Epoch 27454, loss 5.350278
Epoch 27455, loss 5.242161
Epoch 27456, loss 5.090100
Epoch 27457, loss 4.934956
Epoch 27458, loss 4.822514
Epoch 27459, loss 4.776715
Epoch 27460, loss 4.796954
Epoch 27461, loss 4.874675
Epoch 27462, loss 4.948785
Epoch 27463, loss 5.013740
Epoch 27464, loss 5.028173
Epoch 27465, loss 4.991329
Epoch 27466, loss 4.922009
Epoch 27467, loss 4.847896
Epoch 27468, loss 4.793042
Epoch 27469, loss 4.770337
Epoch 27470, loss 4.777435
Epoch 27471, loss 4.801648
Epoch 27472, loss 4.826519
Epoch 27473, loss 4.839925
Epoch 27474, loss 4.837129
Epoch 27475, loss 4.819985
Epoch 27476, loss 4.796540
Epoch 27477, loss 4.775728
Epoch 27478, loss 4.764364
Epoch 27479, loss 4.764125
Epoch 27480, loss 4.770818
Epoch 27481, loss 4.778405
Epoch 27482, loss 4.783913
Epoch 27483, loss 4.786150
Epoch 27484, loss 4.783727
Epoch 27485, loss 4.776984
Epoch 27486, loss 4.767738
Epoch 27487, loss 4.759052
Epoch 27488, loss 4.752559
Epoch 27489, loss 4.749177
Epoch 27490, loss 4.748556
Epoch 27491, loss 4.749630
Epoch 27492, loss 4.751470
Epoch 27493, loss 4.753199
Epoch 27494, loss 4.754405
Epoch 27495, loss 4.754531
Epoch 27496, loss 4.752886
Epoch 27497, loss 4.749918
Epoch 27498, loss 4.746762
Epoch 27499, loss 4.744535
Epoch 27500, loss 4.743337
Epoch 27501, loss 4.742947
Epoch 27502, loss 4.743086
Epoch 27503, loss 4.743481
Epoch 27504, loss 4.743958
Epoch 27505, loss 4.744708
Epoch 27506, loss 4.745628
Epoch 27507, loss 4.746542
Epoch 27508, loss 4.746990
Epoch 27509, loss 4.747282
Epoch 27510, loss 4.748020
Epoch 27511, loss 4.749257
Epoch 27512, loss 4.751216
Epoch 27513, loss 4.754151
Epoch 27514, loss 4.758438
Epoch 27515, loss 4.764586
Epoch 27516, loss 4.773608
Epoch 27517, loss 4.787026
Epoch 27518, loss 4.805938
Epoch 27519, loss 4.833309
Epoch 27520, loss 4.872681
Epoch 27521, loss 4.928159
Epoch 27522, loss 5.006861
Epoch 27523, loss 5.116305
Epoch 27524, loss 5.268557
Epoch 27525, loss 5.467988
Epoch 27526, loss 5.723026
Epoch 27527, loss 6.003915
Epoch 27528, loss 6.291308
Epoch 27529, loss 6.483481
Epoch 27530, loss 6.527659
Epoch 27531, loss 6.312287
Epoch 27532, loss 5.908690
Epoch 27533, loss 5.415890
Epoch 27534, loss 5.023021
Epoch 27535, loss 4.846230
Epoch 27536, loss 4.900139
Epoch 27537, loss 5.100807
Epoch 27538, loss 5.320793
Epoch 27539, loss 5.446042
Epoch 27540, loss 5.396152
Epoch 27541, loss 5.215635
Epoch 27542, loss 4.995978
Epoch 27543, loss 4.857362
Epoch 27544, loss 4.837624
Epoch 27545, loss 4.917250
Epoch 27546, loss 5.033791
Epoch 27547, loss 5.114312
Epoch 27548, loss 5.119955
Epoch 27549, loss 5.059761
Epoch 27550, loss 4.985908
Epoch 27551, loss 4.953140
Epoch 27552, loss 4.982626
Epoch 27553, loss 5.070695
Epoch 27554, loss 5.177801
Epoch 27555, loss 5.273905
Epoch 27556, loss 5.334633
Epoch 27557, loss 5.366751
Epoch 27558, loss 5.373553
Epoch 27559, loss 5.379776
Epoch 27560, loss 5.377773
Epoch 27561, loss 5.363354
Epoch 27562, loss 5.311794
Epoch 27563, loss 5.217783
Epoch 27564, loss 5.087172
Epoch 27565, loss 4.951292
Epoch 27566, loss 4.841648
Epoch 27567, loss 4.780598
Epoch 27568, loss 4.769295
Epoch 27569, loss 4.793166
Epoch 27570, loss 4.832541
Epoch 27571, loss 4.868802
Epoch 27572, loss 4.891494
Epoch 27573, loss 4.897657
Epoch 27574, loss 4.891597
Epoch 27575, loss 4.878599
Epoch 27576, loss 4.862795
Epoch 27577, loss 4.844106
Epoch 27578, loss 4.822810
Epoch 27579, loss 4.799284
Epoch 27580, loss 4.776785
Epoch 27581, loss 4.758640
Epoch 27582, loss 4.748360
Epoch 27583, loss 4.746992
Epoch 27584, loss 4.753294
Epoch 27585, loss 4.763649
Epoch 27586, loss 4.773862
Epoch 27587, loss 4.781091
Epoch 27588, loss 4.783576
Epoch 27589, loss 4.781974
Epoch 27590, loss 4.777457
Epoch 27591, loss 4.772108
Epoch 27592, loss 4.766925
Epoch 27593, loss 4.762551
Epoch 27594, loss 4.758862
Epoch 27595, loss 4.755636
Epoch 27596, loss 4.752612
Epoch 27597, loss 4.749803
Epoch 27598, loss 4.747436
Epoch 27599, loss 4.745844
Epoch 27600, loss 4.745183
Epoch 27601, loss 4.745468
Epoch 27602, loss 4.746624
Epoch 27603, loss 4.748380
Epoch 27604, loss 4.750585
Epoch 27605, loss 4.753062
Epoch 27606, loss 4.755966
Epoch 27607, loss 4.759421
Epoch 27608, loss 4.763872
Epoch 27609, loss 4.769771
Epoch 27610, loss 4.777872
Epoch 27611, loss 4.788893
Epoch 27612, loss 4.804172
Epoch 27613, loss 4.825008
Epoch 27614, loss 4.853942
Epoch 27615, loss 4.893105
Epoch 27616, loss 4.947040
Epoch 27617, loss 5.018523
Epoch 27618, loss 5.114194
Epoch 27619, loss 5.233533
Epoch 27620, loss 5.381262
Epoch 27621, loss 5.540823
Epoch 27622, loss 5.702483
Epoch 27623, loss 5.817309
Epoch 27624, loss 5.861316
Epoch 27625, loss 5.782509
Epoch 27626, loss 5.601977
Epoch 27627, loss 5.353840
Epoch 27628, loss 5.127704
Epoch 27629, loss 4.986693
Epoch 27630, loss 4.962246
Epoch 27631, loss 5.032680
Epoch 27632, loss 5.141935
Epoch 27633, loss 5.229025
Epoch 27634, loss 5.246980
Epoch 27635, loss 5.187167
Epoch 27636, loss 5.076824
Epoch 27637, loss 4.965976
Epoch 27638, loss 4.891915
Epoch 27639, loss 4.870765
Epoch 27640, loss 4.897853
Epoch 27641, loss 4.948603
Epoch 27642, loss 4.997292
Epoch 27643, loss 5.024838
Epoch 27644, loss 5.028336
Epoch 27645, loss 5.011940
Epoch 27646, loss 4.988693
Epoch 27647, loss 4.967488
Epoch 27648, loss 4.956654
Epoch 27649, loss 4.955186
Epoch 27650, loss 4.960649
Epoch 27651, loss 4.965989
Epoch 27652, loss 4.965869
Epoch 27653, loss 4.957060
Epoch 27654, loss 4.939281
Epoch 27655, loss 4.915074
Epoch 27656, loss 4.892522
Epoch 27657, loss 4.875662
Epoch 27658, loss 4.867089
Epoch 27659, loss 4.864660
Epoch 27660, loss 4.866010
Epoch 27661, loss 4.865510
Epoch 27662, loss 4.860509
Epoch 27663, loss 4.849036
Epoch 27664, loss 4.833253
Epoch 27665, loss 4.815926
Epoch 27666, loss 4.801045
Epoch 27667, loss 4.790436
Epoch 27668, loss 4.784737
Epoch 27669, loss 4.782138
Epoch 27670, loss 4.780736
Epoch 27671, loss 4.779057
Epoch 27672, loss 4.776220
Epoch 27673, loss 4.772584
Epoch 27674, loss 4.768934
Epoch 27675, loss 4.766820
Epoch 27676, loss 4.766733
Epoch 27677, loss 4.769041
Epoch 27678, loss 4.773212
Epoch 27679, loss 4.778685
Epoch 27680, loss 4.785152
Epoch 27681, loss 4.792289
Epoch 27682, loss 4.800600
Epoch 27683, loss 4.810466
Epoch 27684, loss 4.823089
Epoch 27685, loss 4.839039
Epoch 27686, loss 4.860136
Epoch 27687, loss 4.887068
Epoch 27688, loss 4.922264
Epoch 27689, loss 4.966028
Epoch 27690, loss 5.021356
Epoch 27691, loss 5.088580
Epoch 27692, loss 5.171715
Epoch 27693, loss 5.266083
Epoch 27694, loss 5.372674
Epoch 27695, loss 5.482793
Epoch 27696, loss 5.596107
Epoch 27697, loss 5.685971
Epoch 27698, loss 5.738245
Epoch 27699, loss 5.718844
Epoch 27700, loss 5.636573
Epoch 27701, loss 5.483801
Epoch 27702, loss 5.299004
Epoch 27703, loss 5.100527
Epoch 27704, loss 4.941884
Epoch 27705, loss 4.842830
Epoch 27706, loss 4.805128
Epoch 27707, loss 4.821368
Epoch 27708, loss 4.871540
Epoch 27709, loss 4.931782
Epoch 27710, loss 4.978388
Epoch 27711, loss 4.999286
Epoch 27712, loss 4.986531
Epoch 27713, loss 4.947227
Epoch 27714, loss 4.891384
Epoch 27715, loss 4.838645
Epoch 27716, loss 4.793950
Epoch 27717, loss 4.759738
Epoch 27718, loss 4.752936
Epoch 27719, loss 4.761072
Epoch 27720, loss 4.777635
Epoch 27721, loss 4.796652
Epoch 27722, loss 4.812787
Epoch 27723, loss 4.821965
Epoch 27724, loss 4.822390
Epoch 27725, loss 4.814564
Epoch 27726, loss 4.801497
Epoch 27727, loss 4.786773
Epoch 27728, loss 4.773993
Epoch 27729, loss 4.766664
Epoch 27730, loss 4.756310
Epoch 27731, loss 4.751925
Epoch 27732, loss 4.752173
Epoch 27733, loss 4.754821
Epoch 27734, loss 4.758528
Epoch 27735, loss 4.762021
Epoch 27736, loss 4.764460
Epoch 27737, loss 4.765744
Epoch 27738, loss 4.766064
Epoch 27739, loss 4.765794
Epoch 27740, loss 4.766482
Epoch 27741, loss 4.766940
Epoch 27742, loss 4.766776
Epoch 27743, loss 4.769013
Epoch 27744, loss 4.773616
Epoch 27745, loss 4.780849
Epoch 27746, loss 4.791317
Epoch 27747, loss 4.806099
Epoch 27748, loss 4.826446
Epoch 27749, loss 4.854841
Epoch 27750, loss 4.894221
Epoch 27751, loss 4.945780
Epoch 27752, loss 5.014461
Epoch 27753, loss 5.102069
Epoch 27754, loss 5.207606
Epoch 27755, loss 5.329369
Epoch 27756, loss 5.457322
Epoch 27757, loss 5.577171
Epoch 27758, loss 5.659495
Epoch 27759, loss 5.678667
Epoch 27760, loss 5.606424
Epoch 27761, loss 5.448207
Epoch 27762, loss 5.232057
Epoch 27763, loss 5.016844
Epoch 27764, loss 4.856483
Epoch 27765, loss 4.783382
Epoch 27766, loss 4.795841
Epoch 27767, loss 4.866289
Epoch 27768, loss 4.953852
Epoch 27769, loss 5.019255
Epoch 27770, loss 5.036337
Epoch 27771, loss 4.999180
Epoch 27772, loss 4.924807
Epoch 27773, loss 4.839637
Epoch 27774, loss 4.772013
Epoch 27775, loss 4.738948
Epoch 27776, loss 4.742258
Epoch 27777, loss 4.770543
Epoch 27778, loss 4.805696
Epoch 27779, loss 4.831226
Epoch 27780, loss 4.837418
Epoch 27781, loss 4.823840
Epoch 27782, loss 4.797132
Epoch 27783, loss 4.767941
Epoch 27784, loss 4.745531
Epoch 27785, loss 4.735262
Epoch 27786, loss 4.737153
Epoch 27787, loss 4.747181
Epoch 27788, loss 4.759588
Epoch 27789, loss 4.769071
Epoch 27790, loss 4.772562
Epoch 27791, loss 4.769561
Epoch 27792, loss 4.761912
Epoch 27793, loss 4.752452
Epoch 27794, loss 4.744159
Epoch 27795, loss 4.739126
Epoch 27796, loss 4.738229
Epoch 27797, loss 4.741132
Epoch 27798, loss 4.746762
Epoch 27799, loss 4.753799
Epoch 27800, loss 4.761225
Epoch 27801, loss 4.768655
Epoch 27802, loss 4.776539
Epoch 27803, loss 4.786164
Epoch 27804, loss 4.799770
Epoch 27805, loss 4.820149
Epoch 27806, loss 4.851407
Epoch 27807, loss 4.898152
Epoch 27808, loss 4.967596
Epoch 27809, loss 5.067114
Epoch 27810, loss 5.208450
Epoch 27811, loss 5.398777
Epoch 27812, loss 5.650141
Epoch 27813, loss 5.948091
Epoch 27814, loss 6.281674
Epoch 27815, loss 6.569880
Epoch 27816, loss 6.775883
Epoch 27817, loss 6.795072
Epoch 27818, loss 6.700125
Epoch 27819, loss 6.522527
Epoch 27820, loss 6.443469
Epoch 27821, loss 6.448287
Epoch 27822, loss 6.514704
Epoch 27823, loss 6.433516
Epoch 27824, loss 6.137730
Epoch 27825, loss 5.647380
Epoch 27826, loss 5.188793
Epoch 27827, loss 4.998560
Epoch 27828, loss 5.137571
Epoch 27829, loss 5.432622
Epoch 27830, loss 5.602059
Epoch 27831, loss 5.500749
Epoch 27832, loss 5.183124
Epoch 27833, loss 4.898380
Epoch 27834, loss 4.819447
Epoch 27835, loss 4.943653
Epoch 27836, loss 5.105078
Epoch 27837, loss 5.142105
Epoch 27838, loss 5.029086
Epoch 27839, loss 4.875586
Epoch 27840, loss 4.808826
Epoch 27841, loss 4.852758
Epoch 27842, loss 4.927236
Epoch 27843, loss 4.943356
Epoch 27844, loss 4.884103
Epoch 27845, loss 4.804088
Epoch 27846, loss 4.765963
Epoch 27847, loss 4.783127
Epoch 27848, loss 4.819282
Epoch 27849, loss 4.831835
Epoch 27850, loss 4.812193
Epoch 27851, loss 4.783498
Epoch 27852, loss 4.770953
Epoch 27853, loss 4.777216
Epoch 27854, loss 4.786379
Epoch 27855, loss 4.782830
Epoch 27856, loss 4.766506
Epoch 27857, loss 4.750468
Epoch 27858, loss 4.746319
Epoch 27859, loss 4.753865
Epoch 27860, loss 4.763229
Epoch 27861, loss 4.765094
Epoch 27862, loss 4.757845
Epoch 27863, loss 4.746942
Epoch 27864, loss 4.739032
Epoch 27865, loss 4.736951
Epoch 27866, loss 4.739123
Epoch 27867, loss 4.741844
Epoch 27868, loss 4.742764
Epoch 27869, loss 4.741670
Epoch 27870, loss 4.739761
Epoch 27871, loss 4.738014
Epoch 27872, loss 4.736904
Epoch 27873, loss 4.736478
Epoch 27874, loss 4.736550
Epoch 27875, loss 4.736643
Epoch 27876, loss 4.736410
Epoch 27877, loss 4.735647
Epoch 27878, loss 4.734584
Epoch 27879, loss 4.733671
Epoch 27880, loss 4.733373
Epoch 27881, loss 4.733767
Epoch 27882, loss 4.734543
Epoch 27883, loss 4.735163
Epoch 27884, loss 4.735445
Epoch 27885, loss 4.735641
Epoch 27886, loss 4.736226
Epoch 27887, loss 4.737492
Epoch 27888, loss 4.739485
Epoch 27889, loss 4.742031
Epoch 27890, loss 4.745083
Epoch 27891, loss 4.748866
Epoch 27892, loss 4.754097
Epoch 27893, loss 4.761702
Epoch 27894, loss 4.773033
Epoch 27895, loss 4.788972
Epoch 27896, loss 4.811486
Epoch 27897, loss 4.841741
Epoch 27898, loss 4.883367
Epoch 27899, loss 4.938870
Epoch 27900, loss 5.014198
Epoch 27901, loss 5.109821
Epoch 27902, loss 5.227521
Epoch 27903, loss 5.362572
Epoch 27904, loss 5.509048
Epoch 27905, loss 5.636832
Epoch 27906, loss 5.706735
Epoch 27907, loss 5.702083
Epoch 27908, loss 5.623716
Epoch 27909, loss 5.466265
Epoch 27910, loss 5.254713
Epoch 27911, loss 5.054258
Epoch 27912, loss 4.915560
Epoch 27913, loss 4.876037
Epoch 27914, loss 4.885878
Epoch 27915, loss 4.932201
Epoch 27916, loss 4.975537
Epoch 27917, loss 4.983766
Epoch 27918, loss 4.950714
Epoch 27919, loss 4.888761
Epoch 27920, loss 4.842989
Epoch 27921, loss 4.808790
Epoch 27922, loss 4.805211
Epoch 27923, loss 4.809905
Epoch 27924, loss 4.819536
Epoch 27925, loss 4.831020
Epoch 27926, loss 4.841730
Epoch 27927, loss 4.845224
Epoch 27928, loss 4.844336
Epoch 27929, loss 4.837194
Epoch 27930, loss 4.827023
Epoch 27931, loss 4.815192
Epoch 27932, loss 4.804880
Epoch 27933, loss 4.797722
Epoch 27934, loss 4.792817
Epoch 27935, loss 4.790467
Epoch 27936, loss 4.786774
Epoch 27937, loss 4.780953
Epoch 27938, loss 4.772460
Epoch 27939, loss 4.763039
Epoch 27940, loss 4.761521
Epoch 27941, loss 4.763072
Epoch 27942, loss 4.752330
Epoch 27943, loss 4.752093
Epoch 27944, loss 4.755812
Epoch 27945, loss 4.759131
Epoch 27946, loss 4.758835
Epoch 27947, loss 4.756739
Epoch 27948, loss 4.752043
Epoch 27949, loss 4.747073
Epoch 27950, loss 4.744199
Epoch 27951, loss 4.745092
Epoch 27952, loss 4.739420
Epoch 27953, loss 4.738328
Epoch 27954, loss 4.739632
Epoch 27955, loss 4.739925
Epoch 27956, loss 4.739457
Epoch 27957, loss 4.739405
Epoch 27958, loss 4.742949
Epoch 27959, loss 4.743905
Epoch 27960, loss 4.745952
Epoch 27961, loss 4.750495
Epoch 27962, loss 4.754701
Epoch 27963, loss 4.759493
Epoch 27964, loss 4.769053
Epoch 27965, loss 4.780560
Epoch 27966, loss 4.798552
Epoch 27967, loss 4.824247
Epoch 27968, loss 4.860147
Epoch 27969, loss 4.911639
Epoch 27970, loss 4.987606
Epoch 27971, loss 5.093493
Epoch 27972, loss 5.245126
Epoch 27973, loss 5.447835
Epoch 27974, loss 5.724034
Epoch 27975, loss 6.056594
Epoch 27976, loss 6.445028
Epoch 27977, loss 6.792038
Epoch 27978, loss 7.046564
Epoch 27979, loss 7.013327
Epoch 27980, loss 6.689299
Epoch 27981, loss 6.080064
Epoch 27982, loss 5.436138
Epoch 27983, loss 4.976085
Epoch 27984, loss 4.837243
Epoch 27985, loss 4.976772
Epoch 27986, loss 5.236796
Epoch 27987, loss 5.443508
Epoch 27988, loss 5.466478
Epoch 27989, loss 5.315076
Epoch 27990, loss 5.076312
Epoch 27991, loss 4.888704
Epoch 27992, loss 4.828834
Epoch 27993, loss 4.885536
Epoch 27994, loss 4.985810
Epoch 27995, loss 5.042500
Epoch 27996, loss 5.017832
Epoch 27997, loss 4.928538
Epoch 27998, loss 4.832550
Epoch 27999, loss 4.779660
Epoch 28000, loss 4.786018
Epoch 28001, loss 4.829491
Epoch 28002, loss 4.870729
Epoch 28003, loss 4.879832
Epoch 28004, loss 4.849904
Epoch 28005, loss 4.801023
Epoch 28006, loss 4.760271
Epoch 28007, loss 4.745281
Epoch 28008, loss 4.755535
Epoch 28009, loss 4.776819
Epoch 28010, loss 4.793146
Epoch 28011, loss 4.794408
Epoch 28012, loss 4.781663
Epoch 28013, loss 4.763250
Epoch 28014, loss 4.748221
Epoch 28015, loss 4.741759
Epoch 28016, loss 4.743003
Epoch 28017, loss 4.747722
Epoch 28018, loss 4.750958
Epoch 28019, loss 4.750300
Epoch 28020, loss 4.746497
Epoch 28021, loss 4.741858
Epoch 28022, loss 4.738801
Epoch 28023, loss 4.737751
Epoch 28024, loss 4.738215
Epoch 28025, loss 4.738688
Epoch 28026, loss 4.738216
Epoch 28027, loss 4.736646
Epoch 28028, loss 4.734521
Epoch 28029, loss 4.732766
Epoch 28030, loss 4.731953
Epoch 28031, loss 4.732138
Epoch 28032, loss 4.732941
Epoch 28033, loss 4.733791
Epoch 28034, loss 4.734233
Epoch 28035, loss 4.734167
Epoch 28036, loss 4.733940
Epoch 28037, loss 4.734050
Epoch 28038, loss 4.734959
Epoch 28039, loss 4.736926
Epoch 28040, loss 4.740073
Epoch 28041, loss 4.744533
Epoch 28042, loss 4.750529
Epoch 28043, loss 4.758714
Epoch 28044, loss 4.770148
Epoch 28045, loss 4.786631
Epoch 28046, loss 4.810696
Epoch 28047, loss 4.845987
Epoch 28048, loss 4.897003
Epoch 28049, loss 4.970360
Epoch 28050, loss 5.072981
Epoch 28051, loss 5.214979
Epoch 28052, loss 5.399971
Epoch 28053, loss 5.632133
Epoch 28054, loss 5.888285
Epoch 28055, loss 6.137218
Epoch 28056, loss 6.292897
Epoch 28057, loss 6.291694
Epoch 28058, loss 6.070911
Epoch 28059, loss 5.689958
Epoch 28060, loss 5.268422
Epoch 28061, loss 4.962939
Epoch 28062, loss 4.856356
Epoch 28063, loss 4.926829
Epoch 28064, loss 5.079487
Epoch 28065, loss 5.203265
Epoch 28066, loss 5.225200
Epoch 28067, loss 5.131965
Epoch 28068, loss 4.979992
Epoch 28069, loss 4.851690
Epoch 28070, loss 4.809173
Epoch 28071, loss 4.847259
Epoch 28072, loss 4.922266
Epoch 28073, loss 4.968312
Epoch 28074, loss 4.952192
Epoch 28075, loss 4.886283
Epoch 28076, loss 4.806186
Epoch 28077, loss 4.757709
Epoch 28078, loss 4.758174
Epoch 28079, loss 4.791791
Epoch 28080, loss 4.829322
Epoch 28081, loss 4.849535
Epoch 28082, loss 4.837942
Epoch 28083, loss 4.802951
Epoch 28084, loss 4.764119
Epoch 28085, loss 4.739445
Epoch 28086, loss 4.737185
Epoch 28087, loss 4.751852
Epoch 28088, loss 4.769789
Epoch 28089, loss 4.779635
Epoch 28090, loss 4.775792
Epoch 28091, loss 4.761645
Epoch 28092, loss 4.746176
Epoch 28093, loss 4.735977
Epoch 28094, loss 4.734521
Epoch 28095, loss 4.739660
Epoch 28096, loss 4.746623
Epoch 28097, loss 4.751253
Epoch 28098, loss 4.750842
Epoch 28099, loss 4.746335
Epoch 28100, loss 4.740336
Epoch 28101, loss 4.736001
Epoch 28102, loss 4.735288
Epoch 28103, loss 4.738472
Epoch 28104, loss 4.744432
Epoch 28105, loss 4.751577
Epoch 28106, loss 4.758624
Epoch 28107, loss 4.765691
Epoch 28108, loss 4.773776
Epoch 28109, loss 4.784878
Epoch 28110, loss 4.801678
Epoch 28111, loss 4.826774
Epoch 28112, loss 4.862677
Epoch 28113, loss 4.911950
Epoch 28114, loss 4.978871
Epoch 28115, loss 5.067525
Epoch 28116, loss 5.180944
Epoch 28117, loss 5.320046
Epoch 28118, loss 5.479821
Epoch 28119, loss 5.655410
Epoch 28120, loss 5.812723
Epoch 28121, loss 5.919802
Epoch 28122, loss 5.919332
Epoch 28123, loss 5.812509
Epoch 28124, loss 5.593009
Epoch 28125, loss 5.317369
Epoch 28126, loss 5.051738
Epoch 28127, loss 4.873612
Epoch 28128, loss 4.809979
Epoch 28129, loss 4.845051
Epoch 28130, loss 4.938584
Epoch 28131, loss 5.029058
Epoch 28132, loss 5.076959
Epoch 28133, loss 5.061705
Epoch 28134, loss 4.997007
Epoch 28135, loss 4.908795
Epoch 28136, loss 4.831452
Epoch 28137, loss 4.787242
Epoch 28138, loss 4.782956
Epoch 28139, loss 4.807675
Epoch 28140, loss 4.841310
Epoch 28141, loss 4.865962
Epoch 28142, loss 4.866967
Epoch 28143, loss 4.847637
Epoch 28144, loss 4.817673
Epoch 28145, loss 4.787469
Epoch 28146, loss 4.766163
Epoch 28147, loss 4.756702
Epoch 28148, loss 4.757630
Epoch 28149, loss 4.764600
Epoch 28150, loss 4.772727
Epoch 28151, loss 4.778451
Epoch 28152, loss 4.780174
Epoch 28153, loss 4.777810
Epoch 28154, loss 4.774226
Epoch 28155, loss 4.771325
Epoch 28156, loss 4.770879
Epoch 28157, loss 4.774103
Epoch 28158, loss 4.780884
Epoch 28159, loss 4.790910
Epoch 28160, loss 4.804128
Epoch 28161, loss 4.820237
Epoch 28162, loss 4.840536
Epoch 28163, loss 4.865627
Epoch 28164, loss 4.897669
Epoch 28165, loss 4.937094
Epoch 28166, loss 4.985981
Epoch 28167, loss 5.043061
Epoch 28168, loss 5.109167
Epoch 28169, loss 5.179126
Epoch 28170, loss 5.250193
Epoch 28171, loss 5.310659
Epoch 28172, loss 5.356445
Epoch 28173, loss 5.374127
Epoch 28174, loss 5.364415
Epoch 28175, loss 5.320156
Epoch 28176, loss 5.252460
Epoch 28177, loss 5.163846
Epoch 28178, loss 5.069146
Epoch 28179, loss 4.974902
Epoch 28180, loss 4.893133
Epoch 28181, loss 4.830237
Epoch 28182, loss 4.791756
Epoch 28183, loss 4.777806
Epoch 28184, loss 4.784357
Epoch 28185, loss 4.804225
Epoch 28186, loss 4.828014
Epoch 28187, loss 4.848399
Epoch 28188, loss 4.858964
Epoch 28189, loss 4.858049
Epoch 28190, loss 4.845842
Epoch 28191, loss 4.826798
Epoch 28192, loss 4.804854
Epoch 28193, loss 4.784679
Epoch 28194, loss 4.768580
Epoch 28195, loss 4.757832
Epoch 28196, loss 4.751845
Epoch 28197, loss 4.749470
Epoch 28198, loss 4.749130
Epoch 28199, loss 4.749664
Epoch 28200, loss 4.750329
Epoch 28201, loss 4.750737
Epoch 28202, loss 4.750849
Epoch 28203, loss 4.750662
Epoch 28204, loss 4.750261
Epoch 28205, loss 4.749536
Epoch 28206, loss 4.748478
Epoch 28207, loss 4.746980
Epoch 28208, loss 4.745276
Epoch 28209, loss 4.743388
Epoch 28210, loss 4.741618
Epoch 28211, loss 4.740008
Epoch 28212, loss 4.738742
Epoch 28213, loss 4.737739
Epoch 28214, loss 4.737085
Epoch 28215, loss 4.736599
Epoch 28216, loss 4.736276
Epoch 28217, loss 4.736036
Epoch 28218, loss 4.735957
Epoch 28219, loss 4.736044
Epoch 28220, loss 4.736527
Epoch 28221, loss 4.737584
Epoch 28222, loss 4.739616
Epoch 28223, loss 4.743018
Epoch 28224, loss 4.748401
Epoch 28225, loss 4.756899
Epoch 28226, loss 4.769834
Epoch 28227, loss 4.789448
Epoch 28228, loss 4.818766
Epoch 28229, loss 4.863286
Epoch 28230, loss 4.930022
Epoch 28231, loss 5.028719
Epoch 28232, loss 5.170129
Epoch 28233, loss 5.368497
Epoch 28234, loss 5.634056
Epoch 28235, loss 5.955905
Epoch 28236, loss 6.292501
Epoch 28237, loss 6.551409
Epoch 28238, loss 6.648315
Epoch 28239, loss 6.500412
Epoch 28240, loss 6.163721
Epoch 28241, loss 5.762480
Epoch 28242, loss 5.486552
Epoch 28243, loss 5.401870
Epoch 28244, loss 5.461899
Epoch 28245, loss 5.528393
Epoch 28246, loss 5.504824
Epoch 28247, loss 5.360858
Epoch 28248, loss 5.174214
Epoch 28249, loss 5.036689
Epoch 28250, loss 4.996149
Epoch 28251, loss 5.023777
Epoch 28252, loss 5.047171
Epoch 28253, loss 5.019371
Epoch 28254, loss 4.948989
Epoch 28255, loss 4.888564
Epoch 28256, loss 4.876685
Epoch 28257, loss 4.907823
Epoch 28258, loss 4.939077
Epoch 28259, loss 4.932203
Epoch 28260, loss 4.882575
Epoch 28261, loss 4.821071
Epoch 28262, loss 4.785290
Epoch 28263, loss 4.786037
Epoch 28264, loss 4.805275
Epoch 28265, loss 4.815136
Epoch 28266, loss 4.803099
Epoch 28267, loss 4.779656
Epoch 28268, loss 4.763820
Epoch 28269, loss 4.765849
Epoch 28270, loss 4.778367
Epoch 28271, loss 4.786348
Epoch 28272, loss 4.778797
Epoch 28273, loss 4.759111
Epoch 28274, loss 4.739410
Epoch 28275, loss 4.730902
Epoch 28276, loss 4.735803
Epoch 28277, loss 4.746149
Epoch 28278, loss 4.753052
Epoch 28279, loss 4.751264
Epoch 28280, loss 4.743582
Epoch 28281, loss 4.735866
Epoch 28282, loss 4.733328
Epoch 28283, loss 4.735902
Epoch 28284, loss 4.739879
Epoch 28285, loss 4.741592
Epoch 28286, loss 4.739361
Epoch 28287, loss 4.735195
Epoch 28288, loss 4.731616
Epoch 28289, loss 4.730902
Epoch 28290, loss 4.732466
Epoch 28291, loss 4.734953
Epoch 28292, loss 4.736192
Epoch 28293, loss 4.735798
Epoch 28294, loss 4.734198
Epoch 28295, loss 4.733036
Epoch 28296, loss 4.733207
Epoch 28297, loss 4.735042
Epoch 28298, loss 4.738103
Epoch 28299, loss 4.741831
Epoch 28300, loss 4.746119
Epoch 28301, loss 4.751441
Epoch 28302, loss 4.758901
Epoch 28303, loss 4.769599
Epoch 28304, loss 4.784774
Epoch 28305, loss 4.805600
Epoch 28306, loss 4.834243
Epoch 28307, loss 4.872375
Epoch 28308, loss 4.924481
Epoch 28309, loss 4.993454
Epoch 28310, loss 5.086971
Epoch 28311, loss 5.205161
Epoch 28312, loss 5.356721
Epoch 28313, loss 5.528106
Epoch 28314, loss 5.721624
Epoch 28315, loss 5.886773
Epoch 28316, loss 6.008779
Epoch 28317, loss 6.009769
Epoch 28318, loss 5.903431
Epoch 28319, loss 5.665267
Epoch 28320, loss 5.383271
Epoch 28321, loss 5.129024
Epoch 28322, loss 4.990710
Epoch 28323, loss 4.988683
Epoch 28324, loss 5.099101
Epoch 28325, loss 5.254996
Epoch 28326, loss 5.377987
Epoch 28327, loss 5.407476
Epoch 28328, loss 5.320594
Epoch 28329, loss 5.159125
Epoch 28330, loss 4.989824
Epoch 28331, loss 4.872765
Epoch 28332, loss 4.833482
Epoch 28333, loss 4.852970
Epoch 28334, loss 4.892995
Epoch 28335, loss 4.914527
Epoch 28336, loss 4.902923
Epoch 28337, loss 4.864014
Epoch 28338, loss 4.817818
Epoch 28339, loss 4.785162
Epoch 28340, loss 4.774464
Epoch 28341, loss 4.785312
Epoch 28342, loss 4.806074
Epoch 28343, loss 4.825016
Epoch 28344, loss 4.832628
Epoch 28345, loss 4.828647
Epoch 28346, loss 4.816235
Epoch 28347, loss 4.802440
Epoch 28348, loss 4.790847
Epoch 28349, loss 4.782572
Epoch 28350, loss 4.776590
Epoch 28351, loss 4.770697
Epoch 28352, loss 4.764574
Epoch 28353, loss 4.758149
Epoch 28354, loss 4.752813
Epoch 28355, loss 4.749556
Epoch 28356, loss 4.748730
Epoch 28357, loss 4.749611
Epoch 28358, loss 4.751055
Epoch 28359, loss 4.752283
Epoch 28360, loss 4.753137
Epoch 28361, loss 4.754835
Epoch 28362, loss 4.758778
Epoch 28363, loss 4.767318
Epoch 28364, loss 4.782189
Epoch 28365, loss 4.805649
Epoch 28366, loss 4.839387
Epoch 28367, loss 4.885750
Epoch 28368, loss 4.947783
Epoch 28369, loss 5.028779
Epoch 28370, loss 5.131952
Epoch 28371, loss 5.255683
Epoch 28372, loss 5.393463
Epoch 28373, loss 5.523692
Epoch 28374, loss 5.618625
Epoch 28375, loss 5.637939
Epoch 28376, loss 5.566366
Epoch 28377, loss 5.406499
Epoch 28378, loss 5.210825
Epoch 28379, loss 5.034800
Epoch 28380, loss 4.933066
Epoch 28381, loss 4.921565
Epoch 28382, loss 4.979292
Epoch 28383, loss 5.059174
Epoch 28384, loss 5.115178
Epoch 28385, loss 5.116702
Epoch 28386, loss 5.062776
Epoch 28387, loss 4.974276
Epoch 28388, loss 4.887497
Epoch 28389, loss 4.828027
Epoch 28390, loss 4.807987
Epoch 28391, loss 4.815985
Epoch 28392, loss 4.832759
Epoch 28393, loss 4.839314
Epoch 28394, loss 4.826920
Epoch 28395, loss 4.800437
Epoch 28396, loss 4.770418
Epoch 28397, loss 4.749407
Epoch 28398, loss 4.742109
Epoch 28399, loss 4.748483
Epoch 28400, loss 4.760907
Epoch 28401, loss 4.771665
Epoch 28402, loss 4.774899
Epoch 28403, loss 4.770007
Epoch 28404, loss 4.760267
Epoch 28405, loss 4.750328
Epoch 28406, loss 4.744563
Epoch 28407, loss 4.744474
Epoch 28408, loss 4.749775
Epoch 28409, loss 4.757851
Epoch 28410, loss 4.766220
Epoch 28411, loss 4.773038
Epoch 28412, loss 4.778314
Epoch 28413, loss 4.782904
Epoch 28414, loss 4.788403
Epoch 28415, loss 4.796880
Epoch 28416, loss 4.809557
Epoch 28417, loss 4.827509
Epoch 28418, loss 4.850753
Epoch 28419, loss 4.880696
Epoch 28420, loss 4.917422
Epoch 28421, loss 4.962894
Epoch 28422, loss 5.016840
Epoch 28423, loss 5.083522
Epoch 28424, loss 5.162070
Epoch 28425, loss 5.253127
Epoch 28426, loss 5.345389
Epoch 28427, loss 5.440267
Epoch 28428, loss 5.521242
Epoch 28429, loss 5.576124
Epoch 28430, loss 5.569120
Epoch 28431, loss 5.509717
Epoch 28432, loss 5.392370
Epoch 28433, loss 5.246422
Epoch 28434, loss 5.091245
Epoch 28435, loss 4.952258
Epoch 28436, loss 4.838851
Epoch 28437, loss 4.767031
Epoch 28438, loss 4.741809
Epoch 28439, loss 4.769707
Epoch 28440, loss 4.799820
Epoch 28441, loss 4.842449
Epoch 28442, loss 4.877730
Epoch 28443, loss 4.896825
Epoch 28444, loss 4.899798
Epoch 28445, loss 4.896260
Epoch 28446, loss 4.887220
Epoch 28447, loss 4.875485
Epoch 28448, loss 4.876106
Epoch 28449, loss 4.884931
Epoch 28450, loss 4.903786
Epoch 28451, loss 4.934413
Epoch 28452, loss 4.977520
Epoch 28453, loss 5.026273
Epoch 28454, loss 5.083800
Epoch 28455, loss 5.141656
Epoch 28456, loss 5.184285
Epoch 28457, loss 5.202469
Epoch 28458, loss 5.192377
Epoch 28459, loss 5.182530
Epoch 28460, loss 5.175838
Epoch 28461, loss 5.160798
Epoch 28462, loss 5.103576
Epoch 28463, loss 5.014838
Epoch 28464, loss 4.920706
Epoch 28465, loss 4.844992
Epoch 28466, loss 4.800853
Epoch 28467, loss 4.791646
Epoch 28468, loss 4.807960
Epoch 28469, loss 4.835680
Epoch 28470, loss 4.860225
Epoch 28471, loss 4.874106
Epoch 28472, loss 4.872535
Epoch 28473, loss 4.858614
Epoch 28474, loss 4.838390
Epoch 28475, loss 4.816514
Epoch 28476, loss 4.799750
Epoch 28477, loss 4.789110
Epoch 28478, loss 4.784675
Epoch 28479, loss 4.785087
Epoch 28480, loss 4.787296
Epoch 28481, loss 4.790417
Epoch 28482, loss 4.792506
Epoch 28483, loss 4.793598
Epoch 28484, loss 4.793157
Epoch 28485, loss 4.791050
Epoch 28486, loss 4.787991
Epoch 28487, loss 4.783551
Epoch 28488, loss 4.778580
Epoch 28489, loss 4.773169
Epoch 28490, loss 4.767890
Epoch 28491, loss 4.763321
Epoch 28492, loss 4.759700
Epoch 28493, loss 4.757581
Epoch 28494, loss 4.756487
Epoch 28495, loss 4.756687
Epoch 28496, loss 4.757430
Epoch 28497, loss 4.758615
Epoch 28498, loss 4.759729
Epoch 28499, loss 4.760654
Epoch 28500, loss 4.761214
Epoch 28501, loss 4.761475
Epoch 28502, loss 4.761578
Epoch 28503, loss 4.761685
Epoch 28504, loss 4.762007
Epoch 28505, loss 4.762830
Epoch 28506, loss 4.764377
Epoch 28507, loss 4.766948
Epoch 28508, loss 4.770854
Epoch 28509, loss 4.776548
Epoch 28510, loss 4.784690
Epoch 28511, loss 4.796324
Epoch 28512, loss 4.812684
Epoch 28513, loss 4.836224
Epoch 28514, loss 4.869379
Epoch 28515, loss 4.917373
Epoch 28516, loss 4.984390
Epoch 28517, loss 5.080903
Epoch 28518, loss 5.212665
Epoch 28519, loss 5.398108
Epoch 28520, loss 5.635664
Epoch 28521, loss 5.946469
Epoch 28522, loss 6.289009
Epoch 28523, loss 6.663717
Epoch 28524, loss 6.928257
Epoch 28525, loss 7.048511
Epoch 28526, loss 6.862133
Epoch 28527, loss 6.462779
Epoch 28528, loss 5.909585
Epoch 28529, loss 5.438188
Epoch 28530, loss 5.186443
Epoch 28531, loss 5.193274
Epoch 28532, loss 5.360538
Epoch 28533, loss 5.526093
Epoch 28534, loss 5.564494
Epoch 28535, loss 5.414999
Epoch 28536, loss 5.168067
Epoch 28537, loss 4.950175
Epoch 28538, loss 4.868562
Epoch 28539, loss 4.926562
Epoch 28540, loss 5.043469
Epoch 28541, loss 5.123046
Epoch 28542, loss 5.103077
Epoch 28543, loss 4.997924
Epoch 28544, loss 4.871548
Epoch 28545, loss 4.790256
Epoch 28546, loss 4.780666
Epoch 28547, loss 4.825904
Epoch 28548, loss 4.876679
Epoch 28549, loss 4.895927
Epoch 28550, loss 4.873683
Epoch 28551, loss 4.824791
Epoch 28552, loss 4.781562
Epoch 28553, loss 4.767205
Epoch 28554, loss 4.776210
Epoch 28555, loss 4.795401
Epoch 28556, loss 4.800780
Epoch 28557, loss 4.789112
Epoch 28558, loss 4.769329
Epoch 28559, loss 4.749955
Epoch 28560, loss 4.744319
Epoch 28561, loss 4.751408
Epoch 28562, loss 4.763000
Epoch 28563, loss 4.771523
Epoch 28564, loss 4.770448
Epoch 28565, loss 4.760487
Epoch 28566, loss 4.748073
Epoch 28567, loss 4.738888
Epoch 28568, loss 4.737227
Epoch 28569, loss 4.742679
Epoch 28570, loss 4.750696
Epoch 28571, loss 4.757904
Epoch 28572, loss 4.761039
Epoch 28573, loss 4.760775
Epoch 28574, loss 4.759820
Epoch 28575, loss 4.760875
Epoch 28576, loss 4.766818
Epoch 28577, loss 4.777819
Epoch 28578, loss 4.792998
Epoch 28579, loss 4.811266
Epoch 28580, loss 4.831352
Epoch 28581, loss 4.853389
Epoch 28582, loss 4.878737
Epoch 28583, loss 4.908457
Epoch 28584, loss 4.944953
Epoch 28585, loss 4.986407
Epoch 28586, loss 5.031980
Epoch 28587, loss 5.075143
Epoch 28588, loss 5.110749
Epoch 28589, loss 5.130140
Epoch 28590, loss 5.129555
Epoch 28591, loss 5.104803
Epoch 28592, loss 5.059943
Epoch 28593, loss 5.000550
Epoch 28594, loss 4.938285
Epoch 28595, loss 4.883088
Epoch 28596, loss 4.843075
Epoch 28597, loss 4.820507
Epoch 28598, loss 4.814282
Epoch 28599, loss 4.820217
Epoch 28600, loss 4.833914
Epoch 28601, loss 4.850851
Epoch 28602, loss 4.867079
Epoch 28603, loss 4.879316
Epoch 28604, loss 4.885080
Epoch 28605, loss 4.884130
Epoch 28606, loss 4.877998
Epoch 28607, loss 4.869669
Epoch 28608, loss 4.862918
Epoch 28609, loss 4.862282
Epoch 28610, loss 4.871982
Epoch 28611, loss 4.894239
Epoch 28612, loss 4.931009
Epoch 28613, loss 4.981738
Epoch 28614, loss 5.046559
Epoch 28615, loss 5.120422
Epoch 28616, loss 5.199324
Epoch 28617, loss 5.272601
Epoch 28618, loss 5.331964
Epoch 28619, loss 5.358612
Epoch 28620, loss 5.342469
Epoch 28621, loss 5.277528
Epoch 28622, loss 5.174494
Epoch 28623, loss 5.048633
Epoch 28624, loss 4.926075
Epoch 28625, loss 4.830541
Epoch 28626, loss 4.775850
Epoch 28627, loss 4.762730
Epoch 28628, loss 4.781033
Epoch 28629, loss 4.815575
Epoch 28630, loss 4.850109
Epoch 28631, loss 4.872880
Epoch 28632, loss 4.876759
Epoch 28633, loss 4.862363
Epoch 28634, loss 4.834361
Epoch 28635, loss 4.801557
Epoch 28636, loss 4.771793
Epoch 28637, loss 4.751200
Epoch 28638, loss 4.741874
Epoch 28639, loss 4.742680
Epoch 28640, loss 4.750064
Epoch 28641, loss 4.759683
Epoch 28642, loss 4.767626
Epoch 28643, loss 4.771384
Epoch 28644, loss 4.770160
Epoch 28645, loss 4.764547
Epoch 28646, loss 4.756259
Epoch 28647, loss 4.747324
Epoch 28648, loss 4.739569
Epoch 28649, loss 4.734327
Epoch 28650, loss 4.732223
Epoch 28651, loss 4.733374
Epoch 28652, loss 4.737335
Epoch 28653, loss 4.743754
Epoch 28654, loss 4.752136
Epoch 28655, loss 4.762559
Epoch 28656, loss 4.775181
Epoch 28657, loss 4.791149
Epoch 28658, loss 4.811471
Epoch 28659, loss 4.838640
Epoch 28660, loss 4.874918
Epoch 28661, loss 4.924242
Epoch 28662, loss 4.989643
Epoch 28663, loss 5.076409
Epoch 28664, loss 5.186339
Epoch 28665, loss 5.322450
Epoch 28666, loss 5.475799
Epoch 28667, loss 5.637309
Epoch 28668, loss 5.773085
Epoch 28669, loss 5.856838
Epoch 28670, loss 5.841858
Epoch 28671, loss 5.725849
Epoch 28672, loss 5.515702
Epoch 28673, loss 5.276930
Epoch 28674, loss 5.069317
Epoch 28675, loss 4.945736
Epoch 28676, loss 4.915271
Epoch 28677, loss 4.954528
Epoch 28678, loss 5.018008
Epoch 28679, loss 5.060756
Epoch 28680, loss 5.056539
Epoch 28681, loss 5.003873
Epoch 28682, loss 4.926656
Epoch 28683, loss 4.855136
Epoch 28684, loss 4.814816
Epoch 28685, loss 4.812265
Epoch 28686, loss 4.837711
Epoch 28687, loss 4.871084
Epoch 28688, loss 4.893823
Epoch 28689, loss 4.894858
Epoch 28690, loss 4.874965
Epoch 28691, loss 4.843472
Epoch 28692, loss 4.813364
Epoch 28693, loss 4.794971
Epoch 28694, loss 4.791994
Epoch 28695, loss 4.801589
Epoch 28696, loss 4.816315
Epoch 28697, loss 4.828225
Epoch 28698, loss 4.831764
Epoch 28699, loss 4.825494
Epoch 28700, loss 4.811731
Epoch 28701, loss 4.795345
Epoch 28702, loss 4.780886
Epoch 28703, loss 4.771690
Epoch 28704, loss 4.768176
Epoch 28705, loss 4.768851
Epoch 28706, loss 4.770877
Epoch 28707, loss 4.772034
Epoch 28708, loss 4.770780
Epoch 28709, loss 4.767328
Epoch 28710, loss 4.762582
Epoch 28711, loss 4.758185
Epoch 28712, loss 4.755251
Epoch 28713, loss 4.754359
Epoch 28714, loss 4.755567
Epoch 28715, loss 4.758231
Epoch 28716, loss 4.761777
Epoch 28717, loss 4.765457
Epoch 28718, loss 4.769122
Epoch 28719, loss 4.773032
Epoch 28720, loss 4.777872
Epoch 28721, loss 4.783879
Epoch 28722, loss 4.791557
Epoch 28723, loss 4.801431
Epoch 28724, loss 4.814655
Epoch 28725, loss 4.831013
Epoch 28726, loss 4.851363
Epoch 28727, loss 4.875591
Epoch 28728, loss 4.904771
Epoch 28729, loss 4.938073
Epoch 28730, loss 4.976185
Epoch 28731, loss 5.016317
Epoch 28732, loss 5.057298
Epoch 28733, loss 5.095416
Epoch 28734, loss 5.130013
Epoch 28735, loss 5.153252
Epoch 28736, loss 5.162724
Epoch 28737, loss 5.158783
Epoch 28738, loss 5.149683
Epoch 28739, loss 5.135847
Epoch 28740, loss 5.125449
Epoch 28741, loss 5.130270
Epoch 28742, loss 5.158686
Epoch 28743, loss 5.208692
Epoch 28744, loss 5.273448
Epoch 28745, loss 5.339036
Epoch 28746, loss 5.383038
Epoch 28747, loss 5.384434
Epoch 28748, loss 5.328727
Epoch 28749, loss 5.220359
Epoch 28750, loss 5.077888
Epoch 28751, loss 4.936439
Epoch 28752, loss 4.828130
Epoch 28753, loss 4.773229
Epoch 28754, loss 4.771346
Epoch 28755, loss 4.807393
Epoch 28756, loss 4.858219
Epoch 28757, loss 4.902547
Epoch 28758, loss 4.923857
Epoch 28759, loss 4.915815
Epoch 28760, loss 4.882370
Epoch 28761, loss 4.837663
Epoch 28762, loss 4.796499
Epoch 28763, loss 4.771633
Epoch 28764, loss 4.767731
Epoch 28765, loss 4.782452
Epoch 28766, loss 4.808123
Epoch 28767, loss 4.836546
Epoch 28768, loss 4.861241
Epoch 28769, loss 4.880843
Epoch 28770, loss 4.897062
Epoch 28771, loss 4.917733
Epoch 28772, loss 4.949639
Epoch 28773, loss 5.003512
Epoch 28774, loss 5.083638
Epoch 28775, loss 5.198603
Epoch 28776, loss 5.343334
Epoch 28777, loss 5.522956
Epoch 28778, loss 5.708877
Epoch 28779, loss 5.896270
Epoch 28780, loss 6.020745
Epoch 28781, loss 6.076988
Epoch 28782, loss 5.991297
Epoch 28783, loss 5.798338
Epoch 28784, loss 5.512384
Epoch 28785, loss 5.218576
Epoch 28786, loss 4.980264
Epoch 28787, loss 4.842098
Epoch 28788, loss 4.811852
Epoch 28789, loss 4.861344
Epoch 28790, loss 4.944808
Epoch 28791, loss 5.020120
Epoch 28792, loss 5.056006
Epoch 28793, loss 5.038670
Epoch 28794, loss 4.983263
Epoch 28795, loss 4.908074
Epoch 28796, loss 4.838537
Epoch 28797, loss 4.792009
Epoch 28798, loss 4.774394
Epoch 28799, loss 4.780978
Epoch 28800, loss 4.800192
Epoch 28801, loss 4.819469
Epoch 28802, loss 4.828437
Epoch 28803, loss 4.824163
Epoch 28804, loss 4.806747
Epoch 28805, loss 4.783699
Epoch 28806, loss 4.761363
Epoch 28807, loss 4.746081
Epoch 28808, loss 4.740227
Epoch 28809, loss 4.743236
Epoch 28810, loss 4.751317
Epoch 28811, loss 4.760234
Epoch 28812, loss 4.765905
Epoch 28813, loss 4.765953
Epoch 28814, loss 4.760154
Epoch 28815, loss 4.749795
Epoch 28816, loss 4.737970
Epoch 28817, loss 4.727530
Epoch 28818, loss 4.720470
Epoch 28819, loss 4.717758
Epoch 28820, loss 4.718847
Epoch 28821, loss 4.722653
Epoch 28822, loss 4.727374
Epoch 28823, loss 4.731582
Epoch 28824, loss 4.734006
Epoch 28825, loss 4.734581
Epoch 28826, loss 4.733556
Epoch 28827, loss 4.731709
Epoch 28828, loss 4.729864
Epoch 28829, loss 4.728961
Epoch 28830, loss 4.729601
Epoch 28831, loss 4.732125
Epoch 28832, loss 4.736750
Epoch 28833, loss 4.743619
Epoch 28834, loss 4.752821
Epoch 28835, loss 4.764684
Epoch 28836, loss 4.780077
Epoch 28837, loss 4.799658
Epoch 28838, loss 4.825368
Epoch 28839, loss 4.858286
Epoch 28840, loss 4.901130
Epoch 28841, loss 4.954377
Epoch 28842, loss 5.019690
Epoch 28843, loss 5.092986
Epoch 28844, loss 5.171767
Epoch 28845, loss 5.242679
Epoch 28846, loss 5.295835
Epoch 28847, loss 5.310585
Epoch 28848, loss 5.283498
Epoch 28849, loss 5.210734
Epoch 28850, loss 5.109386
Epoch 28851, loss 4.996829
Epoch 28852, loss 4.898021
Epoch 28853, loss 4.826866
Epoch 28854, loss 4.789634
Epoch 28855, loss 4.781636
Epoch 28856, loss 4.795577
Epoch 28857, loss 4.821486
Epoch 28858, loss 4.851159
Epoch 28859, loss 4.877608
Epoch 28860, loss 4.895046
Epoch 28861, loss 4.901312
Epoch 28862, loss 4.895642
Epoch 28863, loss 4.880067
Epoch 28864, loss 4.858063
Epoch 28865, loss 4.834820
Epoch 28866, loss 4.815197
Epoch 28867, loss 4.803153
Epoch 28868, loss 4.800728
Epoch 28869, loss 4.807253
Epoch 28870, loss 4.820976
Epoch 28871, loss 4.838277
Epoch 28872, loss 4.857065
Epoch 28873, loss 4.872688
Epoch 28874, loss 4.883716
Epoch 28875, loss 4.888433
Epoch 28876, loss 4.889618
Epoch 28877, loss 4.886173
Epoch 28878, loss 4.881246
Epoch 28879, loss 4.876312
Epoch 28880, loss 4.874981
Epoch 28881, loss 4.875495
Epoch 28882, loss 4.878293
Epoch 28883, loss 4.883402
Epoch 28884, loss 4.890952
Epoch 28885, loss 4.899460
Epoch 28886, loss 4.907896
Epoch 28887, loss 4.916937
Epoch 28888, loss 4.927213
Epoch 28889, loss 4.941027
Epoch 28890, loss 4.961352
Epoch 28891, loss 4.993712
Epoch 28892, loss 5.044509
Epoch 28893, loss 5.123776
Epoch 28894, loss 5.240322
Epoch 28895, loss 5.405676
Epoch 28896, loss 5.618987
Epoch 28897, loss 5.877937
Epoch 28898, loss 6.134498
Epoch 28899, loss 6.331560
Epoch 28900, loss 6.355519
Epoch 28901, loss 6.179394
Epoch 28902, loss 5.814661
Epoch 28903, loss 5.418788
Epoch 28904, loss 5.132983
Epoch 28905, loss 5.051111
Epoch 28906, loss 5.136844
Epoch 28907, loss 5.281408
Epoch 28908, loss 5.356241
Epoch 28909, loss 5.304601
Epoch 28910, loss 5.154752
Epoch 28911, loss 4.995961
Epoch 28912, loss 4.901858
Epoch 28913, loss 4.887958
Epoch 28914, loss 4.915875
Epoch 28915, loss 4.933930
Epoch 28916, loss 4.914556
Epoch 28917, loss 4.868064
Epoch 28918, loss 4.824371
Epoch 28919, loss 4.805771
Epoch 28920, loss 4.811809
Epoch 28921, loss 4.826426
Epoch 28922, loss 4.834296
Epoch 28923, loss 4.830426
Epoch 28924, loss 4.818898
Epoch 28925, loss 4.804202
Epoch 28926, loss 4.788851
Epoch 28927, loss 4.772871
Epoch 28928, loss 4.758014
Epoch 28929, loss 4.747556
Epoch 28930, loss 4.744992
Epoch 28931, loss 4.749793
Epoch 28932, loss 4.757209
Epoch 28933, loss 4.760603
Epoch 28934, loss 4.756090
Epoch 28935, loss 4.744843
Epoch 28936, loss 4.732516
Epoch 28937, loss 4.724652
Epoch 28938, loss 4.723424
Epoch 28939, loss 4.726428
Epoch 28940, loss 4.729375
Epoch 28941, loss 4.729323
Epoch 28942, loss 4.726323
Epoch 28943, loss 4.722610
Epoch 28944, loss 4.720726
Epoch 28945, loss 4.721587
Epoch 28946, loss 4.724279
Epoch 28947, loss 4.726778
Epoch 28948, loss 4.727553
Epoch 28949, loss 4.726565
Epoch 28950, loss 4.724859
Epoch 28951, loss 4.723959
Epoch 28952, loss 4.724606
Epoch 28953, loss 4.726792
Epoch 28954, loss 4.729914
Epoch 28955, loss 4.733459
Epoch 28956, loss 4.737309
Epoch 28957, loss 4.742094
Epoch 28958, loss 4.748704
Epoch 28959, loss 4.758258
Epoch 28960, loss 4.771428
Epoch 28961, loss 4.789276
Epoch 28962, loss 4.812451
Epoch 28963, loss 4.843103
Epoch 28964, loss 4.882479
Epoch 28965, loss 4.934934
Epoch 28966, loss 5.001731
Epoch 28967, loss 5.089828
Epoch 28968, loss 5.197096
Epoch 28969, loss 5.330962
Epoch 28970, loss 5.476292
Epoch 28971, loss 5.636391
Epoch 28972, loss 5.770325
Epoch 28973, loss 5.872757
Epoch 28974, loss 5.879842
Epoch 28975, loss 5.802862
Epoch 28976, loss 5.616687
Epoch 28977, loss 5.384813
Epoch 28978, loss 5.144329
Epoch 28979, loss 4.961717
Epoch 28980, loss 4.866330
Epoch 28981, loss 4.856257
Epoch 28982, loss 4.904478
Epoch 28983, loss 4.970757
Epoch 28984, loss 5.019965
Epoch 28985, loss 5.028713
Epoch 28986, loss 4.997207
Epoch 28987, loss 4.934973
Epoch 28988, loss 4.861815
Epoch 28989, loss 4.798600
Epoch 28990, loss 4.761430
Epoch 28991, loss 4.753056
Epoch 28992, loss 4.768395
Epoch 28993, loss 4.795398
Epoch 28994, loss 4.821295
Epoch 28995, loss 4.836427
Epoch 28996, loss 4.834851
Epoch 28997, loss 4.817829
Epoch 28998, loss 4.790247
Epoch 28999, loss 4.760681
Epoch 29000, loss 4.736839
Epoch 29001, loss 4.723734
Epoch 29002, loss 4.722987
Epoch 29003, loss 4.732448
Epoch 29004, loss 4.748607
Epoch 29005, loss 4.766739
Epoch 29006, loss 4.784205
Epoch 29007, loss 4.799909
Epoch 29008, loss 4.814520
Epoch 29009, loss 4.831550
Epoch 29010, loss 4.855749
Epoch 29011, loss 4.893483
Epoch 29012, loss 4.949831
Epoch 29013, loss 5.031834
Epoch 29014, loss 5.141721
Epoch 29015, loss 5.282949
Epoch 29016, loss 5.447524
Epoch 29017, loss 5.625452
Epoch 29018, loss 5.775459
Epoch 29019, loss 5.856861
Epoch 29020, loss 5.822485
Epoch 29021, loss 5.671826
Epoch 29022, loss 5.419195
Epoch 29023, loss 5.139391
Epoch 29024, loss 4.925640
Epoch 29025, loss 4.836752
Epoch 29026, loss 4.872226
Epoch 29027, loss 4.969752
Epoch 29028, loss 5.063042
Epoch 29029, loss 5.089905
Epoch 29030, loss 5.036566
Epoch 29031, loss 4.929987
Epoch 29032, loss 4.817344
Epoch 29033, loss 4.742521
Epoch 29034, loss 4.727981
Epoch 29035, loss 4.763008
Epoch 29036, loss 4.818688
Epoch 29037, loss 4.864039
Epoch 29038, loss 4.875600
Epoch 29039, loss 4.852620
Epoch 29040, loss 4.807733
Epoch 29041, loss 4.761813
Epoch 29042, loss 4.731934
Epoch 29043, loss 4.724633
Epoch 29044, loss 4.734001
Epoch 29045, loss 4.749842
Epoch 29046, loss 4.760447
Epoch 29047, loss 4.759827
Epoch 29048, loss 4.748861
Epoch 29049, loss 4.732829
Epoch 29050, loss 4.718203
Epoch 29051, loss 4.709577
Epoch 29052, loss 4.707840
Epoch 29053, loss 4.711419
Epoch 29054, loss 4.717555
Epoch 29055, loss 4.722212
Epoch 29056, loss 4.724273
Epoch 29057, loss 4.722615
Epoch 29058, loss 4.718204
Epoch 29059, loss 4.714006
Epoch 29060, loss 4.711477
Epoch 29061, loss 4.710833
Epoch 29062, loss 4.710611
Epoch 29063, loss 4.710098
Epoch 29064, loss 4.710858
Epoch 29065, loss 4.710978
Epoch 29066, loss 4.712135
Epoch 29067, loss 4.712340
Epoch 29068, loss 4.711474
Epoch 29069, loss 4.711243
Epoch 29070, loss 4.710515
Epoch 29071, loss 4.710349
Epoch 29072, loss 4.709904
Epoch 29073, loss 4.711348
Epoch 29074, loss 4.713756
Epoch 29075, loss 4.718308
Epoch 29076, loss 4.723444
Epoch 29077, loss 4.730693
Epoch 29078, loss 4.739908
Epoch 29079, loss 4.750857
Epoch 29080, loss 4.762319
Epoch 29081, loss 4.784464
Epoch 29082, loss 4.813027
Epoch 29083, loss 4.854530
Epoch 29084, loss 4.903666
Epoch 29085, loss 4.963278
Epoch 29086, loss 5.037882
Epoch 29087, loss 5.131552
Epoch 29088, loss 5.245264
Epoch 29089, loss 5.372665
Epoch 29090, loss 5.516738
Epoch 29091, loss 5.660231
Epoch 29092, loss 5.801638
Epoch 29093, loss 5.909306
Epoch 29094, loss 5.993188
Epoch 29095, loss 6.022319
Epoch 29096, loss 6.026033
Epoch 29097, loss 5.989776
Epoch 29098, loss 5.947800
Epoch 29099, loss 5.885680
Epoch 29100, loss 5.831426
Epoch 29101, loss 5.755417
Epoch 29102, loss 5.644322
Epoch 29103, loss 5.466930
Epoch 29104, loss 5.256235
Epoch 29105, loss 5.071355
Epoch 29106, loss 4.977391
Epoch 29107, loss 4.980433
Epoch 29108, loss 5.041258
Epoch 29109, loss 5.098920
Epoch 29110, loss 5.108597
Epoch 29111, loss 5.057762
Epoch 29112, loss 4.966478
Epoch 29113, loss 4.877068
Epoch 29114, loss 4.823033
Epoch 29115, loss 4.816629
Epoch 29116, loss 4.840468
Epoch 29117, loss 4.869993
Epoch 29118, loss 4.881279
Epoch 29119, loss 4.867239
Epoch 29120, loss 4.832412
Epoch 29121, loss 4.793074
Epoch 29122, loss 4.764464
Epoch 29123, loss 4.754459
Epoch 29124, loss 4.760140
Epoch 29125, loss 4.771724
Epoch 29126, loss 4.779721
Epoch 29127, loss 4.777677
Epoch 29128, loss 4.766166
Epoch 29129, loss 4.750611
Epoch 29130, loss 4.737730
Epoch 29131, loss 4.731441
Epoch 29132, loss 4.732194
Epoch 29133, loss 4.736301
Epoch 29134, loss 4.739145
Epoch 29135, loss 4.737780
Epoch 29136, loss 4.732467
Epoch 29137, loss 4.725808
Epoch 29138, loss 4.720645
Epoch 29139, loss 4.718503
Epoch 29140, loss 4.719054
Epoch 29141, loss 4.720786
Epoch 29142, loss 4.721805
Epoch 29143, loss 4.721010
Epoch 29144, loss 4.718572
Epoch 29145, loss 4.715506
Epoch 29146, loss 4.713056
Epoch 29147, loss 4.711762
Epoch 29148, loss 4.711664
Epoch 29149, loss 4.712074
Epoch 29150, loss 4.712482
Epoch 29151, loss 4.712436
Epoch 29152, loss 4.712012
Epoch 29153, loss 4.711388
Epoch 29154, loss 4.710835
Epoch 29155, loss 4.710451
Epoch 29156, loss 4.710173
Epoch 29157, loss 4.709865
Epoch 29158, loss 4.709352
Epoch 29159, loss 4.708747
Epoch 29160, loss 4.708050
Epoch 29161, loss 4.707580
Epoch 29162, loss 4.707369
Epoch 29163, loss 4.707488
Epoch 29164, loss 4.707827
Epoch 29165, loss 4.708250
Epoch 29166, loss 4.708593
Epoch 29167, loss 4.708758
Epoch 29168, loss 4.708837
Epoch 29169, loss 4.708836
Epoch 29170, loss 4.709017
Epoch 29171, loss 4.709459
Epoch 29172, loss 4.710379
Epoch 29173, loss 4.711920
Epoch 29174, loss 4.714348
Epoch 29175, loss 4.717982
Epoch 29176, loss 4.723492
Epoch 29177, loss 4.731849
Epoch 29178, loss 4.744785
Epoch 29179, loss 4.764641
Epoch 29180, loss 4.795760
Epoch 29181, loss 4.843836
Epoch 29182, loss 4.919165
Epoch 29183, loss 5.033621
Epoch 29184, loss 5.209348
Epoch 29185, loss 5.462443
Epoch 29186, loss 5.825190
Epoch 29187, loss 6.276477
Epoch 29188, loss 6.802569
Epoch 29189, loss 7.211336
Epoch 29190, loss 7.379398
Epoch 29191, loss 7.060579
Epoch 29192, loss 6.420784
Epoch 29193, loss 5.710572
Epoch 29194, loss 5.331651
Epoch 29195, loss 5.402905
Epoch 29196, loss 5.743586
Epoch 29197, loss 5.997605
Epoch 29198, loss 5.879468
Epoch 29199, loss 5.428246
Epoch 29200, loss 4.951455
Epoch 29201, loss 4.779885
Epoch 29202, loss 4.953716
Epoch 29203, loss 5.238489
Epoch 29204, loss 5.360787
Epoch 29205, loss 5.219325
Epoch 29206, loss 4.956114
Epoch 29207, loss 4.801335
Epoch 29208, loss 4.844346
Epoch 29209, loss 4.977421
Epoch 29210, loss 5.031270
Epoch 29211, loss 4.956302
Epoch 29212, loss 4.827119
Epoch 29213, loss 4.754320
Epoch 29214, loss 4.798770
Epoch 29215, loss 4.887036
Epoch 29216, loss 4.936068
Epoch 29217, loss 4.906133
Epoch 29218, loss 4.832493
Epoch 29219, loss 4.779187
Epoch 29220, loss 4.776400
Epoch 29221, loss 4.799155
Epoch 29222, loss 4.803652
Epoch 29223, loss 4.774446
Epoch 29224, loss 4.737738
Epoch 29225, loss 4.727124
Epoch 29226, loss 4.745735
Epoch 29227, loss 4.778602
Epoch 29228, loss 4.818593
Epoch 29229, loss 4.819328
Epoch 29230, loss 4.795324
Epoch 29231, loss 4.777769
Epoch 29232, loss 4.784322
Epoch 29233, loss 4.796990
Epoch 29234, loss 4.793562
Epoch 29235, loss 4.777311
Epoch 29236, loss 4.754144
Epoch 29237, loss 4.734571
Epoch 29238, loss 4.723694
Epoch 29239, loss 4.723289
Epoch 29240, loss 4.737815
Epoch 29241, loss 4.733097
Epoch 29242, loss 4.728065
Epoch 29243, loss 4.716513
Epoch 29244, loss 4.712392
Epoch 29245, loss 4.715548
Epoch 29246, loss 4.721108
Epoch 29247, loss 4.722497
Epoch 29248, loss 4.720262
Epoch 29249, loss 4.715984
Epoch 29250, loss 4.711633
Epoch 29251, loss 4.710064
Epoch 29252, loss 4.712127
Epoch 29253, loss 4.715718
Epoch 29254, loss 4.714579
Epoch 29255, loss 4.712064
Epoch 29256, loss 4.710077
Epoch 29257, loss 4.709561
Epoch 29258, loss 4.710220
Epoch 29259, loss 4.710621
Epoch 29260, loss 4.710360
Epoch 29261, loss 4.709825
Epoch 29262, loss 4.709475
Epoch 29263, loss 4.709007
Epoch 29264, loss 4.708609
Epoch 29265, loss 4.708567
Epoch 29266, loss 4.709524
Epoch 29267, loss 4.710674
Epoch 29268, loss 4.711344
Epoch 29269, loss 4.711919
Epoch 29270, loss 4.712921
Epoch 29271, loss 4.714808
Epoch 29272, loss 4.718017
Epoch 29273, loss 4.722215
Epoch 29274, loss 4.728187
Epoch 29275, loss 4.736571
Epoch 29276, loss 4.748098
Epoch 29277, loss 4.764225
Epoch 29278, loss 4.786747
Epoch 29279, loss 4.819280
Epoch 29280, loss 4.865743
Epoch 29281, loss 4.932573
Epoch 29282, loss 5.027334
Epoch 29283, loss 5.160087
Epoch 29284, loss 5.340480
Epoch 29285, loss 5.575164
Epoch 29286, loss 5.860151
Epoch 29287, loss 6.169617
Epoch 29288, loss 6.453051
Epoch 29289, loss 6.623626
Epoch 29290, loss 6.600034
Epoch 29291, loss 6.340150
Epoch 29292, loss 5.927820
Epoch 29293, loss 5.503470
Epoch 29294, loss 5.222395
Epoch 29295, loss 5.146939
Epoch 29296, loss 5.240157
Epoch 29297, loss 5.376529
Epoch 29298, loss 5.433276
Epoch 29299, loss 5.327906
Epoch 29300, loss 5.096647
Epoch 29301, loss 4.865960
Epoch 29302, loss 4.761095
Epoch 29303, loss 4.813748
Epoch 29304, loss 4.959091
Epoch 29305, loss 5.088402
Epoch 29306, loss 5.110763
Epoch 29307, loss 5.015404
Epoch 29308, loss 4.868916
Epoch 29309, loss 4.755727
Epoch 29310, loss 4.723832
Epoch 29311, loss 4.765574
Epoch 29312, loss 4.830401
Epoch 29313, loss 4.865836
Epoch 29314, loss 4.851106
Epoch 29315, loss 4.800531
Epoch 29316, loss 4.750006
Epoch 29317, loss 4.727622
Epoch 29318, loss 4.737448
Epoch 29319, loss 4.761688
Epoch 29320, loss 4.777287
Epoch 29321, loss 4.772277
Epoch 29322, loss 4.750160
Epoch 29323, loss 4.726019
Epoch 29324, loss 4.713477
Epoch 29325, loss 4.717024
Epoch 29326, loss 4.730642
Epoch 29327, loss 4.743379
Epoch 29328, loss 4.747192
Epoch 29329, loss 4.740596
Epoch 29330, loss 4.728621
Epoch 29331, loss 4.718175
Epoch 29332, loss 4.713888
Epoch 29333, loss 4.716012
Epoch 29334, loss 4.721277
Epoch 29335, loss 4.725628
Epoch 29336, loss 4.726599
Epoch 29337, loss 4.724435
Epoch 29338, loss 4.721414
Epoch 29339, loss 4.719798
Epoch 29340, loss 4.720975
Epoch 29341, loss 4.724701
Epoch 29342, loss 4.729921
Epoch 29343, loss 4.735410
Epoch 29344, loss 4.740831
Epoch 29345, loss 4.746697
Epoch 29346, loss 4.754567
Epoch 29347, loss 4.765977
Epoch 29348, loss 4.782692
Epoch 29349, loss 4.805900
Epoch 29350, loss 4.837657
Epoch 29351, loss 4.878742
Epoch 29352, loss 4.932587
Epoch 29353, loss 5.000019
Epoch 29354, loss 5.085896
Epoch 29355, loss 5.187793
Epoch 29356, loss 5.310639
Epoch 29357, loss 5.441393
Epoch 29358, loss 5.579083
Epoch 29359, loss 5.689340
Epoch 29360, loss 5.764878
Epoch 29361, loss 5.758794
Epoch 29362, loss 5.679384
Epoch 29363, loss 5.512048
Epoch 29364, loss 5.306866
Epoch 29365, loss 5.095917
Epoch 29366, loss 4.930184
Epoch 29367, loss 4.831219
Epoch 29368, loss 4.803699
Epoch 29369, loss 4.830700
Epoch 29370, loss 4.884674
Epoch 29371, loss 4.937896
Epoch 29372, loss 4.966346
Epoch 29373, loss 4.962401
Epoch 29374, loss 4.927628
Epoch 29375, loss 4.878012
Epoch 29376, loss 4.827758
Epoch 29377, loss 4.790694
Epoch 29378, loss 4.771565
Epoch 29379, loss 4.769143
Epoch 29380, loss 4.776775
Epoch 29381, loss 4.786873
Epoch 29382, loss 4.793326
Epoch 29383, loss 4.791716
Epoch 29384, loss 4.781989
Epoch 29385, loss 4.766582
Epoch 29386, loss 4.750331
Epoch 29387, loss 4.736983
Epoch 29388, loss 4.729387
Epoch 29389, loss 4.727920
Epoch 29390, loss 4.731483
Epoch 29391, loss 4.737630
Epoch 29392, loss 4.743849
Epoch 29393, loss 4.748268
Epoch 29394, loss 4.749495
Epoch 29395, loss 4.747033
Epoch 29396, loss 4.741118
Epoch 29397, loss 4.733144
Epoch 29398, loss 4.724808
Epoch 29399, loss 4.717509
Epoch 29400, loss 4.712391
Epoch 29401, loss 4.709853
Epoch 29402, loss 4.709875
Epoch 29403, loss 4.711970
Epoch 29404, loss 4.715577
Epoch 29405, loss 4.720128
Epoch 29406, loss 4.725141
Epoch 29407, loss 4.730188
Epoch 29408, loss 4.735095
Epoch 29409, loss 4.740188
Epoch 29410, loss 4.745994
Epoch 29411, loss 4.753317
Epoch 29412, loss 4.763056
Epoch 29413, loss 4.776417
Epoch 29414, loss 4.794754
Epoch 29415, loss 4.819671
Epoch 29416, loss 4.852819
Epoch 29417, loss 4.896164
Epoch 29418, loss 4.950935
Epoch 29419, loss 5.018503
Epoch 29420, loss 5.096942
Epoch 29421, loss 5.182873
Epoch 29422, loss 5.264370
Epoch 29423, loss 5.331021
Epoch 29424, loss 5.362917
Epoch 29425, loss 5.346888
Epoch 29426, loss 5.269811
Epoch 29427, loss 5.149374
Epoch 29428, loss 5.009572
Epoch 29429, loss 4.880630
Epoch 29430, loss 4.786406
Epoch 29431, loss 4.742776
Epoch 29432, loss 4.746160
Epoch 29433, loss 4.779656
Epoch 29434, loss 4.823812
Epoch 29435, loss 4.859024
Epoch 29436, loss 4.874421
Epoch 29437, loss 4.867626
Epoch 29438, loss 4.842076
Epoch 29439, loss 4.807960
Epoch 29440, loss 4.773726
Epoch 29441, loss 4.748264
Epoch 29442, loss 4.735451
Epoch 29443, loss 4.733755
Epoch 29444, loss 4.738922
Epoch 29445, loss 4.745646
Epoch 29446, loss 4.750037
Epoch 29447, loss 4.750353
Epoch 29448, loss 4.746660
Epoch 29449, loss 4.740553
Epoch 29450, loss 4.733769
Epoch 29451, loss 4.728256
Epoch 29452, loss 4.725288
Epoch 29453, loss 4.724800
Epoch 29454, loss 4.726274
Epoch 29455, loss 4.728688
Epoch 29456, loss 4.731161
Epoch 29457, loss 4.733367
Epoch 29458, loss 4.735229
Epoch 29459, loss 4.737692
Epoch 29460, loss 4.741840
Epoch 29461, loss 4.749512
Epoch 29462, loss 4.762704
Epoch 29463, loss 4.778812
Epoch 29464, loss 4.804254
Epoch 29465, loss 4.840435
Epoch 29466, loss 4.888579
Epoch 29467, loss 4.953816
Epoch 29468, loss 5.037946
Epoch 29469, loss 5.148725
Epoch 29470, loss 5.284439
Epoch 29471, loss 5.453171
Epoch 29472, loss 5.638524
Epoch 29473, loss 5.838302
Epoch 29474, loss 5.998879
Epoch 29475, loss 6.108071
Epoch 29476, loss 6.093489
Epoch 29477, loss 5.978322
Epoch 29478, loss 5.756047
Epoch 29479, loss 5.516279
Epoch 29480, loss 5.297754
Epoch 29481, loss 5.157462
Epoch 29482, loss 5.099516
Epoch 29483, loss 5.104283
Epoch 29484, loss 5.129241
Epoch 29485, loss 5.132263
Epoch 29486, loss 5.095506
Epoch 29487, loss 5.027297
Epoch 29488, loss 4.958115
Epoch 29489, loss 4.919792
Epoch 29490, loss 4.917784
Epoch 29491, loss 4.938743
Epoch 29492, loss 4.954101
Epoch 29493, loss 4.938656
Epoch 29494, loss 4.889497
Epoch 29495, loss 4.819617
Epoch 29496, loss 4.753377
Epoch 29497, loss 4.713581
Epoch 29498, loss 4.716212
Epoch 29499, loss 4.740524
Epoch 29500, loss 4.780789
Epoch 29501, loss 4.813855
Epoch 29502, loss 4.826091
Epoch 29503, loss 4.816936
Epoch 29504, loss 4.793332
Epoch 29505, loss 4.763905
Epoch 29506, loss 4.739543
Epoch 29507, loss 4.723932
Epoch 29508, loss 4.718550
Epoch 29509, loss 4.720194
Epoch 29510, loss 4.724601
Epoch 29511, loss 4.728978
Epoch 29512, loss 4.730834
Epoch 29513, loss 4.730141
Epoch 29514, loss 4.727572
Epoch 29515, loss 4.723904
Epoch 29516, loss 4.720248
Epoch 29517, loss 4.716378
Epoch 29518, loss 4.712471
Epoch 29519, loss 4.710986
Epoch 29520, loss 4.710584
Epoch 29521, loss 4.704686
Epoch 29522, loss 4.702165
Epoch 29523, loss 4.700487
Epoch 29524, loss 4.699480
Epoch 29525, loss 4.699543
Epoch 29526, loss 4.700430
Epoch 29527, loss 4.702126
Epoch 29528, loss 4.705138
Epoch 29529, loss 4.710358
Epoch 29530, loss 4.712535
Epoch 29531, loss 4.717365
Epoch 29532, loss 4.723531
Epoch 29533, loss 4.730859
Epoch 29534, loss 4.740587
Epoch 29535, loss 4.753688
Epoch 29536, loss 4.773047
Epoch 29537, loss 4.799327
Epoch 29538, loss 4.834868
Epoch 29539, loss 4.883925
Epoch 29540, loss 4.946433
Epoch 29541, loss 5.023188
Epoch 29542, loss 5.115945
Epoch 29543, loss 5.222453
Epoch 29544, loss 5.340018
Epoch 29545, loss 5.451198
Epoch 29546, loss 5.540482
Epoch 29547, loss 5.575583
Epoch 29548, loss 5.552228
Epoch 29549, loss 5.465658
Epoch 29550, loss 5.344162
Epoch 29551, loss 5.209411
Epoch 29552, loss 5.104578
Epoch 29553, loss 5.048314
Epoch 29554, loss 5.037274
Epoch 29555, loss 5.049948
Epoch 29556, loss 5.071005
Epoch 29557, loss 5.081797
Epoch 29558, loss 5.059892
Epoch 29559, loss 5.003160
Epoch 29560, loss 4.924002
Epoch 29561, loss 4.850654
Epoch 29562, loss 4.800890
Epoch 29563, loss 4.787997
Epoch 29564, loss 4.807333
Epoch 29565, loss 4.846728
Epoch 29566, loss 4.889856
Epoch 29567, loss 4.927090
Epoch 29568, loss 4.949043
Epoch 29569, loss 4.953495
Epoch 29570, loss 4.944442
Epoch 29571, loss 4.927577
Epoch 29572, loss 4.920210
Epoch 29573, loss 4.914038
Epoch 29574, loss 4.919726
Epoch 29575, loss 4.929393
Epoch 29576, loss 4.935914
Epoch 29577, loss 4.935763
Epoch 29578, loss 4.926769
Epoch 29579, loss 4.909977
Epoch 29580, loss 4.888520
Epoch 29581, loss 4.868902
Epoch 29582, loss 4.849762
Epoch 29583, loss 4.836286
Epoch 29584, loss 4.826507
Epoch 29585, loss 4.817833
Epoch 29586, loss 4.806988
Epoch 29587, loss 4.794571
Epoch 29588, loss 4.780210
Epoch 29589, loss 4.764835
Epoch 29590, loss 4.748909
Epoch 29591, loss 4.735502
Epoch 29592, loss 4.724389
Epoch 29593, loss 4.715864
Epoch 29594, loss 4.710672
Epoch 29595, loss 4.708891
Epoch 29596, loss 4.708494
Epoch 29597, loss 4.710202
Epoch 29598, loss 4.712011
Epoch 29599, loss 4.713227
Epoch 29600, loss 4.714570
Epoch 29601, loss 4.715702
Epoch 29602, loss 4.716317
Epoch 29603, loss 4.718086
Epoch 29604, loss 4.719215
Epoch 29605, loss 4.719916
Epoch 29606, loss 4.721870
Epoch 29607, loss 4.725418
Epoch 29608, loss 4.729294
Epoch 29609, loss 4.736204
Epoch 29610, loss 4.743299
Epoch 29611, loss 4.750901
Epoch 29612, loss 4.759597
Epoch 29613, loss 4.770321
Epoch 29614, loss 4.787019
Epoch 29615, loss 4.801394
Epoch 29616, loss 4.823104
Epoch 29617, loss 4.848729
Epoch 29618, loss 4.880729
Epoch 29619, loss 4.918486
Epoch 29620, loss 4.967233
Epoch 29621, loss 5.020358
Epoch 29622, loss 5.085460
Epoch 29623, loss 5.154449
Epoch 29624, loss 5.229464
Epoch 29625, loss 5.294849
Epoch 29626, loss 5.355189
Epoch 29627, loss 5.392801
Epoch 29628, loss 5.411101
Epoch 29629, loss 5.393165
Epoch 29630, loss 5.347421
Epoch 29631, loss 5.268382
Epoch 29632, loss 5.187322
Epoch 29633, loss 5.115474
Epoch 29634, loss 5.076582
Epoch 29635, loss 5.077188
Epoch 29636, loss 5.121378
Epoch 29637, loss 5.194866
Epoch 29638, loss 5.277200
Epoch 29639, loss 5.345964
Epoch 29640, loss 5.379229
Epoch 29641, loss 5.365388
Epoch 29642, loss 5.295985
Epoch 29643, loss 5.189754
Epoch 29644, loss 5.064347
Epoch 29645, loss 4.949057
Epoch 29646, loss 4.862405
Epoch 29647, loss 4.817260
Epoch 29648, loss 4.811576
Epoch 29649, loss 4.832896
Epoch 29650, loss 4.866025
Epoch 29651, loss 4.892500
Epoch 29652, loss 4.902615
Epoch 29653, loss 4.889542
Epoch 29654, loss 4.857945
Epoch 29655, loss 4.816104
Epoch 29656, loss 4.775081
Epoch 29657, loss 4.744016
Epoch 29658, loss 4.727174
Epoch 29659, loss 4.724292
Epoch 29660, loss 4.730738
Epoch 29661, loss 4.743441
Epoch 29662, loss 4.752083
Epoch 29663, loss 4.750617
Epoch 29664, loss 4.745015
Epoch 29665, loss 4.734147
Epoch 29666, loss 4.720947
Epoch 29667, loss 4.708546
Epoch 29668, loss 4.699503
Epoch 29669, loss 4.694943
Epoch 29670, loss 4.694237
Epoch 29671, loss 4.696876
Epoch 29672, loss 4.702620
Epoch 29673, loss 4.704891
Epoch 29674, loss 4.707183
Epoch 29675, loss 4.707620
Epoch 29676, loss 4.706103
Epoch 29677, loss 4.702684
Epoch 29678, loss 4.699154
Epoch 29679, loss 4.697144
Epoch 29680, loss 4.695070
Epoch 29681, loss 4.694617
Epoch 29682, loss 4.696354
Epoch 29683, loss 4.699514
Epoch 29684, loss 4.703926
Epoch 29685, loss 4.710373
Epoch 29686, loss 4.719798
Epoch 29687, loss 4.732102
Epoch 29688, loss 4.750697
Epoch 29689, loss 4.775555
Epoch 29690, loss 4.809491
Epoch 29691, loss 4.856980
Epoch 29692, loss 4.926447
Epoch 29693, loss 5.023881
Epoch 29694, loss 5.155152
Epoch 29695, loss 5.320765
Epoch 29696, loss 5.519493
Epoch 29697, loss 5.738076
Epoch 29698, loss 5.935573
Epoch 29699, loss 6.082184
Epoch 29700, loss 6.131717
Epoch 29701, loss 6.062419
Epoch 29702, loss 5.874374
Epoch 29703, loss 5.640394
Epoch 29704, loss 5.426325
Epoch 29705, loss 5.285870
Epoch 29706, loss 5.240047
Epoch 29707, loss 5.280546
Epoch 29708, loss 5.348892
Epoch 29709, loss 5.388540
Epoch 29710, loss 5.354603
Epoch 29711, loss 5.243498
Epoch 29712, loss 5.089545
Epoch 29713, loss 4.945294
Epoch 29714, loss 4.850572
Epoch 29715, loss 4.823953
Epoch 29716, loss 4.849636
Epoch 29717, loss 4.893571
Epoch 29718, loss 4.920184
Epoch 29719, loss 4.910417
Epoch 29720, loss 4.871762
Epoch 29721, loss 4.826526
Epoch 29722, loss 4.798181
Epoch 29723, loss 4.795653
Epoch 29724, loss 4.811736
Epoch 29725, loss 4.826268
Epoch 29726, loss 4.822755
Epoch 29727, loss 4.796021
Epoch 29728, loss 4.756542
Epoch 29729, loss 4.721231
Epoch 29730, loss 4.704366
Epoch 29731, loss 4.709197
Epoch 29732, loss 4.728056
Epoch 29733, loss 4.747776
Epoch 29734, loss 4.757458
Epoch 29735, loss 4.753390
Epoch 29736, loss 4.739393
Epoch 29737, loss 4.724102
Epoch 29738, loss 4.714167
Epoch 29739, loss 4.712595
Epoch 29740, loss 4.717269
Epoch 29741, loss 4.723341
Epoch 29742, loss 4.726489
Epoch 29743, loss 4.724666
Epoch 29744, loss 4.718961
Epoch 29745, loss 4.711978
Epoch 29746, loss 4.706373
Epoch 29747, loss 4.703608
Epoch 29748, loss 4.703624
Epoch 29749, loss 4.705228
Epoch 29750, loss 4.706965
Epoch 29751, loss 4.707766
Epoch 29752, loss 4.707517
Epoch 29753, loss 4.706698
Epoch 29754, loss 4.706148
Epoch 29755, loss 4.706523
Epoch 29756, loss 4.708392
Epoch 29757, loss 4.712029
Epoch 29758, loss 4.717750
Epoch 29759, loss 4.726077
Epoch 29760, loss 4.737999
Epoch 29761, loss 4.755188
Epoch 29762, loss 4.780036
Epoch 29763, loss 4.816245
Epoch 29764, loss 4.868520
Epoch 29765, loss 4.943877
Epoch 29766, loss 5.049265
Epoch 29767, loss 5.194583
Epoch 29768, loss 5.381684
Epoch 29769, loss 5.611449
Epoch 29770, loss 5.850351
Epoch 29771, loss 6.056796
Epoch 29772, loss 6.134261
Epoch 29773, loss 6.030708
Epoch 29774, loss 5.720323
Epoch 29775, loss 5.310586
Epoch 29776, loss 4.945091
Epoch 29777, loss 4.754288
Epoch 29778, loss 4.767651
Epoch 29779, loss 4.917016
Epoch 29780, loss 5.091221
Epoch 29781, loss 5.187968/home/sjm/.local/lib/python3.5/site-packages/dgl/base.py:18: UserWarning: Initializer is not set. Use zero initializer instead. To suppress this warning, use `set_initializer` to explicitly specify which initializer to use.
  warnings.warn(msg)

Epoch 29782, loss 5.162300
Epoch 29783, loss 5.033879
Epoch 29784, loss 4.879388
Epoch 29785, loss 4.774183
Epoch 29786, loss 4.753795
Epoch 29787, loss 4.800949
Epoch 29788, loss 4.864544
Epoch 29789, loss 4.898793
Epoch 29790, loss 4.882598
Epoch 29791, loss 4.829399
Epoch 29792, loss 4.770618
Epoch 29793, loss 4.735204
Epoch 29794, loss 4.734062
Epoch 29795, loss 4.756019
Epoch 29796, loss 4.782378
Epoch 29797, loss 4.794897
Epoch 29798, loss 4.787779
Epoch 29799, loss 4.766474
Epoch 29800, loss 4.744929
Epoch 29801, loss 4.734846
Epoch 29802, loss 4.740844
Epoch 29803, loss 4.759706
Epoch 29804, loss 4.784057
Epoch 29805, loss 4.806134
Epoch 29806, loss 4.823162
Epoch 29807, loss 4.838149
Epoch 29808, loss 4.860039
Epoch 29809, loss 4.896881
Epoch 29810, loss 4.956679
Epoch 29811, loss 5.040579
Epoch 29812, loss 5.153101
Epoch 29813, loss 5.287557
Epoch 29814, loss 5.450168
Epoch 29815, loss 5.623260
Epoch 29816, loss 5.809965
Epoch 29817, loss 5.961769
Epoch 29818, loss 6.065317
Epoch 29819, loss 6.047539
Epoch 29820, loss 5.914066
Epoch 29821, loss 5.645092
Epoch 29822, loss 5.321230
Epoch 29823, loss 5.017372
Epoch 29824, loss 4.816832
Epoch 29825, loss 4.747289
Epoch 29826, loss 4.789502
Epoch 29827, loss 4.893132
Epoch 29828, loss 4.997793
Epoch 29829, loss 5.061066
Epoch 29830, loss 5.062547
Epoch 29831, loss 5.011770
Epoch 29832, loss 4.931438
Epoch 29833, loss 4.853480
Epoch 29834, loss 4.795982
Epoch 29835, loss 4.766769
Epoch 29836, loss 4.762823
Epoch 29837, loss 4.775045
Epoch 29838, loss 4.792470
Epoch 29839, loss 4.805296
Epoch 29840, loss 4.808033
Epoch 29841, loss 4.798391
Epoch 29842, loss 4.780080
Epoch 29843, loss 4.757736
Epoch 29844, loss 4.737925
Epoch 29845, loss 4.724798
Epoch 29846, loss 4.720082
Epoch 29847, loss 4.722336
Epoch 29848, loss 4.728654
Epoch 29849, loss 4.735319
Epoch 29850, loss 4.739315
Epoch 29851, loss 4.739154
Epoch 29852, loss 4.734532
Epoch 29853, loss 4.726952
Epoch 29854, loss 4.718311
Epoch 29855, loss 4.710603
Epoch 29856, loss 4.705344
Epoch 29857, loss 4.703054
Epoch 29858, loss 4.703556
Epoch 29859, loss 4.705852
Epoch 29860, loss 4.708722
Epoch 29861, loss 4.711217
Epoch 29862, loss 4.712844
Epoch 29863, loss 4.713808
Epoch 29864, loss 4.714679
Epoch 29865, loss 4.716309
Epoch 29866, loss 4.719519
Epoch 29867, loss 4.725120
Epoch 29868, loss 4.733886
Epoch 29869, loss 4.746923
Epoch 29870, loss 4.765628
Epoch 29871, loss 4.792136
Epoch 29872, loss 4.829424
Epoch 29873, loss 4.881429
Epoch 29874, loss 4.954180
Epoch 29875, loss 5.052645
Epoch 29876, loss 5.183564
Epoch 29877, loss 5.347561
Epoch 29878, loss 5.542002
Epoch 29879, loss 5.742438
Epoch 29880, loss 5.911636
Epoch 29881, loss 5.987913
Epoch 29882, loss 5.923917
Epoch 29883, loss 5.694350
Epoch 29884, loss 5.353897
Epoch 29885, loss 5.013567
Epoch 29886, loss 4.785951
Epoch 29887, loss 4.720067
Epoch 29888, loss 4.794958
Epoch 29889, loss 4.940617
Epoch 29890, loss 5.074631
Epoch 29891, loss 5.134931
Epoch 29892, loss 5.097139
Epoch 29893, loss 4.975232
Epoch 29894, loss 4.834087
Epoch 29895, loss 4.740266
Epoch 29896, loss 4.728934
Epoch 29897, loss 4.768301
Epoch 29898, loss 4.830806
Epoch 29899, loss 4.868281
Epoch 29900, loss 4.862510
Epoch 29901, loss 4.819839
Epoch 29902, loss 4.770942
Epoch 29903, loss 4.729492
Epoch 29904, loss 4.712335
Epoch 29905, loss 4.724865
Epoch 29906, loss 4.744712
Epoch 29907, loss 4.757772
Epoch 29908, loss 4.756279
Epoch 29909, loss 4.746688
Epoch 29910, loss 4.731765
Epoch 29911, loss 4.714284
Epoch 29912, loss 4.712814
Epoch 29913, loss 4.713451
Epoch 29914, loss 4.715837
Epoch 29915, loss 4.714973
Epoch 29916, loss 4.715218
Epoch 29917, loss 4.721019
Epoch 29918, loss 4.711836
Epoch 29919, loss 4.716174
Epoch 29920, loss 4.718891
Epoch 29921, loss 4.719547
Epoch 29922, loss 4.714600
Epoch 29923, loss 4.714391
Epoch 29924, loss 4.715200
Epoch 29925, loss 4.709032
Epoch 29926, loss 4.708180
Epoch 29927, loss 4.708463
Epoch 29928, loss 4.710086
Epoch 29929, loss 4.710972
Epoch 29930, loss 4.717308
Epoch 29931, loss 4.722628
Epoch 29932, loss 4.727853
Epoch 29933, loss 4.736190
Epoch 29934, loss 4.743760
Epoch 29935, loss 4.754962
Epoch 29936, loss 4.771606
Epoch 29937, loss 4.795684
Epoch 29938, loss 4.831054
Epoch 29939, loss 4.882957
Epoch 29940, loss 4.954803
Epoch 29941, loss 5.055176
Epoch 29942, loss 5.189177
Epoch 29943, loss 5.371403
Epoch 29944, loss 5.595107
Epoch 29945, loss 5.870334
Epoch 29946, loss 6.138679
Epoch 29947, loss 6.390624
Epoch 29948, loss 6.503283
Epoch 29949, loss 6.455431
Epoch 29950, loss 6.158367
Epoch 29951, loss 5.721085
Epoch 29952, loss 5.241284
Epoch 29953, loss 4.891454
Epoch 29954, loss 4.751900
Epoch 29955, loss 4.816283
Epoch 29956, loss 4.998862
Epoch 29957, loss 5.181954
Epoch 29958, loss 5.278698
Epoch 29959, loss 5.239971
Epoch 29960, loss 5.102544
Epoch 29961, loss 4.928364
Epoch 29962, loss 4.797646
Epoch 29963, loss 4.749473
Epoch 29964, loss 4.778836
Epoch 29965, loss 4.846270
Epoch 29966, loss 4.902662
Epoch 29967, loss 4.917804
Epoch 29968, loss 4.883960
Epoch 29969, loss 4.823550
Epoch 29970, loss 4.763830
Epoch 29971, loss 4.729272
Epoch 29972, loss 4.726898
Epoch 29973, loss 4.747185
Epoch 29974, loss 4.772455
Epoch 29975, loss 4.785553
Epoch 29976, loss 4.780093
Epoch 29977, loss 4.758705
Epoch 29978, loss 4.732151
Epoch 29979, loss 4.711409
Epoch 29980, loss 4.703246
Epoch 29981, loss 4.707509
Epoch 29982, loss 4.718643
Epoch 29983, loss 4.729310
Epoch 29984, loss 4.733767
Epoch 29985, loss 4.730296
Epoch 29986, loss 4.720736
Epoch 29987, loss 4.709387
Epoch 29988, loss 4.700478
Epoch 29989, loss 4.696459
Epoch 29990, loss 4.697449
Epoch 29991, loss 4.701590
Epoch 29992, loss 4.706244
Epoch 29993, loss 4.709230
Epoch 29994, loss 4.709589
Epoch 29995, loss 4.707594
Epoch 29996, loss 4.704514
Epoch 29997, loss 4.701871
Epoch 29998, loss 4.700940
Epoch 29999, loss 4.702419
